################################################################################
# GALLERY HUBNESS KILL-SWITCH  dataset=market1501  ckpt=log/market1501/exp260b_base_gcn512_2stage/transformer_120.pth
################################################################################
/root/miniconda3/envs/solider-reid/lib/python3.8/site-packages/torchvision/transforms/transforms.py:329: UserWarning: Argument 'interpolation' of type int is deprecated since 0.13 and will be removed in 0.15. Please use InterpolationMode enum.
  warnings.warn(
=> Market1501 loaded
  Loaded pose index: data/market1501/pose_data/train/index.json (12936 entries)
  Loaded pose index: data/market1501/pose_data/train/index.json (12936 entries)
  Loaded pose index: data/market1501/pose_data/_val_merged/index.json (23100 entries)
using img_triplet sampler
using Transformer_type: swin_base_patch4_window7_224 as a backbone
/root/work/SOLIDER-REID/model/backbones/swin_transformer.py:1193: UserWarning: DeprecationWarning: pretrained is deprecated, please use "init_cfg" instead
  warnings.warn('DeprecationWarning: pretrained is deprecated, '
unloaded parameters: <All keys matched successfully>
[LGPA] CLIP text features loaded from cache: torch.Size([6, 512])
[LGPA] CLIP Part Head: 5 parts, clip_dim=512, num_heads=8, pose_temp=1.0
[LGPA] Running on DETACHED features (no gradient to backbone)
[PSG+GCN] Skeleton GCN head enabled: 2 layers, hidden=512, test_feat=global, kp_weight=score
===========building pose-backbone (PSG) transformer===========
Loading pretrained model from /root/work/SOLIDER-REID/log/market1501/exp260b_base_gcn512_2stage/transformer_120.pth
[extract] loaded log/market1501/exp260b_base_gcn512_2stage/transformer_120.pth; POSE_TEST_FEAT=global; num_query=3368
  [extract] batch 0/302 (3s)
  [extract] batch 20/302 (10s)
  [extract] batch 40/302 (16s)
  [extract] batch 60/302 (23s)
  [extract] batch 80/302 (30s)
  [extract] batch 100/302 (36s)
  [extract] batch 120/302 (43s)
  [extract] batch 140/302 (49s)
  [extract] batch 160/302 (56s)
  [extract] batch 180/302 (63s)
  [extract] batch 200/302 (69s)
  [extract] batch 220/302 (76s)
  [extract] batch 240/302 (82s)
  [extract] batch 260/302 (89s)
  [extract] batch 280/302 (96s)
  [extract] batch 300/302 (102s)
[extract] query=3368 gallery=15913 dim=1024 (102s)
[extract] cached -> /tmp/hub_market_feats.npz
[SMOKE] capped query -> 200
[data] Nq=200 Ng=15913 dim=1024  #q-pids=46 #g-pids=751

[SANITY] frozen cosine (global feat) mAP=84.98 R1=89.50 R5=97.00 R10=97.50 nq=200  (exp260b equal_concat ref mAP 94.4; this is the GLOBAL-branch single vector, expected somewhat lower)
[eval] #false-top1 hits=21  #false-top10 hits=561

================================================================================
H_k construction (NEGATIVE in-degree = cross-ID mis-attraction)
================================================================================
  k= 5: H_neg max=   3 mean=0.005  #gallery with H_neg>0 = 67 (0.4%)  top-1% H_neg threshold = 0
  k=10: H_neg max=   5 mean=0.023  #gallery with H_neg>0 = 232 (1.5%)  top-1% H_neg threshold = 1
  k=20: H_neg max=   9 mean=0.091  #gallery with H_neg>0 = 812 (5.1%)  top-1% H_neg threshold = 3

================================================================================
CORE TEST 1 — hub concentration (top-1% high-H_k gallery absorb what % of false hits)
================================================================================
  k= 5: top-1% hub gallery (n=159, H_neg>=0) absorb  false-top1 100.0%   false-top10  27.1%   (uniform expectation = 1.0%)
  k=10: top-1% hub gallery (n=159, H_neg>=1) absorb  false-top1  85.7%   false-top10  59.4%   (uniform expectation = 1.0%)
  k=20: top-1% hub gallery (n=159, H_neg>=3) absorb  false-top1  57.1%   false-top10  53.1%   (uniform expectation = 1.0%)

================================================================================
CORE TEST 2 — M(q) vs per-query AP error, against cheap difficulty proxies
================================================================================
  rho(AP-error, M(q))                 = +0.4262  (n=200)  [HUB MASS]
  rho(AP-error, feature-norm)         = -0.0485
  rho(AP-error, -top1-margin)         = -0.2032
  rho(AP-error, -#gallery-positives)  = -0.1624
  rho(AP-error, same-cam-frac-in-topk)= +0.0923
  perm-p(M(q)) = 0.0010
  partial rho(AP-error, M | norm)            = +0.4270
  partial rho(AP-error, M | top1-margin)     = +0.3921
  partial rho(AP-error, M | same-cam-frac)   = +0.4228
  partial rho(AP-error, M | #gallery-pos)    = +0.6091
  partial rho(AP-error, M | ALL 4 proxies)   = +0.5904  (n=200)  [D3 line: must stay clearly nonzero]

================================================================================
CORE TEST 3 — intervention score'(q,g) = cosine - lambda*log(1+H_k(g)), k=10
================================================================================
  lambda=0 (baseline): mAP=84.976 R1=89.500 R5=97.000
  lambda=0.005 : mAP=85.303 (d+0.327)  R1=90.000 (d+0.500)  R5=97.000  <== best so far
  lambda=0.010 : mAP=85.612 (d+0.636)  R1=92.000 (d+2.500)  R5=97.500  <== best so far
  lambda=0.020 : mAP=86.040 (d+1.064)  R1=92.500 (d+3.000)  R5=97.500  <== best so far
  lambda=0.050 : mAP=87.332 (d+2.356)  R1=94.000 (d+4.500)  R5=98.000  <== best so far
  lambda=0.100 : mAP=88.155 (d+3.178)  R1=96.000 (d+6.500)  R5=97.500  <== best so far
  lambda=0.200 : mAP=87.017 (d+2.041)  R1=95.000 (d+5.500)  R5=96.500
  lambda=0.500 : mAP=84.932 (d-0.044)  R1=94.500 (d+5.000)  R5=95.500
  lambda=1.000 : mAP=83.992 (d-0.985)  R1=94.000 (d+4.500)  R5=95.000
  >> BEST intervention: lambda=0.1 mAP=88.155 (d+3.178) R1=96.000 (d+6.500)

  gain concentration (best lambda=0.1):
    Spearman(M(q), AP-gain) = +0.2811  (expect POSITIVE: high-M queries gain more)
    M-quartile Q0 (n=  50, mean M=      0.0): mean AP-gain = +0.049
    M-quartile Q1 (n=  50, mean M=      0.0): mean AP-gain = +0.186
    M-quartile Q2 (n=  50, mean M=      2.7): mean AP-gain = +3.754
    M-quartile Q3 (n=  50, mean M=     11.8): mean AP-gain = +8.725

################################################################################
DESTRUCTIVE CONTROLS (decide novelty)
################################################################################

-- D1: shuffle H_k (permute gallery H values) -> gain must vanish --
  best mAP with SHUFFLED H_k over lambda sweep = 84.977  (baseline 84.976; real-best 88.155).  D1 PASS if shuffled gain ~ 0 (<< real gain)

-- D2: camera-correction equivalence (hub must beat pure camera fixes) --
  D2a same-camera down-weight  best mAP = 87.286 (gamma=1.0, d+2.310)
  D2b k-reciprocal re-rank (strong test-time baseline) and CA variant:
    k-reciprocal (plain)      mAP = 87.548  R1=91.500 (d+2.572)
    k-reciprocal (camera-aware) mAP = 87.561  R1=92.000 (d+2.585)
  >> D2 verdict: hub intervention gain (d+3.178) vs camera-only fixes (D2a d+2.310). If hub <= camera fix, NO independent value.

-- D3: M(q) partial corr controlling norm+margin+camera+#pos (from Test 2) --
  partial rho(AP-error, M | ALL 4 proxies) = +0.5904  (D3 PASS if clearly nonzero, i.e. M not reducible to cheap difficulty)

-- D4 (CRITICAL): NEGATIVE in-degree vs ALL / POS in-degree --
  intervention with NEG in-degree: best mAP=88.155 (d+3.178, lam=0.1)
  intervention with ALL in-degree: best mAP=84.976 (d+0.000, lam=0.0)
  intervention with POS in-degree: best mAP=84.976 (d+0.000, lam=0.0)
  rho(AP-error, M_neg)=+0.4262   rho(AP-error, M_all)=-0.4156
  Spearman(H_neg, H_all) across gallery = +0.9484  (if ~1.0 the negative/total distinction is moot -> D4 weak)
  >> D4 verdict: NEG must drive the gain; if ALL in-degree gives the SAME gain and H_neg~H_all, the signal is just 'popular sample', not cross-ID mis-attraction.

################################################################################
SUMMARY / VERDICT  (market1501)
################################################################################
  sanity frozen mAP                         = 84.98
  T1 top-1% hub absorb false-top1/top10     = 85.7% / 59.4%  (want >=20-30%, uniform=1%)
  T2 rho(AP-error, M)                       = +0.4262  (perm-p 0.0010)
  T2 vs norm/margin/cam/npos                = -0.048/-0.203/+0.092/-0.162
  T3 best intervention mAP gain             = +3.178 (lambda=0.1)  gain-concentration rho=+0.281
  D1 shuffled-H gain                        = +0.001 (want ~0)
  D2 camera-only best gain (downweight/RR)  = +2.310 / +2.572
  D3 partial(AP-error, M | 4 proxies)       = +0.5904 (want clearly !=0)
  D4 NEG/ALL/POS intervention gain          = +3.178/+0.000/+0.000; Spearman(H_neg,H_all)=+0.948

[done] hubness kill-switch complete.
