################################################################################
# GALLERY HUBNESS KILL-SWITCH  dataset=occluded_duke  ckpt=log/occluded_duke/exp255_small_gcn512_2stage/transformer_120.pth
################################################################################
[reuse] features from /tmp/hub_oduke_feats.npz: q=2210 g=17661
[data] Nq=2210 Ng=17661 dim=768  #q-pids=519 #g-pids=1110

[SANITY] frozen cosine (global feat) mAP=73.05 R1=81.72 R5=90.54 R10=92.49 nq=2210  (exp260b equal_concat ref mAP 94.4; this is the GLOBAL-branch single vector, expected somewhat lower)
[eval] #false-top1 hits=404  #false-top10 hits=6646

================================================================================
H_k construction (NEGATIVE in-degree = cross-ID mis-attraction)
================================================================================
  k= 5: H_neg max=   5 mean=0.046  #gallery with H_neg>0 = 693 (3.9%)  top-1% H_neg threshold = 1
  k=10: H_neg max=   9 mean=0.149  #gallery with H_neg>0 = 1988 (11.3%)  top-1% H_neg threshold = 2
  k=20: H_neg max=  14 mean=0.655  #gallery with H_neg>0 = 6300 (35.7%)  top-1% H_neg threshold = 5

================================================================================
CORE TEST 1 — hub concentration (top-1% high-H_k gallery absorb what % of false hits)
================================================================================
  k= 5: top-1% hub gallery (n=177, H_neg>=1) absorb  false-top1  30.7%   false-top10   8.1%   (uniform expectation = 1.0%)
  k=10: top-1% hub gallery (n=177, H_neg>=2) absorb  false-top1  26.7%   false-top10  11.6%   (uniform expectation = 1.0%)
  k=20: top-1% hub gallery (n=177, H_neg>=5) absorb  false-top1  19.1%   false-top10  13.4%   (uniform expectation = 1.0%)

================================================================================
CORE TEST 2 — M(q) vs per-query AP error, against cheap difficulty proxies
================================================================================
  rho(AP-error, M(q))                 = +0.6467  (n=2210)  [HUB MASS]
  rho(AP-error, feature-norm)         = +0.0161
  rho(AP-error, -top1-margin)         = -0.4112
  rho(AP-error, -#gallery-positives)  = +0.0342
  rho(AP-error, same-cam-frac-in-topk)= +0.2492
  perm-p(M(q)) = 0.0010
  partial rho(AP-error, M | norm)            = +0.6468
  partial rho(AP-error, M | top1-margin)     = +0.6028
  partial rho(AP-error, M | same-cam-frac)   = +0.6417
  partial rho(AP-error, M | #gallery-pos)    = +0.6478
  partial rho(AP-error, M | ALL 4 proxies)   = +0.6035  (n=2210)  [D3 line: must stay clearly nonzero]

================================================================================
CORE TEST 3 — intervention score'(q,g) = cosine - lambda*log(1+H_k(g)), k=10
================================================================================
  lambda=0 (baseline): mAP=73.055 R1=81.719 R5=90.543
  lambda=0.005 : mAP=73.307 (d+0.253)  R1=82.353 (d+0.633)  R5=90.633  <== best so far
  lambda=0.010 : mAP=73.546 (d+0.491)  R1=83.258 (d+1.538)  R5=90.724  <== best so far
  lambda=0.020 : mAP=73.975 (d+0.920)  R1=84.434 (d+2.715)  R5=90.905  <== best so far
  lambda=0.050 : mAP=74.565 (d+1.511)  R1=86.787 (d+5.068)  R5=91.584  <== best so far
  lambda=0.100 : mAP=74.461 (d+1.407)  R1=88.914 (d+7.195)  R5=92.081
  lambda=0.200 : mAP=72.645 (d-0.409)  R1=89.367 (d+7.647)  R5=92.172
  lambda=0.500 : mAP=68.200 (d-4.855)  R1=89.367 (d+7.647)  R5=92.036
  lambda=1.000 : mAP=67.337 (d-5.718)  R1=89.367 (d+7.647)  R5=92.036
  >> BEST intervention: lambda=0.05 mAP=74.565 (d+1.511) R1=86.787 (d+5.068)

  gain concentration (best lambda=0.05):
    Spearman(M(q), AP-gain) = +0.3818  (expect POSITIVE: high-M queries gain more)
    M-quartile Q0 (n= 553, mean M=      0.0): mean AP-gain = +0.112
    M-quartile Q1 (n= 553, mean M=      0.0): mean AP-gain = -0.304
    M-quartile Q2 (n= 552, mean M=      0.5): mean AP-gain = +1.415
    M-quartile Q3 (n= 552, mean M=      7.8): mean AP-gain = +4.825

################################################################################
DESTRUCTIVE CONTROLS (decide novelty)
################################################################################

-- D1: shuffle H_k (permute gallery H values) -> gain must vanish --
  best mAP with SHUFFLED H_k over lambda sweep = 73.056  (baseline 73.055; real-best 74.565).  D1 PASS if shuffled gain ~ 0 (<< real gain)

-- D2: camera-correction equivalence (hub must beat pure camera fixes) --
  D2a same-camera down-weight  best mAP = 76.185 (gamma=1.0, d+3.131)
  D2b k-reciprocal re-rank (strong test-time baseline) and CA variant:
    k-reciprocal (plain)      mAP = 84.035  R1=85.475 (d+10.981)
    k-reciprocal (camera-aware) mAP = 83.445  R1=84.661 (d+10.390)
  >> D2 verdict: hub intervention gain (d+1.511) vs camera-only fixes (D2a d+3.131). If hub <= camera fix, NO independent value.

-- D3: M(q) partial corr controlling norm+margin+camera+#pos (from Test 2) --
  partial rho(AP-error, M | ALL 4 proxies) = +0.6035  (D3 PASS if clearly nonzero, i.e. M not reducible to cheap difficulty)

-- D4 (CRITICAL): NEGATIVE in-degree vs ALL / POS in-degree --
  intervention with NEG in-degree: best mAP=74.565 (d+1.511, lam=0.05)
  intervention with ALL in-degree: best mAP=73.055 (d+0.000, lam=0.0)
  intervention with POS in-degree: best mAP=73.055 (d+0.000, lam=0.0)
  rho(AP-error, M_neg)=+0.6467   rho(AP-error, M_all)=+0.0202
  Spearman(H_neg, H_all) across gallery = +0.5723  (if ~1.0 the negative/total distinction is moot -> D4 weak)
  >> D4 verdict: NEG must drive the gain; if ALL in-degree gives the SAME gain and H_neg~H_all, the signal is just 'popular sample', not cross-ID mis-attraction.

################################################################################
SUMMARY / VERDICT  (occluded_duke)
################################################################################
  sanity frozen mAP                         = 73.05
  T1 top-1% hub absorb false-top1/top10     = 26.7% / 11.6%  (want >=20-30%, uniform=1%)
  T2 rho(AP-error, M)                       = +0.6467  (perm-p 0.0010)
  T2 vs norm/margin/cam/npos                = +0.016/-0.411/+0.249/+0.034
  T3 best intervention mAP gain             = +1.511 (lambda=0.05)  gain-concentration rho=+0.382
  D1 shuffled-H gain                        = +0.002 (want ~0)
  D2 camera-only best gain (downweight/RR)  = +3.131 / +10.981
  D3 partial(AP-error, M | 4 proxies)       = +0.6035 (want clearly !=0)
  D4 NEG/ALL/POS intervention gain          = +1.511/+0.000/+0.000; Spearman(H_neg,H_all)=+0.572

[done] hubness kill-switch complete.
