2026-06-11 02:09:41 transreid INFO: Saving model in the path :./log/prcc/exp016_small_s2_w02
2026-06-11 02:09:41 transreid INFO: Loaded configuration file configs/prcc/swin_small.yml
2026-06-11 02:09:41 transreid INFO: Running with config:
DATALOADER:
  NUM_INSTANCE: 4
  NUM_WORKERS: 8
  REMOVE_TAIL: 0
  SAMPLER: softmax_triplet
DATASETS:
  NAMES: prcc
  ROOT_DIR: /mnt1/afrdata
  ROOT_TRAIN_DIR: ../data
  ROOT_VAL_DIR: ../data
DONOR_DECOUPLE:
  AUX_DETACH: True
  CF_W: 0.5
  DONOR_CLS_W: 0.2
  DONOR_REPEAT: 4
  ENABLED: False
  NEG_MARGIN: 0.02
  ORTH_W: 0.03
  PASTE_PROB: 0.5
  SAMEB_NEG_W: 0.5
  SYN_ID_W: 0.25
INPUT:
  MIX_PROB: 0.0
  MIX_RATIO_RANGE: [0.3, 0.7]
  MIX_TYPE: both
  PADDING: 10
  PIXEL_MEAN: [0.5, 0.5, 0.5]
  PIXEL_STD: [0.5, 0.5, 0.5]
  PROB: 0.5
  RE_PROB: 0.5
  SIZE_TEST: [384, 128]
  SIZE_TRAIN: [384, 128]
MODEL:
  ATT_DROP_RATE: 0.0
  COS_LAYER: False
  DEVICE: cuda
  DEVICE_ID: 0
  DEVIDE_LENGTH: 4
  DIST_TRAIN: False
  DROPOUT_RATE: 0.0
  DROP_OUT: 0.0
  DROP_PATH: 0.1
  FEAT_DIM: 512
  GEM_POOLING: False
  ID_LOSS_TYPE: softmax
  ID_LOSS_WEIGHT: 1.0
  IF_LABELSMOOTH: off
  IF_WITH_CENTER: no
  JPM: False
  LAST_STRIDE: 1
  METRIC_LOSS_TYPE: triplet
  NAME: transformer
  NECK: bnneck
  NO_MARGIN: True
  PRETRAIN_CHOICE: self
  PRETRAIN_HW_RATIO: 2
  PRETRAIN_PATH: /home/afr/reid-clean/weights/solider_swin_small_tea.pth
  REDUCE_FEAT_DIM: False
  RE_ARRANGE: True
  SEMANTIC_WEIGHT: 0.2
  SHIFT_NUM: 5
  SHUFFLE_GROUP: 2
  SIE_CAMERA: False
  SIE_COE: 3.0
  SIE_VIEW: False
  STEM_CONV: False
  STRIDE_SIZE: [16, 16]
  TRANSFORMER_TYPE: swin_small_patch4_window7_224
  TRIPLET_LOSS_WEIGHT: 1.0
MULTIHYP:
  ALPHA: 0.1
  BONUS_CAP: 0.15
  DETACH: True
  DIV_W: 0.5
  DSHS_HARD: global
  DSHS_MARGIN: 0.3
  DSHS_NHARD: 10
  DSHS_W: 0.0
  ENABLED: False
  GATE_SIGMA: 0.3
  GATE_TAU: 1.2
  K: 3
  LOSS_W: 1.0
  NEG_MARGIN: 0.7
  POS_MARGIN: 0.3
  SET_TEMP: 0.1
  UNIQUE_MARGIN: 0.1
OBJGATE:
  ANTI_W: 0.1
  DETACH_SCORE: False
  ENABLED: False
  ENTROPY_MAX: 1000000000.0
  ENTROPY_MIN: 0.0
  FEATMAP_INDEX: -1
  HIDDEN: 192
  LAMBDA_TARGET: 1.0
  LAMBDA_WARMUP_EPOCHS: 10
  MODE: softmax
  SPLIT_W: 1.0
  SUPPRESS_MIN: 0.5
  TAU: 1.0
OSS:
  AUG_PROB: 0.3
  ENABLED: False
  GRL_ALPHA: 1.0
  POOL_SIZE: 256
  RANDOM_LABEL: False
  W: 0.5
OUTPUT_DIR: ./log/prcc/exp016_small_s2_w02
PARTIAL_EVIDENCE:
  CALIBRATE: True
  ENABLED: False
  LS_MAX: 0.2
  MARGIN_SCALE: True
  MIN_KEEP: 0.2
  NO_HARDNEG_BELOW: 0.4
  PASTE_PROB: 0.5
SOLVER:
  BASE_LR: 0.0008
  BIAS_LR_FACTOR: 2
  CENTER_LOSS_WEIGHT: 0.0005
  CENTER_LR: 0.5
  CHECKPOINT_PERIOD: 120
  COSINE_MARGIN: 0.5
  COSINE_SCALE: 30
  EVAL_PERIOD: 120
  GAMMA: 0.1
  IMS_PER_BATCH: 64
  LARGE_FC_LR: False
  LOG_PERIOD: 50
  MARGIN: 0.3
  MAX_EPOCHS: 120
  MOMENTUM: 0.9
  OPTIMIZER_NAME: SGD
  SEED: 2
  STEPS: (40, 70)
  TRP_L2: False
  WARMUP_EPOCHS: 20
  WARMUP_FACTOR: 0.01
  WARMUP_METHOD: cosine
  WEIGHT_DECAY: 0.0001
  WEIGHT_DECAY_BIAS: 0.0001
TEST:
  DIST_MAT: dist_mat.npy
  EVAL: True
  FEAT_NORM: yes
  IMS_PER_BATCH: 64
  NECK_FEAT: before
  RE_RANKING: False
  WEIGHT: 
=> PRCC loaded (gallery=A 全量, query_diff=C 换衣[默认], query_same=B 同衣)
2026-06-11 02:09:41 transreid.check INFO: Dataset statistics:
2026-06-11 02:09:41 transreid.check INFO:   ----------------------------------------
2026-06-11 02:09:41 transreid.check INFO:   subset   | # ids | # images | # cameras
2026-06-11 02:09:41 transreid.check INFO:   ----------------------------------------
2026-06-11 02:09:41 transreid.check INFO:   train    |   149 |    17753 |         3
2026-06-11 02:09:41 transreid.check INFO:   query    |    71 |     3543 |         1
2026-06-11 02:09:41 transreid.check INFO:   gallery  |    71 |     3384 |         1
2026-06-11 02:09:41 transreid.check INFO:   ----------------------------------------
/home/afr/reid-clean/SOLIDER-REID/model/backbones/swin_transformer.py:1162: UserWarning: DeprecationWarning: pretrained is deprecated, please use "init_cfg" instead
  warnings.warn('DeprecationWarning: pretrained is deprecated, '
using img_triplet sampler
using Transformer_type: swin_small_patch4_window7_224 as a backbone
unloaded parameters: <All keys matched successfully>
===========building transformer===========
using soft triplet loss for training
2026-06-11 02:09:41 transreid INFO: ===========using cosine learning rate=======
2026-06-11 02:09:41 transreid.train INFO: start training
/home/afr/reid-clean/SOLIDER-REID/processor/processor.py:72: FutureWarning: `torch.cuda.amp.GradScaler(args...)` is deprecated. Please use `torch.amp.GradScaler('cuda', args...)` instead.
  scaler = amp.GradScaler()
/home/afr/reid-clean/SOLIDER-REID/processor/processor.py:103: FutureWarning: `torch.cuda.amp.autocast(args...)` is deprecated. Please use `torch.amp.autocast('cuda', args...)` instead.
  with amp.autocast(enabled=True):
2026-06-11 02:09:50 transreid.train INFO: Epoch[1] Iter[50/274] Loss: 7.925, Acc: 0.008, Base Lr: 4.76e-05
2026-06-11 02:09:58 transreid.train INFO: Epoch[1] Iter[100/274] Loss: 7.233, Acc: 0.011, Base Lr: 4.76e-05
2026-06-11 02:10:07 transreid.train INFO: Epoch[1] Iter[150/274] Loss: 6.898, Acc: 0.019, Base Lr: 4.76e-05
2026-06-11 02:10:15 transreid.train INFO: Epoch[1] Iter[200/274] Loss: 6.694, Acc: 0.031, Base Lr: 4.76e-05
2026-06-11 02:10:23 transreid.train INFO: Epoch[1] Iter[250/274] Loss: 6.558, Acc: 0.045, Base Lr: 4.76e-05
2026-06-11 02:10:27 transreid.train INFO: Epoch 1 done. Time per epoch: 45.426[s] Speed: 380.4[samples/s]
2026-06-11 02:10:35 transreid.train INFO: Epoch[2] Iter[50/274] Loss: 5.815, Acc: 0.272, Base Lr: 8.72e-05
2026-06-11 02:10:43 transreid.train INFO: Epoch[2] Iter[100/274] Loss: 5.701, Acc: 0.331, Base Lr: 8.72e-05
2026-06-11 02:10:52 transreid.train INFO: Epoch[2] Iter[150/274] Loss: 5.609, Acc: 0.384, Base Lr: 8.72e-05
2026-06-11 02:11:00 transreid.train INFO: Epoch[2] Iter[200/274] Loss: 5.531, Acc: 0.422, Base Lr: 8.72e-05
2026-06-11 02:11:08 transreid.train INFO: Epoch[2] Iter[250/274] Loss: 5.453, Acc: 0.460, Base Lr: 8.72e-05
2026-06-11 02:11:11 transreid.train INFO: Epoch 2 done. Time per epoch: 44.892[s] Speed: 383.5[samples/s]
2026-06-11 02:11:20 transreid.train INFO: Epoch[3] Iter[50/274] Loss: 4.988, Acc: 0.620, Base Lr: 1.27e-04
2026-06-11 02:11:28 transreid.train INFO: Epoch[3] Iter[100/274] Loss: 4.911, Acc: 0.617, Base Lr: 1.27e-04
2026-06-11 02:11:37 transreid.train INFO: Epoch[3] Iter[150/274] Loss: 4.815, Acc: 0.636, Base Lr: 1.27e-04
2026-06-11 02:11:45 transreid.train INFO: Epoch[3] Iter[200/274] Loss: 4.726, Acc: 0.656, Base Lr: 1.27e-04
2026-06-11 02:11:53 transreid.train INFO: Epoch[3] Iter[250/274] Loss: 4.626, Acc: 0.684, Base Lr: 1.27e-04
2026-06-11 02:11:56 transreid.train INFO: Epoch 3 done. Time per epoch: 44.942[s] Speed: 383.1[samples/s]
2026-06-11 02:12:05 transreid.train INFO: Epoch[4] Iter[50/274] Loss: 4.095, Acc: 0.720, Base Lr: 1.66e-04
2026-06-11 02:12:13 transreid.train INFO: Epoch[4] Iter[100/274] Loss: 4.030, Acc: 0.734, Base Lr: 1.66e-04
2026-06-11 02:12:22 transreid.train INFO: Epoch[4] Iter[150/274] Loss: 3.930, Acc: 0.760, Base Lr: 1.66e-04
2026-06-11 02:12:30 transreid.train INFO: Epoch[4] Iter[200/274] Loss: 3.826, Acc: 0.788, Base Lr: 1.66e-04
2026-06-11 02:12:38 transreid.train INFO: Epoch[4] Iter[250/274] Loss: 3.720, Acc: 0.802, Base Lr: 1.66e-04
2026-06-11 02:12:41 transreid.train INFO: Epoch 4 done. Time per epoch: 44.919[s] Speed: 383.3[samples/s]
2026-06-11 02:12:50 transreid.train INFO: Epoch[5] Iter[50/274] Loss: 3.132, Acc: 0.785, Base Lr: 2.06e-04
2026-06-11 02:12:58 transreid.train INFO: Epoch[5] Iter[100/274] Loss: 3.027, Acc: 0.801, Base Lr: 2.06e-04
2026-06-11 02:13:07 transreid.train INFO: Epoch[5] Iter[150/274] Loss: 2.938, Acc: 0.819, Base Lr: 2.06e-04
2026-06-11 02:13:15 transreid.train INFO: Epoch[5] Iter[200/274] Loss: 2.847, Acc: 0.841, Base Lr: 2.06e-04
2026-06-11 02:13:23 transreid.train INFO: Epoch[5] Iter[250/274] Loss: 2.761, Acc: 0.857, Base Lr: 2.06e-04
2026-06-11 02:13:26 transreid.train INFO: Epoch 5 done. Time per epoch: 44.949[s] Speed: 383.0[samples/s]
2026-06-11 02:13:35 transreid.train INFO: Epoch[6] Iter[50/274] Loss: 2.265, Acc: 0.874, Base Lr: 2.46e-04
2026-06-11 02:13:43 transreid.train INFO: Epoch[6] Iter[100/274] Loss: 2.196, Acc: 0.887, Base Lr: 2.46e-04
2026-06-11 02:13:51 transreid.train INFO: Epoch[6] Iter[150/274] Loss: 2.108, Acc: 0.902, Base Lr: 2.46e-04
2026-06-11 02:14:00 transreid.train INFO: Epoch[6] Iter[200/274] Loss: 2.011, Acc: 0.917, Base Lr: 2.46e-04
2026-06-11 02:14:08 transreid.train INFO: Epoch[6] Iter[250/274] Loss: 1.895, Acc: 0.929, Base Lr: 2.46e-04
2026-06-11 02:14:11 transreid.train INFO: Epoch 6 done. Time per epoch: 45.079[s] Speed: 383.3[samples/s]
2026-06-11 02:14:20 transreid.train INFO: Epoch[7] Iter[50/274] Loss: 1.463, Acc: 0.941, Base Lr: 2.85e-04
2026-06-11 02:14:28 transreid.train INFO: Epoch[7] Iter[100/274] Loss: 1.386, Acc: 0.942, Base Lr: 2.85e-04
2026-06-11 02:14:37 transreid.train INFO: Epoch[7] Iter[150/274] Loss: 1.320, Acc: 0.953, Base Lr: 2.85e-04
2026-06-11 02:14:45 transreid.train INFO: Epoch[7] Iter[200/274] Loss: 1.250, Acc: 0.961, Base Lr: 2.85e-04
2026-06-11 02:14:53 transreid.train INFO: Epoch[7] Iter[250/274] Loss: 1.178, Acc: 0.966, Base Lr: 2.85e-04
2026-06-11 02:14:56 transreid.train INFO: Epoch 7 done. Time per epoch: 44.937[s] Speed: 383.1[samples/s]
2026-06-11 02:15:05 transreid.train INFO: Epoch[8] Iter[50/274] Loss: 0.870, Acc: 0.974, Base Lr: 3.25e-04
2026-06-11 02:15:13 transreid.train INFO: Epoch[8] Iter[100/274] Loss: 0.870, Acc: 0.971, Base Lr: 3.25e-04
2026-06-11 02:15:21 transreid.train INFO: Epoch[8] Iter[150/274] Loss: 0.828, Acc: 0.977, Base Lr: 3.25e-04
2026-06-11 02:15:30 transreid.train INFO: Epoch[8] Iter[200/274] Loss: 0.784, Acc: 0.981, Base Lr: 3.25e-04
2026-06-11 02:15:38 transreid.train INFO: Epoch[8] Iter[250/274] Loss: 0.735, Acc: 0.984, Base Lr: 3.25e-04
2026-06-11 02:15:41 transreid.train INFO: Epoch 8 done. Time per epoch: 45.092[s] Speed: 383.2[samples/s]
2026-06-11 02:15:50 transreid.train INFO: Epoch[9] Iter[50/274] Loss: 0.601, Acc: 0.981, Base Lr: 3.64e-04
2026-06-11 02:15:58 transreid.train INFO: Epoch[9] Iter[100/274] Loss: 0.562, Acc: 0.985, Base Lr: 3.64e-04
2026-06-11 02:16:07 transreid.train INFO: Epoch[9] Iter[150/274] Loss: 0.536, Acc: 0.988, Base Lr: 3.64e-04
2026-06-11 02:16:15 transreid.train INFO: Epoch[9] Iter[200/274] Loss: 0.508, Acc: 0.990, Base Lr: 3.64e-04
2026-06-11 02:16:23 transreid.train INFO: Epoch[9] Iter[250/274] Loss: 0.491, Acc: 0.991, Base Lr: 3.64e-04
2026-06-11 02:16:27 transreid.train INFO: Epoch 9 done. Time per epoch: 45.143[s] Speed: 382.8[samples/s]
2026-06-11 02:16:35 transreid.train INFO: Epoch[10] Iter[50/274] Loss: 0.418, Acc: 0.992, Base Lr: 4.04e-04
2026-06-11 02:16:43 transreid.train INFO: Epoch[10] Iter[100/274] Loss: 0.401, Acc: 0.993, Base Lr: 4.04e-04
2026-06-11 02:16:52 transreid.train INFO: Epoch[10] Iter[150/274] Loss: 0.385, Acc: 0.993, Base Lr: 4.04e-04
2026-06-11 02:17:00 transreid.train INFO: Epoch[10] Iter[200/274] Loss: 0.374, Acc: 0.993, Base Lr: 4.04e-04
2026-06-11 02:17:08 transreid.train INFO: Epoch[10] Iter[250/274] Loss: 0.356, Acc: 0.994, Base Lr: 4.04e-04
2026-06-11 02:17:12 transreid.train INFO: Epoch 10 done. Time per epoch: 45.121[s] Speed: 383.0[samples/s]
2026-06-11 02:17:20 transreid.train INFO: Epoch[11] Iter[50/274] Loss: 0.301, Acc: 0.994, Base Lr: 4.44e-04
2026-06-11 02:17:29 transreid.train INFO: Epoch[11] Iter[100/274] Loss: 0.288, Acc: 0.995, Base Lr: 4.44e-04
2026-06-11 02:17:37 transreid.train INFO: Epoch[11] Iter[150/274] Loss: 0.276, Acc: 0.996, Base Lr: 4.44e-04
2026-06-11 02:17:45 transreid.train INFO: Epoch[11] Iter[200/274] Loss: 0.275, Acc: 0.995, Base Lr: 4.44e-04
2026-06-11 02:17:53 transreid.train INFO: Epoch[11] Iter[250/274] Loss: 0.258, Acc: 0.996, Base Lr: 4.44e-04
2026-06-11 02:17:57 transreid.train INFO: Epoch 11 done. Time per epoch: 45.112[s] Speed: 383.0[samples/s]
2026-06-11 02:18:05 transreid.train INFO: Epoch[12] Iter[50/274] Loss: 0.252, Acc: 0.994, Base Lr: 4.83e-04
2026-06-11 02:18:14 transreid.train INFO: Epoch[12] Iter[100/274] Loss: 0.241, Acc: 0.996, Base Lr: 4.83e-04
2026-06-11 02:18:22 transreid.train INFO: Epoch[12] Iter[150/274] Loss: 0.236, Acc: 0.996, Base Lr: 4.83e-04
2026-06-11 02:18:30 transreid.train INFO: Epoch[12] Iter[200/274] Loss: 0.225, Acc: 0.996, Base Lr: 4.83e-04
2026-06-11 02:18:39 transreid.train INFO: Epoch[12] Iter[250/274] Loss: 0.214, Acc: 0.996, Base Lr: 4.83e-04
2026-06-11 02:18:42 transreid.train INFO: Epoch 12 done. Time per epoch: 44.933[s] Speed: 383.2[samples/s]
2026-06-11 02:18:50 transreid.train INFO: Epoch[13] Iter[50/274] Loss: 0.181, Acc: 0.995, Base Lr: 5.23e-04
2026-06-11 02:18:59 transreid.train INFO: Epoch[13] Iter[100/274] Loss: 0.183, Acc: 0.997, Base Lr: 5.23e-04
2026-06-11 02:19:07 transreid.train INFO: Epoch[13] Iter[150/274] Loss: 0.189, Acc: 0.997, Base Lr: 5.23e-04
2026-06-11 02:19:15 transreid.train INFO: Epoch[13] Iter[200/274] Loss: 0.189, Acc: 0.996, Base Lr: 5.23e-04
2026-06-11 02:19:23 transreid.train INFO: Epoch[13] Iter[250/274] Loss: 0.192, Acc: 0.996, Base Lr: 5.23e-04
2026-06-11 02:19:27 transreid.train INFO: Epoch 13 done. Time per epoch: 45.098[s] Speed: 383.2[samples/s]
2026-06-11 02:19:35 transreid.train INFO: Epoch[14] Iter[50/274] Loss: 0.189, Acc: 0.995, Base Lr: 5.62e-04
2026-06-11 02:19:44 transreid.train INFO: Epoch[14] Iter[100/274] Loss: 0.179, Acc: 0.996, Base Lr: 5.62e-04
2026-06-11 02:19:52 transreid.train INFO: Epoch[14] Iter[150/274] Loss: 0.182, Acc: 0.996, Base Lr: 5.62e-04
2026-06-11 02:20:00 transreid.train INFO: Epoch[14] Iter[200/274] Loss: 0.179, Acc: 0.996, Base Lr: 5.62e-04
2026-06-11 02:20:09 transreid.train INFO: Epoch[14] Iter[250/274] Loss: 0.175, Acc: 0.996, Base Lr: 5.62e-04
2026-06-11 02:20:12 transreid.train INFO: Epoch 14 done. Time per epoch: 45.150[s] Speed: 382.7[samples/s]
2026-06-11 02:20:20 transreid.train INFO: Epoch[15] Iter[50/274] Loss: 0.198, Acc: 0.995, Base Lr: 6.02e-04
2026-06-11 02:20:29 transreid.train INFO: Epoch[15] Iter[100/274] Loss: 0.196, Acc: 0.996, Base Lr: 6.02e-04
2026-06-11 02:20:37 transreid.train INFO: Epoch[15] Iter[150/274] Loss: 0.190, Acc: 0.996, Base Lr: 6.02e-04
2026-06-11 02:20:45 transreid.train INFO: Epoch[15] Iter[200/274] Loss: 0.185, Acc: 0.995, Base Lr: 6.02e-04
2026-06-11 02:20:54 transreid.train INFO: Epoch[15] Iter[250/274] Loss: 0.177, Acc: 0.995, Base Lr: 6.02e-04
2026-06-11 02:20:57 transreid.train INFO: Epoch 15 done. Time per epoch: 45.271[s] Speed: 383.1[samples/s]
2026-06-11 02:21:06 transreid.train INFO: Epoch[16] Iter[50/274] Loss: 0.216, Acc: 0.995, Base Lr: 6.42e-04
2026-06-11 02:21:14 transreid.train INFO: Epoch[16] Iter[100/274] Loss: 0.226, Acc: 0.995, Base Lr: 6.42e-04
2026-06-11 02:21:22 transreid.train INFO: Epoch[16] Iter[150/274] Loss: 0.241, Acc: 0.994, Base Lr: 6.42e-04
2026-06-11 02:21:31 transreid.train INFO: Epoch[16] Iter[200/274] Loss: 0.232, Acc: 0.994, Base Lr: 6.42e-04
2026-06-11 02:21:39 transreid.train INFO: Epoch[16] Iter[250/274] Loss: 0.215, Acc: 0.994, Base Lr: 6.42e-04
2026-06-11 02:21:42 transreid.train INFO: Epoch 16 done. Time per epoch: 44.771[s] Speed: 383.1[samples/s]
2026-06-11 02:21:51 transreid.train INFO: Epoch[17] Iter[50/274] Loss: 0.139, Acc: 0.994, Base Lr: 6.81e-04
2026-06-11 02:21:59 transreid.train INFO: Epoch[17] Iter[100/274] Loss: 0.150, Acc: 0.994, Base Lr: 6.81e-04
2026-06-11 02:22:07 transreid.train INFO: Epoch[17] Iter[150/274] Loss: 0.163, Acc: 0.994, Base Lr: 6.81e-04
2026-06-11 02:22:15 transreid.train INFO: Epoch[17] Iter[200/274] Loss: 0.158, Acc: 0.995, Base Lr: 6.81e-04
2026-06-11 02:22:24 transreid.train INFO: Epoch[17] Iter[250/274] Loss: 0.161, Acc: 0.995, Base Lr: 6.81e-04
2026-06-11 02:22:27 transreid.train INFO: Epoch 17 done. Time per epoch: 44.965[s] Speed: 382.9[samples/s]
2026-06-11 02:22:35 transreid.train INFO: Epoch[18] Iter[50/274] Loss: 0.181, Acc: 0.994, Base Lr: 7.21e-04
2026-06-11 02:22:44 transreid.train INFO: Epoch[18] Iter[100/274] Loss: 0.172, Acc: 0.995, Base Lr: 7.21e-04
2026-06-11 02:22:52 transreid.train INFO: Epoch[18] Iter[150/274] Loss: 0.181, Acc: 0.994, Base Lr: 7.21e-04
2026-06-11 02:23:00 transreid.train INFO: Epoch[18] Iter[200/274] Loss: 0.180, Acc: 0.994, Base Lr: 7.21e-04
2026-06-11 02:23:09 transreid.train INFO: Epoch[18] Iter[250/274] Loss: 0.171, Acc: 0.994, Base Lr: 7.21e-04
2026-06-11 02:23:12 transreid.train INFO: Epoch 18 done. Time per epoch: 45.290[s] Speed: 383.0[samples/s]
2026-06-11 02:23:21 transreid.train INFO: Epoch[19] Iter[50/274] Loss: 0.129, Acc: 0.992, Base Lr: 7.60e-04
2026-06-11 02:23:29 transreid.train INFO: Epoch[19] Iter[100/274] Loss: 0.183, Acc: 0.992, Base Lr: 7.60e-04
2026-06-11 02:23:37 transreid.train INFO: Epoch[19] Iter[150/274] Loss: 0.205, Acc: 0.991, Base Lr: 7.60e-04
2026-06-11 02:23:46 transreid.train INFO: Epoch[19] Iter[200/274] Loss: 0.216, Acc: 0.991, Base Lr: 7.60e-04
2026-06-11 02:23:54 transreid.train INFO: Epoch[19] Iter[250/274] Loss: 0.222, Acc: 0.991, Base Lr: 7.60e-04
2026-06-11 02:23:57 transreid.train INFO: Epoch 19 done. Time per epoch: 45.115[s] Speed: 383.0[samples/s]
2026-06-11 02:24:06 transreid.train INFO: Epoch[20] Iter[50/274] Loss: 0.195, Acc: 0.994, Base Lr: 7.47e-04
2026-06-11 02:24:14 transreid.train INFO: Epoch[20] Iter[100/274] Loss: 0.246, Acc: 0.991, Base Lr: 7.47e-04
2026-06-11 02:24:23 transreid.train INFO: Epoch[20] Iter[150/274] Loss: 0.275, Acc: 0.990, Base Lr: 7.47e-04
2026-06-11 02:24:31 transreid.train INFO: Epoch[20] Iter[200/274] Loss: 0.296, Acc: 0.988, Base Lr: 7.47e-04
2026-06-11 02:24:39 transreid.train INFO: Epoch[20] Iter[250/274] Loss: 0.311, Acc: 0.988, Base Lr: 7.47e-04
2026-06-11 02:24:42 transreid.train INFO: Epoch 20 done. Time per epoch: 44.784[s] Speed: 383.0[samples/s]
2026-06-11 02:24:51 transreid.train INFO: Epoch[21] Iter[50/274] Loss: 0.235, Acc: 0.990, Base Lr: 7.41e-04
2026-06-11 02:24:59 transreid.train INFO: Epoch[21] Iter[100/274] Loss: 0.183, Acc: 0.992, Base Lr: 7.41e-04
2026-06-11 02:25:07 transreid.train INFO: Epoch[21] Iter[150/274] Loss: 0.158, Acc: 0.994, Base Lr: 7.41e-04
2026-06-11 02:25:16 transreid.train INFO: Epoch[21] Iter[200/274] Loss: 0.150, Acc: 0.994, Base Lr: 7.41e-04
2026-06-11 02:25:24 transreid.train INFO: Epoch[21] Iter[250/274] Loss: 0.139, Acc: 0.994, Base Lr: 7.41e-04
2026-06-11 02:25:27 transreid.train INFO: Epoch 21 done. Time per epoch: 44.931[s] Speed: 383.2[samples/s]
2026-06-11 02:25:36 transreid.train INFO: Epoch[22] Iter[50/274] Loss: 0.080, Acc: 0.998, Base Lr: 7.36e-04
2026-06-11 02:25:44 transreid.train INFO: Epoch[22] Iter[100/274] Loss: 0.096, Acc: 0.997, Base Lr: 7.36e-04
2026-06-11 02:25:52 transreid.train INFO: Epoch[22] Iter[150/274] Loss: 0.099, Acc: 0.997, Base Lr: 7.36e-04
2026-06-11 02:26:01 transreid.train INFO: Epoch[22] Iter[200/274] Loss: 0.092, Acc: 0.997, Base Lr: 7.36e-04
2026-06-11 02:26:09 transreid.train INFO: Epoch[22] Iter[250/274] Loss: 0.086, Acc: 0.997, Base Lr: 7.36e-04
2026-06-11 02:26:12 transreid.train INFO: Epoch 22 done. Time per epoch: 45.118[s] Speed: 383.0[samples/s]
2026-06-11 02:26:21 transreid.train INFO: Epoch[23] Iter[50/274] Loss: 0.066, Acc: 0.998, Base Lr: 7.30e-04
2026-06-11 02:26:29 transreid.train INFO: Epoch[23] Iter[100/274] Loss: 0.065, Acc: 0.998, Base Lr: 7.30e-04
2026-06-11 02:26:37 transreid.train INFO: Epoch[23] Iter[150/274] Loss: 0.071, Acc: 0.998, Base Lr: 7.30e-04
2026-06-11 02:26:46 transreid.train INFO: Epoch[23] Iter[200/274] Loss: 0.066, Acc: 0.998, Base Lr: 7.30e-04
2026-06-11 02:26:54 transreid.train INFO: Epoch[23] Iter[250/274] Loss: 0.063, Acc: 0.998, Base Lr: 7.30e-04
2026-06-11 02:26:57 transreid.train INFO: Epoch 23 done. Time per epoch: 45.273[s] Speed: 383.1[samples/s]
2026-06-11 02:27:06 transreid.train INFO: Epoch[24] Iter[50/274] Loss: 0.059, Acc: 0.998, Base Lr: 7.24e-04
2026-06-11 02:27:14 transreid.train INFO: Epoch[24] Iter[100/274] Loss: 0.053, Acc: 0.998, Base Lr: 7.24e-04
2026-06-11 02:27:23 transreid.train INFO: Epoch[24] Iter[150/274] Loss: 0.058, Acc: 0.998, Base Lr: 7.24e-04
2026-06-11 02:27:31 transreid.train INFO: Epoch[24] Iter[200/274] Loss: 0.056, Acc: 0.998, Base Lr: 7.24e-04
2026-06-11 02:27:39 transreid.train INFO: Epoch[24] Iter[250/274] Loss: 0.053, Acc: 0.998, Base Lr: 7.24e-04
2026-06-11 02:27:42 transreid.train INFO: Epoch 24 done. Time per epoch: 44.948[s] Speed: 383.0[samples/s]
2026-06-11 02:27:51 transreid.train INFO: Epoch[25] Iter[50/274] Loss: 0.048, Acc: 0.999, Base Lr: 7.18e-04
2026-06-11 02:27:59 transreid.train INFO: Epoch[25] Iter[100/274] Loss: 0.048, Acc: 0.999, Base Lr: 7.18e-04
2026-06-11 02:28:08 transreid.train INFO: Epoch[25] Iter[150/274] Loss: 0.046, Acc: 0.999, Base Lr: 7.18e-04
2026-06-11 02:28:16 transreid.train INFO: Epoch[25] Iter[200/274] Loss: 0.045, Acc: 0.999, Base Lr: 7.18e-04
2026-06-11 02:28:24 transreid.train INFO: Epoch[25] Iter[250/274] Loss: 0.047, Acc: 0.999, Base Lr: 7.18e-04
2026-06-11 02:28:27 transreid.train INFO: Epoch 25 done. Time per epoch: 44.775[s] Speed: 383.1[samples/s]
2026-06-11 02:28:36 transreid.train INFO: Epoch[26] Iter[50/274] Loss: 0.051, Acc: 0.999, Base Lr: 7.11e-04
2026-06-11 02:28:44 transreid.train INFO: Epoch[26] Iter[100/274] Loss: 0.048, Acc: 0.999, Base Lr: 7.11e-04
2026-06-11 02:28:52 transreid.train INFO: Epoch[26] Iter[150/274] Loss: 0.043, Acc: 0.999, Base Lr: 7.11e-04
2026-06-11 02:29:01 transreid.train INFO: Epoch[26] Iter[200/274] Loss: 0.039, Acc: 0.999, Base Lr: 7.11e-04
2026-06-11 02:29:09 transreid.train INFO: Epoch[26] Iter[250/274] Loss: 0.036, Acc: 0.999, Base Lr: 7.11e-04
2026-06-11 02:29:12 transreid.train INFO: Epoch 26 done. Time per epoch: 45.105[s] Speed: 383.1[samples/s]
2026-06-11 02:29:21 transreid.train INFO: Epoch[27] Iter[50/274] Loss: 0.022, Acc: 1.000, Base Lr: 7.04e-04
2026-06-11 02:29:29 transreid.train INFO: Epoch[27] Iter[100/274] Loss: 0.026, Acc: 0.999, Base Lr: 7.04e-04
2026-06-11 02:29:37 transreid.train INFO: Epoch[27] Iter[150/274] Loss: 0.025, Acc: 0.999, Base Lr: 7.04e-04
2026-06-11 02:29:46 transreid.train INFO: Epoch[27] Iter[200/274] Loss: 0.029, Acc: 0.999, Base Lr: 7.04e-04
2026-06-11 02:29:54 transreid.train INFO: Epoch[27] Iter[250/274] Loss: 0.029, Acc: 0.999, Base Lr: 7.04e-04
2026-06-11 02:29:57 transreid.train INFO: Epoch 27 done. Time per epoch: 44.928[s] Speed: 383.2[samples/s]
2026-06-11 02:30:06 transreid.train INFO: Epoch[28] Iter[50/274] Loss: 0.032, Acc: 0.999, Base Lr: 6.97e-04
2026-06-11 02:30:14 transreid.train INFO: Epoch[28] Iter[100/274] Loss: 0.032, Acc: 0.999, Base Lr: 6.97e-04
2026-06-11 02:30:22 transreid.train INFO: Epoch[28] Iter[150/274] Loss: 0.030, Acc: 0.999, Base Lr: 6.97e-04
2026-06-11 02:30:31 transreid.train INFO: Epoch[28] Iter[200/274] Loss: 0.030, Acc: 0.999, Base Lr: 6.97e-04
2026-06-11 02:30:39 transreid.train INFO: Epoch[28] Iter[250/274] Loss: 0.028, Acc: 0.999, Base Lr: 6.97e-04
2026-06-11 02:30:42 transreid.train INFO: Epoch 28 done. Time per epoch: 44.918[s] Speed: 383.3[samples/s]
2026-06-11 02:30:51 transreid.train INFO: Epoch[29] Iter[50/274] Loss: 0.027, Acc: 0.999, Base Lr: 6.90e-04
2026-06-11 02:30:59 transreid.train INFO: Epoch[29] Iter[100/274] Loss: 0.024, Acc: 0.999, Base Lr: 6.90e-04
2026-06-11 02:31:07 transreid.train INFO: Epoch[29] Iter[150/274] Loss: 0.026, Acc: 0.999, Base Lr: 6.90e-04
2026-06-11 02:31:16 transreid.train INFO: Epoch[29] Iter[200/274] Loss: 0.027, Acc: 0.999, Base Lr: 6.90e-04
2026-06-11 02:31:24 transreid.train INFO: Epoch[29] Iter[250/274] Loss: 0.026, Acc: 0.999, Base Lr: 6.90e-04
2026-06-11 02:31:27 transreid.train INFO: Epoch 29 done. Time per epoch: 44.936[s] Speed: 383.1[samples/s]
2026-06-11 02:31:36 transreid.train INFO: Epoch[30] Iter[50/274] Loss: 0.024, Acc: 0.999, Base Lr: 6.83e-04
2026-06-11 02:31:44 transreid.train INFO: Epoch[30] Iter[100/274] Loss: 0.023, Acc: 0.999, Base Lr: 6.83e-04
2026-06-11 02:31:52 transreid.train INFO: Epoch[30] Iter[150/274] Loss: 0.023, Acc: 0.999, Base Lr: 6.83e-04
2026-06-11 02:32:01 transreid.train INFO: Epoch[30] Iter[200/274] Loss: 0.022, Acc: 0.999, Base Lr: 6.83e-04
2026-06-11 02:32:09 transreid.train INFO: Epoch[30] Iter[250/274] Loss: 0.021, Acc: 0.999, Base Lr: 6.83e-04
2026-06-11 02:32:12 transreid.train INFO: Epoch 30 done. Time per epoch: 45.278[s] Speed: 383.1[samples/s]
2026-06-11 02:32:21 transreid.train INFO: Epoch[31] Iter[50/274] Loss: 0.022, Acc: 1.000, Base Lr: 6.76e-04
2026-06-11 02:32:29 transreid.train INFO: Epoch[31] Iter[100/274] Loss: 0.021, Acc: 1.000, Base Lr: 6.76e-04
2026-06-11 02:32:38 transreid.train INFO: Epoch[31] Iter[150/274] Loss: 0.020, Acc: 1.000, Base Lr: 6.76e-04
2026-06-11 02:32:46 transreid.train INFO: Epoch[31] Iter[200/274] Loss: 0.023, Acc: 1.000, Base Lr: 6.76e-04
2026-06-11 02:32:54 transreid.train INFO: Epoch[31] Iter[250/274] Loss: 0.025, Acc: 0.999, Base Lr: 6.76e-04
2026-06-11 02:32:57 transreid.train INFO: Epoch 31 done. Time per epoch: 44.946[s] Speed: 383.0[samples/s]
2026-06-11 02:33:06 transreid.train INFO: Epoch[32] Iter[50/274] Loss: 0.020, Acc: 1.000, Base Lr: 6.68e-04
2026-06-11 02:33:14 transreid.train INFO: Epoch[32] Iter[100/274] Loss: 0.022, Acc: 1.000, Base Lr: 6.68e-04
2026-06-11 02:33:22 transreid.train INFO: Epoch[32] Iter[150/274] Loss: 0.022, Acc: 1.000, Base Lr: 6.68e-04
2026-06-11 02:33:31 transreid.train INFO: Epoch[32] Iter[200/274] Loss: 0.021, Acc: 1.000, Base Lr: 6.68e-04
2026-06-11 02:33:39 transreid.train INFO: Epoch[32] Iter[250/274] Loss: 0.020, Acc: 1.000, Base Lr: 6.68e-04
2026-06-11 02:33:42 transreid.train INFO: Epoch 32 done. Time per epoch: 44.943[s] Speed: 383.1[samples/s]
2026-06-11 02:33:51 transreid.train INFO: Epoch[33] Iter[50/274] Loss: 0.019, Acc: 1.000, Base Lr: 6.60e-04
2026-06-11 02:33:59 transreid.train INFO: Epoch[33] Iter[100/274] Loss: 0.021, Acc: 0.999, Base Lr: 6.60e-04
2026-06-11 02:34:07 transreid.train INFO: Epoch[33] Iter[150/274] Loss: 0.020, Acc: 0.999, Base Lr: 6.60e-04
2026-06-11 02:34:16 transreid.train INFO: Epoch[33] Iter[200/274] Loss: 0.022, Acc: 0.999, Base Lr: 6.60e-04
2026-06-11 02:34:24 transreid.train INFO: Epoch[33] Iter[250/274] Loss: 0.022, Acc: 0.999, Base Lr: 6.60e-04
2026-06-11 02:34:27 transreid.train INFO: Epoch 33 done. Time per epoch: 45.121[s] Speed: 383.0[samples/s]
2026-06-11 02:34:36 transreid.train INFO: Epoch[34] Iter[50/274] Loss: 0.019, Acc: 0.999, Base Lr: 6.52e-04
2026-06-11 02:34:44 transreid.train INFO: Epoch[34] Iter[100/274] Loss: 0.020, Acc: 0.999, Base Lr: 6.52e-04
2026-06-11 02:34:53 transreid.train INFO: Epoch[34] Iter[150/274] Loss: 0.027, Acc: 0.998, Base Lr: 6.52e-04
2026-06-11 02:35:01 transreid.train INFO: Epoch[34] Iter[200/274] Loss: 0.028, Acc: 0.999, Base Lr: 6.52e-04
2026-06-11 02:35:09 transreid.train INFO: Epoch[34] Iter[250/274] Loss: 0.030, Acc: 0.999, Base Lr: 6.52e-04
2026-06-11 02:35:13 transreid.train INFO: Epoch 34 done. Time per epoch: 45.283[s] Speed: 383.0[samples/s]
2026-06-11 02:35:21 transreid.train INFO: Epoch[35] Iter[50/274] Loss: 0.039, Acc: 0.999, Base Lr: 6.44e-04
2026-06-11 02:35:30 transreid.train INFO: Epoch[35] Iter[100/274] Loss: 0.032, Acc: 0.999, Base Lr: 6.44e-04
2026-06-11 02:35:38 transreid.train INFO: Epoch[35] Iter[150/274] Loss: 0.028, Acc: 1.000, Base Lr: 6.44e-04
2026-06-11 02:35:46 transreid.train INFO: Epoch[35] Iter[200/274] Loss: 0.025, Acc: 1.000, Base Lr: 6.44e-04
2026-06-11 02:35:54 transreid.train INFO: Epoch[35] Iter[250/274] Loss: 0.023, Acc: 1.000, Base Lr: 6.44e-04
2026-06-11 02:35:58 transreid.train INFO: Epoch 35 done. Time per epoch: 44.922[s] Speed: 383.2[samples/s]
2026-06-11 02:36:06 transreid.train INFO: Epoch[36] Iter[50/274] Loss: 0.031, Acc: 0.999, Base Lr: 6.35e-04
2026-06-11 02:36:14 transreid.train INFO: Epoch[36] Iter[100/274] Loss: 0.024, Acc: 0.999, Base Lr: 6.35e-04
2026-06-11 02:36:23 transreid.train INFO: Epoch[36] Iter[150/274] Loss: 0.023, Acc: 0.999, Base Lr: 6.35e-04
2026-06-11 02:36:31 transreid.train INFO: Epoch[36] Iter[200/274] Loss: 0.023, Acc: 0.999, Base Lr: 6.35e-04
2026-06-11 02:36:39 transreid.train INFO: Epoch[36] Iter[250/274] Loss: 0.021, Acc: 0.999, Base Lr: 6.35e-04
2026-06-11 02:36:43 transreid.train INFO: Epoch 36 done. Time per epoch: 45.109[s] Speed: 383.1[samples/s]
2026-06-11 02:36:51 transreid.train INFO: Epoch[37] Iter[50/274] Loss: 0.015, Acc: 1.000, Base Lr: 6.27e-04
2026-06-11 02:37:00 transreid.train INFO: Epoch[37] Iter[100/274] Loss: 0.017, Acc: 1.000, Base Lr: 6.27e-04
2026-06-11 02:37:08 transreid.train INFO: Epoch[37] Iter[150/274] Loss: 0.019, Acc: 0.999, Base Lr: 6.27e-04
2026-06-11 02:37:16 transreid.train INFO: Epoch[37] Iter[200/274] Loss: 0.019, Acc: 0.999, Base Lr: 6.27e-04
2026-06-11 02:37:25 transreid.train INFO: Epoch[37] Iter[250/274] Loss: 0.018, Acc: 0.999, Base Lr: 6.27e-04
2026-06-11 02:37:28 transreid.train INFO: Epoch 37 done. Time per epoch: 45.305[s] Speed: 382.8[samples/s]
2026-06-11 02:37:37 transreid.train INFO: Epoch[38] Iter[50/274] Loss: 0.014, Acc: 0.999, Base Lr: 6.18e-04
2026-06-11 02:37:45 transreid.train INFO: Epoch[38] Iter[100/274] Loss: 0.013, Acc: 1.000, Base Lr: 6.18e-04
2026-06-11 02:37:53 transreid.train INFO: Epoch[38] Iter[150/274] Loss: 0.014, Acc: 1.000, Base Lr: 6.18e-04
2026-06-11 02:38:01 transreid.train INFO: Epoch[38] Iter[200/274] Loss: 0.015, Acc: 0.999, Base Lr: 6.18e-04
2026-06-11 02:38:10 transreid.train INFO: Epoch[38] Iter[250/274] Loss: 0.014, Acc: 0.999, Base Lr: 6.18e-04
2026-06-11 02:38:13 transreid.train INFO: Epoch 38 done. Time per epoch: 44.931[s] Speed: 383.2[samples/s]
2026-06-11 02:38:21 transreid.train INFO: Epoch[39] Iter[50/274] Loss: 0.013, Acc: 0.999, Base Lr: 6.09e-04
2026-06-11 02:38:30 transreid.train INFO: Epoch[39] Iter[100/274] Loss: 0.014, Acc: 1.000, Base Lr: 6.09e-04
2026-06-11 02:38:38 transreid.train INFO: Epoch[39] Iter[150/274] Loss: 0.013, Acc: 1.000, Base Lr: 6.09e-04
2026-06-11 02:38:46 transreid.train INFO: Epoch[39] Iter[200/274] Loss: 0.013, Acc: 1.000, Base Lr: 6.09e-04
2026-06-11 02:38:55 transreid.train INFO: Epoch[39] Iter[250/274] Loss: 0.013, Acc: 1.000, Base Lr: 6.09e-04
2026-06-11 02:38:58 transreid.train INFO: Epoch 39 done. Time per epoch: 44.938[s] Speed: 383.1[samples/s]
2026-06-11 02:39:06 transreid.train INFO: Epoch[40] Iter[50/274] Loss: 0.012, Acc: 0.999, Base Lr: 6.00e-04
2026-06-11 02:39:15 transreid.train INFO: Epoch[40] Iter[100/274] Loss: 0.013, Acc: 0.999, Base Lr: 6.00e-04
2026-06-11 02:39:23 transreid.train INFO: Epoch[40] Iter[150/274] Loss: 0.012, Acc: 0.999, Base Lr: 6.00e-04
2026-06-11 02:39:31 transreid.train INFO: Epoch[40] Iter[200/274] Loss: 0.012, Acc: 0.999, Base Lr: 6.00e-04
2026-06-11 02:39:40 transreid.train INFO: Epoch[40] Iter[250/274] Loss: 0.013, Acc: 1.000, Base Lr: 6.00e-04
2026-06-11 02:39:43 transreid.train INFO: Epoch 40 done. Time per epoch: 44.964[s] Speed: 382.9[samples/s]
2026-06-11 02:39:51 transreid.train INFO: Epoch[41] Iter[50/274] Loss: 0.016, Acc: 0.999, Base Lr: 5.91e-04
2026-06-11 02:40:00 transreid.train INFO: Epoch[41] Iter[100/274] Loss: 0.016, Acc: 0.999, Base Lr: 5.91e-04
2026-06-11 02:40:08 transreid.train INFO: Epoch[41] Iter[150/274] Loss: 0.015, Acc: 0.999, Base Lr: 5.91e-04
2026-06-11 02:40:16 transreid.train INFO: Epoch[41] Iter[200/274] Loss: 0.014, Acc: 0.999, Base Lr: 5.91e-04
2026-06-11 02:40:25 transreid.train INFO: Epoch[41] Iter[250/274] Loss: 0.013, Acc: 1.000, Base Lr: 5.91e-04
2026-06-11 02:40:28 transreid.train INFO: Epoch 41 done. Time per epoch: 44.936[s] Speed: 383.1[samples/s]
2026-06-11 02:40:36 transreid.train INFO: Epoch[42] Iter[50/274] Loss: 0.013, Acc: 0.999, Base Lr: 5.82e-04
2026-06-11 02:40:45 transreid.train INFO: Epoch[42] Iter[100/274] Loss: 0.013, Acc: 1.000, Base Lr: 5.82e-04
2026-06-11 02:40:53 transreid.train INFO: Epoch[42] Iter[150/274] Loss: 0.014, Acc: 1.000, Base Lr: 5.82e-04
2026-06-11 02:41:01 transreid.train INFO: Epoch[42] Iter[200/274] Loss: 0.013, Acc: 1.000, Base Lr: 5.82e-04
2026-06-11 02:41:10 transreid.train INFO: Epoch[42] Iter[250/274] Loss: 0.013, Acc: 1.000, Base Lr: 5.82e-04
2026-06-11 02:41:13 transreid.train INFO: Epoch 42 done. Time per epoch: 45.119[s] Speed: 383.0[samples/s]
2026-06-11 02:41:21 transreid.train INFO: Epoch[43] Iter[50/274] Loss: 0.017, Acc: 0.999, Base Lr: 5.73e-04
2026-06-11 02:41:30 transreid.train INFO: Epoch[43] Iter[100/274] Loss: 0.016, Acc: 1.000, Base Lr: 5.73e-04
2026-06-11 02:41:38 transreid.train INFO: Epoch[43] Iter[150/274] Loss: 0.014, Acc: 1.000, Base Lr: 5.73e-04
2026-06-11 02:41:46 transreid.train INFO: Epoch[43] Iter[200/274] Loss: 0.014, Acc: 1.000, Base Lr: 5.73e-04
2026-06-11 02:41:55 transreid.train INFO: Epoch[43] Iter[250/274] Loss: 0.014, Acc: 1.000, Base Lr: 5.73e-04
2026-06-11 02:41:58 transreid.train INFO: Epoch 43 done. Time per epoch: 44.942[s] Speed: 383.1[samples/s]
2026-06-11 02:42:06 transreid.train INFO: Epoch[44] Iter[50/274] Loss: 0.013, Acc: 0.999, Base Lr: 5.63e-04
2026-06-11 02:42:15 transreid.train INFO: Epoch[44] Iter[100/274] Loss: 0.012, Acc: 1.000, Base Lr: 5.63e-04
2026-06-11 02:42:23 transreid.train INFO: Epoch[44] Iter[150/274] Loss: 0.011, Acc: 1.000, Base Lr: 5.63e-04
2026-06-11 02:42:31 transreid.train INFO: Epoch[44] Iter[200/274] Loss: 0.011, Acc: 1.000, Base Lr: 5.63e-04
2026-06-11 02:42:40 transreid.train INFO: Epoch[44] Iter[250/274] Loss: 0.011, Acc: 1.000, Base Lr: 5.63e-04
2026-06-11 02:42:43 transreid.train INFO: Epoch 44 done. Time per epoch: 44.941[s] Speed: 383.1[samples/s]
2026-06-11 02:42:51 transreid.train INFO: Epoch[45] Iter[50/274] Loss: 0.019, Acc: 0.999, Base Lr: 5.54e-04
2026-06-11 02:43:00 transreid.train INFO: Epoch[45] Iter[100/274] Loss: 0.016, Acc: 0.999, Base Lr: 5.54e-04
2026-06-11 02:43:08 transreid.train INFO: Epoch[45] Iter[150/274] Loss: 0.014, Acc: 0.999, Base Lr: 5.54e-04
2026-06-11 02:43:16 transreid.train INFO: Epoch[45] Iter[200/274] Loss: 0.014, Acc: 1.000, Base Lr: 5.54e-04
2026-06-11 02:43:25 transreid.train INFO: Epoch[45] Iter[250/274] Loss: 0.013, Acc: 1.000, Base Lr: 5.54e-04
2026-06-11 02:43:28 transreid.train INFO: Epoch 45 done. Time per epoch: 45.114[s] Speed: 383.0[samples/s]
2026-06-11 02:43:36 transreid.train INFO: Epoch[46] Iter[50/274] Loss: 0.019, Acc: 0.999, Base Lr: 5.44e-04
2026-06-11 02:43:45 transreid.train INFO: Epoch[46] Iter[100/274] Loss: 0.016, Acc: 0.999, Base Lr: 5.44e-04
2026-06-11 02:43:53 transreid.train INFO: Epoch[46] Iter[150/274] Loss: 0.014, Acc: 1.000, Base Lr: 5.44e-04
2026-06-11 02:44:01 transreid.train INFO: Epoch[46] Iter[200/274] Loss: 0.014, Acc: 1.000, Base Lr: 5.44e-04
2026-06-11 02:44:10 transreid.train INFO: Epoch[46] Iter[250/274] Loss: 0.013, Acc: 1.000, Base Lr: 5.44e-04
2026-06-11 02:44:13 transreid.train INFO: Epoch 46 done. Time per epoch: 44.946[s] Speed: 383.0[samples/s]
2026-06-11 02:44:21 transreid.train INFO: Epoch[47] Iter[50/274] Loss: 0.009, Acc: 1.000, Base Lr: 5.34e-04
2026-06-11 02:44:30 transreid.train INFO: Epoch[47] Iter[100/274] Loss: 0.009, Acc: 1.000, Base Lr: 5.34e-04
2026-06-11 02:44:38 transreid.train INFO: Epoch[47] Iter[150/274] Loss: 0.009, Acc: 1.000, Base Lr: 5.34e-04
2026-06-11 02:44:46 transreid.train INFO: Epoch[47] Iter[200/274] Loss: 0.009, Acc: 1.000, Base Lr: 5.34e-04
2026-06-11 02:44:55 transreid.train INFO: Epoch[47] Iter[250/274] Loss: 0.009, Acc: 1.000, Base Lr: 5.34e-04
2026-06-11 02:44:58 transreid.train INFO: Epoch 47 done. Time per epoch: 44.937[s] Speed: 383.1[samples/s]
2026-06-11 02:45:06 transreid.train INFO: Epoch[48] Iter[50/274] Loss: 0.009, Acc: 0.999, Base Lr: 5.24e-04
2026-06-11 02:45:15 transreid.train INFO: Epoch[48] Iter[100/274] Loss: 0.009, Acc: 1.000, Base Lr: 5.24e-04
2026-06-11 02:45:23 transreid.train INFO: Epoch[48] Iter[150/274] Loss: 0.010, Acc: 1.000, Base Lr: 5.24e-04
2026-06-11 02:45:31 transreid.train INFO: Epoch[48] Iter[200/274] Loss: 0.009, Acc: 1.000, Base Lr: 5.24e-04
2026-06-11 02:45:40 transreid.train INFO: Epoch[48] Iter[250/274] Loss: 0.009, Acc: 1.000, Base Lr: 5.24e-04
2026-06-11 02:45:43 transreid.train INFO: Epoch 48 done. Time per epoch: 44.951[s] Speed: 383.0[samples/s]
2026-06-11 02:45:51 transreid.train INFO: Epoch[49] Iter[50/274] Loss: 0.011, Acc: 0.999, Base Lr: 5.14e-04
2026-06-11 02:46:00 transreid.train INFO: Epoch[49] Iter[100/274] Loss: 0.011, Acc: 1.000, Base Lr: 5.14e-04
2026-06-11 02:46:08 transreid.train INFO: Epoch[49] Iter[150/274] Loss: 0.010, Acc: 1.000, Base Lr: 5.14e-04
2026-06-11 02:46:16 transreid.train INFO: Epoch[49] Iter[200/274] Loss: 0.010, Acc: 0.999, Base Lr: 5.14e-04
2026-06-11 02:46:25 transreid.train INFO: Epoch[49] Iter[250/274] Loss: 0.010, Acc: 0.999, Base Lr: 5.14e-04
2026-06-11 02:46:28 transreid.train INFO: Epoch 49 done. Time per epoch: 44.949[s] Speed: 383.0[samples/s]
2026-06-11 02:46:36 transreid.train INFO: Epoch[50] Iter[50/274] Loss: 0.008, Acc: 1.000, Base Lr: 5.04e-04
2026-06-11 02:46:45 transreid.train INFO: Epoch[50] Iter[100/274] Loss: 0.008, Acc: 1.000, Base Lr: 5.04e-04
2026-06-11 02:46:53 transreid.train INFO: Epoch[50] Iter[150/274] Loss: 0.009, Acc: 1.000, Base Lr: 5.04e-04
2026-06-11 02:47:01 transreid.train INFO: Epoch[50] Iter[200/274] Loss: 0.009, Acc: 1.000, Base Lr: 5.04e-04
2026-06-11 02:47:09 transreid.train INFO: Epoch[50] Iter[250/274] Loss: 0.009, Acc: 1.000, Base Lr: 5.04e-04
2026-06-11 02:47:13 transreid.train INFO: Epoch 50 done. Time per epoch: 45.087[s] Speed: 383.3[samples/s]
2026-06-11 02:47:21 transreid.train INFO: Epoch[51] Iter[50/274] Loss: 0.009, Acc: 1.000, Base Lr: 4.94e-04
2026-06-11 02:47:30 transreid.train INFO: Epoch[51] Iter[100/274] Loss: 0.009, Acc: 0.999, Base Lr: 4.94e-04
2026-06-11 02:47:38 transreid.train INFO: Epoch[51] Iter[150/274] Loss: 0.010, Acc: 0.999, Base Lr: 4.94e-04
2026-06-11 02:47:46 transreid.train INFO: Epoch[51] Iter[200/274] Loss: 0.010, Acc: 1.000, Base Lr: 4.94e-04
2026-06-11 02:47:55 transreid.train INFO: Epoch[51] Iter[250/274] Loss: 0.009, Acc: 1.000, Base Lr: 4.94e-04
2026-06-11 02:47:58 transreid.train INFO: Epoch 51 done. Time per epoch: 44.900[s] Speed: 383.4[samples/s]
2026-06-11 02:48:06 transreid.train INFO: Epoch[52] Iter[50/274] Loss: 0.008, Acc: 1.000, Base Lr: 4.84e-04
2026-06-11 02:48:15 transreid.train INFO: Epoch[52] Iter[100/274] Loss: 0.008, Acc: 1.000, Base Lr: 4.84e-04
2026-06-11 02:48:23 transreid.train INFO: Epoch[52] Iter[150/274] Loss: 0.008, Acc: 1.000, Base Lr: 4.84e-04
2026-06-11 02:48:31 transreid.train INFO: Epoch[52] Iter[200/274] Loss: 0.010, Acc: 1.000, Base Lr: 4.84e-04
2026-06-11 02:48:39 transreid.train INFO: Epoch[52] Iter[250/274] Loss: 0.009, Acc: 1.000, Base Lr: 4.84e-04
2026-06-11 02:48:43 transreid.train INFO: Epoch 52 done. Time per epoch: 44.947[s] Speed: 383.0[samples/s]
2026-06-11 02:48:51 transreid.train INFO: Epoch[53] Iter[50/274] Loss: 0.011, Acc: 1.000, Base Lr: 4.74e-04
2026-06-11 02:48:59 transreid.train INFO: Epoch[53] Iter[100/274] Loss: 0.010, Acc: 1.000, Base Lr: 4.74e-04
2026-06-11 02:49:08 transreid.train INFO: Epoch[53] Iter[150/274] Loss: 0.010, Acc: 1.000, Base Lr: 4.74e-04
2026-06-11 02:49:16 transreid.train INFO: Epoch[53] Iter[200/274] Loss: 0.010, Acc: 1.000, Base Lr: 4.74e-04
2026-06-11 02:49:24 transreid.train INFO: Epoch[53] Iter[250/274] Loss: 0.010, Acc: 1.000, Base Lr: 4.74e-04
2026-06-11 02:49:28 transreid.train INFO: Epoch 53 done. Time per epoch: 44.942[s] Speed: 383.1[samples/s]
2026-06-11 02:49:36 transreid.train INFO: Epoch[54] Iter[50/274] Loss: 0.009, Acc: 1.000, Base Lr: 4.63e-04
2026-06-11 02:49:44 transreid.train INFO: Epoch[54] Iter[100/274] Loss: 0.008, Acc: 1.000, Base Lr: 4.63e-04
2026-06-11 02:49:53 transreid.train INFO: Epoch[54] Iter[150/274] Loss: 0.008, Acc: 1.000, Base Lr: 4.63e-04
2026-06-11 02:50:01 transreid.train INFO: Epoch[54] Iter[200/274] Loss: 0.008, Acc: 1.000, Base Lr: 4.63e-04
2026-06-11 02:50:09 transreid.train INFO: Epoch[54] Iter[250/274] Loss: 0.008, Acc: 1.000, Base Lr: 4.63e-04
2026-06-11 02:50:12 transreid.train INFO: Epoch 54 done. Time per epoch: 44.788[s] Speed: 383.0[samples/s]
2026-06-11 02:50:21 transreid.train INFO: Epoch[55] Iter[50/274] Loss: 0.013, Acc: 1.000, Base Lr: 4.53e-04
2026-06-11 02:50:29 transreid.train INFO: Epoch[55] Iter[100/274] Loss: 0.010, Acc: 1.000, Base Lr: 4.53e-04
2026-06-11 02:50:37 transreid.train INFO: Epoch[55] Iter[150/274] Loss: 0.010, Acc: 1.000, Base Lr: 4.53e-04
2026-06-11 02:50:46 transreid.train INFO: Epoch[55] Iter[200/274] Loss: 0.010, Acc: 1.000, Base Lr: 4.53e-04
2026-06-11 02:50:54 transreid.train INFO: Epoch[55] Iter[250/274] Loss: 0.009, Acc: 1.000, Base Lr: 4.53e-04
2026-06-11 02:50:57 transreid.train INFO: Epoch 55 done. Time per epoch: 45.100[s] Speed: 383.2[samples/s]
2026-06-11 02:51:06 transreid.train INFO: Epoch[56] Iter[50/274] Loss: 0.007, Acc: 1.000, Base Lr: 4.43e-04
2026-06-11 02:51:14 transreid.train INFO: Epoch[56] Iter[100/274] Loss: 0.009, Acc: 0.999, Base Lr: 4.43e-04
2026-06-11 02:51:23 transreid.train INFO: Epoch[56] Iter[150/274] Loss: 0.008, Acc: 1.000, Base Lr: 4.43e-04
2026-06-11 02:51:31 transreid.train INFO: Epoch[56] Iter[200/274] Loss: 0.008, Acc: 1.000, Base Lr: 4.43e-04
2026-06-11 02:51:39 transreid.train INFO: Epoch[56] Iter[250/274] Loss: 0.008, Acc: 1.000, Base Lr: 4.43e-04
2026-06-11 02:51:43 transreid.train INFO: Epoch 56 done. Time per epoch: 45.279[s] Speed: 383.1[samples/s]
2026-06-11 02:51:51 transreid.train INFO: Epoch[57] Iter[50/274] Loss: 0.008, Acc: 1.000, Base Lr: 4.32e-04
2026-06-11 02:52:00 transreid.train INFO: Epoch[57] Iter[100/274] Loss: 0.010, Acc: 1.000, Base Lr: 4.32e-04
2026-06-11 02:52:08 transreid.train INFO: Epoch[57] Iter[150/274] Loss: 0.010, Acc: 1.000, Base Lr: 4.32e-04
2026-06-11 02:52:16 transreid.train INFO: Epoch[57] Iter[200/274] Loss: 0.009, Acc: 1.000, Base Lr: 4.32e-04
2026-06-11 02:52:25 transreid.train INFO: Epoch[57] Iter[250/274] Loss: 0.009, Acc: 1.000, Base Lr: 4.32e-04
2026-06-11 02:52:28 transreid.train INFO: Epoch 57 done. Time per epoch: 45.099[s] Speed: 383.2[samples/s]
2026-06-11 02:52:36 transreid.train INFO: Epoch[58] Iter[50/274] Loss: 0.007, Acc: 1.000, Base Lr: 4.22e-04
2026-06-11 02:52:45 transreid.train INFO: Epoch[58] Iter[100/274] Loss: 0.007, Acc: 1.000, Base Lr: 4.22e-04
2026-06-11 02:52:53 transreid.train INFO: Epoch[58] Iter[150/274] Loss: 0.009, Acc: 1.000, Base Lr: 4.22e-04
2026-06-11 02:53:01 transreid.train INFO: Epoch[58] Iter[200/274] Loss: 0.008, Acc: 1.000, Base Lr: 4.22e-04
2026-06-11 02:53:10 transreid.train INFO: Epoch[58] Iter[250/274] Loss: 0.008, Acc: 1.000, Base Lr: 4.22e-04
2026-06-11 02:53:13 transreid.train INFO: Epoch 58 done. Time per epoch: 44.918[s] Speed: 383.3[samples/s]
2026-06-11 02:53:21 transreid.train INFO: Epoch[59] Iter[50/274] Loss: 0.011, Acc: 1.000, Base Lr: 4.11e-04
2026-06-11 02:53:30 transreid.train INFO: Epoch[59] Iter[100/274] Loss: 0.010, Acc: 1.000, Base Lr: 4.11e-04
2026-06-11 02:53:38 transreid.train INFO: Epoch[59] Iter[150/274] Loss: 0.010, Acc: 1.000, Base Lr: 4.11e-04
2026-06-11 02:53:46 transreid.train INFO: Epoch[59] Iter[200/274] Loss: 0.009, Acc: 1.000, Base Lr: 4.11e-04
2026-06-11 02:53:55 transreid.train INFO: Epoch[59] Iter[250/274] Loss: 0.009, Acc: 1.000, Base Lr: 4.11e-04
2026-06-11 02:53:58 transreid.train INFO: Epoch 59 done. Time per epoch: 44.783[s] Speed: 383.0[samples/s]
2026-06-11 02:54:06 transreid.train INFO: Epoch[60] Iter[50/274] Loss: 0.010, Acc: 1.000, Base Lr: 4.01e-04
2026-06-11 02:54:14 transreid.train INFO: Epoch[60] Iter[100/274] Loss: 0.010, Acc: 1.000, Base Lr: 4.01e-04
2026-06-11 02:54:23 transreid.train INFO: Epoch[60] Iter[150/274] Loss: 0.009, Acc: 1.000, Base Lr: 4.01e-04
2026-06-11 02:54:31 transreid.train INFO: Epoch[60] Iter[200/274] Loss: 0.008, Acc: 1.000, Base Lr: 4.01e-04
2026-06-11 02:54:39 transreid.train INFO: Epoch[60] Iter[250/274] Loss: 0.008, Acc: 1.000, Base Lr: 4.01e-04
2026-06-11 02:54:42 transreid.train INFO: Epoch 60 done. Time per epoch: 44.952[s] Speed: 383.0[samples/s]
2026-06-11 02:54:51 transreid.train INFO: Epoch[61] Iter[50/274] Loss: 0.009, Acc: 1.000, Base Lr: 3.90e-04
2026-06-11 02:54:59 transreid.train INFO: Epoch[61] Iter[100/274] Loss: 0.008, Acc: 1.000, Base Lr: 3.90e-04
2026-06-11 02:55:08 transreid.train INFO: Epoch[61] Iter[150/274] Loss: 0.007, Acc: 1.000, Base Lr: 3.90e-04
2026-06-11 02:55:16 transreid.train INFO: Epoch[61] Iter[200/274] Loss: 0.007, Acc: 1.000, Base Lr: 3.90e-04
2026-06-11 02:55:24 transreid.train INFO: Epoch[61] Iter[250/274] Loss: 0.007, Acc: 1.000, Base Lr: 3.90e-04
2026-06-11 02:55:27 transreid.train INFO: Epoch 61 done. Time per epoch: 44.783[s] Speed: 383.0[samples/s]
2026-06-11 02:55:36 transreid.train INFO: Epoch[62] Iter[50/274] Loss: 0.007, Acc: 1.000, Base Lr: 3.80e-04
2026-06-11 02:55:44 transreid.train INFO: Epoch[62] Iter[100/274] Loss: 0.007, Acc: 1.000, Base Lr: 3.80e-04
2026-06-11 02:55:52 transreid.train INFO: Epoch[62] Iter[150/274] Loss: 0.007, Acc: 1.000, Base Lr: 3.80e-04
2026-06-11 02:56:01 transreid.train INFO: Epoch[62] Iter[200/274] Loss: 0.007, Acc: 1.000, Base Lr: 3.80e-04
2026-06-11 02:56:09 transreid.train INFO: Epoch[62] Iter[250/274] Loss: 0.007, Acc: 1.000, Base Lr: 3.80e-04
2026-06-11 02:56:12 transreid.train INFO: Epoch 62 done. Time per epoch: 45.091[s] Speed: 383.2[samples/s]
2026-06-11 02:56:21 transreid.train INFO: Epoch[63] Iter[50/274] Loss: 0.007, Acc: 1.000, Base Lr: 3.69e-04
2026-06-11 02:56:29 transreid.train INFO: Epoch[63] Iter[100/274] Loss: 0.007, Acc: 1.000, Base Lr: 3.69e-04
2026-06-11 02:56:38 transreid.train INFO: Epoch[63] Iter[150/274] Loss: 0.007, Acc: 1.000, Base Lr: 3.69e-04
2026-06-11 02:56:46 transreid.train INFO: Epoch[63] Iter[200/274] Loss: 0.006, Acc: 1.000, Base Lr: 3.69e-04
2026-06-11 02:56:54 transreid.train INFO: Epoch[63] Iter[250/274] Loss: 0.006, Acc: 1.000, Base Lr: 3.69e-04
2026-06-11 02:56:57 transreid.train INFO: Epoch 63 done. Time per epoch: 44.959[s] Speed: 382.9[samples/s]
2026-06-11 02:57:06 transreid.train INFO: Epoch[64] Iter[50/274] Loss: 0.009, Acc: 1.000, Base Lr: 3.59e-04
2026-06-11 02:57:14 transreid.train INFO: Epoch[64] Iter[100/274] Loss: 0.009, Acc: 1.000, Base Lr: 3.59e-04
2026-06-11 02:57:22 transreid.train INFO: Epoch[64] Iter[150/274] Loss: 0.008, Acc: 1.000, Base Lr: 3.59e-04
2026-06-11 02:57:31 transreid.train INFO: Epoch[64] Iter[200/274] Loss: 0.007, Acc: 1.000, Base Lr: 3.59e-04
2026-06-11 02:57:39 transreid.train INFO: Epoch[64] Iter[250/274] Loss: 0.007, Acc: 1.000, Base Lr: 3.59e-04
2026-06-11 02:57:42 transreid.train INFO: Epoch 64 done. Time per epoch: 45.104[s] Speed: 383.1[samples/s]
2026-06-11 02:57:51 transreid.train INFO: Epoch[65] Iter[50/274] Loss: 0.013, Acc: 1.000, Base Lr: 3.49e-04
2026-06-11 02:57:59 transreid.train INFO: Epoch[65] Iter[100/274] Loss: 0.010, Acc: 1.000, Base Lr: 3.49e-04
2026-06-11 02:58:08 transreid.train INFO: Epoch[65] Iter[150/274] Loss: 0.008, Acc: 1.000, Base Lr: 3.49e-04
2026-06-11 02:58:16 transreid.train INFO: Epoch[65] Iter[200/274] Loss: 0.008, Acc: 1.000, Base Lr: 3.49e-04
2026-06-11 02:58:24 transreid.train INFO: Epoch[65] Iter[250/274] Loss: 0.008, Acc: 1.000, Base Lr: 3.49e-04
2026-06-11 02:58:27 transreid.train INFO: Epoch 65 done. Time per epoch: 44.922[s] Speed: 383.2[samples/s]
2026-06-11 02:58:36 transreid.train INFO: Epoch[66] Iter[50/274] Loss: 0.006, Acc: 1.000, Base Lr: 3.38e-04
2026-06-11 02:58:44 transreid.train INFO: Epoch[66] Iter[100/274] Loss: 0.006, Acc: 1.000, Base Lr: 3.38e-04
2026-06-11 02:58:52 transreid.train INFO: Epoch[66] Iter[150/274] Loss: 0.007, Acc: 1.000, Base Lr: 3.38e-04
2026-06-11 02:59:01 transreid.train INFO: Epoch[66] Iter[200/274] Loss: 0.007, Acc: 1.000, Base Lr: 3.38e-04
2026-06-11 02:59:09 transreid.train INFO: Epoch[66] Iter[250/274] Loss: 0.007, Acc: 1.000, Base Lr: 3.38e-04
2026-06-11 02:59:12 transreid.train INFO: Epoch 66 done. Time per epoch: 44.599[s] Speed: 383.2[samples/s]
2026-06-11 02:59:20 transreid.train INFO: Epoch[67] Iter[50/274] Loss: 0.006, Acc: 1.000, Base Lr: 3.28e-04
2026-06-11 02:59:29 transreid.train INFO: Epoch[67] Iter[100/274] Loss: 0.006, Acc: 1.000, Base Lr: 3.28e-04
2026-06-11 02:59:37 transreid.train INFO: Epoch[67] Iter[150/274] Loss: 0.006, Acc: 1.000, Base Lr: 3.28e-04
2026-06-11 02:59:45 transreid.train INFO: Epoch[67] Iter[200/274] Loss: 0.006, Acc: 1.000, Base Lr: 3.28e-04
2026-06-11 02:59:54 transreid.train INFO: Epoch[67] Iter[250/274] Loss: 0.006, Acc: 1.000, Base Lr: 3.28e-04
2026-06-11 02:59:57 transreid.train INFO: Epoch 67 done. Time per epoch: 45.100[s] Speed: 383.1[samples/s]
2026-06-11 03:00:06 transreid.train INFO: Epoch[68] Iter[50/274] Loss: 0.006, Acc: 1.000, Base Lr: 3.18e-04
2026-06-11 03:00:14 transreid.train INFO: Epoch[68] Iter[100/274] Loss: 0.006, Acc: 1.000, Base Lr: 3.18e-04
2026-06-11 03:00:22 transreid.train INFO: Epoch[68] Iter[150/274] Loss: 0.006, Acc: 1.000, Base Lr: 3.18e-04
2026-06-11 03:00:31 transreid.train INFO: Epoch[68] Iter[200/274] Loss: 0.006, Acc: 1.000, Base Lr: 3.18e-04
2026-06-11 03:00:39 transreid.train INFO: Epoch[68] Iter[250/274] Loss: 0.006, Acc: 1.000, Base Lr: 3.18e-04
2026-06-11 03:00:42 transreid.train INFO: Epoch 68 done. Time per epoch: 44.952[s] Speed: 383.0[samples/s]
2026-06-11 03:00:51 transreid.train INFO: Epoch[69] Iter[50/274] Loss: 0.006, Acc: 1.000, Base Lr: 3.08e-04
2026-06-11 03:00:59 transreid.train INFO: Epoch[69] Iter[100/274] Loss: 0.007, Acc: 1.000, Base Lr: 3.08e-04
2026-06-11 03:01:07 transreid.train INFO: Epoch[69] Iter[150/274] Loss: 0.007, Acc: 1.000, Base Lr: 3.08e-04
2026-06-11 03:01:15 transreid.train INFO: Epoch[69] Iter[200/274] Loss: 0.006, Acc: 1.000, Base Lr: 3.08e-04
2026-06-11 03:01:24 transreid.train INFO: Epoch[69] Iter[250/274] Loss: 0.006, Acc: 1.000, Base Lr: 3.08e-04
2026-06-11 03:01:27 transreid.train INFO: Epoch 69 done. Time per epoch: 44.966[s] Speed: 382.9[samples/s]
2026-06-11 03:01:35 transreid.train INFO: Epoch[70] Iter[50/274] Loss: 0.004, Acc: 1.000, Base Lr: 2.97e-04
2026-06-11 03:01:44 transreid.train INFO: Epoch[70] Iter[100/274] Loss: 0.006, Acc: 1.000, Base Lr: 2.97e-04
2026-06-11 03:01:52 transreid.train INFO: Epoch[70] Iter[150/274] Loss: 0.005, Acc: 1.000, Base Lr: 2.97e-04
2026-06-11 03:02:00 transreid.train INFO: Epoch[70] Iter[200/274] Loss: 0.005, Acc: 1.000, Base Lr: 2.97e-04
2026-06-11 03:02:09 transreid.train INFO: Epoch[70] Iter[250/274] Loss: 0.005, Acc: 1.000, Base Lr: 2.97e-04
2026-06-11 03:02:12 transreid.train INFO: Epoch 70 done. Time per epoch: 44.970[s] Speed: 382.8[samples/s]
2026-06-11 03:02:20 transreid.train INFO: Epoch[71] Iter[50/274] Loss: 0.008, Acc: 1.000, Base Lr: 2.87e-04
2026-06-11 03:02:29 transreid.train INFO: Epoch[71] Iter[100/274] Loss: 0.007, Acc: 1.000, Base Lr: 2.87e-04
2026-06-11 03:02:37 transreid.train INFO: Epoch[71] Iter[150/274] Loss: 0.007, Acc: 1.000, Base Lr: 2.87e-04
2026-06-11 03:02:45 transreid.train INFO: Epoch[71] Iter[200/274] Loss: 0.006, Acc: 1.000, Base Lr: 2.87e-04
2026-06-11 03:02:54 transreid.train INFO: Epoch[71] Iter[250/274] Loss: 0.006, Acc: 1.000, Base Lr: 2.87e-04
2026-06-11 03:02:57 transreid.train INFO: Epoch 71 done. Time per epoch: 45.128[s] Speed: 382.9[samples/s]
2026-06-11 03:03:06 transreid.train INFO: Epoch[72] Iter[50/274] Loss: 0.006, Acc: 1.000, Base Lr: 2.77e-04
2026-06-11 03:03:14 transreid.train INFO: Epoch[72] Iter[100/274] Loss: 0.006, Acc: 1.000, Base Lr: 2.77e-04
2026-06-11 03:03:22 transreid.train INFO: Epoch[72] Iter[150/274] Loss: 0.006, Acc: 1.000, Base Lr: 2.77e-04
2026-06-11 03:03:31 transreid.train INFO: Epoch[72] Iter[200/274] Loss: 0.006, Acc: 1.000, Base Lr: 2.77e-04
2026-06-11 03:03:39 transreid.train INFO: Epoch[72] Iter[250/274] Loss: 0.006, Acc: 1.000, Base Lr: 2.77e-04
2026-06-11 03:03:42 transreid.train INFO: Epoch 72 done. Time per epoch: 45.001[s] Speed: 382.6[samples/s]
2026-06-11 03:03:51 transreid.train INFO: Epoch[73] Iter[50/274] Loss: 0.006, Acc: 1.000, Base Lr: 2.68e-04
2026-06-11 03:03:59 transreid.train INFO: Epoch[73] Iter[100/274] Loss: 0.007, Acc: 1.000, Base Lr: 2.68e-04
2026-06-11 03:04:07 transreid.train INFO: Epoch[73] Iter[150/274] Loss: 0.007, Acc: 1.000, Base Lr: 2.68e-04
2026-06-11 03:04:16 transreid.train INFO: Epoch[73] Iter[200/274] Loss: 0.006, Acc: 1.000, Base Lr: 2.68e-04
2026-06-11 03:04:24 transreid.train INFO: Epoch[73] Iter[250/274] Loss: 0.006, Acc: 1.000, Base Lr: 2.68e-04
2026-06-11 03:04:27 transreid.train INFO: Epoch 73 done. Time per epoch: 44.950[s] Speed: 383.0[samples/s]
2026-06-11 03:04:36 transreid.train INFO: Epoch[74] Iter[50/274] Loss: 0.006, Acc: 1.000, Base Lr: 2.58e-04
2026-06-11 03:04:44 transreid.train INFO: Epoch[74] Iter[100/274] Loss: 0.007, Acc: 1.000, Base Lr: 2.58e-04
2026-06-11 03:04:52 transreid.train INFO: Epoch[74] Iter[150/274] Loss: 0.007, Acc: 1.000, Base Lr: 2.58e-04
2026-06-11 03:05:00 transreid.train INFO: Epoch[74] Iter[200/274] Loss: 0.006, Acc: 1.000, Base Lr: 2.58e-04
2026-06-11 03:05:09 transreid.train INFO: Epoch[74] Iter[250/274] Loss: 0.007, Acc: 1.000, Base Lr: 2.58e-04
2026-06-11 03:05:12 transreid.train INFO: Epoch 74 done. Time per epoch: 45.127[s] Speed: 382.9[samples/s]
2026-06-11 03:05:21 transreid.train INFO: Epoch[75] Iter[50/274] Loss: 0.006, Acc: 1.000, Base Lr: 2.48e-04
2026-06-11 03:05:29 transreid.train INFO: Epoch[75] Iter[100/274] Loss: 0.005, Acc: 1.000, Base Lr: 2.48e-04
2026-06-11 03:05:37 transreid.train INFO: Epoch[75] Iter[150/274] Loss: 0.005, Acc: 1.000, Base Lr: 2.48e-04
2026-06-11 03:05:46 transreid.train INFO: Epoch[75] Iter[200/274] Loss: 0.005, Acc: 1.000, Base Lr: 2.48e-04
2026-06-11 03:05:54 transreid.train INFO: Epoch[75] Iter[250/274] Loss: 0.005, Acc: 1.000, Base Lr: 2.48e-04
2026-06-11 03:05:57 transreid.train INFO: Epoch 75 done. Time per epoch: 44.938[s] Speed: 383.1[samples/s]
2026-06-11 03:06:06 transreid.train INFO: Epoch[76] Iter[50/274] Loss: 0.006, Acc: 1.000, Base Lr: 2.38e-04
2026-06-11 03:06:14 transreid.train INFO: Epoch[76] Iter[100/274] Loss: 0.006, Acc: 1.000, Base Lr: 2.38e-04
2026-06-11 03:06:22 transreid.train INFO: Epoch[76] Iter[150/274] Loss: 0.007, Acc: 1.000, Base Lr: 2.38e-04
2026-06-11 03:06:31 transreid.train INFO: Epoch[76] Iter[200/274] Loss: 0.006, Acc: 1.000, Base Lr: 2.38e-04
2026-06-11 03:06:39 transreid.train INFO: Epoch[76] Iter[250/274] Loss: 0.006, Acc: 1.000, Base Lr: 2.38e-04
2026-06-11 03:06:42 transreid.train INFO: Epoch 76 done. Time per epoch: 45.300[s] Speed: 382.9[samples/s]
2026-06-11 03:06:51 transreid.train INFO: Epoch[77] Iter[50/274] Loss: 0.005, Acc: 1.000, Base Lr: 2.29e-04
2026-06-11 03:06:59 transreid.train INFO: Epoch[77] Iter[100/274] Loss: 0.005, Acc: 1.000, Base Lr: 2.29e-04
2026-06-11 03:07:08 transreid.train INFO: Epoch[77] Iter[150/274] Loss: 0.006, Acc: 1.000, Base Lr: 2.29e-04
2026-06-11 03:07:16 transreid.train INFO: Epoch[77] Iter[200/274] Loss: 0.006, Acc: 1.000, Base Lr: 2.29e-04
2026-06-11 03:07:24 transreid.train INFO: Epoch[77] Iter[250/274] Loss: 0.005, Acc: 1.000, Base Lr: 2.29e-04
2026-06-11 03:07:27 transreid.train INFO: Epoch 77 done. Time per epoch: 44.942[s] Speed: 383.1[samples/s]
2026-06-11 03:07:36 transreid.train INFO: Epoch[78] Iter[50/274] Loss: 0.006, Acc: 1.000, Base Lr: 2.20e-04
2026-06-11 03:07:44 transreid.train INFO: Epoch[78] Iter[100/274] Loss: 0.005, Acc: 1.000, Base Lr: 2.20e-04
2026-06-11 03:07:52 transreid.train INFO: Epoch[78] Iter[150/274] Loss: 0.006, Acc: 1.000, Base Lr: 2.20e-04
2026-06-11 03:08:01 transreid.train INFO: Epoch[78] Iter[200/274] Loss: 0.006, Acc: 1.000, Base Lr: 2.20e-04
2026-06-11 03:08:09 transreid.train INFO: Epoch[78] Iter[250/274] Loss: 0.006, Acc: 1.000, Base Lr: 2.20e-04
2026-06-11 03:08:12 transreid.train INFO: Epoch 78 done. Time per epoch: 44.778[s] Speed: 383.0[samples/s]
2026-06-11 03:08:21 transreid.train INFO: Epoch[79] Iter[50/274] Loss: 0.005, Acc: 1.000, Base Lr: 2.10e-04
2026-06-11 03:08:29 transreid.train INFO: Epoch[79] Iter[100/274] Loss: 0.005, Acc: 1.000, Base Lr: 2.10e-04
2026-06-11 03:08:37 transreid.train INFO: Epoch[79] Iter[150/274] Loss: 0.005, Acc: 1.000, Base Lr: 2.10e-04
2026-06-11 03:08:46 transreid.train INFO: Epoch[79] Iter[200/274] Loss: 0.005, Acc: 1.000, Base Lr: 2.10e-04
2026-06-11 03:08:54 transreid.train INFO: Epoch[79] Iter[250/274] Loss: 0.004, Acc: 1.000, Base Lr: 2.10e-04
2026-06-11 03:08:57 transreid.train INFO: Epoch 79 done. Time per epoch: 44.799[s] Speed: 382.9[samples/s]
2026-06-11 03:09:05 transreid.train INFO: Epoch[80] Iter[50/274] Loss: 0.006, Acc: 1.000, Base Lr: 2.01e-04
2026-06-11 03:09:14 transreid.train INFO: Epoch[80] Iter[100/274] Loss: 0.005, Acc: 1.000, Base Lr: 2.01e-04
2026-06-11 03:09:22 transreid.train INFO: Epoch[80] Iter[150/274] Loss: 0.005, Acc: 1.000, Base Lr: 2.01e-04
2026-06-11 03:09:30 transreid.train INFO: Epoch[80] Iter[200/274] Loss: 0.005, Acc: 1.000, Base Lr: 2.01e-04
2026-06-11 03:09:39 transreid.train INFO: Epoch[80] Iter[250/274] Loss: 0.005, Acc: 1.000, Base Lr: 2.01e-04
2026-06-11 03:09:42 transreid.train INFO: Epoch 80 done. Time per epoch: 45.115[s] Speed: 383.0[samples/s]
2026-06-11 03:09:51 transreid.train INFO: Epoch[81] Iter[50/274] Loss: 0.005, Acc: 1.000, Base Lr: 1.92e-04
2026-06-11 03:09:59 transreid.train INFO: Epoch[81] Iter[100/274] Loss: 0.005, Acc: 1.000, Base Lr: 1.92e-04
2026-06-11 03:10:07 transreid.train INFO: Epoch[81] Iter[150/274] Loss: 0.005, Acc: 1.000, Base Lr: 1.92e-04
2026-06-11 03:10:15 transreid.train INFO: Epoch[81] Iter[200/274] Loss: 0.006, Acc: 1.000, Base Lr: 1.92e-04
2026-06-11 03:10:24 transreid.train INFO: Epoch[81] Iter[250/274] Loss: 0.005, Acc: 1.000, Base Lr: 1.92e-04
2026-06-11 03:10:27 transreid.train INFO: Epoch 81 done. Time per epoch: 44.935[s] Speed: 383.1[samples/s]
2026-06-11 03:10:35 transreid.train INFO: Epoch[82] Iter[50/274] Loss: 0.005, Acc: 1.000, Base Lr: 1.83e-04
2026-06-11 03:10:44 transreid.train INFO: Epoch[82] Iter[100/274] Loss: 0.005, Acc: 1.000, Base Lr: 1.83e-04
2026-06-11 03:10:52 transreid.train INFO: Epoch[82] Iter[150/274] Loss: 0.005, Acc: 1.000, Base Lr: 1.83e-04
2026-06-11 03:11:00 transreid.train INFO: Epoch[82] Iter[200/274] Loss: 0.005, Acc: 1.000, Base Lr: 1.83e-04
2026-06-11 03:11:09 transreid.train INFO: Epoch[82] Iter[250/274] Loss: 0.005, Acc: 1.000, Base Lr: 1.83e-04
2026-06-11 03:11:12 transreid.train INFO: Epoch 82 done. Time per epoch: 44.962[s] Speed: 382.9[samples/s]
2026-06-11 03:11:20 transreid.train INFO: Epoch[83] Iter[50/274] Loss: 0.007, Acc: 1.000, Base Lr: 1.75e-04
2026-06-11 03:11:29 transreid.train INFO: Epoch[83] Iter[100/274] Loss: 0.007, Acc: 1.000, Base Lr: 1.75e-04
2026-06-11 03:11:37 transreid.train INFO: Epoch[83] Iter[150/274] Loss: 0.007, Acc: 1.000, Base Lr: 1.75e-04
2026-06-11 03:11:45 transreid.train INFO: Epoch[83] Iter[200/274] Loss: 0.007, Acc: 1.000, Base Lr: 1.75e-04
2026-06-11 03:11:54 transreid.train INFO: Epoch[83] Iter[250/274] Loss: 0.006, Acc: 1.000, Base Lr: 1.75e-04
2026-06-11 03:11:57 transreid.train INFO: Epoch 83 done. Time per epoch: 44.935[s] Speed: 383.1[samples/s]
2026-06-11 03:12:05 transreid.train INFO: Epoch[84] Iter[50/274] Loss: 0.005, Acc: 1.000, Base Lr: 1.66e-04
2026-06-11 03:12:14 transreid.train INFO: Epoch[84] Iter[100/274] Loss: 0.005, Acc: 1.000, Base Lr: 1.66e-04
2026-06-11 03:12:22 transreid.train INFO: Epoch[84] Iter[150/274] Loss: 0.005, Acc: 1.000, Base Lr: 1.66e-04
2026-06-11 03:12:30 transreid.train INFO: Epoch[84] Iter[200/274] Loss: 0.005, Acc: 1.000, Base Lr: 1.66e-04
2026-06-11 03:12:39 transreid.train INFO: Epoch[84] Iter[250/274] Loss: 0.005, Acc: 1.000, Base Lr: 1.66e-04
2026-06-11 03:12:42 transreid.train INFO: Epoch 84 done. Time per epoch: 45.111[s] Speed: 383.1[samples/s]
2026-06-11 03:12:50 transreid.train INFO: Epoch[85] Iter[50/274] Loss: 0.005, Acc: 0.999, Base Lr: 1.58e-04
2026-06-11 03:12:59 transreid.train INFO: Epoch[85] Iter[100/274] Loss: 0.005, Acc: 1.000, Base Lr: 1.58e-04
2026-06-11 03:13:07 transreid.train INFO: Epoch[85] Iter[150/274] Loss: 0.005, Acc: 1.000, Base Lr: 1.58e-04
2026-06-11 03:13:15 transreid.train INFO: Epoch[85] Iter[200/274] Loss: 0.005, Acc: 1.000, Base Lr: 1.58e-04
2026-06-11 03:13:24 transreid.train INFO: Epoch[85] Iter[250/274] Loss: 0.005, Acc: 1.000, Base Lr: 1.58e-04
2026-06-11 03:13:27 transreid.train INFO: Epoch 85 done. Time per epoch: 45.123[s] Speed: 382.9[samples/s]
2026-06-11 03:13:36 transreid.train INFO: Epoch[86] Iter[50/274] Loss: 0.005, Acc: 1.000, Base Lr: 1.50e-04
2026-06-11 03:13:44 transreid.train INFO: Epoch[86] Iter[100/274] Loss: 0.005, Acc: 1.000, Base Lr: 1.50e-04
2026-06-11 03:13:52 transreid.train INFO: Epoch[86] Iter[150/274] Loss: 0.005, Acc: 1.000, Base Lr: 1.50e-04
2026-06-11 03:14:01 transreid.train INFO: Epoch[86] Iter[200/274] Loss: 0.004, Acc: 1.000, Base Lr: 1.50e-04
2026-06-11 03:14:09 transreid.train INFO: Epoch[86] Iter[250/274] Loss: 0.005, Acc: 1.000, Base Lr: 1.50e-04
2026-06-11 03:14:12 transreid.train INFO: Epoch 86 done. Time per epoch: 45.131[s] Speed: 382.9[samples/s]
2026-06-11 03:14:21 transreid.train INFO: Epoch[87] Iter[50/274] Loss: 0.004, Acc: 1.000, Base Lr: 1.42e-04
2026-06-11 03:14:29 transreid.train INFO: Epoch[87] Iter[100/274] Loss: 0.005, Acc: 1.000, Base Lr: 1.42e-04
2026-06-11 03:14:37 transreid.train INFO: Epoch[87] Iter[150/274] Loss: 0.005, Acc: 1.000, Base Lr: 1.42e-04
2026-06-11 03:14:46 transreid.train INFO: Epoch[87] Iter[200/274] Loss: 0.004, Acc: 1.000, Base Lr: 1.42e-04
2026-06-11 03:14:54 transreid.train INFO: Epoch[87] Iter[250/274] Loss: 0.004, Acc: 1.000, Base Lr: 1.42e-04
2026-06-11 03:14:57 transreid.train INFO: Epoch 87 done. Time per epoch: 45.123[s] Speed: 382.9[samples/s]
2026-06-11 03:15:06 transreid.train INFO: Epoch[88] Iter[50/274] Loss: 0.004, Acc: 1.000, Base Lr: 1.34e-04
2026-06-11 03:15:14 transreid.train INFO: Epoch[88] Iter[100/274] Loss: 0.004, Acc: 1.000, Base Lr: 1.34e-04
2026-06-11 03:15:22 transreid.train INFO: Epoch[88] Iter[150/274] Loss: 0.004, Acc: 1.000, Base Lr: 1.34e-04
2026-06-11 03:15:31 transreid.train INFO: Epoch[88] Iter[200/274] Loss: 0.005, Acc: 1.000, Base Lr: 1.34e-04
2026-06-11 03:15:39 transreid.train INFO: Epoch[88] Iter[250/274] Loss: 0.004, Acc: 1.000, Base Lr: 1.34e-04
2026-06-11 03:15:42 transreid.train INFO: Epoch 88 done. Time per epoch: 45.130[s] Speed: 382.9[samples/s]
2026-06-11 03:15:51 transreid.train INFO: Epoch[89] Iter[50/274] Loss: 0.004, Acc: 1.000, Base Lr: 1.26e-04
2026-06-11 03:15:59 transreid.train INFO: Epoch[89] Iter[100/274] Loss: 0.005, Acc: 1.000, Base Lr: 1.26e-04
2026-06-11 03:16:08 transreid.train INFO: Epoch[89] Iter[150/274] Loss: 0.005, Acc: 1.000, Base Lr: 1.26e-04
2026-06-11 03:16:16 transreid.train INFO: Epoch[89] Iter[200/274] Loss: 0.004, Acc: 1.000, Base Lr: 1.26e-04
2026-06-11 03:16:24 transreid.train INFO: Epoch[89] Iter[250/274] Loss: 0.005, Acc: 1.000, Base Lr: 1.26e-04
2026-06-11 03:16:28 transreid.train INFO: Epoch 89 done. Time per epoch: 45.123[s] Speed: 383.0[samples/s]
2026-06-11 03:16:36 transreid.train INFO: Epoch[90] Iter[50/274] Loss: 0.008, Acc: 1.000, Base Lr: 1.19e-04
2026-06-11 03:16:44 transreid.train INFO: Epoch[90] Iter[100/274] Loss: 0.006, Acc: 1.000, Base Lr: 1.19e-04
2026-06-11 03:16:53 transreid.train INFO: Epoch[90] Iter[150/274] Loss: 0.006, Acc: 1.000, Base Lr: 1.19e-04
2026-06-11 03:17:01 transreid.train INFO: Epoch[90] Iter[200/274] Loss: 0.005, Acc: 1.000, Base Lr: 1.19e-04
2026-06-11 03:17:09 transreid.train INFO: Epoch[90] Iter[250/274] Loss: 0.005, Acc: 1.000, Base Lr: 1.19e-04
2026-06-11 03:17:12 transreid.train INFO: Epoch 90 done. Time per epoch: 44.612[s] Speed: 383.0[samples/s]
2026-06-11 03:17:21 transreid.train INFO: Epoch[91] Iter[50/274] Loss: 0.007, Acc: 1.000, Base Lr: 1.11e-04
2026-06-11 03:17:29 transreid.train INFO: Epoch[91] Iter[100/274] Loss: 0.006, Acc: 1.000, Base Lr: 1.11e-04
2026-06-11 03:17:37 transreid.train INFO: Epoch[91] Iter[150/274] Loss: 0.006, Acc: 1.000, Base Lr: 1.11e-04
2026-06-11 03:17:46 transreid.train INFO: Epoch[91] Iter[200/274] Loss: 0.005, Acc: 1.000, Base Lr: 1.11e-04
2026-06-11 03:17:54 transreid.train INFO: Epoch[91] Iter[250/274] Loss: 0.005, Acc: 1.000, Base Lr: 1.11e-04
2026-06-11 03:17:57 transreid.train INFO: Epoch 91 done. Time per epoch: 45.134[s] Speed: 382.9[samples/s]
2026-06-11 03:18:06 transreid.train INFO: Epoch[92] Iter[50/274] Loss: 0.004, Acc: 1.000, Base Lr: 1.04e-04
2026-06-11 03:18:14 transreid.train INFO: Epoch[92] Iter[100/274] Loss: 0.005, Acc: 1.000, Base Lr: 1.04e-04
2026-06-11 03:18:22 transreid.train INFO: Epoch[92] Iter[150/274] Loss: 0.005, Acc: 1.000, Base Lr: 1.04e-04
2026-06-11 03:18:31 transreid.train INFO: Epoch[92] Iter[200/274] Loss: 0.005, Acc: 1.000, Base Lr: 1.04e-04
2026-06-11 03:18:39 transreid.train INFO: Epoch[92] Iter[250/274] Loss: 0.005, Acc: 1.000, Base Lr: 1.04e-04
2026-06-11 03:18:42 transreid.train INFO: Epoch 92 done. Time per epoch: 45.116[s] Speed: 383.0[samples/s]
2026-06-11 03:18:51 transreid.train INFO: Epoch[93] Iter[50/274] Loss: 0.007, Acc: 0.999, Base Lr: 9.72e-05
2026-06-11 03:18:59 transreid.train INFO: Epoch[93] Iter[100/274] Loss: 0.007, Acc: 1.000, Base Lr: 9.72e-05
2026-06-11 03:19:08 transreid.train INFO: Epoch[93] Iter[150/274] Loss: 0.007, Acc: 1.000, Base Lr: 9.72e-05
2026-06-11 03:19:16 transreid.train INFO: Epoch[93] Iter[200/274] Loss: 0.006, Acc: 1.000, Base Lr: 9.72e-05
2026-06-11 03:19:24 transreid.train INFO: Epoch[93] Iter[250/274] Loss: 0.006, Acc: 1.000, Base Lr: 9.72e-05
2026-06-11 03:19:27 transreid.train INFO: Epoch 93 done. Time per epoch: 44.970[s] Speed: 382.8[samples/s]
2026-06-11 03:19:36 transreid.train INFO: Epoch[94] Iter[50/274] Loss: 0.004, Acc: 1.000, Base Lr: 9.06e-05
2026-06-11 03:19:44 transreid.train INFO: Epoch[94] Iter[100/274] Loss: 0.004, Acc: 1.000, Base Lr: 9.06e-05
2026-06-11 03:19:53 transreid.train INFO: Epoch[94] Iter[150/274] Loss: 0.005, Acc: 1.000, Base Lr: 9.06e-05
2026-06-11 03:20:01 transreid.train INFO: Epoch[94] Iter[200/274] Loss: 0.005, Acc: 1.000, Base Lr: 9.06e-05
2026-06-11 03:20:09 transreid.train INFO: Epoch[94] Iter[250/274] Loss: 0.005, Acc: 1.000, Base Lr: 9.06e-05
2026-06-11 03:20:12 transreid.train INFO: Epoch 94 done. Time per epoch: 44.963[s] Speed: 382.9[samples/s]
2026-06-11 03:20:21 transreid.train INFO: Epoch[95] Iter[50/274] Loss: 0.004, Acc: 1.000, Base Lr: 8.41e-05
2026-06-11 03:20:29 transreid.train INFO: Epoch[95] Iter[100/274] Loss: 0.004, Acc: 1.000, Base Lr: 8.41e-05
2026-06-11 03:20:38 transreid.train INFO: Epoch[95] Iter[150/274] Loss: 0.005, Acc: 1.000, Base Lr: 8.41e-05
2026-06-11 03:20:46 transreid.train INFO: Epoch[95] Iter[200/274] Loss: 0.005, Acc: 1.000, Base Lr: 8.41e-05
2026-06-11 03:20:54 transreid.train INFO: Epoch[95] Iter[250/274] Loss: 0.004, Acc: 1.000, Base Lr: 8.41e-05
2026-06-11 03:20:57 transreid.train INFO: Epoch 95 done. Time per epoch: 44.785[s] Speed: 383.0[samples/s]
2026-06-11 03:21:06 transreid.train INFO: Epoch[96] Iter[50/274] Loss: 0.004, Acc: 1.000, Base Lr: 7.78e-05
2026-06-11 03:21:14 transreid.train INFO: Epoch[96] Iter[100/274] Loss: 0.004, Acc: 1.000, Base Lr: 7.78e-05
2026-06-11 03:21:22 transreid.train INFO: Epoch[96] Iter[150/274] Loss: 0.005, Acc: 1.000, Base Lr: 7.78e-05
2026-06-11 03:21:31 transreid.train INFO: Epoch[96] Iter[200/274] Loss: 0.005, Acc: 1.000, Base Lr: 7.78e-05
2026-06-11 03:21:39 transreid.train INFO: Epoch[96] Iter[250/274] Loss: 0.005, Acc: 1.000, Base Lr: 7.78e-05
2026-06-11 03:21:42 transreid.train INFO: Epoch 96 done. Time per epoch: 44.974[s] Speed: 382.8[samples/s]
2026-06-11 03:21:51 transreid.train INFO: Epoch[97] Iter[50/274] Loss: 0.004, Acc: 1.000, Base Lr: 7.18e-05
2026-06-11 03:21:59 transreid.train INFO: Epoch[97] Iter[100/274] Loss: 0.004, Acc: 1.000, Base Lr: 7.18e-05
2026-06-11 03:22:07 transreid.train INFO: Epoch[97] Iter[150/274] Loss: 0.004, Acc: 1.000, Base Lr: 7.18e-05
2026-06-11 03:22:16 transreid.train INFO: Epoch[97] Iter[200/274] Loss: 0.004, Acc: 1.000, Base Lr: 7.18e-05
2026-06-11 03:22:24 transreid.train INFO: Epoch[97] Iter[250/274] Loss: 0.004, Acc: 1.000, Base Lr: 7.18e-05
2026-06-11 03:22:27 transreid.train INFO: Epoch 97 done. Time per epoch: 45.292[s] Speed: 382.9[samples/s]
2026-06-11 03:22:36 transreid.train INFO: Epoch[98] Iter[50/274] Loss: 0.004, Acc: 1.000, Base Lr: 6.60e-05
2026-06-11 03:22:44 transreid.train INFO: Epoch[98] Iter[100/274] Loss: 0.004, Acc: 1.000, Base Lr: 6.60e-05
2026-06-11 03:22:53 transreid.train INFO: Epoch[98] Iter[150/274] Loss: 0.004, Acc: 1.000, Base Lr: 6.60e-05
2026-06-11 03:23:01 transreid.train INFO: Epoch[98] Iter[200/274] Loss: 0.005, Acc: 1.000, Base Lr: 6.60e-05
2026-06-11 03:23:09 transreid.train INFO: Epoch[98] Iter[250/274] Loss: 0.004, Acc: 1.000, Base Lr: 6.60e-05
2026-06-11 03:23:13 transreid.train INFO: Epoch 98 done. Time per epoch: 45.111[s] Speed: 383.1[samples/s]
2026-06-11 03:23:21 transreid.train INFO: Epoch[99] Iter[50/274] Loss: 0.005, Acc: 1.000, Base Lr: 6.04e-05
2026-06-11 03:23:29 transreid.train INFO: Epoch[99] Iter[100/274] Loss: 0.005, Acc: 1.000, Base Lr: 6.04e-05
2026-06-11 03:23:38 transreid.train INFO: Epoch[99] Iter[150/274] Loss: 0.005, Acc: 1.000, Base Lr: 6.04e-05
2026-06-11 03:23:46 transreid.train INFO: Epoch[99] Iter[200/274] Loss: 0.004, Acc: 1.000, Base Lr: 6.04e-05
2026-06-11 03:23:54 transreid.train INFO: Epoch[99] Iter[250/274] Loss: 0.004, Acc: 1.000, Base Lr: 6.04e-05
2026-06-11 03:23:58 transreid.train INFO: Epoch 99 done. Time per epoch: 44.958[s] Speed: 382.9[samples/s]
2026-06-11 03:24:06 transreid.train INFO: Epoch[100] Iter[50/274] Loss: 0.005, Acc: 1.000, Base Lr: 5.51e-05
2026-06-11 03:24:14 transreid.train INFO: Epoch[100] Iter[100/274] Loss: 0.005, Acc: 1.000, Base Lr: 5.51e-05
2026-06-11 03:24:23 transreid.train INFO: Epoch[100] Iter[150/274] Loss: 0.005, Acc: 1.000, Base Lr: 5.51e-05
2026-06-11 03:24:31 transreid.train INFO: Epoch[100] Iter[200/274] Loss: 0.005, Acc: 1.000, Base Lr: 5.51e-05
2026-06-11 03:24:39 transreid.train INFO: Epoch[100] Iter[250/274] Loss: 0.005, Acc: 1.000, Base Lr: 5.51e-05
2026-06-11 03:24:43 transreid.train INFO: Epoch 100 done. Time per epoch: 45.116[s] Speed: 383.0[samples/s]
2026-06-11 03:24:51 transreid.train INFO: Epoch[101] Iter[50/274] Loss: 0.004, Acc: 1.000, Base Lr: 5.00e-05
2026-06-11 03:24:59 transreid.train INFO: Epoch[101] Iter[100/274] Loss: 0.004, Acc: 1.000, Base Lr: 5.00e-05
2026-06-11 03:25:08 transreid.train INFO: Epoch[101] Iter[150/274] Loss: 0.004, Acc: 1.000, Base Lr: 5.00e-05
2026-06-11 03:25:16 transreid.train INFO: Epoch[101] Iter[200/274] Loss: 0.004, Acc: 1.000, Base Lr: 5.00e-05
2026-06-11 03:25:24 transreid.train INFO: Epoch[101] Iter[250/274] Loss: 0.004, Acc: 1.000, Base Lr: 5.00e-05
2026-06-11 03:25:28 transreid.train INFO: Epoch 101 done. Time per epoch: 45.116[s] Speed: 383.0[samples/s]
2026-06-11 03:25:36 transreid.train INFO: Epoch[102] Iter[50/274] Loss: 0.005, Acc: 1.000, Base Lr: 4.51e-05
2026-06-11 03:25:45 transreid.train INFO: Epoch[102] Iter[100/274] Loss: 0.004, Acc: 1.000, Base Lr: 4.51e-05
2026-06-11 03:25:53 transreid.train INFO: Epoch[102] Iter[150/274] Loss: 0.004, Acc: 1.000, Base Lr: 4.51e-05
2026-06-11 03:26:01 transreid.train INFO: Epoch[102] Iter[200/274] Loss: 0.004, Acc: 1.000, Base Lr: 4.51e-05
2026-06-11 03:26:10 transreid.train INFO: Epoch[102] Iter[250/274] Loss: 0.004, Acc: 1.000, Base Lr: 4.51e-05
2026-06-11 03:26:13 transreid.train INFO: Epoch 102 done. Time per epoch: 45.281[s] Speed: 383.0[samples/s]
2026-06-11 03:26:22 transreid.train INFO: Epoch[103] Iter[50/274] Loss: 0.007, Acc: 1.000, Base Lr: 4.05e-05
2026-06-11 03:26:30 transreid.train INFO: Epoch[103] Iter[100/274] Loss: 0.006, Acc: 1.000, Base Lr: 4.05e-05
2026-06-11 03:26:38 transreid.train INFO: Epoch[103] Iter[150/274] Loss: 0.005, Acc: 1.000, Base Lr: 4.05e-05
2026-06-11 03:26:46 transreid.train INFO: Epoch[103] Iter[200/274] Loss: 0.005, Acc: 1.000, Base Lr: 4.05e-05
2026-06-11 03:26:55 transreid.train INFO: Epoch[103] Iter[250/274] Loss: 0.005, Acc: 1.000, Base Lr: 4.05e-05
2026-06-11 03:26:58 transreid.train INFO: Epoch 103 done. Time per epoch: 44.933[s] Speed: 383.1[samples/s]
2026-06-11 03:27:06 transreid.train INFO: Epoch[104] Iter[50/274] Loss: 0.005, Acc: 1.000, Base Lr: 3.61e-05
2026-06-11 03:27:15 transreid.train INFO: Epoch[104] Iter[100/274] Loss: 0.005, Acc: 1.000, Base Lr: 3.61e-05
2026-06-11 03:27:23 transreid.train INFO: Epoch[104] Iter[150/274] Loss: 0.005, Acc: 1.000, Base Lr: 3.61e-05
2026-06-11 03:27:31 transreid.train INFO: Epoch[104] Iter[200/274] Loss: 0.005, Acc: 1.000, Base Lr: 3.61e-05
2026-06-11 03:27:40 transreid.train INFO: Epoch[104] Iter[250/274] Loss: 0.005, Acc: 1.000, Base Lr: 3.61e-05
2026-06-11 03:27:43 transreid.train INFO: Epoch 104 done. Time per epoch: 45.120[s] Speed: 383.0[samples/s]
2026-06-11 03:27:52 transreid.train INFO: Epoch[105] Iter[50/274] Loss: 0.004, Acc: 1.000, Base Lr: 3.20e-05
2026-06-11 03:28:00 transreid.train INFO: Epoch[105] Iter[100/274] Loss: 0.005, Acc: 1.000, Base Lr: 3.20e-05
2026-06-11 03:28:08 transreid.train INFO: Epoch[105] Iter[150/274] Loss: 0.005, Acc: 1.000, Base Lr: 3.20e-05
2026-06-11 03:28:17 transreid.train INFO: Epoch[105] Iter[200/274] Loss: 0.005, Acc: 1.000, Base Lr: 3.20e-05
2026-06-11 03:28:25 transreid.train INFO: Epoch[105] Iter[250/274] Loss: 0.005, Acc: 1.000, Base Lr: 3.20e-05
2026-06-11 03:28:28 transreid.train INFO: Epoch 105 done. Time per epoch: 45.144[s] Speed: 382.8[samples/s]
2026-06-11 03:28:37 transreid.train INFO: Epoch[106] Iter[50/274] Loss: 0.005, Acc: 1.000, Base Lr: 2.81e-05
2026-06-11 03:28:45 transreid.train INFO: Epoch[106] Iter[100/274] Loss: 0.005, Acc: 1.000, Base Lr: 2.81e-05
2026-06-11 03:28:53 transreid.train INFO: Epoch[106] Iter[150/274] Loss: 0.004, Acc: 1.000, Base Lr: 2.81e-05
2026-06-11 03:29:02 transreid.train INFO: Epoch[106] Iter[200/274] Loss: 0.004, Acc: 1.000, Base Lr: 2.81e-05
2026-06-11 03:29:10 transreid.train INFO: Epoch[106] Iter[250/274] Loss: 0.004, Acc: 1.000, Base Lr: 2.81e-05
2026-06-11 03:29:13 transreid.train INFO: Epoch 106 done. Time per epoch: 44.920[s] Speed: 383.3[samples/s]
2026-06-11 03:29:22 transreid.train INFO: Epoch[107] Iter[50/274] Loss: 0.005, Acc: 1.000, Base Lr: 2.45e-05
2026-06-11 03:29:30 transreid.train INFO: Epoch[107] Iter[100/274] Loss: 0.005, Acc: 1.000, Base Lr: 2.45e-05
2026-06-11 03:29:38 transreid.train INFO: Epoch[107] Iter[150/274] Loss: 0.005, Acc: 1.000, Base Lr: 2.45e-05
2026-06-11 03:29:47 transreid.train INFO: Epoch[107] Iter[200/274] Loss: 0.005, Acc: 1.000, Base Lr: 2.45e-05
2026-06-11 03:29:55 transreid.train INFO: Epoch[107] Iter[250/274] Loss: 0.004, Acc: 1.000, Base Lr: 2.45e-05
2026-06-11 03:29:58 transreid.train INFO: Epoch 107 done. Time per epoch: 45.116[s] Speed: 383.0[samples/s]
2026-06-11 03:30:07 transreid.train INFO: Epoch[108] Iter[50/274] Loss: 0.006, Acc: 1.000, Base Lr: 2.11e-05
2026-06-11 03:30:15 transreid.train INFO: Epoch[108] Iter[100/274] Loss: 0.005, Acc: 1.000, Base Lr: 2.11e-05
2026-06-11 03:30:23 transreid.train INFO: Epoch[108] Iter[150/274] Loss: 0.005, Acc: 1.000, Base Lr: 2.11e-05
2026-06-11 03:30:32 transreid.train INFO: Epoch[108] Iter[200/274] Loss: 0.005, Acc: 1.000, Base Lr: 2.11e-05
2026-06-11 03:30:40 transreid.train INFO: Epoch[108] Iter[250/274] Loss: 0.004, Acc: 1.000, Base Lr: 2.11e-05
2026-06-11 03:30:43 transreid.train INFO: Epoch 108 done. Time per epoch: 44.978[s] Speed: 382.8[samples/s]
2026-06-11 03:30:52 transreid.train INFO: Epoch[109] Iter[50/274] Loss: 0.005, Acc: 1.000, Base Lr: 1.80e-05
2026-06-11 03:31:00 transreid.train INFO: Epoch[109] Iter[100/274] Loss: 0.006, Acc: 1.000, Base Lr: 1.80e-05
2026-06-11 03:31:08 transreid.train INFO: Epoch[109] Iter[150/274] Loss: 0.005, Acc: 1.000, Base Lr: 1.80e-05
2026-06-11 03:31:17 transreid.train INFO: Epoch[109] Iter[200/274] Loss: 0.005, Acc: 1.000, Base Lr: 1.80e-05
2026-06-11 03:31:25 transreid.train INFO: Epoch[109] Iter[250/274] Loss: 0.005, Acc: 1.000, Base Lr: 1.80e-05
2026-06-11 03:31:29 transreid.train INFO: Epoch 109 done. Time per epoch: 45.304[s] Speed: 382.8[samples/s]
2026-06-11 03:31:37 transreid.train INFO: Epoch[110] Iter[50/274] Loss: 0.004, Acc: 1.000, Base Lr: 1.52e-05
2026-06-11 03:31:45 transreid.train INFO: Epoch[110] Iter[100/274] Loss: 0.004, Acc: 1.000, Base Lr: 1.52e-05
2026-06-11 03:31:54 transreid.train INFO: Epoch[110] Iter[150/274] Loss: 0.004, Acc: 1.000, Base Lr: 1.52e-05
2026-06-11 03:32:02 transreid.train INFO: Epoch[110] Iter[200/274] Loss: 0.004, Acc: 1.000, Base Lr: 1.52e-05
2026-06-11 03:32:10 transreid.train INFO: Epoch[110] Iter[250/274] Loss: 0.004, Acc: 1.000, Base Lr: 1.52e-05
2026-06-11 03:32:14 transreid.train INFO: Epoch 110 done. Time per epoch: 45.111[s] Speed: 383.1[samples/s]
2026-06-11 03:32:22 transreid.train INFO: Epoch[111] Iter[50/274] Loss: 0.006, Acc: 1.000, Base Lr: 1.26e-05
2026-06-11 03:32:30 transreid.train INFO: Epoch[111] Iter[100/274] Loss: 0.005, Acc: 1.000, Base Lr: 1.26e-05
2026-06-11 03:32:39 transreid.train INFO: Epoch[111] Iter[150/274] Loss: 0.005, Acc: 1.000, Base Lr: 1.26e-05
2026-06-11 03:32:47 transreid.train INFO: Epoch[111] Iter[200/274] Loss: 0.005, Acc: 1.000, Base Lr: 1.26e-05
2026-06-11 03:32:55 transreid.train INFO: Epoch[111] Iter[250/274] Loss: 0.005, Acc: 1.000, Base Lr: 1.26e-05
2026-06-11 03:32:59 transreid.train INFO: Epoch 111 done. Time per epoch: 45.106[s] Speed: 383.1[samples/s]
2026-06-11 03:33:07 transreid.train INFO: Epoch[112] Iter[50/274] Loss: 0.004, Acc: 1.000, Base Lr: 1.03e-05
2026-06-11 03:33:16 transreid.train INFO: Epoch[112] Iter[100/274] Loss: 0.004, Acc: 1.000, Base Lr: 1.03e-05
2026-06-11 03:33:24 transreid.train INFO: Epoch[112] Iter[150/274] Loss: 0.004, Acc: 1.000, Base Lr: 1.03e-05
2026-06-11 03:33:32 transreid.train INFO: Epoch[112] Iter[200/274] Loss: 0.004, Acc: 1.000, Base Lr: 1.03e-05
2026-06-11 03:33:41 transreid.train INFO: Epoch[112] Iter[250/274] Loss: 0.005, Acc: 1.000, Base Lr: 1.03e-05
2026-06-11 03:33:44 transreid.train INFO: Epoch 112 done. Time per epoch: 45.307[s] Speed: 382.8[samples/s]
2026-06-11 03:33:53 transreid.train INFO: Epoch[113] Iter[50/274] Loss: 0.010, Acc: 0.999, Base Lr: 8.28e-06
2026-06-11 03:34:01 transreid.train INFO: Epoch[113] Iter[100/274] Loss: 0.007, Acc: 1.000, Base Lr: 8.28e-06
2026-06-11 03:34:09 transreid.train INFO: Epoch[113] Iter[150/274] Loss: 0.006, Acc: 1.000, Base Lr: 8.28e-06
2026-06-11 03:34:18 transreid.train INFO: Epoch[113] Iter[200/274] Loss: 0.006, Acc: 1.000, Base Lr: 8.28e-06
2026-06-11 03:34:26 transreid.train INFO: Epoch[113] Iter[250/274] Loss: 0.005, Acc: 1.000, Base Lr: 8.28e-06
2026-06-11 03:34:29 transreid.train INFO: Epoch 113 done. Time per epoch: 44.959[s] Speed: 382.9[samples/s]
2026-06-11 03:34:38 transreid.train INFO: Epoch[114] Iter[50/274] Loss: 0.006, Acc: 1.000, Base Lr: 6.51e-06
2026-06-11 03:34:46 transreid.train INFO: Epoch[114] Iter[100/274] Loss: 0.005, Acc: 1.000, Base Lr: 6.51e-06
2026-06-11 03:34:54 transreid.train INFO: Epoch[114] Iter[150/274] Loss: 0.005, Acc: 1.000, Base Lr: 6.51e-06
2026-06-11 03:35:03 transreid.train INFO: Epoch[114] Iter[200/274] Loss: 0.005, Acc: 1.000, Base Lr: 6.51e-06
2026-06-11 03:35:11 transreid.train INFO: Epoch[114] Iter[250/274] Loss: 0.005, Acc: 1.000, Base Lr: 6.51e-06
2026-06-11 03:35:14 transreid.train INFO: Epoch 114 done. Time per epoch: 45.133[s] Speed: 382.9[samples/s]
2026-06-11 03:35:23 transreid.train INFO: Epoch[115] Iter[50/274] Loss: 0.005, Acc: 1.000, Base Lr: 5.02e-06
2026-06-11 03:35:31 transreid.train INFO: Epoch[115] Iter[100/274] Loss: 0.005, Acc: 1.000, Base Lr: 5.02e-06
2026-06-11 03:35:39 transreid.train INFO: Epoch[115] Iter[150/274] Loss: 0.005, Acc: 1.000, Base Lr: 5.02e-06
2026-06-11 03:35:48 transreid.train INFO: Epoch[115] Iter[200/274] Loss: 0.005, Acc: 1.000, Base Lr: 5.02e-06
2026-06-11 03:35:56 transreid.train INFO: Epoch[115] Iter[250/274] Loss: 0.005, Acc: 1.000, Base Lr: 5.02e-06
2026-06-11 03:35:59 transreid.train INFO: Epoch 115 done. Time per epoch: 44.826[s] Speed: 382.6[samples/s]
2026-06-11 03:36:07 transreid.train INFO: Epoch[116] Iter[50/274] Loss: 0.008, Acc: 1.000, Base Lr: 3.79e-06
2026-06-11 03:36:16 transreid.train INFO: Epoch[116] Iter[100/274] Loss: 0.006, Acc: 1.000, Base Lr: 3.79e-06
2026-06-11 03:36:24 transreid.train INFO: Epoch[116] Iter[150/274] Loss: 0.005, Acc: 1.000, Base Lr: 3.79e-06
2026-06-11 03:36:32 transreid.train INFO: Epoch[116] Iter[200/274] Loss: 0.005, Acc: 1.000, Base Lr: 3.79e-06
2026-06-11 03:36:41 transreid.train INFO: Epoch[116] Iter[250/274] Loss: 0.005, Acc: 1.000, Base Lr: 3.79e-06
2026-06-11 03:36:44 transreid.train INFO: Epoch 116 done. Time per epoch: 45.098[s] Speed: 383.2[samples/s]
2026-06-11 03:36:53 transreid.train INFO: Epoch[117] Iter[50/274] Loss: 0.006, Acc: 0.999, Base Lr: 2.83e-06
2026-06-11 03:37:01 transreid.train INFO: Epoch[117] Iter[100/274] Loss: 0.005, Acc: 1.000, Base Lr: 2.83e-06
2026-06-11 03:37:09 transreid.train INFO: Epoch[117] Iter[150/274] Loss: 0.005, Acc: 1.000, Base Lr: 2.83e-06
2026-06-11 03:37:18 transreid.train INFO: Epoch[117] Iter[200/274] Loss: 0.005, Acc: 1.000, Base Lr: 2.83e-06
2026-06-11 03:37:26 transreid.train INFO: Epoch[117] Iter[250/274] Loss: 0.005, Acc: 1.000, Base Lr: 2.83e-06
2026-06-11 03:37:29 transreid.train INFO: Epoch 117 done. Time per epoch: 45.122[s] Speed: 383.0[samples/s]
2026-06-11 03:37:38 transreid.train INFO: Epoch[118] Iter[50/274] Loss: 0.004, Acc: 1.000, Base Lr: 2.15e-06
2026-06-11 03:37:46 transreid.train INFO: Epoch[118] Iter[100/274] Loss: 0.004, Acc: 1.000, Base Lr: 2.15e-06
2026-06-11 03:37:54 transreid.train INFO: Epoch[118] Iter[150/274] Loss: 0.004, Acc: 1.000, Base Lr: 2.15e-06
2026-06-11 03:38:03 transreid.train INFO: Epoch[118] Iter[200/274] Loss: 0.004, Acc: 1.000, Base Lr: 2.15e-06
2026-06-11 03:38:11 transreid.train INFO: Epoch[118] Iter[250/274] Loss: 0.004, Acc: 1.000, Base Lr: 2.15e-06
2026-06-11 03:38:14 transreid.train INFO: Epoch 118 done. Time per epoch: 45.291[s] Speed: 382.9[samples/s]
2026-06-11 03:38:23 transreid.train INFO: Epoch[119] Iter[50/274] Loss: 0.004, Acc: 1.000, Base Lr: 1.74e-06
2026-06-11 03:38:31 transreid.train INFO: Epoch[119] Iter[100/274] Loss: 0.004, Acc: 1.000, Base Lr: 1.74e-06
2026-06-11 03:38:40 transreid.train INFO: Epoch[119] Iter[150/274] Loss: 0.004, Acc: 1.000, Base Lr: 1.74e-06
2026-06-11 03:38:48 transreid.train INFO: Epoch[119] Iter[200/274] Loss: 0.004, Acc: 1.000, Base Lr: 1.74e-06
2026-06-11 03:38:56 transreid.train INFO: Epoch[119] Iter[250/274] Loss: 0.004, Acc: 1.000, Base Lr: 1.74e-06
2026-06-11 03:38:59 transreid.train INFO: Epoch 119 done. Time per epoch: 44.774[s] Speed: 383.1[samples/s]
2026-06-11 03:39:08 transreid.train INFO: Epoch[120] Iter[50/274] Loss: 0.005, Acc: 0.999, Base Lr: 1.60e-06
2026-06-11 03:39:16 transreid.train INFO: Epoch[120] Iter[100/274] Loss: 0.005, Acc: 1.000, Base Lr: 1.60e-06
2026-06-11 03:39:24 transreid.train INFO: Epoch[120] Iter[150/274] Loss: 0.004, Acc: 1.000, Base Lr: 1.60e-06
2026-06-11 03:39:33 transreid.train INFO: Epoch[120] Iter[200/274] Loss: 0.004, Acc: 1.000, Base Lr: 1.60e-06
2026-06-11 03:39:41 transreid.train INFO: Epoch[120] Iter[250/274] Loss: 0.004, Acc: 1.000, Base Lr: 1.60e-06
2026-06-11 03:39:44 transreid.train INFO: Epoch 120 done. Time per epoch: 44.978[s] Speed: 382.8[samples/s]
/home/afr/reid-clean/SOLIDER-REID/utils/metrics.py:12: UserWarning: This overload of addmm_ is deprecated:
	addmm_(Number beta, Number alpha, Tensor mat1, Tensor mat2)
Consider using one of the following signatures instead:
	addmm_(Tensor mat1, Tensor mat2, *, Number beta = 1, Number alpha = 1) (Triggered internally at /pytorch/torch/csrc/utils/python_arg_parser.cpp:1661.)
  dist_mat.addmm_(1, -2, qf, gf.t())
The test feature is normalized
=> Computing DistMat with euclidean_distance
2026-06-11 03:39:56 transreid.train INFO: Validation Results - Epoch: 120
2026-06-11 03:39:56 transreid.train INFO: mAP: 48.2%
2026-06-11 03:39:56 transreid.train INFO: CMC curve, Rank-1  :49.3%
2026-06-11 03:39:56 transreid.train INFO: CMC curve, Rank-5  :55.5%
2026-06-11 03:39:56 transreid.train INFO: CMC curve, Rank-10 :58.1%
/home/afr/reid-clean/SOLIDER-REID/model/backbones/swin_transformer.py:1162: UserWarning: DeprecationWarning: pretrained is deprecated, please use "init_cfg" instead
  warnings.warn('DeprecationWarning: pretrained is deprecated, '
=> PRCC loaded (gallery=A 全量, query_diff=C 换衣[默认], query_same=B 同衣)
using Transformer_type: swin_small_patch4_window7_224 as a backbone
unloaded parameters: <All keys matched successfully>
===========building transformer===========
Loading pretrained model from ./log/prcc/exp016_small_s2_w02/transformer_120.pth
=> 提特征：gallery (3384)
=> 提特征：query_diff/C (3543)
=> 提特征：query_same/B (3873)
/home/afr/reid-clean/SOLIDER-REID/cc_eval.py:41: DeprecationWarning: `in1d` is deprecated. Use `np.isin` instead.
  mask = np.in1d(index, junk_index, invert=True)
/home/afr/reid-clean/SOLIDER-REID/cc_eval.py:45: DeprecationWarning: `in1d` is deprecated. Use `np.isin` instead.
  mask = np.in1d(index, good_index)
PRCC_CC mAP: 48.2% rank1: 49.3% rank5: 55.5% rank10: 58.1%
PRCC_SC mAP: 99.3% rank1: 99.8% rank5: 99.9% rank10: 99.9%
