2026-06-10 13:42:21 transreid INFO: Saving model in the path :./log/prcc/exp016_tiny_s0_w02
2026-06-10 13:42:21 transreid INFO: Loaded configuration file configs/prcc/swin_tiny.yml
2026-06-10 13:42:21 transreid INFO: Running with config:
DATALOADER:
  NUM_INSTANCE: 4
  NUM_WORKERS: 8
  REMOVE_TAIL: 0
  SAMPLER: softmax_triplet
DATASETS:
  NAMES: prcc
  ROOT_DIR: /mnt1/afrdata
  ROOT_TRAIN_DIR: ../data
  ROOT_VAL_DIR: ../data
DONOR_DECOUPLE:
  AUX_DETACH: True
  CF_W: 0.5
  DONOR_CLS_W: 0.2
  DONOR_REPEAT: 4
  ENABLED: False
  NEG_MARGIN: 0.02
  ORTH_W: 0.03
  PASTE_PROB: 0.5
  SAMEB_NEG_W: 0.5
  SYN_ID_W: 0.25
INPUT:
  MIX_PROB: 0.0
  MIX_RATIO_RANGE: [0.3, 0.7]
  MIX_TYPE: both
  PADDING: 10
  PIXEL_MEAN: [0.5, 0.5, 0.5]
  PIXEL_STD: [0.5, 0.5, 0.5]
  PROB: 0.5
  RE_PROB: 0.5
  SIZE_TEST: [384, 128]
  SIZE_TRAIN: [384, 128]
MODEL:
  ATT_DROP_RATE: 0.0
  COS_LAYER: False
  DEVICE: cuda
  DEVICE_ID: 0
  DEVIDE_LENGTH: 4
  DIST_TRAIN: False
  DROPOUT_RATE: 0.0
  DROP_OUT: 0.0
  DROP_PATH: 0.1
  FEAT_DIM: 512
  GEM_POOLING: False
  ID_LOSS_TYPE: softmax
  ID_LOSS_WEIGHT: 1.0
  IF_LABELSMOOTH: off
  IF_WITH_CENTER: no
  JPM: False
  LAST_STRIDE: 1
  METRIC_LOSS_TYPE: triplet
  NAME: transformer
  NECK: bnneck
  NO_MARGIN: True
  PRETRAIN_CHOICE: self
  PRETRAIN_HW_RATIO: 2
  PRETRAIN_PATH: /home/afr/reid-clean/weights/solider_swin_tiny_tea.pth
  REDUCE_FEAT_DIM: False
  RE_ARRANGE: True
  SEMANTIC_WEIGHT: 0.2
  SHIFT_NUM: 5
  SHUFFLE_GROUP: 2
  SIE_CAMERA: False
  SIE_COE: 3.0
  SIE_VIEW: False
  STEM_CONV: False
  STRIDE_SIZE: [16, 16]
  TRANSFORMER_TYPE: swin_tiny_patch4_window7_224
  TRIPLET_LOSS_WEIGHT: 1.0
MULTIHYP:
  ALPHA: 0.1
  BONUS_CAP: 0.15
  DETACH: True
  DIV_W: 0.5
  DSHS_HARD: global
  DSHS_MARGIN: 0.3
  DSHS_NHARD: 10
  DSHS_W: 0.0
  ENABLED: False
  GATE_SIGMA: 0.3
  GATE_TAU: 1.2
  K: 3
  LOSS_W: 1.0
  NEG_MARGIN: 0.7
  POS_MARGIN: 0.3
  SET_TEMP: 0.1
  UNIQUE_MARGIN: 0.1
OBJGATE:
  ANTI_W: 0.1
  DETACH_SCORE: False
  ENABLED: False
  ENTROPY_MAX: 1000000000.0
  ENTROPY_MIN: 0.0
  FEATMAP_INDEX: -1
  HIDDEN: 192
  LAMBDA_TARGET: 1.0
  LAMBDA_WARMUP_EPOCHS: 10
  MODE: softmax
  SPLIT_W: 1.0
  SUPPRESS_MIN: 0.5
  TAU: 1.0
OSS:
  AUG_PROB: 0.3
  ENABLED: False
  GRL_ALPHA: 1.0
  POOL_SIZE: 256
  RANDOM_LABEL: False
  W: 0.5
OUTPUT_DIR: ./log/prcc/exp016_tiny_s0_w02
PARTIAL_EVIDENCE:
  CALIBRATE: True
  ENABLED: False
  LS_MAX: 0.2
  MARGIN_SCALE: True
  MIN_KEEP: 0.2
  NO_HARDNEG_BELOW: 0.4
  PASTE_PROB: 0.5
SOLVER:
  BASE_LR: 0.0008
  BIAS_LR_FACTOR: 2
  CENTER_LOSS_WEIGHT: 0.0005
  CENTER_LR: 0.5
  CHECKPOINT_PERIOD: 120
  COSINE_MARGIN: 0.5
  COSINE_SCALE: 30
  EVAL_PERIOD: 120
  GAMMA: 0.1
  IMS_PER_BATCH: 64
  LARGE_FC_LR: False
  LOG_PERIOD: 50
  MARGIN: 0.3
  MAX_EPOCHS: 120
  MOMENTUM: 0.9
  OPTIMIZER_NAME: SGD
  SEED: 0
  STEPS: (40, 70)
  TRP_L2: False
  WARMUP_EPOCHS: 20
  WARMUP_FACTOR: 0.01
  WARMUP_METHOD: cosine
  WEIGHT_DECAY: 0.0001
  WEIGHT_DECAY_BIAS: 0.0001
TEST:
  DIST_MAT: dist_mat.npy
  EVAL: True
  FEAT_NORM: yes
  IMS_PER_BATCH: 64
  NECK_FEAT: before
  RE_RANKING: False
  WEIGHT: 
=> PRCC loaded (gallery=A 全量, query_diff=C 换衣[默认], query_same=B 同衣)
2026-06-10 13:42:21 transreid.check INFO: Dataset statistics:
2026-06-10 13:42:21 transreid.check INFO:   ----------------------------------------
2026-06-10 13:42:21 transreid.check INFO:   subset   | # ids | # images | # cameras
2026-06-10 13:42:21 transreid.check INFO:   ----------------------------------------
2026-06-10 13:42:21 transreid.check INFO:   train    |   149 |    17753 |         3
2026-06-10 13:42:21 transreid.check INFO:   query    |    71 |     3543 |         1
2026-06-10 13:42:21 transreid.check INFO:   gallery  |    71 |     3384 |         1
2026-06-10 13:42:21 transreid.check INFO:   ----------------------------------------
/home/afr/reid-clean/SOLIDER-REID/model/backbones/swin_transformer.py:1162: UserWarning: DeprecationWarning: pretrained is deprecated, please use "init_cfg" instead
  warnings.warn('DeprecationWarning: pretrained is deprecated, '
using img_triplet sampler
using Transformer_type: swin_tiny_patch4_window7_224 as a backbone
unloaded parameters: <All keys matched successfully>
===========building transformer===========
using soft triplet loss for training
2026-06-10 13:42:21 transreid INFO: ===========using cosine learning rate=======
2026-06-10 13:42:21 transreid.train INFO: start training
/home/afr/reid-clean/SOLIDER-REID/processor/processor.py:72: FutureWarning: `torch.cuda.amp.GradScaler(args...)` is deprecated. Please use `torch.amp.GradScaler('cuda', args...)` instead.
  scaler = amp.GradScaler()
/home/afr/reid-clean/SOLIDER-REID/processor/processor.py:103: FutureWarning: `torch.cuda.amp.autocast(args...)` is deprecated. Please use `torch.amp.autocast('cuda', args...)` instead.
  with amp.autocast(enabled=True):
2026-06-10 13:42:27 transreid.train INFO: Epoch[1] Iter[50/274] Loss: 16.769, Acc: 0.007, Base Lr: 4.76e-05
2026-06-10 13:42:32 transreid.train INFO: Epoch[1] Iter[100/274] Loss: 14.347, Acc: 0.010, Base Lr: 4.76e-05
2026-06-10 13:42:37 transreid.train INFO: Epoch[1] Iter[150/274] Loss: 13.025, Acc: 0.013, Base Lr: 4.76e-05
2026-06-10 13:42:43 transreid.train INFO: Epoch[1] Iter[200/274] Loss: 12.162, Acc: 0.016, Base Lr: 4.76e-05
2026-06-10 13:42:48 transreid.train INFO: Epoch[1] Iter[250/274] Loss: 11.517, Acc: 0.020, Base Lr: 4.76e-05
2026-06-10 13:42:50 transreid.train INFO: Epoch 1 done. Time per epoch: 28.324[s] Speed: 610.1[samples/s]
2026-06-10 13:42:55 transreid.train INFO: Epoch[2] Iter[50/274] Loss: 8.497, Acc: 0.103, Base Lr: 8.72e-05
2026-06-10 13:43:00 transreid.train INFO: Epoch[2] Iter[100/274] Loss: 7.924, Acc: 0.176, Base Lr: 8.72e-05
2026-06-10 13:43:05 transreid.train INFO: Epoch[2] Iter[150/274] Loss: 7.508, Acc: 0.244, Base Lr: 8.72e-05
2026-06-10 13:43:11 transreid.train INFO: Epoch[2] Iter[200/274] Loss: 7.276, Acc: 0.296, Base Lr: 8.72e-05
2026-06-10 13:43:16 transreid.train INFO: Epoch[2] Iter[250/274] Loss: 7.065, Acc: 0.352, Base Lr: 8.72e-05
2026-06-10 13:43:18 transreid.train INFO: Epoch 2 done. Time per epoch: 27.959[s] Speed: 615.8[samples/s]
2026-06-10 13:43:23 transreid.train INFO: Epoch[3] Iter[50/274] Loss: 6.166, Acc: 0.546, Base Lr: 1.27e-04
2026-06-10 13:43:28 transreid.train INFO: Epoch[3] Iter[100/274] Loss: 5.980, Acc: 0.584, Base Lr: 1.27e-04
2026-06-10 13:43:33 transreid.train INFO: Epoch[3] Iter[150/274] Loss: 5.845, Acc: 0.596, Base Lr: 1.27e-04
2026-06-10 13:43:39 transreid.train INFO: Epoch[3] Iter[200/274] Loss: 5.724, Acc: 0.619, Base Lr: 1.27e-04
2026-06-10 13:43:44 transreid.train INFO: Epoch[3] Iter[250/274] Loss: 5.610, Acc: 0.642, Base Lr: 1.27e-04
2026-06-10 13:43:46 transreid.train INFO: Epoch 3 done. Time per epoch: 27.955[s] Speed: 615.8[samples/s]
2026-06-10 13:43:51 transreid.train INFO: Epoch[4] Iter[50/274] Loss: 5.027, Acc: 0.675, Base Lr: 1.66e-04
2026-06-10 13:43:56 transreid.train INFO: Epoch[4] Iter[100/274] Loss: 5.016, Acc: 0.678, Base Lr: 1.66e-04
2026-06-10 13:44:01 transreid.train INFO: Epoch[4] Iter[150/274] Loss: 4.901, Acc: 0.693, Base Lr: 1.66e-04
2026-06-10 13:44:07 transreid.train INFO: Epoch[4] Iter[200/274] Loss: 4.801, Acc: 0.704, Base Lr: 1.66e-04
2026-06-10 13:44:12 transreid.train INFO: Epoch[4] Iter[250/274] Loss: 4.680, Acc: 0.728, Base Lr: 1.66e-04
2026-06-10 13:44:14 transreid.train INFO: Epoch 4 done. Time per epoch: 28.077[s] Speed: 615.4[samples/s]
2026-06-10 13:44:19 transreid.train INFO: Epoch[5] Iter[50/274] Loss: 4.097, Acc: 0.712, Base Lr: 2.06e-04
2026-06-10 13:44:24 transreid.train INFO: Epoch[5] Iter[100/274] Loss: 4.028, Acc: 0.743, Base Lr: 2.06e-04
2026-06-10 13:44:29 transreid.train INFO: Epoch[5] Iter[150/274] Loss: 3.931, Acc: 0.764, Base Lr: 2.06e-04
2026-06-10 13:44:35 transreid.train INFO: Epoch[5] Iter[200/274] Loss: 3.838, Acc: 0.784, Base Lr: 2.06e-04
2026-06-10 13:44:40 transreid.train INFO: Epoch[5] Iter[250/274] Loss: 3.701, Acc: 0.807, Base Lr: 2.06e-04
2026-06-10 13:44:42 transreid.train INFO: Epoch 5 done. Time per epoch: 28.044[s] Speed: 616.2[samples/s]
2026-06-10 13:44:47 transreid.train INFO: Epoch[6] Iter[50/274] Loss: 3.072, Acc: 0.802, Base Lr: 2.46e-04
2026-06-10 13:44:52 transreid.train INFO: Epoch[6] Iter[100/274] Loss: 3.017, Acc: 0.820, Base Lr: 2.46e-04
2026-06-10 13:44:57 transreid.train INFO: Epoch[6] Iter[150/274] Loss: 2.922, Acc: 0.839, Base Lr: 2.46e-04
2026-06-10 13:45:03 transreid.train INFO: Epoch[6] Iter[200/274] Loss: 2.841, Acc: 0.854, Base Lr: 2.46e-04
2026-06-10 13:45:08 transreid.train INFO: Epoch[6] Iter[250/274] Loss: 2.727, Acc: 0.870, Base Lr: 2.46e-04
2026-06-10 13:45:10 transreid.train INFO: Epoch 6 done. Time per epoch: 27.943[s] Speed: 616.1[samples/s]
2026-06-10 13:45:15 transreid.train INFO: Epoch[7] Iter[50/274] Loss: 2.218, Acc: 0.904, Base Lr: 2.85e-04
2026-06-10 13:45:20 transreid.train INFO: Epoch[7] Iter[100/274] Loss: 2.144, Acc: 0.906, Base Lr: 2.85e-04
2026-06-10 13:45:25 transreid.train INFO: Epoch[7] Iter[150/274] Loss: 2.061, Acc: 0.915, Base Lr: 2.85e-04
2026-06-10 13:45:31 transreid.train INFO: Epoch[7] Iter[200/274] Loss: 1.958, Acc: 0.925, Base Lr: 2.85e-04
2026-06-10 13:45:36 transreid.train INFO: Epoch[7] Iter[250/274] Loss: 1.853, Acc: 0.933, Base Lr: 2.85e-04
2026-06-10 13:45:38 transreid.train INFO: Epoch 7 done. Time per epoch: 27.975[s] Speed: 615.4[samples/s]
2026-06-10 13:45:43 transreid.train INFO: Epoch[8] Iter[50/274] Loss: 1.565, Acc: 0.936, Base Lr: 3.25e-04
2026-06-10 13:45:48 transreid.train INFO: Epoch[8] Iter[100/274] Loss: 1.476, Acc: 0.944, Base Lr: 3.25e-04
2026-06-10 13:45:53 transreid.train INFO: Epoch[8] Iter[150/274] Loss: 1.417, Acc: 0.952, Base Lr: 3.25e-04
2026-06-10 13:45:59 transreid.train INFO: Epoch[8] Iter[200/274] Loss: 1.348, Acc: 0.956, Base Lr: 3.25e-04
2026-06-10 13:46:04 transreid.train INFO: Epoch[8] Iter[250/274] Loss: 1.268, Acc: 0.962, Base Lr: 3.25e-04
2026-06-10 13:46:06 transreid.train INFO: Epoch 8 done. Time per epoch: 28.035[s] Speed: 616.4[samples/s]
2026-06-10 13:46:11 transreid.train INFO: Epoch[9] Iter[50/274] Loss: 1.076, Acc: 0.960, Base Lr: 3.64e-04
2026-06-10 13:46:16 transreid.train INFO: Epoch[9] Iter[100/274] Loss: 0.987, Acc: 0.967, Base Lr: 3.64e-04
2026-06-10 13:46:21 transreid.train INFO: Epoch[9] Iter[150/274] Loss: 0.961, Acc: 0.972, Base Lr: 3.64e-04
2026-06-10 13:46:27 transreid.train INFO: Epoch[9] Iter[200/274] Loss: 0.923, Acc: 0.976, Base Lr: 3.64e-04
2026-06-10 13:46:32 transreid.train INFO: Epoch[9] Iter[250/274] Loss: 0.877, Acc: 0.978, Base Lr: 3.64e-04
2026-06-10 13:46:34 transreid.train INFO: Epoch 9 done. Time per epoch: 28.051[s] Speed: 616.0[samples/s]
2026-06-10 13:46:39 transreid.train INFO: Epoch[10] Iter[50/274] Loss: 0.666, Acc: 0.979, Base Lr: 4.04e-04
2026-06-10 13:46:44 transreid.train INFO: Epoch[10] Iter[100/274] Loss: 0.655, Acc: 0.980, Base Lr: 4.04e-04
2026-06-10 13:46:49 transreid.train INFO: Epoch[10] Iter[150/274] Loss: 0.644, Acc: 0.983, Base Lr: 4.04e-04
2026-06-10 13:46:55 transreid.train INFO: Epoch[10] Iter[200/274] Loss: 0.633, Acc: 0.984, Base Lr: 4.04e-04
2026-06-10 13:47:00 transreid.train INFO: Epoch[10] Iter[250/274] Loss: 0.606, Acc: 0.985, Base Lr: 4.04e-04
2026-06-10 13:47:02 transreid.train INFO: Epoch 10 done. Time per epoch: 27.925[s] Speed: 616.5[samples/s]
2026-06-10 13:47:07 transreid.train INFO: Epoch[11] Iter[50/274] Loss: 0.572, Acc: 0.980, Base Lr: 4.44e-04
2026-06-10 13:47:12 transreid.train INFO: Epoch[11] Iter[100/274] Loss: 0.568, Acc: 0.983, Base Lr: 4.44e-04
2026-06-10 13:47:17 transreid.train INFO: Epoch[11] Iter[150/274] Loss: 0.562, Acc: 0.985, Base Lr: 4.44e-04
2026-06-10 13:47:23 transreid.train INFO: Epoch[11] Iter[200/274] Loss: 0.559, Acc: 0.986, Base Lr: 4.44e-04
2026-06-10 13:47:28 transreid.train INFO: Epoch[11] Iter[250/274] Loss: 0.545, Acc: 0.987, Base Lr: 4.44e-04
2026-06-10 13:47:30 transreid.train INFO: Epoch 11 done. Time per epoch: 27.971[s] Speed: 615.5[samples/s]
2026-06-10 13:47:35 transreid.train INFO: Epoch[12] Iter[50/274] Loss: 0.446, Acc: 0.985, Base Lr: 4.83e-04
2026-06-10 13:47:40 transreid.train INFO: Epoch[12] Iter[100/274] Loss: 0.419, Acc: 0.988, Base Lr: 4.83e-04
2026-06-10 13:47:45 transreid.train INFO: Epoch[12] Iter[150/274] Loss: 0.452, Acc: 0.987, Base Lr: 4.83e-04
2026-06-10 13:47:51 transreid.train INFO: Epoch[12] Iter[200/274] Loss: 0.445, Acc: 0.988, Base Lr: 4.83e-04
2026-06-10 13:47:56 transreid.train INFO: Epoch[12] Iter[250/274] Loss: 0.426, Acc: 0.989, Base Lr: 4.83e-04
2026-06-10 13:47:58 transreid.train INFO: Epoch 12 done. Time per epoch: 28.046[s] Speed: 616.1[samples/s]
2026-06-10 13:48:03 transreid.train INFO: Epoch[13] Iter[50/274] Loss: 0.350, Acc: 0.987, Base Lr: 5.23e-04
2026-06-10 13:48:08 transreid.train INFO: Epoch[13] Iter[100/274] Loss: 0.351, Acc: 0.988, Base Lr: 5.23e-04
2026-06-10 13:48:13 transreid.train INFO: Epoch[13] Iter[150/274] Loss: 0.334, Acc: 0.990, Base Lr: 5.23e-04
2026-06-10 13:48:19 transreid.train INFO: Epoch[13] Iter[200/274] Loss: 0.338, Acc: 0.990, Base Lr: 5.23e-04
2026-06-10 13:48:24 transreid.train INFO: Epoch[13] Iter[250/274] Loss: 0.331, Acc: 0.990, Base Lr: 5.23e-04
2026-06-10 13:48:26 transreid.train INFO: Epoch 13 done. Time per epoch: 28.004[s] Speed: 617.1[samples/s]
2026-06-10 13:48:31 transreid.train INFO: Epoch[14] Iter[50/274] Loss: 0.330, Acc: 0.990, Base Lr: 5.62e-04
2026-06-10 13:48:36 transreid.train INFO: Epoch[14] Iter[100/274] Loss: 0.376, Acc: 0.986, Base Lr: 5.62e-04
2026-06-10 13:48:41 transreid.train INFO: Epoch[14] Iter[150/274] Loss: 0.402, Acc: 0.987, Base Lr: 5.62e-04
2026-06-10 13:48:47 transreid.train INFO: Epoch[14] Iter[200/274] Loss: 0.411, Acc: 0.987, Base Lr: 5.62e-04
2026-06-10 13:48:52 transreid.train INFO: Epoch[14] Iter[250/274] Loss: 0.395, Acc: 0.988, Base Lr: 5.62e-04
2026-06-10 13:48:54 transreid.train INFO: Epoch 14 done. Time per epoch: 27.947[s] Speed: 616.0[samples/s]
2026-06-10 13:48:59 transreid.train INFO: Epoch[15] Iter[50/274] Loss: 0.377, Acc: 0.990, Base Lr: 6.02e-04
2026-06-10 13:49:04 transreid.train INFO: Epoch[15] Iter[100/274] Loss: 0.404, Acc: 0.988, Base Lr: 6.02e-04
2026-06-10 13:49:09 transreid.train INFO: Epoch[15] Iter[150/274] Loss: 0.381, Acc: 0.989, Base Lr: 6.02e-04
2026-06-10 13:49:15 transreid.train INFO: Epoch[15] Iter[200/274] Loss: 0.381, Acc: 0.989, Base Lr: 6.02e-04
2026-06-10 13:49:20 transreid.train INFO: Epoch[15] Iter[250/274] Loss: 0.380, Acc: 0.989, Base Lr: 6.02e-04
2026-06-10 13:49:22 transreid.train INFO: Epoch 15 done. Time per epoch: 27.911[s] Speed: 614.5[samples/s]
2026-06-10 13:49:27 transreid.train INFO: Epoch[16] Iter[50/274] Loss: 0.344, Acc: 0.991, Base Lr: 6.42e-04
2026-06-10 13:49:32 transreid.train INFO: Epoch[16] Iter[100/274] Loss: 0.336, Acc: 0.991, Base Lr: 6.42e-04
2026-06-10 13:49:37 transreid.train INFO: Epoch[16] Iter[150/274] Loss: 0.327, Acc: 0.991, Base Lr: 6.42e-04
2026-06-10 13:49:42 transreid.train INFO: Epoch[16] Iter[200/274] Loss: 0.298, Acc: 0.992, Base Lr: 6.42e-04
2026-06-10 13:49:48 transreid.train INFO: Epoch[16] Iter[250/274] Loss: 0.285, Acc: 0.992, Base Lr: 6.42e-04
2026-06-10 13:49:49 transreid.train INFO: Epoch 16 done. Time per epoch: 27.849[s] Speed: 615.9[samples/s]
2026-06-10 13:49:55 transreid.train INFO: Epoch[17] Iter[50/274] Loss: 0.218, Acc: 0.993, Base Lr: 6.81e-04
2026-06-10 13:50:00 transreid.train INFO: Epoch[17] Iter[100/274] Loss: 0.199, Acc: 0.994, Base Lr: 6.81e-04
2026-06-10 13:50:05 transreid.train INFO: Epoch[17] Iter[150/274] Loss: 0.200, Acc: 0.993, Base Lr: 6.81e-04
2026-06-10 13:50:10 transreid.train INFO: Epoch[17] Iter[200/274] Loss: 0.195, Acc: 0.993, Base Lr: 6.81e-04
2026-06-10 13:50:15 transreid.train INFO: Epoch[17] Iter[250/274] Loss: 0.192, Acc: 0.994, Base Lr: 6.81e-04
2026-06-10 13:50:17 transreid.train INFO: Epoch 17 done. Time per epoch: 27.982[s] Speed: 615.2[samples/s]
2026-06-10 13:50:23 transreid.train INFO: Epoch[18] Iter[50/274] Loss: 0.246, Acc: 0.992, Base Lr: 7.21e-04
2026-06-10 13:50:28 transreid.train INFO: Epoch[18] Iter[100/274] Loss: 0.232, Acc: 0.993, Base Lr: 7.21e-04
2026-06-10 13:50:33 transreid.train INFO: Epoch[18] Iter[150/274] Loss: 0.217, Acc: 0.993, Base Lr: 7.21e-04
2026-06-10 13:50:38 transreid.train INFO: Epoch[18] Iter[200/274] Loss: 0.211, Acc: 0.994, Base Lr: 7.21e-04
2026-06-10 13:50:43 transreid.train INFO: Epoch[18] Iter[250/274] Loss: 0.203, Acc: 0.994, Base Lr: 7.21e-04
2026-06-10 13:50:45 transreid.train INFO: Epoch 18 done. Time per epoch: 27.938[s] Speed: 616.2[samples/s]
2026-06-10 13:50:51 transreid.train INFO: Epoch[19] Iter[50/274] Loss: 0.214, Acc: 0.995, Base Lr: 7.60e-04
2026-06-10 13:50:56 transreid.train INFO: Epoch[19] Iter[100/274] Loss: 0.244, Acc: 0.993, Base Lr: 7.60e-04
2026-06-10 13:51:01 transreid.train INFO: Epoch[19] Iter[150/274] Loss: 0.220, Acc: 0.995, Base Lr: 7.60e-04
2026-06-10 13:51:06 transreid.train INFO: Epoch[19] Iter[200/274] Loss: 0.215, Acc: 0.994, Base Lr: 7.60e-04
2026-06-10 13:51:11 transreid.train INFO: Epoch[19] Iter[250/274] Loss: 0.207, Acc: 0.994, Base Lr: 7.60e-04
2026-06-10 13:51:13 transreid.train INFO: Epoch 19 done. Time per epoch: 27.831[s] Speed: 616.3[samples/s]
2026-06-10 13:51:19 transreid.train INFO: Epoch[20] Iter[50/274] Loss: 0.213, Acc: 0.991, Base Lr: 7.47e-04
2026-06-10 13:51:24 transreid.train INFO: Epoch[20] Iter[100/274] Loss: 0.234, Acc: 0.991, Base Lr: 7.47e-04
2026-06-10 13:51:29 transreid.train INFO: Epoch[20] Iter[150/274] Loss: 0.230, Acc: 0.992, Base Lr: 7.47e-04
2026-06-10 13:51:34 transreid.train INFO: Epoch[20] Iter[200/274] Loss: 0.230, Acc: 0.992, Base Lr: 7.47e-04
2026-06-10 13:51:39 transreid.train INFO: Epoch[20] Iter[250/274] Loss: 0.229, Acc: 0.992, Base Lr: 7.47e-04
2026-06-10 13:51:41 transreid.train INFO: Epoch 20 done. Time per epoch: 28.074[s] Speed: 615.5[samples/s]
2026-06-10 13:51:47 transreid.train INFO: Epoch[21] Iter[50/274] Loss: 0.292, Acc: 0.991, Base Lr: 7.41e-04
2026-06-10 13:51:52 transreid.train INFO: Epoch[21] Iter[100/274] Loss: 0.296, Acc: 0.990, Base Lr: 7.41e-04
2026-06-10 13:51:57 transreid.train INFO: Epoch[21] Iter[150/274] Loss: 0.256, Acc: 0.991, Base Lr: 7.41e-04
2026-06-10 13:52:02 transreid.train INFO: Epoch[21] Iter[200/274] Loss: 0.233, Acc: 0.992, Base Lr: 7.41e-04
2026-06-10 13:52:07 transreid.train INFO: Epoch[21] Iter[250/274] Loss: 0.217, Acc: 0.993, Base Lr: 7.41e-04
2026-06-10 13:52:09 transreid.train INFO: Epoch 21 done. Time per epoch: 28.053[s] Speed: 616.0[samples/s]
2026-06-10 13:52:15 transreid.train INFO: Epoch[22] Iter[50/274] Loss: 0.156, Acc: 0.993, Base Lr: 7.36e-04
2026-06-10 13:52:20 transreid.train INFO: Epoch[22] Iter[100/274] Loss: 0.150, Acc: 0.995, Base Lr: 7.36e-04
2026-06-10 13:52:25 transreid.train INFO: Epoch[22] Iter[150/274] Loss: 0.141, Acc: 0.995, Base Lr: 7.36e-04
2026-06-10 13:52:30 transreid.train INFO: Epoch[22] Iter[200/274] Loss: 0.128, Acc: 0.996, Base Lr: 7.36e-04
2026-06-10 13:52:35 transreid.train INFO: Epoch[22] Iter[250/274] Loss: 0.125, Acc: 0.996, Base Lr: 7.36e-04
2026-06-10 13:52:37 transreid.train INFO: Epoch 22 done. Time per epoch: 28.052[s] Speed: 616.0[samples/s]
2026-06-10 13:52:43 transreid.train INFO: Epoch[23] Iter[50/274] Loss: 0.134, Acc: 0.995, Base Lr: 7.30e-04
2026-06-10 13:52:48 transreid.train INFO: Epoch[23] Iter[100/274] Loss: 0.122, Acc: 0.996, Base Lr: 7.30e-04
2026-06-10 13:52:53 transreid.train INFO: Epoch[23] Iter[150/274] Loss: 0.114, Acc: 0.996, Base Lr: 7.30e-04
2026-06-10 13:52:58 transreid.train INFO: Epoch[23] Iter[200/274] Loss: 0.106, Acc: 0.997, Base Lr: 7.30e-04
2026-06-10 13:53:03 transreid.train INFO: Epoch[23] Iter[250/274] Loss: 0.096, Acc: 0.997, Base Lr: 7.30e-04
2026-06-10 13:53:05 transreid.train INFO: Epoch 23 done. Time per epoch: 28.079[s] Speed: 615.4[samples/s]
2026-06-10 13:53:11 transreid.train INFO: Epoch[24] Iter[50/274] Loss: 0.095, Acc: 0.996, Base Lr: 7.24e-04
2026-06-10 13:53:16 transreid.train INFO: Epoch[24] Iter[100/274] Loss: 0.086, Acc: 0.997, Base Lr: 7.24e-04
2026-06-10 13:53:21 transreid.train INFO: Epoch[24] Iter[150/274] Loss: 0.088, Acc: 0.997, Base Lr: 7.24e-04
2026-06-10 13:53:26 transreid.train INFO: Epoch[24] Iter[200/274] Loss: 0.087, Acc: 0.997, Base Lr: 7.24e-04
2026-06-10 13:53:31 transreid.train INFO: Epoch[24] Iter[250/274] Loss: 0.085, Acc: 0.997, Base Lr: 7.24e-04
2026-06-10 13:53:33 transreid.train INFO: Epoch 24 done. Time per epoch: 28.043[s] Speed: 616.2[samples/s]
2026-06-10 13:53:39 transreid.train INFO: Epoch[25] Iter[50/274] Loss: 0.098, Acc: 0.998, Base Lr: 7.18e-04
2026-06-10 13:53:44 transreid.train INFO: Epoch[25] Iter[100/274] Loss: 0.085, Acc: 0.998, Base Lr: 7.18e-04
2026-06-10 13:53:49 transreid.train INFO: Epoch[25] Iter[150/274] Loss: 0.083, Acc: 0.997, Base Lr: 7.18e-04
2026-06-10 13:53:54 transreid.train INFO: Epoch[25] Iter[200/274] Loss: 0.080, Acc: 0.997, Base Lr: 7.18e-04
2026-06-10 13:53:59 transreid.train INFO: Epoch[25] Iter[250/274] Loss: 0.078, Acc: 0.997, Base Lr: 7.18e-04
2026-06-10 13:54:01 transreid.train INFO: Epoch 25 done. Time per epoch: 27.952[s] Speed: 615.9[samples/s]
2026-06-10 13:54:07 transreid.train INFO: Epoch[26] Iter[50/274] Loss: 0.090, Acc: 0.997, Base Lr: 7.11e-04
2026-06-10 13:54:12 transreid.train INFO: Epoch[26] Iter[100/274] Loss: 0.091, Acc: 0.996, Base Lr: 7.11e-04
2026-06-10 13:54:17 transreid.train INFO: Epoch[26] Iter[150/274] Loss: 0.087, Acc: 0.996, Base Lr: 7.11e-04
2026-06-10 13:54:22 transreid.train INFO: Epoch[26] Iter[200/274] Loss: 0.078, Acc: 0.997, Base Lr: 7.11e-04
2026-06-10 13:54:27 transreid.train INFO: Epoch[26] Iter[250/274] Loss: 0.073, Acc: 0.997, Base Lr: 7.11e-04
2026-06-10 13:54:30 transreid.train INFO: Epoch 26 done. Time per epoch: 28.159[s] Speed: 615.9[samples/s]
2026-06-10 13:54:35 transreid.train INFO: Epoch[27] Iter[50/274] Loss: 0.076, Acc: 0.998, Base Lr: 7.04e-04
2026-06-10 13:54:40 transreid.train INFO: Epoch[27] Iter[100/274] Loss: 0.073, Acc: 0.998, Base Lr: 7.04e-04
2026-06-10 13:54:45 transreid.train INFO: Epoch[27] Iter[150/274] Loss: 0.069, Acc: 0.998, Base Lr: 7.04e-04
2026-06-10 13:54:50 transreid.train INFO: Epoch[27] Iter[200/274] Loss: 0.067, Acc: 0.998, Base Lr: 7.04e-04
2026-06-10 13:54:56 transreid.train INFO: Epoch[27] Iter[250/274] Loss: 0.064, Acc: 0.998, Base Lr: 7.04e-04
2026-06-10 13:54:57 transreid.train INFO: Epoch 27 done. Time per epoch: 27.849[s] Speed: 615.9[samples/s]
2026-06-10 13:55:03 transreid.train INFO: Epoch[28] Iter[50/274] Loss: 0.046, Acc: 0.999, Base Lr: 6.97e-04
2026-06-10 13:55:08 transreid.train INFO: Epoch[28] Iter[100/274] Loss: 0.046, Acc: 0.999, Base Lr: 6.97e-04
2026-06-10 13:55:13 transreid.train INFO: Epoch[28] Iter[150/274] Loss: 0.043, Acc: 0.999, Base Lr: 6.97e-04
2026-06-10 13:55:18 transreid.train INFO: Epoch[28] Iter[200/274] Loss: 0.042, Acc: 0.999, Base Lr: 6.97e-04
2026-06-10 13:55:23 transreid.train INFO: Epoch[28] Iter[250/274] Loss: 0.042, Acc: 0.999, Base Lr: 6.97e-04
2026-06-10 13:55:25 transreid.train INFO: Epoch 28 done. Time per epoch: 27.928[s] Speed: 616.4[samples/s]
2026-06-10 13:55:31 transreid.train INFO: Epoch[29] Iter[50/274] Loss: 0.045, Acc: 0.998, Base Lr: 6.90e-04
2026-06-10 13:55:36 transreid.train INFO: Epoch[29] Iter[100/274] Loss: 0.041, Acc: 0.998, Base Lr: 6.90e-04
2026-06-10 13:55:41 transreid.train INFO: Epoch[29] Iter[150/274] Loss: 0.045, Acc: 0.998, Base Lr: 6.90e-04
2026-06-10 13:55:46 transreid.train INFO: Epoch[29] Iter[200/274] Loss: 0.046, Acc: 0.998, Base Lr: 6.90e-04
2026-06-10 13:55:51 transreid.train INFO: Epoch[29] Iter[250/274] Loss: 0.047, Acc: 0.998, Base Lr: 6.90e-04
2026-06-10 13:55:53 transreid.train INFO: Epoch 29 done. Time per epoch: 27.961[s] Speed: 615.7[samples/s]
2026-06-10 13:55:59 transreid.train INFO: Epoch[30] Iter[50/274] Loss: 0.031, Acc: 0.999, Base Lr: 6.83e-04
2026-06-10 13:56:04 transreid.train INFO: Epoch[30] Iter[100/274] Loss: 0.047, Acc: 0.999, Base Lr: 6.83e-04
2026-06-10 13:56:09 transreid.train INFO: Epoch[30] Iter[150/274] Loss: 0.047, Acc: 0.998, Base Lr: 6.83e-04
2026-06-10 13:56:14 transreid.train INFO: Epoch[30] Iter[200/274] Loss: 0.045, Acc: 0.999, Base Lr: 6.83e-04
2026-06-10 13:56:19 transreid.train INFO: Epoch[30] Iter[250/274] Loss: 0.042, Acc: 0.999, Base Lr: 6.83e-04
2026-06-10 13:56:21 transreid.train INFO: Epoch 30 done. Time per epoch: 27.880[s] Speed: 615.2[samples/s]
2026-06-10 13:56:27 transreid.train INFO: Epoch[31] Iter[50/274] Loss: 0.026, Acc: 1.000, Base Lr: 6.76e-04
2026-06-10 13:56:32 transreid.train INFO: Epoch[31] Iter[100/274] Loss: 0.027, Acc: 1.000, Base Lr: 6.76e-04
2026-06-10 13:56:37 transreid.train INFO: Epoch[31] Iter[150/274] Loss: 0.031, Acc: 0.999, Base Lr: 6.76e-04
2026-06-10 13:56:42 transreid.train INFO: Epoch[31] Iter[200/274] Loss: 0.040, Acc: 0.999, Base Lr: 6.76e-04
2026-06-10 13:56:47 transreid.train INFO: Epoch[31] Iter[250/274] Loss: 0.049, Acc: 0.998, Base Lr: 6.76e-04
2026-06-10 13:56:49 transreid.train INFO: Epoch 31 done. Time per epoch: 28.122[s] Speed: 616.7[samples/s]
2026-06-10 13:56:55 transreid.train INFO: Epoch[32] Iter[50/274] Loss: 0.055, Acc: 0.999, Base Lr: 6.68e-04
2026-06-10 13:57:00 transreid.train INFO: Epoch[32] Iter[100/274] Loss: 0.051, Acc: 0.999, Base Lr: 6.68e-04
2026-06-10 13:57:05 transreid.train INFO: Epoch[32] Iter[150/274] Loss: 0.051, Acc: 0.998, Base Lr: 6.68e-04
2026-06-10 13:57:10 transreid.train INFO: Epoch[32] Iter[200/274] Loss: 0.050, Acc: 0.998, Base Lr: 6.68e-04
2026-06-10 13:57:15 transreid.train INFO: Epoch[32] Iter[250/274] Loss: 0.046, Acc: 0.998, Base Lr: 6.68e-04
2026-06-10 13:57:17 transreid.train INFO: Epoch 32 done. Time per epoch: 27.918[s] Speed: 616.7[samples/s]
2026-06-10 13:57:23 transreid.train INFO: Epoch[33] Iter[50/274] Loss: 0.045, Acc: 0.998, Base Lr: 6.60e-04
2026-06-10 13:57:28 transreid.train INFO: Epoch[33] Iter[100/274] Loss: 0.040, Acc: 0.998, Base Lr: 6.60e-04
2026-06-10 13:57:33 transreid.train INFO: Epoch[33] Iter[150/274] Loss: 0.037, Acc: 0.998, Base Lr: 6.60e-04
2026-06-10 13:57:38 transreid.train INFO: Epoch[33] Iter[200/274] Loss: 0.038, Acc: 0.999, Base Lr: 6.60e-04
2026-06-10 13:57:43 transreid.train INFO: Epoch[33] Iter[250/274] Loss: 0.035, Acc: 0.999, Base Lr: 6.60e-04
2026-06-10 13:57:45 transreid.train INFO: Epoch 33 done. Time per epoch: 27.836[s] Speed: 616.2[samples/s]
2026-06-10 13:57:50 transreid.train INFO: Epoch[34] Iter[50/274] Loss: 0.031, Acc: 0.999, Base Lr: 6.52e-04
2026-06-10 13:57:56 transreid.train INFO: Epoch[34] Iter[100/274] Loss: 0.028, Acc: 0.999, Base Lr: 6.52e-04
2026-06-10 13:58:01 transreid.train INFO: Epoch[34] Iter[150/274] Loss: 0.035, Acc: 0.999, Base Lr: 6.52e-04
2026-06-10 13:58:06 transreid.train INFO: Epoch[34] Iter[200/274] Loss: 0.034, Acc: 0.999, Base Lr: 6.52e-04
2026-06-10 13:58:11 transreid.train INFO: Epoch[34] Iter[250/274] Loss: 0.034, Acc: 0.999, Base Lr: 6.52e-04
2026-06-10 13:58:13 transreid.train INFO: Epoch 34 done. Time per epoch: 28.065[s] Speed: 615.7[samples/s]
2026-06-10 13:58:19 transreid.train INFO: Epoch[35] Iter[50/274] Loss: 0.033, Acc: 0.999, Base Lr: 6.44e-04
2026-06-10 13:58:24 transreid.train INFO: Epoch[35] Iter[100/274] Loss: 0.031, Acc: 0.999, Base Lr: 6.44e-04
2026-06-10 13:58:29 transreid.train INFO: Epoch[35] Iter[150/274] Loss: 0.032, Acc: 0.999, Base Lr: 6.44e-04
2026-06-10 13:58:34 transreid.train INFO: Epoch[35] Iter[200/274] Loss: 0.031, Acc: 0.999, Base Lr: 6.44e-04
2026-06-10 13:58:39 transreid.train INFO: Epoch[35] Iter[250/274] Loss: 0.029, Acc: 0.999, Base Lr: 6.44e-04
2026-06-10 13:58:41 transreid.train INFO: Epoch 35 done. Time per epoch: 27.824[s] Speed: 616.5[samples/s]
2026-06-10 13:58:46 transreid.train INFO: Epoch[36] Iter[50/274] Loss: 0.021, Acc: 0.999, Base Lr: 6.35e-04
2026-06-10 13:58:52 transreid.train INFO: Epoch[36] Iter[100/274] Loss: 0.022, Acc: 1.000, Base Lr: 6.35e-04
2026-06-10 13:58:57 transreid.train INFO: Epoch[36] Iter[150/274] Loss: 0.023, Acc: 1.000, Base Lr: 6.35e-04
2026-06-10 13:59:02 transreid.train INFO: Epoch[36] Iter[200/274] Loss: 0.025, Acc: 0.999, Base Lr: 6.35e-04
2026-06-10 13:59:07 transreid.train INFO: Epoch[36] Iter[250/274] Loss: 0.026, Acc: 0.999, Base Lr: 6.35e-04
2026-06-10 13:59:09 transreid.train INFO: Epoch 36 done. Time per epoch: 28.143[s] Speed: 616.3[samples/s]
2026-06-10 13:59:15 transreid.train INFO: Epoch[37] Iter[50/274] Loss: 0.029, Acc: 0.999, Base Lr: 6.27e-04
2026-06-10 13:59:20 transreid.train INFO: Epoch[37] Iter[100/274] Loss: 0.030, Acc: 0.999, Base Lr: 6.27e-04
2026-06-10 13:59:25 transreid.train INFO: Epoch[37] Iter[150/274] Loss: 0.030, Acc: 0.999, Base Lr: 6.27e-04
2026-06-10 13:59:30 transreid.train INFO: Epoch[37] Iter[200/274] Loss: 0.027, Acc: 0.999, Base Lr: 6.27e-04
2026-06-10 13:59:35 transreid.train INFO: Epoch[37] Iter[250/274] Loss: 0.025, Acc: 0.999, Base Lr: 6.27e-04
2026-06-10 13:59:37 transreid.train INFO: Epoch 37 done. Time per epoch: 28.058[s] Speed: 615.9[samples/s]
2026-06-10 13:59:43 transreid.train INFO: Epoch[38] Iter[50/274] Loss: 0.018, Acc: 0.999, Base Lr: 6.18e-04
2026-06-10 13:59:48 transreid.train INFO: Epoch[38] Iter[100/274] Loss: 0.018, Acc: 1.000, Base Lr: 6.18e-04
2026-06-10 13:59:53 transreid.train INFO: Epoch[38] Iter[150/274] Loss: 0.018, Acc: 1.000, Base Lr: 6.18e-04
2026-06-10 13:59:58 transreid.train INFO: Epoch[38] Iter[200/274] Loss: 0.020, Acc: 0.999, Base Lr: 6.18e-04
2026-06-10 14:00:03 transreid.train INFO: Epoch[38] Iter[250/274] Loss: 0.019, Acc: 1.000, Base Lr: 6.18e-04
2026-06-10 14:00:05 transreid.train INFO: Epoch 38 done. Time per epoch: 28.039[s] Speed: 616.3[samples/s]
2026-06-10 14:00:11 transreid.train INFO: Epoch[39] Iter[50/274] Loss: 0.019, Acc: 0.999, Base Lr: 6.09e-04
2026-06-10 14:00:16 transreid.train INFO: Epoch[39] Iter[100/274] Loss: 0.019, Acc: 0.999, Base Lr: 6.09e-04
2026-06-10 14:00:21 transreid.train INFO: Epoch[39] Iter[150/274] Loss: 0.019, Acc: 0.999, Base Lr: 6.09e-04
2026-06-10 14:00:26 transreid.train INFO: Epoch[39] Iter[200/274] Loss: 0.019, Acc: 0.999, Base Lr: 6.09e-04
2026-06-10 14:00:31 transreid.train INFO: Epoch[39] Iter[250/274] Loss: 0.020, Acc: 1.000, Base Lr: 6.09e-04
2026-06-10 14:00:33 transreid.train INFO: Epoch 39 done. Time per epoch: 28.142[s] Speed: 616.3[samples/s]
2026-06-10 14:00:39 transreid.train INFO: Epoch[40] Iter[50/274] Loss: 0.017, Acc: 1.000, Base Lr: 6.00e-04
2026-06-10 14:00:44 transreid.train INFO: Epoch[40] Iter[100/274] Loss: 0.023, Acc: 0.999, Base Lr: 6.00e-04
2026-06-10 14:00:49 transreid.train INFO: Epoch[40] Iter[150/274] Loss: 0.023, Acc: 0.999, Base Lr: 6.00e-04
2026-06-10 14:00:54 transreid.train INFO: Epoch[40] Iter[200/274] Loss: 0.021, Acc: 0.999, Base Lr: 6.00e-04
2026-06-10 14:00:59 transreid.train INFO: Epoch[40] Iter[250/274] Loss: 0.021, Acc: 0.999, Base Lr: 6.00e-04
2026-06-10 14:01:01 transreid.train INFO: Epoch 40 done. Time per epoch: 28.071[s] Speed: 615.6[samples/s]
2026-06-10 14:01:07 transreid.train INFO: Epoch[41] Iter[50/274] Loss: 0.025, Acc: 0.999, Base Lr: 5.91e-04
2026-06-10 14:01:12 transreid.train INFO: Epoch[41] Iter[100/274] Loss: 0.025, Acc: 0.999, Base Lr: 5.91e-04
2026-06-10 14:01:17 transreid.train INFO: Epoch[41] Iter[150/274] Loss: 0.024, Acc: 0.999, Base Lr: 5.91e-04
2026-06-10 14:01:22 transreid.train INFO: Epoch[41] Iter[200/274] Loss: 0.022, Acc: 0.999, Base Lr: 5.91e-04
2026-06-10 14:01:27 transreid.train INFO: Epoch[41] Iter[250/274] Loss: 0.021, Acc: 0.999, Base Lr: 5.91e-04
2026-06-10 14:01:29 transreid.train INFO: Epoch 41 done. Time per epoch: 27.917[s] Speed: 616.7[samples/s]
2026-06-10 14:01:35 transreid.train INFO: Epoch[42] Iter[50/274] Loss: 0.017, Acc: 0.999, Base Lr: 5.82e-04
2026-06-10 14:01:40 transreid.train INFO: Epoch[42] Iter[100/274] Loss: 0.021, Acc: 0.999, Base Lr: 5.82e-04
2026-06-10 14:01:45 transreid.train INFO: Epoch[42] Iter[150/274] Loss: 0.019, Acc: 0.999, Base Lr: 5.82e-04
2026-06-10 14:01:50 transreid.train INFO: Epoch[42] Iter[200/274] Loss: 0.019, Acc: 0.999, Base Lr: 5.82e-04
2026-06-10 14:01:55 transreid.train INFO: Epoch[42] Iter[250/274] Loss: 0.019, Acc: 0.999, Base Lr: 5.82e-04
2026-06-10 14:01:57 transreid.train INFO: Epoch 42 done. Time per epoch: 27.942[s] Speed: 616.1[samples/s]
2026-06-10 14:02:03 transreid.train INFO: Epoch[43] Iter[50/274] Loss: 0.027, Acc: 0.999, Base Lr: 5.73e-04
2026-06-10 14:02:08 transreid.train INFO: Epoch[43] Iter[100/274] Loss: 0.023, Acc: 0.999, Base Lr: 5.73e-04
2026-06-10 14:02:13 transreid.train INFO: Epoch[43] Iter[150/274] Loss: 0.021, Acc: 0.999, Base Lr: 5.73e-04
2026-06-10 14:02:18 transreid.train INFO: Epoch[43] Iter[200/274] Loss: 0.022, Acc: 0.999, Base Lr: 5.73e-04
2026-06-10 14:02:23 transreid.train INFO: Epoch[43] Iter[250/274] Loss: 0.020, Acc: 0.999, Base Lr: 5.73e-04
2026-06-10 14:02:25 transreid.train INFO: Epoch 43 done. Time per epoch: 28.085[s] Speed: 615.3[samples/s]
2026-06-10 14:02:31 transreid.train INFO: Epoch[44] Iter[50/274] Loss: 0.021, Acc: 0.999, Base Lr: 5.63e-04
2026-06-10 14:02:36 transreid.train INFO: Epoch[44] Iter[100/274] Loss: 0.019, Acc: 0.999, Base Lr: 5.63e-04
2026-06-10 14:02:41 transreid.train INFO: Epoch[44] Iter[150/274] Loss: 0.019, Acc: 0.999, Base Lr: 5.63e-04
2026-06-10 14:02:46 transreid.train INFO: Epoch[44] Iter[200/274] Loss: 0.018, Acc: 0.999, Base Lr: 5.63e-04
2026-06-10 14:02:51 transreid.train INFO: Epoch[44] Iter[250/274] Loss: 0.017, Acc: 0.999, Base Lr: 5.63e-04
2026-06-10 14:02:53 transreid.train INFO: Epoch 44 done. Time per epoch: 28.035[s] Speed: 616.4[samples/s]
2026-06-10 14:02:59 transreid.train INFO: Epoch[45] Iter[50/274] Loss: 0.015, Acc: 0.999, Base Lr: 5.54e-04
2026-06-10 14:03:04 transreid.train INFO: Epoch[45] Iter[100/274] Loss: 0.016, Acc: 1.000, Base Lr: 5.54e-04
2026-06-10 14:03:09 transreid.train INFO: Epoch[45] Iter[150/274] Loss: 0.017, Acc: 0.999, Base Lr: 5.54e-04
2026-06-10 14:03:14 transreid.train INFO: Epoch[45] Iter[200/274] Loss: 0.017, Acc: 0.999, Base Lr: 5.54e-04
2026-06-10 14:03:19 transreid.train INFO: Epoch[45] Iter[250/274] Loss: 0.018, Acc: 0.999, Base Lr: 5.54e-04
2026-06-10 14:03:21 transreid.train INFO: Epoch 45 done. Time per epoch: 27.943[s] Speed: 616.1[samples/s]
2026-06-10 14:03:27 transreid.train INFO: Epoch[46] Iter[50/274] Loss: 0.015, Acc: 1.000, Base Lr: 5.44e-04
2026-06-10 14:03:32 transreid.train INFO: Epoch[46] Iter[100/274] Loss: 0.015, Acc: 1.000, Base Lr: 5.44e-04
2026-06-10 14:03:37 transreid.train INFO: Epoch[46] Iter[150/274] Loss: 0.016, Acc: 1.000, Base Lr: 5.44e-04
2026-06-10 14:03:42 transreid.train INFO: Epoch[46] Iter[200/274] Loss: 0.017, Acc: 0.999, Base Lr: 5.44e-04
2026-06-10 14:03:47 transreid.train INFO: Epoch[46] Iter[250/274] Loss: 0.017, Acc: 0.999, Base Lr: 5.44e-04
2026-06-10 14:03:49 transreid.train INFO: Epoch 46 done. Time per epoch: 27.971[s] Speed: 615.5[samples/s]
2026-06-10 14:03:55 transreid.train INFO: Epoch[47] Iter[50/274] Loss: 0.015, Acc: 1.000, Base Lr: 5.34e-04
2026-06-10 14:04:00 transreid.train INFO: Epoch[47] Iter[100/274] Loss: 0.019, Acc: 0.999, Base Lr: 5.34e-04
2026-06-10 14:04:05 transreid.train INFO: Epoch[47] Iter[150/274] Loss: 0.021, Acc: 0.999, Base Lr: 5.34e-04
2026-06-10 14:04:10 transreid.train INFO: Epoch[47] Iter[200/274] Loss: 0.020, Acc: 0.999, Base Lr: 5.34e-04
2026-06-10 14:04:15 transreid.train INFO: Epoch[47] Iter[250/274] Loss: 0.019, Acc: 0.999, Base Lr: 5.34e-04
2026-06-10 14:04:17 transreid.train INFO: Epoch 47 done. Time per epoch: 27.826[s] Speed: 616.4[samples/s]
2026-06-10 14:04:23 transreid.train INFO: Epoch[48] Iter[50/274] Loss: 0.021, Acc: 0.999, Base Lr: 5.24e-04
2026-06-10 14:04:28 transreid.train INFO: Epoch[48] Iter[100/274] Loss: 0.021, Acc: 0.999, Base Lr: 5.24e-04
2026-06-10 14:04:33 transreid.train INFO: Epoch[48] Iter[150/274] Loss: 0.019, Acc: 0.999, Base Lr: 5.24e-04
2026-06-10 14:04:38 transreid.train INFO: Epoch[48] Iter[200/274] Loss: 0.017, Acc: 0.999, Base Lr: 5.24e-04
2026-06-10 14:04:43 transreid.train INFO: Epoch[48] Iter[250/274] Loss: 0.018, Acc: 0.999, Base Lr: 5.24e-04
2026-06-10 14:04:45 transreid.train INFO: Epoch 48 done. Time per epoch: 28.163[s] Speed: 615.8[samples/s]
2026-06-10 14:04:51 transreid.train INFO: Epoch[49] Iter[50/274] Loss: 0.016, Acc: 0.999, Base Lr: 5.14e-04
2026-06-10 14:04:56 transreid.train INFO: Epoch[49] Iter[100/274] Loss: 0.014, Acc: 1.000, Base Lr: 5.14e-04
2026-06-10 14:05:01 transreid.train INFO: Epoch[49] Iter[150/274] Loss: 0.014, Acc: 1.000, Base Lr: 5.14e-04
2026-06-10 14:05:06 transreid.train INFO: Epoch[49] Iter[200/274] Loss: 0.015, Acc: 1.000, Base Lr: 5.14e-04
2026-06-10 14:05:11 transreid.train INFO: Epoch[49] Iter[250/274] Loss: 0.015, Acc: 1.000, Base Lr: 5.14e-04
2026-06-10 14:05:13 transreid.train INFO: Epoch 49 done. Time per epoch: 28.061[s] Speed: 615.8[samples/s]
2026-06-10 14:05:19 transreid.train INFO: Epoch[50] Iter[50/274] Loss: 0.017, Acc: 0.999, Base Lr: 5.04e-04
2026-06-10 14:05:24 transreid.train INFO: Epoch[50] Iter[100/274] Loss: 0.016, Acc: 1.000, Base Lr: 5.04e-04
2026-06-10 14:05:29 transreid.train INFO: Epoch[50] Iter[150/274] Loss: 0.014, Acc: 1.000, Base Lr: 5.04e-04
2026-06-10 14:05:34 transreid.train INFO: Epoch[50] Iter[200/274] Loss: 0.014, Acc: 1.000, Base Lr: 5.04e-04
2026-06-10 14:05:39 transreid.train INFO: Epoch[50] Iter[250/274] Loss: 0.013, Acc: 1.000, Base Lr: 5.04e-04
2026-06-10 14:05:41 transreid.train INFO: Epoch 50 done. Time per epoch: 28.036[s] Speed: 616.3[samples/s]
2026-06-10 14:05:47 transreid.train INFO: Epoch[51] Iter[50/274] Loss: 0.014, Acc: 1.000, Base Lr: 4.94e-04
2026-06-10 14:05:52 transreid.train INFO: Epoch[51] Iter[100/274] Loss: 0.015, Acc: 1.000, Base Lr: 4.94e-04
2026-06-10 14:05:57 transreid.train INFO: Epoch[51] Iter[150/274] Loss: 0.014, Acc: 0.999, Base Lr: 4.94e-04
2026-06-10 14:06:02 transreid.train INFO: Epoch[51] Iter[200/274] Loss: 0.015, Acc: 0.999, Base Lr: 4.94e-04
2026-06-10 14:06:07 transreid.train INFO: Epoch[51] Iter[250/274] Loss: 0.014, Acc: 0.999, Base Lr: 4.94e-04
2026-06-10 14:06:09 transreid.train INFO: Epoch 51 done. Time per epoch: 27.955[s] Speed: 615.8[samples/s]
2026-06-10 14:06:15 transreid.train INFO: Epoch[52] Iter[50/274] Loss: 0.030, Acc: 0.998, Base Lr: 4.84e-04
2026-06-10 14:06:20 transreid.train INFO: Epoch[52] Iter[100/274] Loss: 0.022, Acc: 0.998, Base Lr: 4.84e-04
2026-06-10 14:06:25 transreid.train INFO: Epoch[52] Iter[150/274] Loss: 0.021, Acc: 0.999, Base Lr: 4.84e-04
2026-06-10 14:06:30 transreid.train INFO: Epoch[52] Iter[200/274] Loss: 0.019, Acc: 0.999, Base Lr: 4.84e-04
2026-06-10 14:06:35 transreid.train INFO: Epoch[52] Iter[250/274] Loss: 0.018, Acc: 0.999, Base Lr: 4.84e-04
2026-06-10 14:06:37 transreid.train INFO: Epoch 52 done. Time per epoch: 27.938[s] Speed: 616.2[samples/s]
2026-06-10 14:06:43 transreid.train INFO: Epoch[53] Iter[50/274] Loss: 0.017, Acc: 1.000, Base Lr: 4.74e-04
2026-06-10 14:06:48 transreid.train INFO: Epoch[53] Iter[100/274] Loss: 0.014, Acc: 1.000, Base Lr: 4.74e-04
2026-06-10 14:06:53 transreid.train INFO: Epoch[53] Iter[150/274] Loss: 0.016, Acc: 1.000, Base Lr: 4.74e-04
2026-06-10 14:06:58 transreid.train INFO: Epoch[53] Iter[200/274] Loss: 0.016, Acc: 1.000, Base Lr: 4.74e-04
2026-06-10 14:07:03 transreid.train INFO: Epoch[53] Iter[250/274] Loss: 0.015, Acc: 1.000, Base Lr: 4.74e-04
2026-06-10 14:07:05 transreid.train INFO: Epoch 53 done. Time per epoch: 28.072[s] Speed: 615.6[samples/s]
2026-06-10 14:07:11 transreid.train INFO: Epoch[54] Iter[50/274] Loss: 0.012, Acc: 1.000, Base Lr: 4.63e-04
2026-06-10 14:07:16 transreid.train INFO: Epoch[54] Iter[100/274] Loss: 0.011, Acc: 1.000, Base Lr: 4.63e-04
2026-06-10 14:07:21 transreid.train INFO: Epoch[54] Iter[150/274] Loss: 0.011, Acc: 1.000, Base Lr: 4.63e-04
2026-06-10 14:07:26 transreid.train INFO: Epoch[54] Iter[200/274] Loss: 0.011, Acc: 1.000, Base Lr: 4.63e-04
2026-06-10 14:07:31 transreid.train INFO: Epoch[54] Iter[250/274] Loss: 0.011, Acc: 1.000, Base Lr: 4.63e-04
2026-06-10 14:07:33 transreid.train INFO: Epoch 54 done. Time per epoch: 28.050[s] Speed: 616.0[samples/s]
2026-06-10 14:07:39 transreid.train INFO: Epoch[55] Iter[50/274] Loss: 0.012, Acc: 1.000, Base Lr: 4.53e-04
2026-06-10 14:07:44 transreid.train INFO: Epoch[55] Iter[100/274] Loss: 0.013, Acc: 1.000, Base Lr: 4.53e-04
2026-06-10 14:07:49 transreid.train INFO: Epoch[55] Iter[150/274] Loss: 0.013, Acc: 1.000, Base Lr: 4.53e-04
2026-06-10 14:07:54 transreid.train INFO: Epoch[55] Iter[200/274] Loss: 0.013, Acc: 1.000, Base Lr: 4.53e-04
2026-06-10 14:07:59 transreid.train INFO: Epoch[55] Iter[250/274] Loss: 0.013, Acc: 1.000, Base Lr: 4.53e-04
2026-06-10 14:08:02 transreid.train INFO: Epoch 55 done. Time per epoch: 28.058[s] Speed: 615.9[samples/s]
2026-06-10 14:08:07 transreid.train INFO: Epoch[56] Iter[50/274] Loss: 0.010, Acc: 1.000, Base Lr: 4.43e-04
2026-06-10 14:08:12 transreid.train INFO: Epoch[56] Iter[100/274] Loss: 0.011, Acc: 1.000, Base Lr: 4.43e-04
2026-06-10 14:08:17 transreid.train INFO: Epoch[56] Iter[150/274] Loss: 0.010, Acc: 1.000, Base Lr: 4.43e-04
2026-06-10 14:08:22 transreid.train INFO: Epoch[56] Iter[200/274] Loss: 0.010, Acc: 1.000, Base Lr: 4.43e-04
2026-06-10 14:08:27 transreid.train INFO: Epoch[56] Iter[250/274] Loss: 0.010, Acc: 1.000, Base Lr: 4.43e-04
2026-06-10 14:08:29 transreid.train INFO: Epoch 56 done. Time per epoch: 27.941[s] Speed: 616.1[samples/s]
2026-06-10 14:08:35 transreid.train INFO: Epoch[57] Iter[50/274] Loss: 0.011, Acc: 1.000, Base Lr: 4.32e-04
2026-06-10 14:08:40 transreid.train INFO: Epoch[57] Iter[100/274] Loss: 0.010, Acc: 1.000, Base Lr: 4.32e-04
2026-06-10 14:08:45 transreid.train INFO: Epoch[57] Iter[150/274] Loss: 0.010, Acc: 1.000, Base Lr: 4.32e-04
2026-06-10 14:08:50 transreid.train INFO: Epoch[57] Iter[200/274] Loss: 0.010, Acc: 1.000, Base Lr: 4.32e-04
2026-06-10 14:08:55 transreid.train INFO: Epoch[57] Iter[250/274] Loss: 0.010, Acc: 1.000, Base Lr: 4.32e-04
2026-06-10 14:08:57 transreid.train INFO: Epoch 57 done. Time per epoch: 27.970[s] Speed: 615.5[samples/s]
2026-06-10 14:09:03 transreid.train INFO: Epoch[58] Iter[50/274] Loss: 0.009, Acc: 1.000, Base Lr: 4.22e-04
2026-06-10 14:09:08 transreid.train INFO: Epoch[58] Iter[100/274] Loss: 0.013, Acc: 0.999, Base Lr: 4.22e-04
2026-06-10 14:09:13 transreid.train INFO: Epoch[58] Iter[150/274] Loss: 0.012, Acc: 0.999, Base Lr: 4.22e-04
2026-06-10 14:09:18 transreid.train INFO: Epoch[58] Iter[200/274] Loss: 0.013, Acc: 0.999, Base Lr: 4.22e-04
2026-06-10 14:09:23 transreid.train INFO: Epoch[58] Iter[250/274] Loss: 0.013, Acc: 0.999, Base Lr: 4.22e-04
2026-06-10 14:09:26 transreid.train INFO: Epoch 58 done. Time per epoch: 28.259[s] Speed: 616.0[samples/s]
2026-06-10 14:09:31 transreid.train INFO: Epoch[59] Iter[50/274] Loss: 0.017, Acc: 1.000, Base Lr: 4.11e-04
2026-06-10 14:09:36 transreid.train INFO: Epoch[59] Iter[100/274] Loss: 0.015, Acc: 0.999, Base Lr: 4.11e-04
2026-06-10 14:09:41 transreid.train INFO: Epoch[59] Iter[150/274] Loss: 0.015, Acc: 0.999, Base Lr: 4.11e-04
2026-06-10 14:09:46 transreid.train INFO: Epoch[59] Iter[200/274] Loss: 0.014, Acc: 0.999, Base Lr: 4.11e-04
2026-06-10 14:09:52 transreid.train INFO: Epoch[59] Iter[250/274] Loss: 0.014, Acc: 0.999, Base Lr: 4.11e-04
2026-06-10 14:09:54 transreid.train INFO: Epoch 59 done. Time per epoch: 28.028[s] Speed: 616.5[samples/s]
2026-06-10 14:09:59 transreid.train INFO: Epoch[60] Iter[50/274] Loss: 0.017, Acc: 1.000, Base Lr: 4.01e-04
2026-06-10 14:10:04 transreid.train INFO: Epoch[60] Iter[100/274] Loss: 0.015, Acc: 1.000, Base Lr: 4.01e-04
2026-06-10 14:10:09 transreid.train INFO: Epoch[60] Iter[150/274] Loss: 0.014, Acc: 1.000, Base Lr: 4.01e-04
2026-06-10 14:10:15 transreid.train INFO: Epoch[60] Iter[200/274] Loss: 0.013, Acc: 1.000, Base Lr: 4.01e-04
2026-06-10 14:10:20 transreid.train INFO: Epoch[60] Iter[250/274] Loss: 0.012, Acc: 1.000, Base Lr: 4.01e-04
2026-06-10 14:10:22 transreid.train INFO: Epoch 60 done. Time per epoch: 27.952[s] Speed: 615.9[samples/s]
2026-06-10 14:10:27 transreid.train INFO: Epoch[61] Iter[50/274] Loss: 0.009, Acc: 1.000, Base Lr: 3.90e-04
2026-06-10 14:10:32 transreid.train INFO: Epoch[61] Iter[100/274] Loss: 0.010, Acc: 1.000, Base Lr: 3.90e-04
2026-06-10 14:10:37 transreid.train INFO: Epoch[61] Iter[150/274] Loss: 0.010, Acc: 1.000, Base Lr: 3.90e-04
2026-06-10 14:10:42 transreid.train INFO: Epoch[61] Iter[200/274] Loss: 0.010, Acc: 1.000, Base Lr: 3.90e-04
2026-06-10 14:10:48 transreid.train INFO: Epoch[61] Iter[250/274] Loss: 0.010, Acc: 1.000, Base Lr: 3.90e-04
2026-06-10 14:10:50 transreid.train INFO: Epoch 61 done. Time per epoch: 28.026[s] Speed: 616.6[samples/s]
2026-06-10 14:10:55 transreid.train INFO: Epoch[62] Iter[50/274] Loss: 0.010, Acc: 1.000, Base Lr: 3.80e-04
2026-06-10 14:11:00 transreid.train INFO: Epoch[62] Iter[100/274] Loss: 0.008, Acc: 1.000, Base Lr: 3.80e-04
2026-06-10 14:11:05 transreid.train INFO: Epoch[62] Iter[150/274] Loss: 0.009, Acc: 1.000, Base Lr: 3.80e-04
2026-06-10 14:11:11 transreid.train INFO: Epoch[62] Iter[200/274] Loss: 0.010, Acc: 1.000, Base Lr: 3.80e-04
2026-06-10 14:11:16 transreid.train INFO: Epoch[62] Iter[250/274] Loss: 0.009, Acc: 1.000, Base Lr: 3.80e-04
2026-06-10 14:11:18 transreid.train INFO: Epoch 62 done. Time per epoch: 28.058[s] Speed: 615.9[samples/s]
2026-06-10 14:11:23 transreid.train INFO: Epoch[63] Iter[50/274] Loss: 0.010, Acc: 1.000, Base Lr: 3.69e-04
2026-06-10 14:11:28 transreid.train INFO: Epoch[63] Iter[100/274] Loss: 0.010, Acc: 1.000, Base Lr: 3.69e-04
2026-06-10 14:11:33 transreid.train INFO: Epoch[63] Iter[150/274] Loss: 0.012, Acc: 1.000, Base Lr: 3.69e-04
2026-06-10 14:11:39 transreid.train INFO: Epoch[63] Iter[200/274] Loss: 0.014, Acc: 1.000, Base Lr: 3.69e-04
2026-06-10 14:11:44 transreid.train INFO: Epoch[63] Iter[250/274] Loss: 0.013, Acc: 1.000, Base Lr: 3.69e-04
2026-06-10 14:11:46 transreid.train INFO: Epoch 63 done. Time per epoch: 28.080[s] Speed: 615.4[samples/s]
2026-06-10 14:11:51 transreid.train INFO: Epoch[64] Iter[50/274] Loss: 0.014, Acc: 0.999, Base Lr: 3.59e-04
2026-06-10 14:11:56 transreid.train INFO: Epoch[64] Iter[100/274] Loss: 0.011, Acc: 1.000, Base Lr: 3.59e-04
2026-06-10 14:12:01 transreid.train INFO: Epoch[64] Iter[150/274] Loss: 0.010, Acc: 0.999, Base Lr: 3.59e-04
2026-06-10 14:12:07 transreid.train INFO: Epoch[64] Iter[200/274] Loss: 0.010, Acc: 0.999, Base Lr: 3.59e-04
2026-06-10 14:12:12 transreid.train INFO: Epoch[64] Iter[250/274] Loss: 0.010, Acc: 1.000, Base Lr: 3.59e-04
2026-06-10 14:12:14 transreid.train INFO: Epoch 64 done. Time per epoch: 28.144[s] Speed: 616.3[samples/s]
2026-06-10 14:12:19 transreid.train INFO: Epoch[65] Iter[50/274] Loss: 0.009, Acc: 1.000, Base Lr: 3.49e-04
2026-06-10 14:12:24 transreid.train INFO: Epoch[65] Iter[100/274] Loss: 0.012, Acc: 0.999, Base Lr: 3.49e-04
2026-06-10 14:12:30 transreid.train INFO: Epoch[65] Iter[150/274] Loss: 0.012, Acc: 0.999, Base Lr: 3.49e-04
2026-06-10 14:12:35 transreid.train INFO: Epoch[65] Iter[200/274] Loss: 0.012, Acc: 0.999, Base Lr: 3.49e-04
2026-06-10 14:12:40 transreid.train INFO: Epoch[65] Iter[250/274] Loss: 0.011, Acc: 1.000, Base Lr: 3.49e-04
2026-06-10 14:12:42 transreid.train INFO: Epoch 65 done. Time per epoch: 28.023[s] Speed: 616.6[samples/s]
2026-06-10 14:12:47 transreid.train INFO: Epoch[66] Iter[50/274] Loss: 0.013, Acc: 0.999, Base Lr: 3.38e-04
2026-06-10 14:12:53 transreid.train INFO: Epoch[66] Iter[100/274] Loss: 0.013, Acc: 1.000, Base Lr: 3.38e-04
2026-06-10 14:12:58 transreid.train INFO: Epoch[66] Iter[150/274] Loss: 0.012, Acc: 1.000, Base Lr: 3.38e-04
2026-06-10 14:13:03 transreid.train INFO: Epoch[66] Iter[200/274] Loss: 0.012, Acc: 1.000, Base Lr: 3.38e-04
2026-06-10 14:13:08 transreid.train INFO: Epoch[66] Iter[250/274] Loss: 0.011, Acc: 1.000, Base Lr: 3.38e-04
2026-06-10 14:13:10 transreid.train INFO: Epoch 66 done. Time per epoch: 28.047[s] Speed: 616.1[samples/s]
2026-06-10 14:13:15 transreid.train INFO: Epoch[67] Iter[50/274] Loss: 0.011, Acc: 1.000, Base Lr: 3.28e-04
2026-06-10 14:13:21 transreid.train INFO: Epoch[67] Iter[100/274] Loss: 0.012, Acc: 1.000, Base Lr: 3.28e-04
2026-06-10 14:13:26 transreid.train INFO: Epoch[67] Iter[150/274] Loss: 0.011, Acc: 1.000, Base Lr: 3.28e-04
2026-06-10 14:13:31 transreid.train INFO: Epoch[67] Iter[200/274] Loss: 0.012, Acc: 1.000, Base Lr: 3.28e-04
2026-06-10 14:13:36 transreid.train INFO: Epoch[67] Iter[250/274] Loss: 0.011, Acc: 1.000, Base Lr: 3.28e-04
2026-06-10 14:13:38 transreid.train INFO: Epoch 67 done. Time per epoch: 28.087[s] Speed: 615.2[samples/s]
2026-06-10 14:13:43 transreid.train INFO: Epoch[68] Iter[50/274] Loss: 0.009, Acc: 1.000, Base Lr: 3.18e-04
2026-06-10 14:13:49 transreid.train INFO: Epoch[68] Iter[100/274] Loss: 0.009, Acc: 1.000, Base Lr: 3.18e-04
2026-06-10 14:13:54 transreid.train INFO: Epoch[68] Iter[150/274] Loss: 0.009, Acc: 1.000, Base Lr: 3.18e-04
2026-06-10 14:13:59 transreid.train INFO: Epoch[68] Iter[200/274] Loss: 0.010, Acc: 1.000, Base Lr: 3.18e-04
2026-06-10 14:14:04 transreid.train INFO: Epoch[68] Iter[250/274] Loss: 0.010, Acc: 1.000, Base Lr: 3.18e-04
2026-06-10 14:14:06 transreid.train INFO: Epoch 68 done. Time per epoch: 28.029[s] Speed: 616.5[samples/s]
2026-06-10 14:14:12 transreid.train INFO: Epoch[69] Iter[50/274] Loss: 0.019, Acc: 1.000, Base Lr: 3.08e-04
2026-06-10 14:14:17 transreid.train INFO: Epoch[69] Iter[100/274] Loss: 0.015, Acc: 1.000, Base Lr: 3.08e-04
2026-06-10 14:14:22 transreid.train INFO: Epoch[69] Iter[150/274] Loss: 0.013, Acc: 1.000, Base Lr: 3.08e-04
2026-06-10 14:14:27 transreid.train INFO: Epoch[69] Iter[200/274] Loss: 0.012, Acc: 1.000, Base Lr: 3.08e-04
2026-06-10 14:14:32 transreid.train INFO: Epoch[69] Iter[250/274] Loss: 0.011, Acc: 1.000, Base Lr: 3.08e-04
2026-06-10 14:14:34 transreid.train INFO: Epoch 69 done. Time per epoch: 27.841[s] Speed: 616.1[samples/s]
2026-06-10 14:14:39 transreid.train INFO: Epoch[70] Iter[50/274] Loss: 0.007, Acc: 1.000, Base Lr: 2.97e-04
2026-06-10 14:14:45 transreid.train INFO: Epoch[70] Iter[100/274] Loss: 0.010, Acc: 1.000, Base Lr: 2.97e-04
2026-06-10 14:14:50 transreid.train INFO: Epoch[70] Iter[150/274] Loss: 0.012, Acc: 1.000, Base Lr: 2.97e-04
2026-06-10 14:14:55 transreid.train INFO: Epoch[70] Iter[200/274] Loss: 0.011, Acc: 1.000, Base Lr: 2.97e-04
2026-06-10 14:15:00 transreid.train INFO: Epoch[70] Iter[250/274] Loss: 0.011, Acc: 1.000, Base Lr: 2.97e-04
2026-06-10 14:15:02 transreid.train INFO: Epoch 70 done. Time per epoch: 28.146[s] Speed: 616.2[samples/s]
2026-06-10 14:15:08 transreid.train INFO: Epoch[71] Iter[50/274] Loss: 0.008, Acc: 1.000, Base Lr: 2.87e-04
2026-06-10 14:15:13 transreid.train INFO: Epoch[71] Iter[100/274] Loss: 0.008, Acc: 1.000, Base Lr: 2.87e-04
2026-06-10 14:15:18 transreid.train INFO: Epoch[71] Iter[150/274] Loss: 0.008, Acc: 1.000, Base Lr: 2.87e-04
2026-06-10 14:15:23 transreid.train INFO: Epoch[71] Iter[200/274] Loss: 0.007, Acc: 1.000, Base Lr: 2.87e-04
2026-06-10 14:15:28 transreid.train INFO: Epoch[71] Iter[250/274] Loss: 0.007, Acc: 1.000, Base Lr: 2.87e-04
2026-06-10 14:15:30 transreid.train INFO: Epoch 71 done. Time per epoch: 28.058[s] Speed: 615.9[samples/s]
2026-06-10 14:15:36 transreid.train INFO: Epoch[72] Iter[50/274] Loss: 0.008, Acc: 1.000, Base Lr: 2.77e-04
2026-06-10 14:15:41 transreid.train INFO: Epoch[72] Iter[100/274] Loss: 0.010, Acc: 1.000, Base Lr: 2.77e-04
2026-06-10 14:15:46 transreid.train INFO: Epoch[72] Iter[150/274] Loss: 0.009, Acc: 1.000, Base Lr: 2.77e-04
2026-06-10 14:15:51 transreid.train INFO: Epoch[72] Iter[200/274] Loss: 0.009, Acc: 1.000, Base Lr: 2.77e-04
2026-06-10 14:15:56 transreid.train INFO: Epoch[72] Iter[250/274] Loss: 0.009, Acc: 1.000, Base Lr: 2.77e-04
2026-06-10 14:15:58 transreid.train INFO: Epoch 72 done. Time per epoch: 28.055[s] Speed: 615.9[samples/s]
2026-06-10 14:16:04 transreid.train INFO: Epoch[73] Iter[50/274] Loss: 0.007, Acc: 1.000, Base Lr: 2.68e-04
2026-06-10 14:16:09 transreid.train INFO: Epoch[73] Iter[100/274] Loss: 0.008, Acc: 1.000, Base Lr: 2.68e-04
2026-06-10 14:16:14 transreid.train INFO: Epoch[73] Iter[150/274] Loss: 0.008, Acc: 1.000, Base Lr: 2.68e-04
2026-06-10 14:16:19 transreid.train INFO: Epoch[73] Iter[200/274] Loss: 0.008, Acc: 1.000, Base Lr: 2.68e-04
2026-06-10 14:16:24 transreid.train INFO: Epoch[73] Iter[250/274] Loss: 0.008, Acc: 1.000, Base Lr: 2.68e-04
2026-06-10 14:16:26 transreid.train INFO: Epoch 73 done. Time per epoch: 28.065[s] Speed: 615.7[samples/s]
2026-06-10 14:16:32 transreid.train INFO: Epoch[74] Iter[50/274] Loss: 0.007, Acc: 1.000, Base Lr: 2.58e-04
2026-06-10 14:16:37 transreid.train INFO: Epoch[74] Iter[100/274] Loss: 0.007, Acc: 0.999, Base Lr: 2.58e-04
2026-06-10 14:16:42 transreid.train INFO: Epoch[74] Iter[150/274] Loss: 0.007, Acc: 1.000, Base Lr: 2.58e-04
2026-06-10 14:16:47 transreid.train INFO: Epoch[74] Iter[200/274] Loss: 0.007, Acc: 1.000, Base Lr: 2.58e-04
2026-06-10 14:16:52 transreid.train INFO: Epoch[74] Iter[250/274] Loss: 0.007, Acc: 1.000, Base Lr: 2.58e-04
2026-06-10 14:16:54 transreid.train INFO: Epoch 74 done. Time per epoch: 28.030[s] Speed: 616.5[samples/s]
2026-06-10 14:17:00 transreid.train INFO: Epoch[75] Iter[50/274] Loss: 0.007, Acc: 1.000, Base Lr: 2.48e-04
2026-06-10 14:17:05 transreid.train INFO: Epoch[75] Iter[100/274] Loss: 0.009, Acc: 1.000, Base Lr: 2.48e-04
2026-06-10 14:17:10 transreid.train INFO: Epoch[75] Iter[150/274] Loss: 0.009, Acc: 1.000, Base Lr: 2.48e-04
2026-06-10 14:17:15 transreid.train INFO: Epoch[75] Iter[200/274] Loss: 0.009, Acc: 1.000, Base Lr: 2.48e-04
2026-06-10 14:17:20 transreid.train INFO: Epoch[75] Iter[250/274] Loss: 0.008, Acc: 1.000, Base Lr: 2.48e-04
2026-06-10 14:17:22 transreid.train INFO: Epoch 75 done. Time per epoch: 28.051[s] Speed: 616.0[samples/s]
2026-06-10 14:17:28 transreid.train INFO: Epoch[76] Iter[50/274] Loss: 0.009, Acc: 1.000, Base Lr: 2.38e-04
2026-06-10 14:17:33 transreid.train INFO: Epoch[76] Iter[100/274] Loss: 0.008, Acc: 1.000, Base Lr: 2.38e-04
2026-06-10 14:17:38 transreid.train INFO: Epoch[76] Iter[150/274] Loss: 0.008, Acc: 1.000, Base Lr: 2.38e-04
2026-06-10 14:17:43 transreid.train INFO: Epoch[76] Iter[200/274] Loss: 0.008, Acc: 1.000, Base Lr: 2.38e-04
2026-06-10 14:17:48 transreid.train INFO: Epoch[76] Iter[250/274] Loss: 0.008, Acc: 1.000, Base Lr: 2.38e-04
2026-06-10 14:17:50 transreid.train INFO: Epoch 76 done. Time per epoch: 27.944[s] Speed: 616.1[samples/s]
2026-06-10 14:17:56 transreid.train INFO: Epoch[77] Iter[50/274] Loss: 0.010, Acc: 1.000, Base Lr: 2.29e-04
2026-06-10 14:18:01 transreid.train INFO: Epoch[77] Iter[100/274] Loss: 0.010, Acc: 1.000, Base Lr: 2.29e-04
2026-06-10 14:18:06 transreid.train INFO: Epoch[77] Iter[150/274] Loss: 0.010, Acc: 1.000, Base Lr: 2.29e-04
2026-06-10 14:18:11 transreid.train INFO: Epoch[77] Iter[200/274] Loss: 0.010, Acc: 1.000, Base Lr: 2.29e-04
2026-06-10 14:18:16 transreid.train INFO: Epoch[77] Iter[250/274] Loss: 0.009, Acc: 1.000, Base Lr: 2.29e-04
2026-06-10 14:18:18 transreid.train INFO: Epoch 77 done. Time per epoch: 28.044[s] Speed: 616.2[samples/s]
2026-06-10 14:18:24 transreid.train INFO: Epoch[78] Iter[50/274] Loss: 0.011, Acc: 1.000, Base Lr: 2.20e-04
2026-06-10 14:18:29 transreid.train INFO: Epoch[78] Iter[100/274] Loss: 0.009, Acc: 1.000, Base Lr: 2.20e-04
2026-06-10 14:18:34 transreid.train INFO: Epoch[78] Iter[150/274] Loss: 0.009, Acc: 1.000, Base Lr: 2.20e-04
2026-06-10 14:18:39 transreid.train INFO: Epoch[78] Iter[200/274] Loss: 0.009, Acc: 1.000, Base Lr: 2.20e-04
2026-06-10 14:18:44 transreid.train INFO: Epoch[78] Iter[250/274] Loss: 0.008, Acc: 1.000, Base Lr: 2.20e-04
2026-06-10 14:18:46 transreid.train INFO: Epoch 78 done. Time per epoch: 27.973[s] Speed: 615.4[samples/s]
2026-06-10 14:18:52 transreid.train INFO: Epoch[79] Iter[50/274] Loss: 0.006, Acc: 1.000, Base Lr: 2.10e-04
2026-06-10 14:18:57 transreid.train INFO: Epoch[79] Iter[100/274] Loss: 0.008, Acc: 1.000, Base Lr: 2.10e-04
2026-06-10 14:19:02 transreid.train INFO: Epoch[79] Iter[150/274] Loss: 0.008, Acc: 1.000, Base Lr: 2.10e-04
2026-06-10 14:19:07 transreid.train INFO: Epoch[79] Iter[200/274] Loss: 0.008, Acc: 1.000, Base Lr: 2.10e-04
2026-06-10 14:19:12 transreid.train INFO: Epoch[79] Iter[250/274] Loss: 0.008, Acc: 1.000, Base Lr: 2.10e-04
2026-06-10 14:19:14 transreid.train INFO: Epoch 79 done. Time per epoch: 27.946[s] Speed: 616.0[samples/s]
2026-06-10 14:19:20 transreid.train INFO: Epoch[80] Iter[50/274] Loss: 0.008, Acc: 1.000, Base Lr: 2.01e-04
2026-06-10 14:19:25 transreid.train INFO: Epoch[80] Iter[100/274] Loss: 0.008, Acc: 1.000, Base Lr: 2.01e-04
2026-06-10 14:19:30 transreid.train INFO: Epoch[80] Iter[150/274] Loss: 0.008, Acc: 1.000, Base Lr: 2.01e-04
2026-06-10 14:19:35 transreid.train INFO: Epoch[80] Iter[200/274] Loss: 0.007, Acc: 1.000, Base Lr: 2.01e-04
2026-06-10 14:19:40 transreid.train INFO: Epoch[80] Iter[250/274] Loss: 0.008, Acc: 1.000, Base Lr: 2.01e-04
2026-06-10 14:19:42 transreid.train INFO: Epoch 80 done. Time per epoch: 28.059[s] Speed: 615.8[samples/s]
2026-06-10 14:19:48 transreid.train INFO: Epoch[81] Iter[50/274] Loss: 0.011, Acc: 0.999, Base Lr: 1.92e-04
2026-06-10 14:19:53 transreid.train INFO: Epoch[81] Iter[100/274] Loss: 0.010, Acc: 1.000, Base Lr: 1.92e-04
2026-06-10 14:19:58 transreid.train INFO: Epoch[81] Iter[150/274] Loss: 0.010, Acc: 1.000, Base Lr: 1.92e-04
2026-06-10 14:20:03 transreid.train INFO: Epoch[81] Iter[200/274] Loss: 0.010, Acc: 1.000, Base Lr: 1.92e-04
2026-06-10 14:20:08 transreid.train INFO: Epoch[81] Iter[250/274] Loss: 0.009, Acc: 1.000, Base Lr: 1.92e-04
2026-06-10 14:20:10 transreid.train INFO: Epoch 81 done. Time per epoch: 27.953[s] Speed: 615.9[samples/s]
2026-06-10 14:20:16 transreid.train INFO: Epoch[82] Iter[50/274] Loss: 0.006, Acc: 1.000, Base Lr: 1.83e-04
2026-06-10 14:20:21 transreid.train INFO: Epoch[82] Iter[100/274] Loss: 0.006, Acc: 1.000, Base Lr: 1.83e-04
2026-06-10 14:20:26 transreid.train INFO: Epoch[82] Iter[150/274] Loss: 0.006, Acc: 1.000, Base Lr: 1.83e-04
2026-06-10 14:20:31 transreid.train INFO: Epoch[82] Iter[200/274] Loss: 0.006, Acc: 1.000, Base Lr: 1.83e-04
2026-06-10 14:20:36 transreid.train INFO: Epoch[82] Iter[250/274] Loss: 0.006, Acc: 1.000, Base Lr: 1.83e-04
2026-06-10 14:20:38 transreid.train INFO: Epoch 82 done. Time per epoch: 28.067[s] Speed: 615.7[samples/s]
2026-06-10 14:20:44 transreid.train INFO: Epoch[83] Iter[50/274] Loss: 0.007, Acc: 1.000, Base Lr: 1.75e-04
2026-06-10 14:20:49 transreid.train INFO: Epoch[83] Iter[100/274] Loss: 0.007, Acc: 1.000, Base Lr: 1.75e-04
2026-06-10 14:20:54 transreid.train INFO: Epoch[83] Iter[150/274] Loss: 0.007, Acc: 1.000, Base Lr: 1.75e-04
2026-06-10 14:20:59 transreid.train INFO: Epoch[83] Iter[200/274] Loss: 0.007, Acc: 1.000, Base Lr: 1.75e-04
2026-06-10 14:21:04 transreid.train INFO: Epoch[83] Iter[250/274] Loss: 0.007, Acc: 1.000, Base Lr: 1.75e-04
2026-06-10 14:21:06 transreid.train INFO: Epoch 83 done. Time per epoch: 28.023[s] Speed: 616.6[samples/s]
2026-06-10 14:21:12 transreid.train INFO: Epoch[84] Iter[50/274] Loss: 0.008, Acc: 1.000, Base Lr: 1.66e-04
2026-06-10 14:21:17 transreid.train INFO: Epoch[84] Iter[100/274] Loss: 0.007, Acc: 1.000, Base Lr: 1.66e-04
2026-06-10 14:21:22 transreid.train INFO: Epoch[84] Iter[150/274] Loss: 0.007, Acc: 1.000, Base Lr: 1.66e-04
2026-06-10 14:21:27 transreid.train INFO: Epoch[84] Iter[200/274] Loss: 0.007, Acc: 1.000, Base Lr: 1.66e-04
2026-06-10 14:21:32 transreid.train INFO: Epoch[84] Iter[250/274] Loss: 0.007, Acc: 1.000, Base Lr: 1.66e-04
2026-06-10 14:21:34 transreid.train INFO: Epoch 84 done. Time per epoch: 27.980[s] Speed: 615.3[samples/s]
2026-06-10 14:21:40 transreid.train INFO: Epoch[85] Iter[50/274] Loss: 0.011, Acc: 1.000, Base Lr: 1.58e-04
2026-06-10 14:21:45 transreid.train INFO: Epoch[85] Iter[100/274] Loss: 0.009, Acc: 1.000, Base Lr: 1.58e-04
2026-06-10 14:21:50 transreid.train INFO: Epoch[85] Iter[150/274] Loss: 0.008, Acc: 1.000, Base Lr: 1.58e-04
2026-06-10 14:21:55 transreid.train INFO: Epoch[85] Iter[200/274] Loss: 0.008, Acc: 1.000, Base Lr: 1.58e-04
2026-06-10 14:22:00 transreid.train INFO: Epoch[85] Iter[250/274] Loss: 0.008, Acc: 1.000, Base Lr: 1.58e-04
2026-06-10 14:22:02 transreid.train INFO: Epoch 85 done. Time per epoch: 27.955[s] Speed: 615.9[samples/s]
2026-06-10 14:22:08 transreid.train INFO: Epoch[86] Iter[50/274] Loss: 0.007, Acc: 1.000, Base Lr: 1.50e-04
2026-06-10 14:22:13 transreid.train INFO: Epoch[86] Iter[100/274] Loss: 0.007, Acc: 1.000, Base Lr: 1.50e-04
2026-06-10 14:22:18 transreid.train INFO: Epoch[86] Iter[150/274] Loss: 0.006, Acc: 1.000, Base Lr: 1.50e-04
2026-06-10 14:22:23 transreid.train INFO: Epoch[86] Iter[200/274] Loss: 0.006, Acc: 1.000, Base Lr: 1.50e-04
2026-06-10 14:22:28 transreid.train INFO: Epoch[86] Iter[250/274] Loss: 0.007, Acc: 1.000, Base Lr: 1.50e-04
2026-06-10 14:22:31 transreid.train INFO: Epoch 86 done. Time per epoch: 28.158[s] Speed: 616.0[samples/s]
2026-06-10 14:22:36 transreid.train INFO: Epoch[87] Iter[50/274] Loss: 0.007, Acc: 1.000, Base Lr: 1.42e-04
2026-06-10 14:22:41 transreid.train INFO: Epoch[87] Iter[100/274] Loss: 0.007, Acc: 1.000, Base Lr: 1.42e-04
2026-06-10 14:22:46 transreid.train INFO: Epoch[87] Iter[150/274] Loss: 0.008, Acc: 1.000, Base Lr: 1.42e-04
2026-06-10 14:22:51 transreid.train INFO: Epoch[87] Iter[200/274] Loss: 0.008, Acc: 1.000, Base Lr: 1.42e-04
2026-06-10 14:22:57 transreid.train INFO: Epoch[87] Iter[250/274] Loss: 0.008, Acc: 1.000, Base Lr: 1.42e-04
2026-06-10 14:22:58 transreid.train INFO: Epoch 87 done. Time per epoch: 27.867[s] Speed: 615.5[samples/s]
2026-06-10 14:23:04 transreid.train INFO: Epoch[88] Iter[50/274] Loss: 0.007, Acc: 1.000, Base Lr: 1.34e-04
2026-06-10 14:23:09 transreid.train INFO: Epoch[88] Iter[100/274] Loss: 0.007, Acc: 1.000, Base Lr: 1.34e-04
2026-06-10 14:23:14 transreid.train INFO: Epoch[88] Iter[150/274] Loss: 0.007, Acc: 1.000, Base Lr: 1.34e-04
2026-06-10 14:23:19 transreid.train INFO: Epoch[88] Iter[200/274] Loss: 0.007, Acc: 1.000, Base Lr: 1.34e-04
2026-06-10 14:23:24 transreid.train INFO: Epoch[88] Iter[250/274] Loss: 0.007, Acc: 1.000, Base Lr: 1.34e-04
2026-06-10 14:23:26 transreid.train INFO: Epoch 88 done. Time per epoch: 27.765[s] Speed: 615.5[samples/s]
2026-06-10 14:23:31 transreid.train INFO: Epoch[89] Iter[50/274] Loss: 0.007, Acc: 1.000, Base Lr: 1.26e-04
2026-06-10 14:23:37 transreid.train INFO: Epoch[89] Iter[100/274] Loss: 0.009, Acc: 1.000, Base Lr: 1.26e-04
2026-06-10 14:23:42 transreid.train INFO: Epoch[89] Iter[150/274] Loss: 0.008, Acc: 1.000, Base Lr: 1.26e-04
2026-06-10 14:23:47 transreid.train INFO: Epoch[89] Iter[200/274] Loss: 0.009, Acc: 1.000, Base Lr: 1.26e-04
2026-06-10 14:23:52 transreid.train INFO: Epoch[89] Iter[250/274] Loss: 0.009, Acc: 1.000, Base Lr: 1.26e-04
2026-06-10 14:23:54 transreid.train INFO: Epoch 89 done. Time per epoch: 27.934[s] Speed: 616.3[samples/s]
2026-06-10 14:23:59 transreid.train INFO: Epoch[90] Iter[50/274] Loss: 0.007, Acc: 0.999, Base Lr: 1.19e-04
2026-06-10 14:24:05 transreid.train INFO: Epoch[90] Iter[100/274] Loss: 0.007, Acc: 1.000, Base Lr: 1.19e-04
2026-06-10 14:24:10 transreid.train INFO: Epoch[90] Iter[150/274] Loss: 0.008, Acc: 1.000, Base Lr: 1.19e-04
2026-06-10 14:24:15 transreid.train INFO: Epoch[90] Iter[200/274] Loss: 0.007, Acc: 1.000, Base Lr: 1.19e-04
2026-06-10 14:24:20 transreid.train INFO: Epoch[90] Iter[250/274] Loss: 0.007, Acc: 1.000, Base Lr: 1.19e-04
2026-06-10 14:24:22 transreid.train INFO: Epoch 90 done. Time per epoch: 28.167[s] Speed: 615.7[samples/s]
2026-06-10 14:24:28 transreid.train INFO: Epoch[91] Iter[50/274] Loss: 0.011, Acc: 0.999, Base Lr: 1.11e-04
2026-06-10 14:24:33 transreid.train INFO: Epoch[91] Iter[100/274] Loss: 0.009, Acc: 0.999, Base Lr: 1.11e-04
2026-06-10 14:24:38 transreid.train INFO: Epoch[91] Iter[150/274] Loss: 0.008, Acc: 1.000, Base Lr: 1.11e-04
2026-06-10 14:24:43 transreid.train INFO: Epoch[91] Iter[200/274] Loss: 0.008, Acc: 1.000, Base Lr: 1.11e-04
2026-06-10 14:24:48 transreid.train INFO: Epoch[91] Iter[250/274] Loss: 0.008, Acc: 1.000, Base Lr: 1.11e-04
2026-06-10 14:24:50 transreid.train INFO: Epoch 91 done. Time per epoch: 28.074[s] Speed: 615.5[samples/s]
2026-06-10 14:24:56 transreid.train INFO: Epoch[92] Iter[50/274] Loss: 0.007, Acc: 0.999, Base Lr: 1.04e-04
2026-06-10 14:25:01 transreid.train INFO: Epoch[92] Iter[100/274] Loss: 0.006, Acc: 1.000, Base Lr: 1.04e-04
2026-06-10 14:25:06 transreid.train INFO: Epoch[92] Iter[150/274] Loss: 0.006, Acc: 1.000, Base Lr: 1.04e-04
2026-06-10 14:25:11 transreid.train INFO: Epoch[92] Iter[200/274] Loss: 0.006, Acc: 1.000, Base Lr: 1.04e-04
2026-06-10 14:25:16 transreid.train INFO: Epoch[92] Iter[250/274] Loss: 0.006, Acc: 1.000, Base Lr: 1.04e-04
2026-06-10 14:25:18 transreid.train INFO: Epoch 92 done. Time per epoch: 27.933[s] Speed: 616.3[samples/s]
2026-06-10 14:25:24 transreid.train INFO: Epoch[93] Iter[50/274] Loss: 0.005, Acc: 1.000, Base Lr: 9.72e-05
2026-06-10 14:25:29 transreid.train INFO: Epoch[93] Iter[100/274] Loss: 0.007, Acc: 1.000, Base Lr: 9.72e-05
2026-06-10 14:25:34 transreid.train INFO: Epoch[93] Iter[150/274] Loss: 0.007, Acc: 1.000, Base Lr: 9.72e-05
2026-06-10 14:25:39 transreid.train INFO: Epoch[93] Iter[200/274] Loss: 0.008, Acc: 1.000, Base Lr: 9.72e-05
2026-06-10 14:25:44 transreid.train INFO: Epoch[93] Iter[250/274] Loss: 0.008, Acc: 1.000, Base Lr: 9.72e-05
2026-06-10 14:25:46 transreid.train INFO: Epoch 93 done. Time per epoch: 27.864[s] Speed: 615.6[samples/s]
2026-06-10 14:25:51 transreid.train INFO: Epoch[94] Iter[50/274] Loss: 0.006, Acc: 1.000, Base Lr: 9.06e-05
2026-06-10 14:25:57 transreid.train INFO: Epoch[94] Iter[100/274] Loss: 0.006, Acc: 1.000, Base Lr: 9.06e-05
2026-06-10 14:26:02 transreid.train INFO: Epoch[94] Iter[150/274] Loss: 0.007, Acc: 1.000, Base Lr: 9.06e-05
2026-06-10 14:26:07 transreid.train INFO: Epoch[94] Iter[200/274] Loss: 0.008, Acc: 1.000, Base Lr: 9.06e-05
2026-06-10 14:26:12 transreid.train INFO: Epoch[94] Iter[250/274] Loss: 0.007, Acc: 1.000, Base Lr: 9.06e-05
2026-06-10 14:26:14 transreid.train INFO: Epoch 94 done. Time per epoch: 27.857[s] Speed: 615.7[samples/s]
2026-06-10 14:26:19 transreid.train INFO: Epoch[95] Iter[50/274] Loss: 0.009, Acc: 1.000, Base Lr: 8.41e-05
2026-06-10 14:26:25 transreid.train INFO: Epoch[95] Iter[100/274] Loss: 0.008, Acc: 1.000, Base Lr: 8.41e-05
2026-06-10 14:26:30 transreid.train INFO: Epoch[95] Iter[150/274] Loss: 0.008, Acc: 1.000, Base Lr: 8.41e-05
2026-06-10 14:26:35 transreid.train INFO: Epoch[95] Iter[200/274] Loss: 0.007, Acc: 1.000, Base Lr: 8.41e-05
2026-06-10 14:26:40 transreid.train INFO: Epoch[95] Iter[250/274] Loss: 0.007, Acc: 1.000, Base Lr: 8.41e-05
2026-06-10 14:26:42 transreid.train INFO: Epoch 95 done. Time per epoch: 28.111[s] Speed: 614.7[samples/s]
2026-06-10 14:26:47 transreid.train INFO: Epoch[96] Iter[50/274] Loss: 0.005, Acc: 1.000, Base Lr: 7.78e-05
2026-06-10 14:26:53 transreid.train INFO: Epoch[96] Iter[100/274] Loss: 0.005, Acc: 1.000, Base Lr: 7.78e-05
2026-06-10 14:26:58 transreid.train INFO: Epoch[96] Iter[150/274] Loss: 0.006, Acc: 1.000, Base Lr: 7.78e-05
2026-06-10 14:27:03 transreid.train INFO: Epoch[96] Iter[200/274] Loss: 0.006, Acc: 1.000, Base Lr: 7.78e-05
2026-06-10 14:27:08 transreid.train INFO: Epoch[96] Iter[250/274] Loss: 0.006, Acc: 1.000, Base Lr: 7.78e-05
2026-06-10 14:27:10 transreid.train INFO: Epoch 96 done. Time per epoch: 28.135[s] Speed: 616.5[samples/s]
2026-06-10 14:27:16 transreid.train INFO: Epoch[97] Iter[50/274] Loss: 0.006, Acc: 1.000, Base Lr: 7.18e-05
2026-06-10 14:27:21 transreid.train INFO: Epoch[97] Iter[100/274] Loss: 0.006, Acc: 1.000, Base Lr: 7.18e-05
2026-06-10 14:27:26 transreid.train INFO: Epoch[97] Iter[150/274] Loss: 0.006, Acc: 1.000, Base Lr: 7.18e-05
2026-06-10 14:27:31 transreid.train INFO: Epoch[97] Iter[200/274] Loss: 0.006, Acc: 1.000, Base Lr: 7.18e-05
2026-06-10 14:27:36 transreid.train INFO: Epoch[97] Iter[250/274] Loss: 0.006, Acc: 1.000, Base Lr: 7.18e-05
2026-06-10 14:27:38 transreid.train INFO: Epoch 97 done. Time per epoch: 28.048[s] Speed: 616.1[samples/s]
2026-06-10 14:27:44 transreid.train INFO: Epoch[98] Iter[50/274] Loss: 0.006, Acc: 1.000, Base Lr: 6.60e-05
2026-06-10 14:27:49 transreid.train INFO: Epoch[98] Iter[100/274] Loss: 0.005, Acc: 1.000, Base Lr: 6.60e-05
2026-06-10 14:27:54 transreid.train INFO: Epoch[98] Iter[150/274] Loss: 0.005, Acc: 1.000, Base Lr: 6.60e-05
2026-06-10 14:27:59 transreid.train INFO: Epoch[98] Iter[200/274] Loss: 0.006, Acc: 1.000, Base Lr: 6.60e-05
2026-06-10 14:28:04 transreid.train INFO: Epoch[98] Iter[250/274] Loss: 0.006, Acc: 1.000, Base Lr: 6.60e-05
2026-06-10 14:28:06 transreid.train INFO: Epoch 98 done. Time per epoch: 28.071[s] Speed: 615.6[samples/s]
2026-06-10 14:28:12 transreid.train INFO: Epoch[99] Iter[50/274] Loss: 0.006, Acc: 1.000, Base Lr: 6.04e-05
2026-06-10 14:28:17 transreid.train INFO: Epoch[99] Iter[100/274] Loss: 0.007, Acc: 1.000, Base Lr: 6.04e-05
2026-06-10 14:28:22 transreid.train INFO: Epoch[99] Iter[150/274] Loss: 0.006, Acc: 1.000, Base Lr: 6.04e-05
2026-06-10 14:28:27 transreid.train INFO: Epoch[99] Iter[200/274] Loss: 0.006, Acc: 1.000, Base Lr: 6.04e-05
2026-06-10 14:28:32 transreid.train INFO: Epoch[99] Iter[250/274] Loss: 0.006, Acc: 1.000, Base Lr: 6.04e-05
2026-06-10 14:28:34 transreid.train INFO: Epoch 99 done. Time per epoch: 28.036[s] Speed: 616.4[samples/s]
2026-06-10 14:28:40 transreid.train INFO: Epoch[100] Iter[50/274] Loss: 0.005, Acc: 1.000, Base Lr: 5.51e-05
2026-06-10 14:28:45 transreid.train INFO: Epoch[100] Iter[100/274] Loss: 0.007, Acc: 1.000, Base Lr: 5.51e-05
2026-06-10 14:28:50 transreid.train INFO: Epoch[100] Iter[150/274] Loss: 0.007, Acc: 1.000, Base Lr: 5.51e-05
2026-06-10 14:28:55 transreid.train INFO: Epoch[100] Iter[200/274] Loss: 0.007, Acc: 1.000, Base Lr: 5.51e-05
2026-06-10 14:29:00 transreid.train INFO: Epoch[100] Iter[250/274] Loss: 0.007, Acc: 1.000, Base Lr: 5.51e-05
2026-06-10 14:29:02 transreid.train INFO: Epoch 100 done. Time per epoch: 27.939[s] Speed: 616.2[samples/s]
2026-06-10 14:29:08 transreid.train INFO: Epoch[101] Iter[50/274] Loss: 0.005, Acc: 1.000, Base Lr: 5.00e-05
2026-06-10 14:29:13 transreid.train INFO: Epoch[101] Iter[100/274] Loss: 0.005, Acc: 1.000, Base Lr: 5.00e-05
2026-06-10 14:29:18 transreid.train INFO: Epoch[101] Iter[150/274] Loss: 0.007, Acc: 1.000, Base Lr: 5.00e-05
2026-06-10 14:29:23 transreid.train INFO: Epoch[101] Iter[200/274] Loss: 0.007, Acc: 1.000, Base Lr: 5.00e-05
2026-06-10 14:29:28 transreid.train INFO: Epoch[101] Iter[250/274] Loss: 0.007, Acc: 1.000, Base Lr: 5.00e-05
2026-06-10 14:29:30 transreid.train INFO: Epoch 101 done. Time per epoch: 28.143[s] Speed: 616.3[samples/s]
2026-06-10 14:29:36 transreid.train INFO: Epoch[102] Iter[50/274] Loss: 0.006, Acc: 1.000, Base Lr: 4.51e-05
2026-06-10 14:29:41 transreid.train INFO: Epoch[102] Iter[100/274] Loss: 0.007, Acc: 1.000, Base Lr: 4.51e-05
2026-06-10 14:29:46 transreid.train INFO: Epoch[102] Iter[150/274] Loss: 0.006, Acc: 1.000, Base Lr: 4.51e-05
2026-06-10 14:29:51 transreid.train INFO: Epoch[102] Iter[200/274] Loss: 0.006, Acc: 1.000, Base Lr: 4.51e-05
2026-06-10 14:29:56 transreid.train INFO: Epoch[102] Iter[250/274] Loss: 0.006, Acc: 1.000, Base Lr: 4.51e-05
2026-06-10 14:29:59 transreid.train INFO: Epoch 102 done. Time per epoch: 28.190[s] Speed: 615.3[samples/s]
2026-06-10 14:30:04 transreid.train INFO: Epoch[103] Iter[50/274] Loss: 0.007, Acc: 0.999, Base Lr: 4.05e-05
2026-06-10 14:30:09 transreid.train INFO: Epoch[103] Iter[100/274] Loss: 0.006, Acc: 1.000, Base Lr: 4.05e-05
2026-06-10 14:30:14 transreid.train INFO: Epoch[103] Iter[150/274] Loss: 0.006, Acc: 1.000, Base Lr: 4.05e-05
2026-06-10 14:30:19 transreid.train INFO: Epoch[103] Iter[200/274] Loss: 0.006, Acc: 1.000, Base Lr: 4.05e-05
2026-06-10 14:30:25 transreid.train INFO: Epoch[103] Iter[250/274] Loss: 0.006, Acc: 1.000, Base Lr: 4.05e-05
2026-06-10 14:30:27 transreid.train INFO: Epoch 103 done. Time per epoch: 28.038[s] Speed: 616.3[samples/s]
2026-06-10 14:30:32 transreid.train INFO: Epoch[104] Iter[50/274] Loss: 0.006, Acc: 1.000, Base Lr: 3.61e-05
2026-06-10 14:30:37 transreid.train INFO: Epoch[104] Iter[100/274] Loss: 0.007, Acc: 1.000, Base Lr: 3.61e-05
2026-06-10 14:30:42 transreid.train INFO: Epoch[104] Iter[150/274] Loss: 0.007, Acc: 1.000, Base Lr: 3.61e-05
2026-06-10 14:30:48 transreid.train INFO: Epoch[104] Iter[200/274] Loss: 0.006, Acc: 1.000, Base Lr: 3.61e-05
2026-06-10 14:30:53 transreid.train INFO: Epoch[104] Iter[250/274] Loss: 0.006, Acc: 1.000, Base Lr: 3.61e-05
2026-06-10 14:30:55 transreid.train INFO: Epoch 104 done. Time per epoch: 28.059[s] Speed: 615.9[samples/s]
2026-06-10 14:31:00 transreid.train INFO: Epoch[105] Iter[50/274] Loss: 0.009, Acc: 1.000, Base Lr: 3.20e-05
2026-06-10 14:31:05 transreid.train INFO: Epoch[105] Iter[100/274] Loss: 0.008, Acc: 1.000, Base Lr: 3.20e-05
2026-06-10 14:31:10 transreid.train INFO: Epoch[105] Iter[150/274] Loss: 0.007, Acc: 1.000, Base Lr: 3.20e-05
2026-06-10 14:31:16 transreid.train INFO: Epoch[105] Iter[200/274] Loss: 0.007, Acc: 1.000, Base Lr: 3.20e-05
2026-06-10 14:31:21 transreid.train INFO: Epoch[105] Iter[250/274] Loss: 0.007, Acc: 1.000, Base Lr: 3.20e-05
2026-06-10 14:31:23 transreid.train INFO: Epoch 105 done. Time per epoch: 27.990[s] Speed: 615.1[samples/s]
2026-06-10 14:31:28 transreid.train INFO: Epoch[106] Iter[50/274] Loss: 0.009, Acc: 1.000, Base Lr: 2.81e-05
2026-06-10 14:31:33 transreid.train INFO: Epoch[106] Iter[100/274] Loss: 0.008, Acc: 1.000, Base Lr: 2.81e-05
2026-06-10 14:31:38 transreid.train INFO: Epoch[106] Iter[150/274] Loss: 0.007, Acc: 1.000, Base Lr: 2.81e-05
2026-06-10 14:31:44 transreid.train INFO: Epoch[106] Iter[200/274] Loss: 0.007, Acc: 1.000, Base Lr: 2.81e-05
2026-06-10 14:31:49 transreid.train INFO: Epoch[106] Iter[250/274] Loss: 0.007, Acc: 1.000, Base Lr: 2.81e-05
2026-06-10 14:31:51 transreid.train INFO: Epoch 106 done. Time per epoch: 28.066[s] Speed: 615.7[samples/s]
2026-06-10 14:31:56 transreid.train INFO: Epoch[107] Iter[50/274] Loss: 0.006, Acc: 1.000, Base Lr: 2.45e-05
2026-06-10 14:32:01 transreid.train INFO: Epoch[107] Iter[100/274] Loss: 0.006, Acc: 1.000, Base Lr: 2.45e-05
2026-06-10 14:32:06 transreid.train INFO: Epoch[107] Iter[150/274] Loss: 0.005, Acc: 1.000, Base Lr: 2.45e-05
2026-06-10 14:32:12 transreid.train INFO: Epoch[107] Iter[200/274] Loss: 0.005, Acc: 1.000, Base Lr: 2.45e-05
2026-06-10 14:32:17 transreid.train INFO: Epoch[107] Iter[250/274] Loss: 0.005, Acc: 1.000, Base Lr: 2.45e-05
2026-06-10 14:32:19 transreid.train INFO: Epoch 107 done. Time per epoch: 27.925[s] Speed: 616.5[samples/s]
2026-06-10 14:32:24 transreid.train INFO: Epoch[108] Iter[50/274] Loss: 0.009, Acc: 1.000, Base Lr: 2.11e-05
2026-06-10 14:32:29 transreid.train INFO: Epoch[108] Iter[100/274] Loss: 0.009, Acc: 1.000, Base Lr: 2.11e-05
2026-06-10 14:32:34 transreid.train INFO: Epoch[108] Iter[150/274] Loss: 0.008, Acc: 1.000, Base Lr: 2.11e-05
2026-06-10 14:32:40 transreid.train INFO: Epoch[108] Iter[200/274] Loss: 0.007, Acc: 1.000, Base Lr: 2.11e-05
2026-06-10 14:32:45 transreid.train INFO: Epoch[108] Iter[250/274] Loss: 0.007, Acc: 1.000, Base Lr: 2.11e-05
2026-06-10 14:32:47 transreid.train INFO: Epoch 108 done. Time per epoch: 27.845[s] Speed: 616.0[samples/s]
2026-06-10 14:32:52 transreid.train INFO: Epoch[109] Iter[50/274] Loss: 0.006, Acc: 1.000, Base Lr: 1.80e-05
2026-06-10 14:32:57 transreid.train INFO: Epoch[109] Iter[100/274] Loss: 0.007, Acc: 1.000, Base Lr: 1.80e-05
2026-06-10 14:33:02 transreid.train INFO: Epoch[109] Iter[150/274] Loss: 0.007, Acc: 1.000, Base Lr: 1.80e-05
2026-06-10 14:33:07 transreid.train INFO: Epoch[109] Iter[200/274] Loss: 0.006, Acc: 1.000, Base Lr: 1.80e-05
2026-06-10 14:33:13 transreid.train INFO: Epoch[109] Iter[250/274] Loss: 0.006, Acc: 1.000, Base Lr: 1.80e-05
2026-06-10 14:33:15 transreid.train INFO: Epoch 109 done. Time per epoch: 28.022[s] Speed: 616.7[samples/s]
2026-06-10 14:33:20 transreid.train INFO: Epoch[110] Iter[50/274] Loss: 0.006, Acc: 1.000, Base Lr: 1.52e-05
2026-06-10 14:33:25 transreid.train INFO: Epoch[110] Iter[100/274] Loss: 0.006, Acc: 0.999, Base Lr: 1.52e-05
2026-06-10 14:33:30 transreid.train INFO: Epoch[110] Iter[150/274] Loss: 0.007, Acc: 0.999, Base Lr: 1.52e-05
2026-06-10 14:33:35 transreid.train INFO: Epoch[110] Iter[200/274] Loss: 0.006, Acc: 0.999, Base Lr: 1.52e-05
2026-06-10 14:33:41 transreid.train INFO: Epoch[110] Iter[250/274] Loss: 0.006, Acc: 1.000, Base Lr: 1.52e-05
2026-06-10 14:33:43 transreid.train INFO: Epoch 110 done. Time per epoch: 28.164[s] Speed: 615.8[samples/s]
2026-06-10 14:33:48 transreid.train INFO: Epoch[111] Iter[50/274] Loss: 0.008, Acc: 0.999, Base Lr: 1.26e-05
2026-06-10 14:33:53 transreid.train INFO: Epoch[111] Iter[100/274] Loss: 0.007, Acc: 1.000, Base Lr: 1.26e-05
2026-06-10 14:33:58 transreid.train INFO: Epoch[111] Iter[150/274] Loss: 0.007, Acc: 1.000, Base Lr: 1.26e-05
2026-06-10 14:34:04 transreid.train INFO: Epoch[111] Iter[200/274] Loss: 0.007, Acc: 1.000, Base Lr: 1.26e-05
2026-06-10 14:34:09 transreid.train INFO: Epoch[111] Iter[250/274] Loss: 0.006, Acc: 1.000, Base Lr: 1.26e-05
2026-06-10 14:34:11 transreid.train INFO: Epoch 111 done. Time per epoch: 28.054[s] Speed: 616.0[samples/s]
2026-06-10 14:34:16 transreid.train INFO: Epoch[112] Iter[50/274] Loss: 0.006, Acc: 1.000, Base Lr: 1.03e-05
2026-06-10 14:34:21 transreid.train INFO: Epoch[112] Iter[100/274] Loss: 0.005, Acc: 1.000, Base Lr: 1.03e-05
2026-06-10 14:34:26 transreid.train INFO: Epoch[112] Iter[150/274] Loss: 0.007, Acc: 1.000, Base Lr: 1.03e-05
2026-06-10 14:34:32 transreid.train INFO: Epoch[112] Iter[200/274] Loss: 0.007, Acc: 1.000, Base Lr: 1.03e-05
2026-06-10 14:34:37 transreid.train INFO: Epoch[112] Iter[250/274] Loss: 0.007, Acc: 1.000, Base Lr: 1.03e-05
2026-06-10 14:34:39 transreid.train INFO: Epoch 112 done. Time per epoch: 27.978[s] Speed: 615.3[samples/s]
2026-06-10 14:34:44 transreid.train INFO: Epoch[113] Iter[50/274] Loss: 0.005, Acc: 1.000, Base Lr: 8.28e-06
2026-06-10 14:34:49 transreid.train INFO: Epoch[113] Iter[100/274] Loss: 0.007, Acc: 1.000, Base Lr: 8.28e-06
2026-06-10 14:34:54 transreid.train INFO: Epoch[113] Iter[150/274] Loss: 0.006, Acc: 1.000, Base Lr: 8.28e-06
2026-06-10 14:35:00 transreid.train INFO: Epoch[113] Iter[200/274] Loss: 0.006, Acc: 1.000, Base Lr: 8.28e-06
2026-06-10 14:35:05 transreid.train INFO: Epoch[113] Iter[250/274] Loss: 0.006, Acc: 1.000, Base Lr: 8.28e-06
2026-06-10 14:35:07 transreid.train INFO: Epoch 113 done. Time per epoch: 27.958[s] Speed: 615.8[samples/s]
2026-06-10 14:35:12 transreid.train INFO: Epoch[114] Iter[50/274] Loss: 0.006, Acc: 1.000, Base Lr: 6.51e-06
2026-06-10 14:35:17 transreid.train INFO: Epoch[114] Iter[100/274] Loss: 0.006, Acc: 1.000, Base Lr: 6.51e-06
2026-06-10 14:35:22 transreid.train INFO: Epoch[114] Iter[150/274] Loss: 0.007, Acc: 1.000, Base Lr: 6.51e-06
2026-06-10 14:35:28 transreid.train INFO: Epoch[114] Iter[200/274] Loss: 0.007, Acc: 1.000, Base Lr: 6.51e-06
2026-06-10 14:35:33 transreid.train INFO: Epoch[114] Iter[250/274] Loss: 0.007, Acc: 1.000, Base Lr: 6.51e-06
2026-06-10 14:35:35 transreid.train INFO: Epoch 114 done. Time per epoch: 28.024[s] Speed: 616.6[samples/s]
2026-06-10 14:35:40 transreid.train INFO: Epoch[115] Iter[50/274] Loss: 0.005, Acc: 1.000, Base Lr: 5.02e-06
2026-06-10 14:35:45 transreid.train INFO: Epoch[115] Iter[100/274] Loss: 0.005, Acc: 1.000, Base Lr: 5.02e-06
2026-06-10 14:35:50 transreid.train INFO: Epoch[115] Iter[150/274] Loss: 0.005, Acc: 1.000, Base Lr: 5.02e-06
2026-06-10 14:35:56 transreid.train INFO: Epoch[115] Iter[200/274] Loss: 0.005, Acc: 1.000, Base Lr: 5.02e-06
2026-06-10 14:36:01 transreid.train INFO: Epoch[115] Iter[250/274] Loss: 0.005, Acc: 1.000, Base Lr: 5.02e-06
2026-06-10 14:36:03 transreid.train INFO: Epoch 115 done. Time per epoch: 28.047[s] Speed: 616.1[samples/s]
2026-06-10 14:36:08 transreid.train INFO: Epoch[116] Iter[50/274] Loss: 0.006, Acc: 1.000, Base Lr: 3.79e-06
2026-06-10 14:36:13 transreid.train INFO: Epoch[116] Iter[100/274] Loss: 0.006, Acc: 1.000, Base Lr: 3.79e-06
2026-06-10 14:36:18 transreid.train INFO: Epoch[116] Iter[150/274] Loss: 0.006, Acc: 1.000, Base Lr: 3.79e-06
2026-06-10 14:36:24 transreid.train INFO: Epoch[116] Iter[200/274] Loss: 0.006, Acc: 1.000, Base Lr: 3.79e-06
2026-06-10 14:36:29 transreid.train INFO: Epoch[116] Iter[250/274] Loss: 0.006, Acc: 1.000, Base Lr: 3.79e-06
2026-06-10 14:36:31 transreid.train INFO: Epoch 116 done. Time per epoch: 27.961[s] Speed: 615.7[samples/s]
2026-06-10 14:36:36 transreid.train INFO: Epoch[117] Iter[50/274] Loss: 0.007, Acc: 1.000, Base Lr: 2.83e-06
2026-06-10 14:36:41 transreid.train INFO: Epoch[117] Iter[100/274] Loss: 0.007, Acc: 1.000, Base Lr: 2.83e-06
2026-06-10 14:36:46 transreid.train INFO: Epoch[117] Iter[150/274] Loss: 0.008, Acc: 1.000, Base Lr: 2.83e-06
2026-06-10 14:36:52 transreid.train INFO: Epoch[117] Iter[200/274] Loss: 0.007, Acc: 1.000, Base Lr: 2.83e-06
2026-06-10 14:36:57 transreid.train INFO: Epoch[117] Iter[250/274] Loss: 0.007, Acc: 1.000, Base Lr: 2.83e-06
2026-06-10 14:36:59 transreid.train INFO: Epoch 117 done. Time per epoch: 27.941[s] Speed: 616.2[samples/s]
2026-06-10 14:37:04 transreid.train INFO: Epoch[118] Iter[50/274] Loss: 0.006, Acc: 1.000, Base Lr: 2.15e-06
2026-06-10 14:37:09 transreid.train INFO: Epoch[118] Iter[100/274] Loss: 0.006, Acc: 1.000, Base Lr: 2.15e-06
2026-06-10 14:37:14 transreid.train INFO: Epoch[118] Iter[150/274] Loss: 0.006, Acc: 1.000, Base Lr: 2.15e-06
2026-06-10 14:37:20 transreid.train INFO: Epoch[118] Iter[200/274] Loss: 0.005, Acc: 1.000, Base Lr: 2.15e-06
2026-06-10 14:37:25 transreid.train INFO: Epoch[118] Iter[250/274] Loss: 0.005, Acc: 1.000, Base Lr: 2.15e-06
2026-06-10 14:37:27 transreid.train INFO: Epoch 118 done. Time per epoch: 28.081[s] Speed: 615.4[samples/s]
2026-06-10 14:37:32 transreid.train INFO: Epoch[119] Iter[50/274] Loss: 0.006, Acc: 1.000, Base Lr: 1.74e-06
2026-06-10 14:37:37 transreid.train INFO: Epoch[119] Iter[100/274] Loss: 0.006, Acc: 1.000, Base Lr: 1.74e-06
2026-06-10 14:37:42 transreid.train INFO: Epoch[119] Iter[150/274] Loss: 0.006, Acc: 1.000, Base Lr: 1.74e-06
2026-06-10 14:37:48 transreid.train INFO: Epoch[119] Iter[200/274] Loss: 0.006, Acc: 1.000, Base Lr: 1.74e-06
2026-06-10 14:37:53 transreid.train INFO: Epoch[119] Iter[250/274] Loss: 0.006, Acc: 1.000, Base Lr: 1.74e-06
2026-06-10 14:37:55 transreid.train INFO: Epoch 119 done. Time per epoch: 27.882[s] Speed: 615.2[samples/s]
2026-06-10 14:38:00 transreid.train INFO: Epoch[120] Iter[50/274] Loss: 0.010, Acc: 1.000, Base Lr: 1.60e-06
2026-06-10 14:38:05 transreid.train INFO: Epoch[120] Iter[100/274] Loss: 0.008, Acc: 1.000, Base Lr: 1.60e-06
2026-06-10 14:38:10 transreid.train INFO: Epoch[120] Iter[150/274] Loss: 0.007, Acc: 1.000, Base Lr: 1.60e-06
2026-06-10 14:38:15 transreid.train INFO: Epoch[120] Iter[200/274] Loss: 0.007, Acc: 1.000, Base Lr: 1.60e-06
2026-06-10 14:38:21 transreid.train INFO: Epoch[120] Iter[250/274] Loss: 0.006, Acc: 1.000, Base Lr: 1.60e-06
2026-06-10 14:38:22 transreid.train INFO: Epoch 120 done. Time per epoch: 27.821[s] Speed: 616.5[samples/s]
/home/afr/reid-clean/SOLIDER-REID/utils/metrics.py:12: UserWarning: This overload of addmm_ is deprecated:
	addmm_(Number beta, Number alpha, Tensor mat1, Tensor mat2)
Consider using one of the following signatures instead:
	addmm_(Tensor mat1, Tensor mat2, *, Number beta = 1, Number alpha = 1) (Triggered internally at /pytorch/torch/csrc/utils/python_arg_parser.cpp:1661.)
  dist_mat.addmm_(1, -2, qf, gf.t())
The test feature is normalized
=> Computing DistMat with euclidean_distance
2026-06-10 14:38:30 transreid.train INFO: Validation Results - Epoch: 120
2026-06-10 14:38:30 transreid.train INFO: mAP: 47.2%
2026-06-10 14:38:30 transreid.train INFO: CMC curve, Rank-1  :48.3%
2026-06-10 14:38:30 transreid.train INFO: CMC curve, Rank-5  :54.2%
2026-06-10 14:38:30 transreid.train INFO: CMC curve, Rank-10 :55.8%
/home/afr/reid-clean/SOLIDER-REID/model/backbones/swin_transformer.py:1162: UserWarning: DeprecationWarning: pretrained is deprecated, please use "init_cfg" instead
  warnings.warn('DeprecationWarning: pretrained is deprecated, '
=> PRCC loaded (gallery=A 全量, query_diff=C 换衣[默认], query_same=B 同衣)
using Transformer_type: swin_tiny_patch4_window7_224 as a backbone
unloaded parameters: <All keys matched successfully>
===========building transformer===========
Loading pretrained model from ./log/prcc/exp016_tiny_s0_w02/transformer_120.pth
=> 提特征：gallery (3384)
=> 提特征：query_diff/C (3543)
=> 提特征：query_same/B (3873)
/home/afr/reid-clean/SOLIDER-REID/cc_eval.py:41: DeprecationWarning: `in1d` is deprecated. Use `np.isin` instead.
  mask = np.in1d(index, junk_index, invert=True)
/home/afr/reid-clean/SOLIDER-REID/cc_eval.py:45: DeprecationWarning: `in1d` is deprecated. Use `np.isin` instead.
  mask = np.in1d(index, good_index)
PRCC_CC mAP: 47.2% rank1: 48.3% rank5: 54.2% rank10: 55.8%
PRCC_SC mAP: 99.2% rank1: 99.6% rank5: 99.7% rank10: 99.8%
