PREPARE_LOG_RESERVED attempt=8ca57ed_a02_20260715
/home/afr/exp374_execution_8ca57ed.bundle is okay
The bundle contains this ref:
8ca57edc2bf7b5db66a0913dad2be2b4078a38d7 refs/heads/exp/pose_heatmap
The bundle records a complete history.
Using Python 3.8.20 environment at: /home/afr/SOLIDER-REID-exp374-8ca57ed-v4/log/.venv-exp374
PREPARE_WRAPPER_START pid=3138 head=8ca57edc2bf7b5db66a0913dad2be2b4078a38d7 free_bytes=229624750080
=> Occluded-DukeMTMC loaded
  Loaded pose index: data/occluded_duke/pose_data/train/index.json (15618 entries)
  Loaded pose index: data/occluded_duke/pose_data/query/index.json (2210 entries)
  Loaded pose index: data/occluded_duke/pose_data/gallery/index.json (17661 entries)
Traceback (most recent call last):
  File "/home/afr/SOLIDER-REID-exp374-8ca57ed-v4/experiments/exp374_psg_fuel_gate/audit_gate_a.py", line 2490, in <module>
    main()
  File "/home/afr/SOLIDER-REID-exp374-8ca57ed-v4/experiments/exp374_psg_fuel_gate/audit_gate_a.py", line 2477, in main
    prepare_phase(args)
  File "/home/afr/SOLIDER-REID-exp374-8ca57ed-v4/experiments/exp374_psg_fuel_gate/audit_gate_a.py", line 790, in prepare_phase
    assert_disjoint_records(records)
  File "/home/afr/SOLIDER-REID-exp374-8ca57ed-v4/experiments/exp374_psg_fuel_gate/audit_gate_a.py", line 678, in assert_disjoint_records
    require(not left.intersection(right), "E_SPLIT_CONTENT_OVERLAP",
  File "/home/afr/SOLIDER-REID-exp374-8ca57ed-v4/experiments/exp374_psg_fuel_gate/protocol.py", line 53, in require
    raise GateProtocolError(code, message)
experiments.exp374_psg_fuel_gate.protocol.GateProtocolError: E_SPLIT_CONTENT_OVERLAP: query/gallery/rgb_sha256
