PREPARE_LOG_RESERVED attempt=bffb8be_a01_20260715
PREPARE_WRAPPER_START pid=4188179 head=bffb8be252b4a155ce404618362ee42f2a76b1cc free_bytes=230159314944
=> Occluded-DukeMTMC loaded
  Loaded pose index: data/occluded_duke/pose_data/train/index.json (15618 entries)
  Loaded pose index: data/occluded_duke/pose_data/query/index.json (2210 entries)
  Loaded pose index: data/occluded_duke/pose_data/gallery/index.json (17661 entries)
Traceback (most recent call last):
  File "/home/afr/SOLIDER-REID-exp374-bffb8be/experiments/exp374_psg_fuel_gate/audit_gate_a.py", line 2159, in <module>
    main()
  File "/home/afr/SOLIDER-REID-exp374-bffb8be/experiments/exp374_psg_fuel_gate/audit_gate_a.py", line 2146, in main
    prepare_phase(args)
  File "/home/afr/SOLIDER-REID-exp374-bffb8be/experiments/exp374_psg_fuel_gate/audit_gate_a.py", line 588, in prepare_phase
    cache_manifest = {
  File "/home/afr/SOLIDER-REID-exp374-bffb8be/experiments/exp374_psg_fuel_gate/audit_gate_a.py", line 589, in <dictcomp>
    split: cache_split(split, split_dataset, local_cfg, staging)
  File "/home/afr/SOLIDER-REID-exp374-bffb8be/experiments/exp374_psg_fuel_gate/audit_gate_a.py", line 420, in cache_split
    vector, frame, report = summarize_scene(scene[offset], scene_scores[offset])
  File "/home/afr/SOLIDER-REID-exp374-bffb8be/experiments/exp374_psg_fuel_gate/protocol.py", line 210, in summarize_scene
    require(bool((heatmap >= 0).all()), "E_SCENE_NEGATIVE", "heatmap")
  File "/home/afr/SOLIDER-REID-exp374-bffb8be/experiments/exp374_psg_fuel_gate/protocol.py", line 53, in require
    raise GateProtocolError(code, message)
experiments.exp374_psg_fuel_gate.protocol.GateProtocolError: E_SCENE_NEGATIVE: heatmap
