/root/solider-venv/lib/python3.10/site-packages/torchvision/transforms/transforms.py:329: UserWarning: Argument 'interpolation' of type int is deprecated since 0.13 and will be removed in 0.15. Please use InterpolationMode enum.
  warnings.warn(
/home/afr/SOLIDER-REID-exp375-f566c0b/model/backbones/swin_transformer.py:1193: UserWarning: DeprecationWarning: pretrained is deprecated, please use "init_cfg" instead
  warnings.warn('DeprecationWarning: pretrained is deprecated, '
=> Occluded-DukeMTMC loaded
  Loaded pose index: data/occluded_duke/pose_data/train/index.json (15618 entries)
  Loaded pose index: data/occluded_duke/pose_data/train/index.json (15618 entries)
  Loaded pose index: data/occluded_duke/pose_data/_val_merged/index.json (18001 entries)
using img_triplet sampler
using Transformer_type: swin_tiny_patch4_window7_224 as a backbone
[POSE] POSE_USE_TARGET_HEATMAP=True: pose modules (PSG/LGPA/VCSR/PPA/STR/FSDC/...) will receive person-0 (target) heatmap instead of max-merged scene heatmap.
[PRSM] enabled: state_dim=128, routing=parts, source=input, bidirectional=True, params=299649
===========building pose-backbone (PSG) transformer===========
/home/afr/SOLIDER-REID-exp375-f566c0b/utils/metrics.py:66: UserWarning: This overload of addmm_ is deprecated:
	addmm_(Number beta, Number alpha, Tensor mat1, Tensor mat2)
Consider using one of the following signatures instead:
	addmm_(Tensor mat1, Tensor mat2, *, Number beta, Number alpha) (Triggered internally at ../torch/csrc/utils/python_arg_parser.cpp:1420.)
  dist_mat.addmm_(1, -2, qf, gf.t())
The test feature is normalized
=> Computing DistMat with euclidean_distance
matched_shuffle     mAP 0.5678 R1 0.6575 R5 0.8054 R10 0.8538
