/root/solider-venv/lib/python3.10/site-packages/torchvision/transforms/transforms.py:329: UserWarning: Argument 'interpolation' of type int is deprecated since 0.13 and will be removed in 0.15. Please use InterpolationMode enum.
  warnings.warn(
/home/afr/SOLIDER-REID-exp383-preflight-1bf9b22/model/backbones/swin_transformer.py:1193: UserWarning: DeprecationWarning: pretrained is deprecated, please use "init_cfg" instead
  warnings.warn('DeprecationWarning: pretrained is deprecated, '
=> Market1501 loaded
using img_triplet sampler
using Transformer_type: swin_tiny_patch4_window7_224 as a backbone
unloaded parameters: <All keys matched successfully>
===========building transformer===========
using soft triplet loss for training
run1 losses=17.43046379,37.13523102,30.19953728,31.17633438,17.68658829,19.81370163,19.52179337,23.49067307,16.98859787,15.75192070 model=7e8a2ae654fe0c396df5d45966477520d4de812fc7a06cb61bb12185562c9a34 optimizer=195ee2bbc608372cdf51f1187c4b19c8f6e3622cdded9986eb693f9f88d927aa scale=1024.0 seconds=2.17
=> Market1501 loaded
using img_triplet sampler
using Transformer_type: swin_tiny_patch4_window7_224 as a backbone
unloaded parameters: <All keys matched successfully>
===========building transformer===========
using soft triplet loss for training
run2 losses=17.43046379,37.13523102,30.19953728,31.17633438,17.68658829,19.81370163,19.52179337,23.49067307,16.98859787,15.75192070 model=7e8a2ae654fe0c396df5d45966477520d4de812fc7a06cb61bb12185562c9a34 optimizer=195ee2bbc608372cdf51f1187c4b19c8f6e3622cdded9986eb693f9f88d927aa scale=1024.0 seconds=1.51
EXP383_B0_TEN_STEP_PARITY_PASS
batch64 steps=10x2 workers=8 re_prob=0.5
model_sha=7e8a2ae654fe0c396df5d45966477520d4de812fc7a06cb61bb12185562c9a34 optimizer_sha=195ee2bbc608372cdf51f1187c4b19c8f6e3622cdded9986eb693f9f88d927aa
