/root/solider-venv/lib/python3.10/site-packages/torchvision/transforms/transforms.py:329: UserWarning: Argument 'interpolation' of type int is deprecated since 0.13 and will be removed in 0.15. Please use InterpolationMode enum.
  warnings.warn(
/home/afr/SOLIDER-REID-exp378-rg0-b126ef2/model/backbones/swin_transformer.py:1193: UserWarning: DeprecationWarning: pretrained is deprecated, please use "init_cfg" instead
  warnings.warn('DeprecationWarning: pretrained is deprecated, '
=> Occluded-DukeMTMC loaded
  Loaded pose index: data/occluded_duke/pose_data/train/index.json (15618 entries)
  Loaded pose index: data/occluded_duke/pose_data/train/index.json (15618 entries)
  Loaded pose index: data/occluded_duke/pose_data/_val_merged/index.json (18001 entries)
using img_triplet sampler
using Transformer_type: swin_tiny_patch4_window7_224 as a backbone
unloaded parameters: <All keys matched successfully>
[TAPF] enabled: source_stage=2, psg_stages=[3], TaskAdaptivePoseField(
  mode=f0, transition=sgd_relax, boot_epochs=10, handoff_start=6, max_shift=0.120, max_log_scale=0.500, params=85542
  (anchor): _LiteHRPoseAnchor(
    (stem): Sequential(
      (0): Conv2d(384, 64, kernel_size=(1, 1), stride=(1, 1), bias=False)
      (1): GroupNorm(8, 64, eps=1e-05, affine=True)
      (2): SiLU(inplace=True)
    )
    (high): _DepthwiseResidual(
      (dw): Conv2d(64, 64, kernel_size=(3, 3), stride=(1, 1), padding=(1, 1), groups=64, bias=False)
      (norm): GroupNorm(8, 64, eps=1e-05, affine=True)
      (pw): Conv2d(64, 64, kernel_size=(1, 1), stride=(1, 1), bias=False)
      (act): SiLU(inplace=True)
    )
    (context): Sequential(
      (0): Conv2d(64, 64, kernel_size=(3, 3), stride=(1, 1), padding=(1, 1), groups=64, bias=False)
      (1): GroupNorm(8, 64, eps=1e-05, affine=True)
      (2): SiLU(inplace=True)
      (3): Conv2d(64, 64, kernel_size=(1, 1), stride=(1, 1), bias=False)
    )
    (fuse): Sequential(
      (0): Conv2d(128, 64, kernel_size=(1, 1), stride=(1, 1), bias=False)
      (1): GroupNorm(8, 64, eps=1e-05, affine=True)
      (2): SiLU(inplace=True)
    )
    (up_refine_1): _DepthwiseResidual(
      (dw): Conv2d(64, 64, kernel_size=(3, 3), stride=(1, 1), padding=(1, 1), groups=64, bias=False)
      (norm): GroupNorm(8, 64, eps=1e-05, affine=True)
      (pw): Conv2d(64, 64, kernel_size=(1, 1), stride=(1, 1), bias=False)
      (act): SiLU(inplace=True)
    )
    (up_refine_2): _DepthwiseResidual(
      (dw): Conv2d(64, 64, kernel_size=(3, 3), stride=(1, 1), padding=(1, 1), groups=64, bias=False)
      (norm): GroupNorm(8, 64, eps=1e-05, affine=True)
      (pw): Conv2d(64, 64, kernel_size=(1, 1), stride=(1, 1), bias=False)
      (act): SiLU(inplace=True)
    )
    (heatmap_head): Conv2d(64, 17, kernel_size=(1, 1), stride=(1, 1))
    (confidence_head): Linear(in_features=384, out_features=17, bias=True)
  )
  (geometry_adapter): Sequential(
    (0): LayerNorm((384,), eps=1e-05, elementwise_affine=True)
    (1): Linear(in_features=384, out_features=64, bias=True)
    (2): SiLU(inplace=True)
    (3): Linear(in_features=64, out_features=4, bias=True)
  )
  (field_renderer): GaussianPoseFieldRenderer()
)
[POSE] POSE_USE_TARGET_HEATMAP=True: pose modules (PSG/LGPA/VCSR/PPA/STR/FSDC/...) will receive person-0 (target) heatmap instead of max-merged scene heatmap.
===========building pose-backbone (PSG) transformer===========
using Transformer_type: swin_tiny_patch4_window7_224 as a backbone
unloaded parameters: <All keys matched successfully>
[TAPF] enabled: source_stage=2, psg_stages=[3], TaskAdaptivePoseField(
  mode=p0, transition=sgd_relax, boot_epochs=10, handoff_start=6, max_shift=0.120, max_log_scale=0.500, params=85542
  (anchor): _LiteHRPoseAnchor(
    (stem): Sequential(
      (0): Conv2d(384, 64, kernel_size=(1, 1), stride=(1, 1), bias=False)
      (1): GroupNorm(8, 64, eps=1e-05, affine=True)
      (2): SiLU(inplace=True)
    )
    (high): _DepthwiseResidual(
      (dw): Conv2d(64, 64, kernel_size=(3, 3), stride=(1, 1), padding=(1, 1), groups=64, bias=False)
      (norm): GroupNorm(8, 64, eps=1e-05, affine=True)
      (pw): Conv2d(64, 64, kernel_size=(1, 1), stride=(1, 1), bias=False)
      (act): SiLU(inplace=True)
    )
    (context): Sequential(
      (0): Conv2d(64, 64, kernel_size=(3, 3), stride=(1, 1), padding=(1, 1), groups=64, bias=False)
      (1): GroupNorm(8, 64, eps=1e-05, affine=True)
      (2): SiLU(inplace=True)
      (3): Conv2d(64, 64, kernel_size=(1, 1), stride=(1, 1), bias=False)
    )
    (fuse): Sequential(
      (0): Conv2d(128, 64, kernel_size=(1, 1), stride=(1, 1), bias=False)
      (1): GroupNorm(8, 64, eps=1e-05, affine=True)
      (2): SiLU(inplace=True)
    )
    (up_refine_1): _DepthwiseResidual(
      (dw): Conv2d(64, 64, kernel_size=(3, 3), stride=(1, 1), padding=(1, 1), groups=64, bias=False)
      (norm): GroupNorm(8, 64, eps=1e-05, affine=True)
      (pw): Conv2d(64, 64, kernel_size=(1, 1), stride=(1, 1), bias=False)
      (act): SiLU(inplace=True)
    )
    (up_refine_2): _DepthwiseResidual(
      (dw): Conv2d(64, 64, kernel_size=(3, 3), stride=(1, 1), padding=(1, 1), groups=64, bias=False)
      (norm): GroupNorm(8, 64, eps=1e-05, affine=True)
      (pw): Conv2d(64, 64, kernel_size=(1, 1), stride=(1, 1), bias=False)
      (act): SiLU(inplace=True)
    )
    (heatmap_head): Conv2d(64, 17, kernel_size=(1, 1), stride=(1, 1))
    (confidence_head): Linear(in_features=384, out_features=17, bias=True)
  )
  (geometry_adapter): Sequential(
    (0): LayerNorm((384,), eps=1e-05, elementwise_affine=True)
    (1): Linear(in_features=384, out_features=64, bias=True)
    (2): SiLU(inplace=True)
    (3): Linear(in_features=64, out_features=4, bias=True)
  )
  (field_renderer): GaussianPoseFieldRenderer()
)
[POSE] POSE_USE_TARGET_HEATMAP=True: pose modules (PSG/LGPA/VCSR/PPA/STR/FSDC/...) will receive person-0 (target) heatmap instead of max-merged scene heatmap.
===========building pose-backbone (PSG) transformer===========
TAPF_PRE_REFACTOR_CUDA_EXACT_PARITY_PASS comparisons=48
OLD_CHECKPOINT_STRICT_LOAD_PASS arm=MRF0 tensors=259 sha256=0eb0499038af84fcbc524018cff77496321700a7e52e9bc6789ee4e65997c461
OLD_CHECKPOINT_STRICT_LOAD_PASS arm=MRP0 tensors=259 sha256=a31a1d39e65c913ce2ad11bc2b905c2be58a0674ca9b88764383084fdf454be7
RG0_TAPF_REGRESSION_PASS head=3f789f06c494b179f597ac96485284c48d31d11a torch=1.13.1+cu117 cuda=11.7
