Config:
-----------------------------------------
AUG:
  RC_PROB: 0.5
  RE_PROB: 0.5
  RF_PROB: 0.5
DATA:
  DATASET: prcc
  HEIGHT: 384
  NUM_INSTANCES: 8
  NUM_WORKERS: 4
  OCC:
    APPEARANCE: black
    CONF_THRESH: 0.2
    ENABLED: True
    EVAL_MODE: M1
    GALLERY_OCC_PROB: 0.0
    NUM_PARTS: 4
    POSE_MD5: 038eb178525abd275e0d3f5d12458bd5
    POSE_NPY: /mnt1/afrdata/prcc_pose.npy
    POSE_ROOT: /mnt1/afrdata/prcc
    QUERY_OCC_PROB: 1.0
    TRAIN_OCC_PROB: 0.5
  ROOT: /mnt1/afrdata
  TEST_BATCH: 128
  TRAIN_BATCH: 64
  WIDTH: 192
EVAL_MODE: False
GPU: 0
LOSS:
  CAL: cal
  CLA_LOSS: crossentropylabelsmooth
  CLA_M: 0.0
  CLA_S: 16.0
  CLOTHES_CLA_LOSS: cosface
  EPSILON: 0.1
  MOMENTUM: 0.0
  PAIR_LOSS: triplet
  PAIR_LOSS_WEIGHT: 0.0
  PAIR_M: 0.3
  PAIR_S: 16.0
MODEL:
  CGSG:
    ENABLED: False
    INIT_BIAS: 4.0
    NUM_KP: 17
    POSE_MD5: 
    POSE_NPY: 
    POSE_ROOT: 
    SIGMA: 1.5
    ZERO_POSE: False
  DSBE:
    CONF_THRESH: 0.1
    CONS_WEIGHT: 1.0
    ENABLED: False
    FUSE_WEIGHT: 1.0
    HIDDEN: 128
    NUM_KP: 17
    OUT_DIM: 512
    POSE_MD5: 
    POSE_NPY: 
    POSE_ROOT: 
    SHUFFLE: False
  FEATURE_DIM: 4096
  NAME: resnet50
  POOLING:
    NAME: maxavg
    P: 3
  RES4_STRIDE: 1
  RESUME: 
  UPCG:
    ENABLED: False
    LAMBDA_VIS: 1.0
    ZERO_POSE: False
OUTPUT: /home/afr/Simple-CCReID/logs/prcc/res50-cels-cal-occ-prcc-seed0
SEED: 0
TAG: res50-cels-cal-occ-prcc-seed0
TEST:
  EVAL_STEP: 5
  START_EVAL: 0
TRAIN:
  AMP: False
  LR_SCHEDULER:
    DECAY_RATE: 0.1
    STEPSIZE: [20, 40]
  MAX_EPOCH: 60
  OPTIMIZER:
    LR: 0.00035
    NAME: adam
    WEIGHT_DECAY: 0.0005
  START_EPOCH: 0
  START_EPOCH_ADV: 25
  START_EPOCH_CC: 25
-----------------------------------------
=> PRCC loaded
Dataset statistics:
  --------------------------------------------
  subset      | # ids | # images | # clothes
  --------------------------------------------
  train       |   149 |    17753 |       298
  val         |   150 |     5002 |       300
  test        |    71 |    10800 |       142
  query(same) |    71 |     3873 |
  query(diff) |    71 |     3543 |
  gallery     |    71 |     3384 |
  --------------------------------------------
  total       |   220 |    33555 |       440
  --------------------------------------------
Initializing model: resnet50
Init model: 'resnet50'
/home/afr/Simple-CCReID/.venv/lib/python3.10/site-packages/torchvision/models/_utils.py:208: UserWarning: The parameter 'pretrained' is deprecated since 0.13 and may be removed in the future, please use 'weights' instead.
  warnings.warn(
/home/afr/Simple-CCReID/.venv/lib/python3.10/site-packages/torchvision/models/_utils.py:223: UserWarning: Arguments other than a weight enum or `None` for 'weights' are deprecated since 0.13 and may be removed in the future. The current behavior is equivalent to passing `weights=ResNet50_Weights.IMAGENET1K_V1`. You can also use `weights=ResNet50_Weights.DEFAULT` to get the most up-to-date weights.
  warnings.warn(msg)
Model size: 23.51622M
==> Start training
Epoch1 Time:46.7s Data:1.2s ClaLoss:2.9744 PairLoss:0.5508 CloLoss:5.7264 AdvLoss:5.7232 GeoLoss:0.0000 Acc:44.60% CloAcc:0.46% 
Epoch2 Time:46.2s Data:1.1s ClaLoss:1.4342 PairLoss:0.3946 CloLoss:5.7204 AdvLoss:5.7173 GeoLoss:0.0000 Acc:88.39% CloAcc:0.47% 
Epoch3 Time:46.2s Data:1.1s ClaLoss:1.2311 PairLoss:0.3741 CloLoss:5.7227 AdvLoss:5.7192 GeoLoss:0.0000 Acc:94.62% CloAcc:0.35% 
Epoch4 Time:46.3s Data:1.1s ClaLoss:1.1480 PairLoss:0.3597 CloLoss:5.7210 AdvLoss:5.7180 GeoLoss:0.0000 Acc:96.76% CloAcc:0.44% 
Epoch5 Time:46.2s Data:1.1s ClaLoss:1.1030 PairLoss:0.3540 CloLoss:5.7217 AdvLoss:5.7188 GeoLoss:0.0000 Acc:97.66% CloAcc:0.42% 
==> Test
Extracted features for query set (with same clothes), obtained torch.Size([3873, 4096]) matrix
Extracted features for query set (with different clothes), obtained torch.Size([3543, 4096]) matrix
Extracted features for gallery set, obtained torch.Size([3384, 4096]) matrix
Extracting features complete in 0m 20s
Computing CMC and mAP for the same clothes setting
Results ---------------------------------------------------
top1:94.8% top5:97.8% top10:98.6% top20:99.2% mAP:89.0%
-----------------------------------------------------------
Computing CMC and mAP only for clothes changing
Results ---------------------------------------------------
top1:36.5% top5:44.4% top10:47.9% top20:51.7% mAP:35.5%
-----------------------------------------------------------
Epoch6 Time:46.3s Data:1.1s ClaLoss:1.0916 PairLoss:0.3552 CloLoss:5.7165 AdvLoss:5.7136 GeoLoss:0.0000 Acc:97.91% CloAcc:0.42% 
Epoch7 Time:46.3s Data:1.1s ClaLoss:1.0600 PairLoss:0.3468 CloLoss:5.7228 AdvLoss:5.7196 GeoLoss:0.0000 Acc:98.58% CloAcc:0.42% 
Epoch8 Time:46.3s Data:1.1s ClaLoss:1.0575 PairLoss:0.3457 CloLoss:5.7240 AdvLoss:5.7211 GeoLoss:0.0000 Acc:98.57% CloAcc:0.31% 
Epoch9 Time:46.3s Data:1.1s ClaLoss:1.0297 PairLoss:0.3348 CloLoss:5.7216 AdvLoss:5.7186 GeoLoss:0.0000 Acc:98.97% CloAcc:0.36% 
Epoch10 Time:46.3s Data:1.1s ClaLoss:1.0365 PairLoss:0.3346 CloLoss:5.7241 AdvLoss:5.7209 GeoLoss:0.0000 Acc:98.94% CloAcc:0.43% 
==> Test
Extracted features for query set (with same clothes), obtained torch.Size([3873, 4096]) matrix
Extracted features for query set (with different clothes), obtained torch.Size([3543, 4096]) matrix
Extracted features for gallery set, obtained torch.Size([3384, 4096]) matrix
Extracting features complete in 0m 20s
Computing CMC and mAP for the same clothes setting
Results ---------------------------------------------------
top1:94.1% top5:96.4% top10:97.0% top20:97.9% mAP:89.7%
-----------------------------------------------------------
Computing CMC and mAP only for clothes changing
Results ---------------------------------------------------
top1:36.8% top5:43.8% top10:46.6% top20:49.5% mAP:35.8%
-----------------------------------------------------------
Epoch11 Time:46.3s Data:1.1s ClaLoss:1.0114 PairLoss:0.3291 CloLoss:5.7260 AdvLoss:5.7229 GeoLoss:0.0000 Acc:99.29% CloAcc:0.30% 
Epoch12 Time:46.3s Data:1.1s ClaLoss:1.0007 PairLoss:0.3187 CloLoss:5.7277 AdvLoss:5.7244 GeoLoss:0.0000 Acc:99.24% CloAcc:0.41% 
Epoch13 Time:46.3s Data:1.1s ClaLoss:1.0031 PairLoss:0.3182 CloLoss:5.7270 AdvLoss:5.7237 GeoLoss:0.0000 Acc:99.33% CloAcc:0.42% 
Epoch14 Time:46.3s Data:1.1s ClaLoss:0.9922 PairLoss:0.3157 CloLoss:5.7225 AdvLoss:5.7195 GeoLoss:0.0000 Acc:99.34% CloAcc:0.36% 
Epoch15 Time:46.3s Data:1.1s ClaLoss:0.9830 PairLoss:0.3089 CloLoss:5.7243 AdvLoss:5.7211 GeoLoss:0.0000 Acc:99.44% CloAcc:0.40% 
==> Test
Extracted features for query set (with same clothes), obtained torch.Size([3873, 4096]) matrix
Extracted features for query set (with different clothes), obtained torch.Size([3543, 4096]) matrix
Extracted features for gallery set, obtained torch.Size([3384, 4096]) matrix
Extracting features complete in 0m 20s
Computing CMC and mAP for the same clothes setting
Results ---------------------------------------------------
top1:96.3% top5:97.8% top10:98.4% top20:99.3% mAP:92.8%
-----------------------------------------------------------
Computing CMC and mAP only for clothes changing
Results ---------------------------------------------------
top1:41.0% top5:48.1% top10:51.8% top20:55.6% mAP:39.1%
-----------------------------------------------------------
Epoch16 Time:46.3s Data:1.1s ClaLoss:0.9817 PairLoss:0.3050 CloLoss:5.7212 AdvLoss:5.7183 GeoLoss:0.0000 Acc:99.49% CloAcc:0.32% 
Epoch17 Time:46.3s Data:1.1s ClaLoss:0.9792 PairLoss:0.3084 CloLoss:5.7186 AdvLoss:5.7158 GeoLoss:0.0000 Acc:99.49% CloAcc:0.38% 
Epoch18 Time:46.3s Data:1.1s ClaLoss:0.9713 PairLoss:0.3013 CloLoss:5.7253 AdvLoss:5.7222 GeoLoss:0.0000 Acc:99.49% CloAcc:0.30% 
Epoch19 Time:46.3s Data:1.1s ClaLoss:0.9720 PairLoss:0.2998 CloLoss:5.7224 AdvLoss:5.7194 GeoLoss:0.0000 Acc:99.51% CloAcc:0.32% 
Epoch20 Time:46.3s Data:1.1s ClaLoss:0.9714 PairLoss:0.3005 CloLoss:5.7214 AdvLoss:5.7186 GeoLoss:0.0000 Acc:99.53% CloAcc:0.33% 
==> Test
Extracted features for query set (with same clothes), obtained torch.Size([3873, 4096]) matrix
Extracted features for query set (with different clothes), obtained torch.Size([3543, 4096]) matrix
Extracted features for gallery set, obtained torch.Size([3384, 4096]) matrix
Extracting features complete in 0m 20s
Computing CMC and mAP for the same clothes setting
Results ---------------------------------------------------
top1:97.0% top5:98.4% top10:98.8% top20:99.2% mAP:95.1%
-----------------------------------------------------------
Computing CMC and mAP only for clothes changing
Results ---------------------------------------------------
top1:43.2% top5:51.1% top10:54.2% top20:58.2% mAP:43.5%
-----------------------------------------------------------
Epoch21 Time:46.3s Data:1.1s ClaLoss:0.9226 PairLoss:0.2828 CloLoss:5.7194 AdvLoss:5.7163 GeoLoss:0.0000 Acc:99.88% CloAcc:0.46% 
Epoch22 Time:46.3s Data:1.1s ClaLoss:0.9042 PairLoss:0.2868 CloLoss:5.7179 AdvLoss:5.7149 GeoLoss:0.0000 Acc:99.95% CloAcc:0.37% 
Epoch23 Time:46.3s Data:1.1s ClaLoss:0.8987 PairLoss:0.2862 CloLoss:5.7180 AdvLoss:5.7150 GeoLoss:0.0000 Acc:99.95% CloAcc:0.42% 
Epoch24 Time:46.3s Data:1.1s ClaLoss:0.8906 PairLoss:0.2806 CloLoss:5.7162 AdvLoss:5.7133 GeoLoss:0.0000 Acc:99.94% CloAcc:0.33% 
Epoch25 Time:46.3s Data:1.1s ClaLoss:0.8894 PairLoss:0.2720 CloLoss:5.7135 AdvLoss:5.7105 GeoLoss:0.0000 Acc:99.95% CloAcc:0.41% 
==> Test
Extracted features for query set (with same clothes), obtained torch.Size([3873, 4096]) matrix
Extracted features for query set (with different clothes), obtained torch.Size([3543, 4096]) matrix
Extracted features for gallery set, obtained torch.Size([3384, 4096]) matrix
Extracting features complete in 0m 20s
Computing CMC and mAP for the same clothes setting
Results ---------------------------------------------------
top1:98.8% top5:99.5% top10:99.7% top20:99.8% mAP:96.2%
-----------------------------------------------------------
Computing CMC and mAP only for clothes changing
Results ---------------------------------------------------
top1:45.8% top5:53.1% top10:56.6% top20:60.0% mAP:44.4%
-----------------------------------------------------------
Epoch26 Time:46.7s Data:1.1s ClaLoss:0.9149 PairLoss:0.2398 CloLoss:2.2457 AdvLoss:2.2613 GeoLoss:0.0000 Acc:99.92% CloAcc:81.83% 
Epoch27 Time:46.7s Data:1.1s ClaLoss:0.9060 PairLoss:0.1878 CloLoss:0.2842 AdvLoss:0.3875 GeoLoss:0.0000 Acc:99.94% CloAcc:99.46% 
Epoch28 Time:46.7s Data:1.1s ClaLoss:0.8973 PairLoss:0.1501 CloLoss:0.1418 AdvLoss:0.2337 GeoLoss:0.0000 Acc:99.97% CloAcc:99.72% 
Epoch29 Time:46.6s Data:1.1s ClaLoss:0.8905 PairLoss:0.1216 CloLoss:0.0983 AdvLoss:0.1744 GeoLoss:0.0000 Acc:99.95% CloAcc:99.84% 
Epoch30 Time:46.7s Data:1.1s ClaLoss:0.8899 PairLoss:0.1013 CloLoss:0.0833 AdvLoss:0.1479 GeoLoss:0.0000 Acc:99.94% CloAcc:99.87% 
==> Test
Extracted features for query set (with same clothes), obtained torch.Size([3873, 4096]) matrix
Extracted features for query set (with different clothes), obtained torch.Size([3543, 4096]) matrix
Extracted features for gallery set, obtained torch.Size([3384, 4096]) matrix
Extracting features complete in 0m 20s
Computing CMC and mAP for the same clothes setting
Results ---------------------------------------------------
top1:99.5% top5:99.8% top10:99.9% top20:100.0% mAP:98.4%
-----------------------------------------------------------
Computing CMC and mAP only for clothes changing
Results ---------------------------------------------------
top1:53.5% top5:59.3% top10:62.1% top20:64.9% mAP:53.7%
-----------------------------------------------------------
Epoch31 Time:46.6s Data:1.1s ClaLoss:0.8870 PairLoss:0.0861 CloLoss:0.0756 AdvLoss:0.1296 GeoLoss:0.0000 Acc:99.97% CloAcc:99.88% 
Epoch32 Time:46.7s Data:1.1s ClaLoss:0.8868 PairLoss:0.0720 CloLoss:0.0725 AdvLoss:0.1176 GeoLoss:0.0000 Acc:99.97% CloAcc:99.90% 
Epoch33 Time:46.7s Data:1.1s ClaLoss:0.8856 PairLoss:0.0623 CloLoss:0.0726 AdvLoss:0.1103 GeoLoss:0.0000 Acc:99.95% CloAcc:99.89% 
Epoch34 Time:46.7s Data:1.1s ClaLoss:0.8816 PairLoss:0.0521 CloLoss:0.0719 AdvLoss:0.1030 GeoLoss:0.0000 Acc:99.97% CloAcc:99.90% 
Epoch35 Time:46.7s Data:1.1s ClaLoss:0.8783 PairLoss:0.0433 CloLoss:0.0753 AdvLoss:0.0977 GeoLoss:0.0000 Acc:99.98% CloAcc:99.89% 
==> Test
Extracted features for query set (with same clothes), obtained torch.Size([3873, 4096]) matrix
Extracted features for query set (with different clothes), obtained torch.Size([3543, 4096]) matrix
Extracted features for gallery set, obtained torch.Size([3384, 4096]) matrix
Extracting features complete in 0m 20s
Computing CMC and mAP for the same clothes setting
Results ---------------------------------------------------
top1:99.7% top5:99.9% top10:99.9% top20:100.0% mAP:98.7%
-----------------------------------------------------------
Computing CMC and mAP only for clothes changing
Results ---------------------------------------------------
top1:55.0% top5:60.6% top10:62.9% top20:66.3% mAP:55.1%
-----------------------------------------------------------
Epoch36 Time:46.7s Data:1.1s ClaLoss:0.8764 PairLoss:0.0378 CloLoss:0.0794 AdvLoss:0.0954 GeoLoss:0.0000 Acc:99.99% CloAcc:99.87% 
Epoch37 Time:46.7s Data:1.1s ClaLoss:0.8765 PairLoss:0.0315 CloLoss:0.0804 AdvLoss:0.0924 GeoLoss:0.0000 Acc:99.95% CloAcc:99.84% 
Epoch38 Time:46.6s Data:1.1s ClaLoss:0.8765 PairLoss:0.0293 CloLoss:0.0862 AdvLoss:0.0922 GeoLoss:0.0000 Acc:99.97% CloAcc:99.80% 
Epoch39 Time:46.7s Data:1.1s ClaLoss:0.8763 PairLoss:0.0259 CloLoss:0.0880 AdvLoss:0.0908 GeoLoss:0.0000 Acc:99.98% CloAcc:99.77% 
Epoch40 Time:46.7s Data:1.1s ClaLoss:0.8728 PairLoss:0.0232 CloLoss:0.0874 AdvLoss:0.0861 GeoLoss:0.0000 Acc:99.95% CloAcc:99.81% 
==> Test
Extracted features for query set (with same clothes), obtained torch.Size([3873, 4096]) matrix
Extracted features for query set (with different clothes), obtained torch.Size([3543, 4096]) matrix
Extracted features for gallery set, obtained torch.Size([3384, 4096]) matrix
Extracting features complete in 0m 20s
Computing CMC and mAP for the same clothes setting
Results ---------------------------------------------------
top1:99.6% top5:99.8% top10:99.8% top20:99.9% mAP:98.4%
-----------------------------------------------------------
Computing CMC and mAP only for clothes changing
Results ---------------------------------------------------
top1:54.8% top5:60.3% top10:62.9% top20:65.9% mAP:54.6%
-----------------------------------------------------------
Epoch41 Time:46.7s Data:1.1s ClaLoss:0.8677 PairLoss:0.0169 CloLoss:0.0823 AdvLoss:0.0792 GeoLoss:0.0000 Acc:99.97% CloAcc:99.82% 
Epoch42 Time:46.7s Data:1.1s ClaLoss:0.8652 PairLoss:0.0135 CloLoss:0.0796 AdvLoss:0.0752 GeoLoss:0.0000 Acc:99.97% CloAcc:99.78% 
Epoch43 Time:46.6s Data:1.1s ClaLoss:0.8635 PairLoss:0.0133 CloLoss:0.0786 AdvLoss:0.0742 GeoLoss:0.0000 Acc:99.98% CloAcc:99.88% 
Epoch44 Time:46.6s Data:1.1s ClaLoss:0.8634 PairLoss:0.0117 CloLoss:0.0791 AdvLoss:0.0726 GeoLoss:0.0000 Acc:99.99% CloAcc:99.86% 
Epoch45 Time:46.6s Data:1.1s ClaLoss:0.8632 PairLoss:0.0123 CloLoss:0.0802 AdvLoss:0.0721 GeoLoss:0.0000 Acc:99.97% CloAcc:99.79% 
==> Test
Extracted features for query set (with same clothes), obtained torch.Size([3873, 4096]) matrix
Extracted features for query set (with different clothes), obtained torch.Size([3543, 4096]) matrix
Extracted features for gallery set, obtained torch.Size([3384, 4096]) matrix
Extracting features complete in 0m 20s
Computing CMC and mAP for the same clothes setting
Results ---------------------------------------------------
top1:99.7% top5:99.9% top10:99.9% top20:99.9% mAP:98.4%
-----------------------------------------------------------
Computing CMC and mAP only for clothes changing
Results ---------------------------------------------------
top1:54.1% top5:60.2% top10:62.8% top20:66.0% mAP:54.9%
-----------------------------------------------------------
Epoch46 Time:46.8s Data:1.2s ClaLoss:0.8630 PairLoss:0.0119 CloLoss:0.0872 AdvLoss:0.0746 GeoLoss:0.0000 Acc:99.99% CloAcc:99.79% 
Epoch47 Time:46.6s Data:1.1s ClaLoss:0.8633 PairLoss:0.0111 CloLoss:0.0852 AdvLoss:0.0734 GeoLoss:0.0000 Acc:99.98% CloAcc:99.79% 
Epoch48 Time:46.6s Data:1.1s ClaLoss:0.8616 PairLoss:0.0111 CloLoss:0.0837 AdvLoss:0.0712 GeoLoss:0.0000 Acc:99.98% CloAcc:99.82% 
Epoch49 Time:46.7s Data:1.1s ClaLoss:0.8607 PairLoss:0.0095 CloLoss:0.0818 AdvLoss:0.0691 GeoLoss:0.0000 Acc:99.99% CloAcc:99.83% 
Epoch50 Time:46.7s Data:1.2s ClaLoss:0.8615 PairLoss:0.0101 CloLoss:0.0815 AdvLoss:0.0693 GeoLoss:0.0000 Acc:100.00% CloAcc:99.84% 
==> Test
Extracted features for query set (with same clothes), obtained torch.Size([3873, 4096]) matrix
Extracted features for query set (with different clothes), obtained torch.Size([3543, 4096]) matrix
Extracted features for gallery set, obtained torch.Size([3384, 4096]) matrix
Extracting features complete in 0m 20s
Computing CMC and mAP for the same clothes setting
Results ---------------------------------------------------
top1:99.6% top5:99.9% top10:99.9% top20:100.0% mAP:98.5%
-----------------------------------------------------------
Computing CMC and mAP only for clothes changing
Results ---------------------------------------------------
top1:54.8% top5:61.0% top10:63.8% top20:66.8% mAP:55.4%
-----------------------------------------------------------
Epoch51 Time:47.0s Data:1.5s ClaLoss:0.8605 PairLoss:0.0092 CloLoss:0.0879 AdvLoss:0.0706 GeoLoss:0.0000 Acc:99.98% CloAcc:99.74% 
Epoch52 Time:46.7s Data:1.1s ClaLoss:0.8604 PairLoss:0.0083 CloLoss:0.0865 AdvLoss:0.0698 GeoLoss:0.0000 Acc:100.00% CloAcc:99.79% 
Epoch53 Time:46.7s Data:1.1s ClaLoss:0.8601 PairLoss:0.0093 CloLoss:0.0884 AdvLoss:0.0695 GeoLoss:0.0000 Acc:99.97% CloAcc:99.80% 
Epoch54 Time:46.7s Data:1.1s ClaLoss:0.8609 PairLoss:0.0084 CloLoss:0.0857 AdvLoss:0.0682 GeoLoss:0.0000 Acc:99.99% CloAcc:99.76% 
Epoch55 Time:46.7s Data:1.1s ClaLoss:0.8602 PairLoss:0.0079 CloLoss:0.0850 AdvLoss:0.0679 GeoLoss:0.0000 Acc:99.98% CloAcc:99.74% 
==> Test
Extracted features for query set (with same clothes), obtained torch.Size([3873, 4096]) matrix
Extracted features for query set (with different clothes), obtained torch.Size([3543, 4096]) matrix
Extracted features for gallery set, obtained torch.Size([3384, 4096]) matrix
Extracting features complete in 0m 20s
Computing CMC and mAP for the same clothes setting
Results ---------------------------------------------------
top1:99.6% top5:99.9% top10:99.9% top20:99.9% mAP:98.3%
-----------------------------------------------------------
Computing CMC and mAP only for clothes changing
Results ---------------------------------------------------
top1:54.4% top5:59.9% top10:63.2% top20:66.0% mAP:55.1%
-----------------------------------------------------------
Epoch56 Time:46.7s Data:1.2s ClaLoss:0.8589 PairLoss:0.0084 CloLoss:0.0872 AdvLoss:0.0679 GeoLoss:0.0000 Acc:99.97% CloAcc:99.73% 
Epoch57 Time:46.7s Data:1.1s ClaLoss:0.8592 PairLoss:0.0072 CloLoss:0.0880 AdvLoss:0.0664 GeoLoss:0.0000 Acc:99.97% CloAcc:99.79% 
Epoch58 Time:46.7s Data:1.1s ClaLoss:0.8594 PairLoss:0.0074 CloLoss:0.0910 AdvLoss:0.0673 GeoLoss:0.0000 Acc:99.98% CloAcc:99.73% 
Epoch59 Time:46.7s Data:1.1s ClaLoss:0.8588 PairLoss:0.0067 CloLoss:0.0874 AdvLoss:0.0663 GeoLoss:0.0000 Acc:100.00% CloAcc:99.84% 
Epoch60 Time:46.7s Data:1.1s ClaLoss:0.8583 PairLoss:0.0064 CloLoss:0.0875 AdvLoss:0.0644 GeoLoss:0.0000 Acc:99.98% CloAcc:99.79% 
==> Test
Extracted features for query set (with same clothes), obtained torch.Size([3873, 4096]) matrix
Extracted features for query set (with different clothes), obtained torch.Size([3543, 4096]) matrix
Extracted features for gallery set, obtained torch.Size([3384, 4096]) matrix
Extracting features complete in 0m 20s
Computing CMC and mAP for the same clothes setting
Results ---------------------------------------------------
top1:99.7% top5:99.9% top10:99.9% top20:100.0% mAP:98.3%
-----------------------------------------------------------
Computing CMC and mAP only for clothes changing
Results ---------------------------------------------------
top1:53.6% top5:59.2% top10:62.4% top20:65.5% mAP:54.8%
-----------------------------------------------------------
==> Best Rank-1 55.0%, achieved at epoch 35
Finished. Total elapsed time (h:m:s): 0:50:52. Training time (h:m:s): 0:46:36.
[rank0]:[W530 22:11:19.740366023 ProcessGroupNCCL.cpp:1496] Warning: WARNING: destroy_process_group() was not called before program exit, which can leak resources. For more info, please see https://pytorch.org/docs/stable/distributed.html#shutdown (function operator())
