Config:
-----------------------------------------
AUG:
  RC_PROB: 0.5
  RE_PROB: 0.5
  RF_PROB: 0.5
DATA:
  DATASET: prcc
  HEIGHT: 384
  NUM_INSTANCES: 8
  NUM_WORKERS: 4
  OCC:
    APPEARANCE: black
    CONF_THRESH: 0.2
    ENABLED: True
    EVAL_MODE: M1
    GALLERY_OCC_PROB: 0.0
    NUM_PARTS: 4
    POSE_MD5: 038eb178525abd275e0d3f5d12458bd5
    POSE_NPY: /mnt1/afrdata/prcc_pose.npy
    POSE_ROOT: /mnt1/afrdata/prcc
    QUERY_OCC_PROB: 0.0
    TRAIN_OCC_PROB: 0.0
  ROOT: /mnt1/afrdata
  TEST_BATCH: 128
  TRAIN_BATCH: 64
  WIDTH: 192
EVAL_MODE: False
GPU: 0
LOSS:
  CAL: cal
  CLA_LOSS: crossentropylabelsmooth
  CLA_M: 0.0
  CLA_S: 16.0
  CLOTHES_CLA_LOSS: cosface
  EPSILON: 0.1
  MOMENTUM: 0.0
  PAIR_LOSS: triplet
  PAIR_LOSS_WEIGHT: 0.0
  PAIR_M: 0.3
  PAIR_S: 16.0
MODEL:
  CGSG:
    ENABLED: False
    INIT_BIAS: 4.0
    NUM_KP: 17
    POSE_MD5: 
    POSE_NPY: 
    POSE_ROOT: 
    SIGMA: 1.5
    ZERO_POSE: False
  DSBE:
    CONF_THRESH: 0.1
    CONS_WEIGHT: 1.0
    ENABLED: False
    FUSE_WEIGHT: 1.0
    HIDDEN: 128
    NUM_KP: 17
    OUT_DIM: 512
    POSE_MD5: 
    POSE_NPY: 
    POSE_ROOT: 
    SHUFFLE: False
  FEATURE_DIM: 4096
  NAME: resnet50
  POOLING:
    NAME: maxavg
    P: 3
  RES4_STRIDE: 1
  RESUME: 
  UPCG:
    ENABLED: False
    LAMBDA_VIS: 1.0
    ZERO_POSE: False
OUTPUT: /home/afr/Simple-CCReID/logs/prcc/res50-cels-cal-occ-clean-prcc-seed2
SEED: 2
TAG: res50-cels-cal-occ-clean-prcc-seed2
TEST:
  EVAL_STEP: 5
  START_EVAL: 0
TRAIN:
  AMP: False
  LR_SCHEDULER:
    DECAY_RATE: 0.1
    STEPSIZE: [20, 40]
  MAX_EPOCH: 60
  OPTIMIZER:
    LR: 0.00035
    NAME: adam
    WEIGHT_DECAY: 0.0005
  START_EPOCH: 0
  START_EPOCH_ADV: 25
  START_EPOCH_CC: 25
-----------------------------------------
=> PRCC loaded
Dataset statistics:
  --------------------------------------------
  subset      | # ids | # images | # clothes
  --------------------------------------------
  train       |   149 |    17753 |       298
  val         |   150 |     5002 |       300
  test        |    71 |    10800 |       142
  query(same) |    71 |     3873 |
  query(diff) |    71 |     3543 |
  gallery     |    71 |     3384 |
  --------------------------------------------
  total       |   220 |    33555 |       440
  --------------------------------------------
Initializing model: resnet50
Init model: 'resnet50'
/home/afr/Simple-CCReID/.venv/lib/python3.10/site-packages/torchvision/models/_utils.py:208: UserWarning: The parameter 'pretrained' is deprecated since 0.13 and may be removed in the future, please use 'weights' instead.
  warnings.warn(
/home/afr/Simple-CCReID/.venv/lib/python3.10/site-packages/torchvision/models/_utils.py:223: UserWarning: Arguments other than a weight enum or `None` for 'weights' are deprecated since 0.13 and may be removed in the future. The current behavior is equivalent to passing `weights=ResNet50_Weights.IMAGENET1K_V1`. You can also use `weights=ResNet50_Weights.DEFAULT` to get the most up-to-date weights.
  warnings.warn(msg)
Model size: 23.51622M
==> Start training
Epoch1 Time:46.6s Data:1.2s ClaLoss:2.5873 PairLoss:0.4466 CloLoss:5.7304 AdvLoss:5.7269 GeoLoss:0.0000 Acc:56.51% CloAcc:0.45% 
Epoch2 Time:46.2s Data:1.1s ClaLoss:1.2351 PairLoss:0.3078 CloLoss:5.7322 AdvLoss:5.7287 GeoLoss:0.0000 Acc:94.22% CloAcc:0.52% 
Epoch3 Time:46.2s Data:1.1s ClaLoss:1.1250 PairLoss:0.2931 CloLoss:5.7304 AdvLoss:5.7271 GeoLoss:0.0000 Acc:97.09% CloAcc:0.42% 
Epoch4 Time:46.2s Data:1.1s ClaLoss:1.0778 PairLoss:0.2890 CloLoss:5.7254 AdvLoss:5.7219 GeoLoss:0.0000 Acc:98.05% CloAcc:0.35% 
Epoch5 Time:46.2s Data:1.1s ClaLoss:1.0496 PairLoss:0.2833 CloLoss:5.7301 AdvLoss:5.7264 GeoLoss:0.0000 Acc:98.53% CloAcc:0.43% 
==> Test
Extracted features for query set (with same clothes), obtained torch.Size([3873, 4096]) matrix
Extracted features for query set (with different clothes), obtained torch.Size([3543, 4096]) matrix
Extracted features for gallery set, obtained torch.Size([3384, 4096]) matrix
Extracting features complete in 0m 20s
Computing CMC and mAP for the same clothes setting
Results ---------------------------------------------------
top1:99.0% top5:99.8% top10:99.9% top20:99.9% mAP:94.3%
-----------------------------------------------------------
Computing CMC and mAP only for clothes changing
Results ---------------------------------------------------
top1:39.1% top5:45.6% top10:48.2% top20:51.4% mAP:35.4%
-----------------------------------------------------------
Epoch6 Time:46.2s Data:1.1s ClaLoss:1.0469 PairLoss:0.2878 CloLoss:5.7286 AdvLoss:5.7248 GeoLoss:0.0000 Acc:98.63% CloAcc:0.45% 
Epoch7 Time:46.3s Data:1.1s ClaLoss:1.0083 PairLoss:0.2819 CloLoss:5.7225 AdvLoss:5.7188 GeoLoss:0.0000 Acc:99.09% CloAcc:0.58% 
Epoch8 Time:46.3s Data:1.1s ClaLoss:1.0215 PairLoss:0.2813 CloLoss:5.7184 AdvLoss:5.7153 GeoLoss:0.0000 Acc:98.90% CloAcc:0.61% 
Epoch9 Time:46.3s Data:1.1s ClaLoss:0.9921 PairLoss:0.2746 CloLoss:5.7278 AdvLoss:5.7242 GeoLoss:0.0000 Acc:99.26% CloAcc:0.43% 
Epoch10 Time:46.3s Data:1.1s ClaLoss:0.9820 PairLoss:0.2639 CloLoss:5.7295 AdvLoss:5.7257 GeoLoss:0.0000 Acc:99.41% CloAcc:0.35% 
==> Test
Extracted features for query set (with same clothes), obtained torch.Size([3873, 4096]) matrix
Extracted features for query set (with different clothes), obtained torch.Size([3543, 4096]) matrix
Extracted features for gallery set, obtained torch.Size([3384, 4096]) matrix
Extracting features complete in 0m 20s
Computing CMC and mAP for the same clothes setting
Results ---------------------------------------------------
top1:99.1% top5:99.3% top10:99.4% top20:99.5% mAP:97.1%
-----------------------------------------------------------
Computing CMC and mAP only for clothes changing
Results ---------------------------------------------------
top1:43.0% top5:49.1% top10:51.6% top20:54.2% mAP:41.9%
-----------------------------------------------------------
Epoch11 Time:46.3s Data:1.1s ClaLoss:0.9860 PairLoss:0.2644 CloLoss:5.7278 AdvLoss:5.7240 GeoLoss:0.0000 Acc:99.30% CloAcc:0.38% 
Epoch12 Time:46.3s Data:1.1s ClaLoss:0.9713 PairLoss:0.2591 CloLoss:5.7304 AdvLoss:5.7267 GeoLoss:0.0000 Acc:99.49% CloAcc:0.36% 
Epoch13 Time:46.3s Data:1.1s ClaLoss:0.9629 PairLoss:0.2512 CloLoss:5.7252 AdvLoss:5.7216 GeoLoss:0.0000 Acc:99.52% CloAcc:0.44% 
Epoch14 Time:46.3s Data:1.1s ClaLoss:0.9575 PairLoss:0.2482 CloLoss:5.7251 AdvLoss:5.7211 GeoLoss:0.0000 Acc:99.62% CloAcc:0.41% 
Epoch15 Time:46.3s Data:1.1s ClaLoss:0.9538 PairLoss:0.2484 CloLoss:5.7206 AdvLoss:5.7173 GeoLoss:0.0000 Acc:99.59% CloAcc:0.51% 
==> Test
Extracted features for query set (with same clothes), obtained torch.Size([3873, 4096]) matrix
Extracted features for query set (with different clothes), obtained torch.Size([3543, 4096]) matrix
Extracted features for gallery set, obtained torch.Size([3384, 4096]) matrix
Extracting features complete in 0m 20s
Computing CMC and mAP for the same clothes setting
Results ---------------------------------------------------
top1:99.5% top5:99.6% top10:99.8% top20:99.9% mAP:96.6%
-----------------------------------------------------------
Computing CMC and mAP only for clothes changing
Results ---------------------------------------------------
top1:39.9% top5:46.7% top10:49.8% top20:52.9% mAP:38.7%
-----------------------------------------------------------
Epoch16 Time:46.3s Data:1.1s ClaLoss:0.9525 PairLoss:0.2437 CloLoss:5.7260 AdvLoss:5.7225 GeoLoss:0.0000 Acc:99.63% CloAcc:0.35% 
Epoch17 Time:46.3s Data:1.1s ClaLoss:0.9500 PairLoss:0.2377 CloLoss:5.7279 AdvLoss:5.7241 GeoLoss:0.0000 Acc:99.61% CloAcc:0.41% 
Epoch18 Time:46.3s Data:1.1s ClaLoss:0.9494 PairLoss:0.2408 CloLoss:5.7242 AdvLoss:5.7202 GeoLoss:0.0000 Acc:99.66% CloAcc:0.39% 
Epoch19 Time:46.3s Data:1.1s ClaLoss:0.9396 PairLoss:0.2339 CloLoss:5.7241 AdvLoss:5.7202 GeoLoss:0.0000 Acc:99.80% CloAcc:0.43% 
Epoch20 Time:46.3s Data:1.1s ClaLoss:0.9405 PairLoss:0.2370 CloLoss:5.7264 AdvLoss:5.7224 GeoLoss:0.0000 Acc:99.74% CloAcc:0.32% 
==> Test
Extracted features for query set (with same clothes), obtained torch.Size([3873, 4096]) matrix
Extracted features for query set (with different clothes), obtained torch.Size([3543, 4096]) matrix
Extracted features for gallery set, obtained torch.Size([3384, 4096]) matrix
Extracting features complete in 0m 20s
Computing CMC and mAP for the same clothes setting
Results ---------------------------------------------------
top1:99.5% top5:99.5% top10:99.5% top20:99.5% mAP:98.3%
-----------------------------------------------------------
Computing CMC and mAP only for clothes changing
Results ---------------------------------------------------
top1:42.6% top5:48.3% top10:50.9% top20:54.5% mAP:42.4%
-----------------------------------------------------------
Epoch21 Time:46.3s Data:1.1s ClaLoss:0.9046 PairLoss:0.2202 CloLoss:5.7184 AdvLoss:5.7149 GeoLoss:0.0000 Acc:99.87% CloAcc:0.32% 
Epoch22 Time:46.3s Data:1.1s ClaLoss:0.8848 PairLoss:0.2220 CloLoss:5.7181 AdvLoss:5.7144 GeoLoss:0.0000 Acc:99.97% CloAcc:0.33% 
Epoch23 Time:46.3s Data:1.1s ClaLoss:0.8804 PairLoss:0.2149 CloLoss:5.7201 AdvLoss:5.7164 GeoLoss:0.0000 Acc:99.98% CloAcc:0.37% 
Epoch24 Time:46.3s Data:1.1s ClaLoss:0.8769 PairLoss:0.2073 CloLoss:5.7159 AdvLoss:5.7124 GeoLoss:0.0000 Acc:99.97% CloAcc:0.39% 
Epoch25 Time:46.3s Data:1.1s ClaLoss:0.8761 PairLoss:0.1976 CloLoss:5.7154 AdvLoss:5.7118 GeoLoss:0.0000 Acc:99.98% CloAcc:0.41% 
==> Test
Extracted features for query set (with same clothes), obtained torch.Size([3873, 4096]) matrix
Extracted features for query set (with different clothes), obtained torch.Size([3543, 4096]) matrix
Extracted features for gallery set, obtained torch.Size([3384, 4096]) matrix
Extracting features complete in 0m 20s
Computing CMC and mAP for the same clothes setting
Results ---------------------------------------------------
top1:99.6% top5:99.9% top10:99.9% top20:100.0% mAP:98.2%
-----------------------------------------------------------
Computing CMC and mAP only for clothes changing
Results ---------------------------------------------------
top1:48.9% top5:54.2% top10:57.0% top20:61.2% mAP:46.4%
-----------------------------------------------------------
Epoch26 Time:46.6s Data:1.1s ClaLoss:0.8958 PairLoss:0.1778 CloLoss:1.9463 AdvLoss:1.9781 GeoLoss:0.0000 Acc:99.95% CloAcc:86.19% 
Epoch27 Time:46.6s Data:1.1s ClaLoss:0.8830 PairLoss:0.1251 CloLoss:0.1933 AdvLoss:0.3000 GeoLoss:0.0000 Acc:99.97% CloAcc:99.71% 
Epoch28 Time:46.6s Data:1.1s ClaLoss:0.8808 PairLoss:0.0844 CloLoss:0.1013 AdvLoss:0.1851 GeoLoss:0.0000 Acc:99.99% CloAcc:99.83% 
Epoch29 Time:46.6s Data:1.1s ClaLoss:0.8764 PairLoss:0.0605 CloLoss:0.0722 AdvLoss:0.1365 GeoLoss:0.0000 Acc:99.94% CloAcc:99.92% 
Epoch30 Time:46.6s Data:1.1s ClaLoss:0.8770 PairLoss:0.0450 CloLoss:0.0633 AdvLoss:0.1134 GeoLoss:0.0000 Acc:99.95% CloAcc:99.88% 
==> Test
Extracted features for query set (with same clothes), obtained torch.Size([3873, 4096]) matrix
Extracted features for query set (with different clothes), obtained torch.Size([3543, 4096]) matrix
Extracted features for gallery set, obtained torch.Size([3384, 4096]) matrix
Extracting features complete in 0m 20s
Computing CMC and mAP for the same clothes setting
Results ---------------------------------------------------
top1:100.0% top5:100.0% top10:100.0% top20:100.0% mAP:99.6%
-----------------------------------------------------------
Computing CMC and mAP only for clothes changing
Results ---------------------------------------------------
top1:52.8% top5:56.5% top10:59.0% top20:63.0% mAP:53.8%
-----------------------------------------------------------
Epoch31 Time:46.6s Data:1.1s ClaLoss:0.8753 PairLoss:0.0335 CloLoss:0.0566 AdvLoss:0.0970 GeoLoss:0.0000 Acc:99.97% CloAcc:99.95% 
Epoch32 Time:46.6s Data:1.1s ClaLoss:0.8715 PairLoss:0.0243 CloLoss:0.0521 AdvLoss:0.0840 GeoLoss:0.0000 Acc:99.98% CloAcc:99.98% 
Epoch33 Time:46.6s Data:1.1s ClaLoss:0.8699 PairLoss:0.0200 CloLoss:0.0572 AdvLoss:0.0798 GeoLoss:0.0000 Acc:99.95% CloAcc:99.91% 
Epoch34 Time:46.7s Data:1.1s ClaLoss:0.8683 PairLoss:0.0166 CloLoss:0.0616 AdvLoss:0.0784 GeoLoss:0.0000 Acc:99.96% CloAcc:99.92% 
Epoch35 Time:46.7s Data:1.1s ClaLoss:0.8666 PairLoss:0.0130 CloLoss:0.0618 AdvLoss:0.0730 GeoLoss:0.0000 Acc:99.99% CloAcc:99.94% 
==> Test
Extracted features for query set (with same clothes), obtained torch.Size([3873, 4096]) matrix
Extracted features for query set (with different clothes), obtained torch.Size([3543, 4096]) matrix
Extracted features for gallery set, obtained torch.Size([3384, 4096]) matrix
Extracting features complete in 0m 20s
Computing CMC and mAP for the same clothes setting
Results ---------------------------------------------------
top1:100.0% top5:100.0% top10:100.0% top20:100.0% mAP:99.5%
-----------------------------------------------------------
Computing CMC and mAP only for clothes changing
Results ---------------------------------------------------
top1:56.8% top5:60.1% top10:61.8% top20:64.6% mAP:56.3%
-----------------------------------------------------------
Epoch36 Time:46.6s Data:1.1s ClaLoss:0.8670 PairLoss:0.0119 CloLoss:0.0716 AdvLoss:0.0748 GeoLoss:0.0000 Acc:99.97% CloAcc:99.80% 
Epoch37 Time:46.6s Data:1.1s ClaLoss:0.8662 PairLoss:0.0094 CloLoss:0.0772 AdvLoss:0.0736 GeoLoss:0.0000 Acc:99.98% CloAcc:99.82% 
Epoch38 Time:46.6s Data:1.1s ClaLoss:0.8631 PairLoss:0.0086 CloLoss:0.0763 AdvLoss:0.0692 GeoLoss:0.0000 Acc:99.97% CloAcc:99.81% 
Epoch39 Time:46.6s Data:1.1s ClaLoss:0.8632 PairLoss:0.0074 CloLoss:0.0822 AdvLoss:0.0695 GeoLoss:0.0000 Acc:99.99% CloAcc:99.77% 
Epoch40 Time:46.6s Data:1.1s ClaLoss:0.8632 PairLoss:0.0066 CloLoss:0.0774 AdvLoss:0.0668 GeoLoss:0.0000 Acc:99.98% CloAcc:99.91% 
==> Test
Extracted features for query set (with same clothes), obtained torch.Size([3873, 4096]) matrix
Extracted features for query set (with different clothes), obtained torch.Size([3543, 4096]) matrix
Extracted features for gallery set, obtained torch.Size([3384, 4096]) matrix
Extracting features complete in 0m 20s
Computing CMC and mAP for the same clothes setting
Results ---------------------------------------------------
top1:100.0% top5:100.0% top10:100.0% top20:100.0% mAP:99.6%
-----------------------------------------------------------
Computing CMC and mAP only for clothes changing
Results ---------------------------------------------------
top1:53.5% top5:57.5% top10:59.2% top20:61.7% mAP:54.3%
-----------------------------------------------------------
Epoch41 Time:46.6s Data:1.1s ClaLoss:0.8586 PairLoss:0.0041 CloLoss:0.0758 AdvLoss:0.0605 GeoLoss:0.0000 Acc:99.99% CloAcc:99.77% 
Epoch42 Time:46.6s Data:1.1s ClaLoss:0.8552 PairLoss:0.0034 CloLoss:0.0709 AdvLoss:0.0575 GeoLoss:0.0000 Acc:99.98% CloAcc:99.86% 
Epoch43 Time:46.6s Data:1.1s ClaLoss:0.8545 PairLoss:0.0035 CloLoss:0.0768 AdvLoss:0.0579 GeoLoss:0.0000 Acc:99.99% CloAcc:99.79% 
Epoch44 Time:46.6s Data:1.1s ClaLoss:0.8535 PairLoss:0.0033 CloLoss:0.0762 AdvLoss:0.0568 GeoLoss:0.0000 Acc:99.98% CloAcc:99.79% 
Epoch45 Time:46.6s Data:1.1s ClaLoss:0.8543 PairLoss:0.0034 CloLoss:0.0785 AdvLoss:0.0578 GeoLoss:0.0000 Acc:100.00% CloAcc:99.77% 
==> Test
Extracted features for query set (with same clothes), obtained torch.Size([3873, 4096]) matrix
Extracted features for query set (with different clothes), obtained torch.Size([3543, 4096]) matrix
Extracted features for gallery set, obtained torch.Size([3384, 4096]) matrix
Extracting features complete in 0m 20s
Computing CMC and mAP for the same clothes setting
Results ---------------------------------------------------
top1:100.0% top5:100.0% top10:100.0% top20:100.0% mAP:99.7%
-----------------------------------------------------------
Computing CMC and mAP only for clothes changing
Results ---------------------------------------------------
top1:54.2% top5:59.0% top10:61.2% top20:63.2% mAP:55.5%
-----------------------------------------------------------
Epoch46 Time:46.8s Data:1.2s ClaLoss:0.8530 PairLoss:0.0028 CloLoss:0.0817 AdvLoss:0.0560 GeoLoss:0.0000 Acc:99.98% CloAcc:99.76% 
Epoch47 Time:46.6s Data:1.1s ClaLoss:0.8520 PairLoss:0.0026 CloLoss:0.0800 AdvLoss:0.0553 GeoLoss:0.0000 Acc:99.99% CloAcc:99.72% 
Epoch48 Time:46.6s Data:1.1s ClaLoss:0.8535 PairLoss:0.0024 CloLoss:0.0773 AdvLoss:0.0548 GeoLoss:0.0000 Acc:99.99% CloAcc:99.80% 
Epoch49 Time:46.6s Data:1.1s ClaLoss:0.8514 PairLoss:0.0028 CloLoss:0.0827 AdvLoss:0.0551 GeoLoss:0.0000 Acc:100.00% CloAcc:99.70% 
Epoch50 Time:46.7s Data:1.2s ClaLoss:0.8515 PairLoss:0.0026 CloLoss:0.0825 AdvLoss:0.0541 GeoLoss:0.0000 Acc:99.99% CloAcc:99.75% 
==> Test
Extracted features for query set (with same clothes), obtained torch.Size([3873, 4096]) matrix
Extracted features for query set (with different clothes), obtained torch.Size([3543, 4096]) matrix
Extracted features for gallery set, obtained torch.Size([3384, 4096]) matrix
Extracting features complete in 0m 20s
Computing CMC and mAP for the same clothes setting
Results ---------------------------------------------------
top1:100.0% top5:100.0% top10:100.0% top20:100.0% mAP:99.5%
-----------------------------------------------------------
Computing CMC and mAP only for clothes changing
Results ---------------------------------------------------
top1:53.7% top5:58.9% top10:61.8% top20:64.3% mAP:54.8%
-----------------------------------------------------------
Epoch51 Time:46.8s Data:1.2s ClaLoss:0.8518 PairLoss:0.0023 CloLoss:0.0827 AdvLoss:0.0544 GeoLoss:0.0000 Acc:99.98% CloAcc:99.75% 
Epoch52 Time:46.6s Data:1.1s ClaLoss:0.8521 PairLoss:0.0021 CloLoss:0.0863 AdvLoss:0.0542 GeoLoss:0.0000 Acc:99.98% CloAcc:99.54% 
Epoch53 Time:46.6s Data:1.1s ClaLoss:0.8516 PairLoss:0.0021 CloLoss:0.0837 AdvLoss:0.0541 GeoLoss:0.0000 Acc:99.99% CloAcc:99.72% 
Epoch54 Time:46.6s Data:1.1s ClaLoss:0.8496 PairLoss:0.0022 CloLoss:0.0826 AdvLoss:0.0523 GeoLoss:0.0000 Acc:99.99% CloAcc:99.79% 
Epoch55 Time:46.6s Data:1.1s ClaLoss:0.8506 PairLoss:0.0018 CloLoss:0.0884 AdvLoss:0.0532 GeoLoss:0.0000 Acc:99.98% CloAcc:99.65% 
==> Test
Extracted features for query set (with same clothes), obtained torch.Size([3873, 4096]) matrix
Extracted features for query set (with different clothes), obtained torch.Size([3543, 4096]) matrix
Extracted features for gallery set, obtained torch.Size([3384, 4096]) matrix
Extracting features complete in 0m 20s
Computing CMC and mAP for the same clothes setting
Results ---------------------------------------------------
top1:100.0% top5:100.0% top10:100.0% top20:100.0% mAP:99.6%
-----------------------------------------------------------
Computing CMC and mAP only for clothes changing
Results ---------------------------------------------------
top1:53.8% top5:59.3% top10:61.0% top20:63.5% mAP:54.7%
-----------------------------------------------------------
Epoch56 Time:46.7s Data:1.2s ClaLoss:0.8502 PairLoss:0.0018 CloLoss:0.0841 AdvLoss:0.0520 GeoLoss:0.0000 Acc:100.00% CloAcc:99.69% 
Epoch57 Time:46.6s Data:1.1s ClaLoss:0.8508 PairLoss:0.0020 CloLoss:0.0844 AdvLoss:0.0521 GeoLoss:0.0000 Acc:99.99% CloAcc:99.73% 
Epoch58 Time:46.7s Data:1.1s ClaLoss:0.8499 PairLoss:0.0016 CloLoss:0.0851 AdvLoss:0.0509 GeoLoss:0.0000 Acc:99.99% CloAcc:99.70% 
Epoch59 Time:46.6s Data:1.1s ClaLoss:0.8518 PairLoss:0.0021 CloLoss:0.0897 AdvLoss:0.0538 GeoLoss:0.0000 Acc:99.98% CloAcc:99.75% 
Epoch60 Time:46.6s Data:1.1s ClaLoss:0.8509 PairLoss:0.0017 CloLoss:0.0856 AdvLoss:0.0522 GeoLoss:0.0000 Acc:99.99% CloAcc:99.70% 
==> Test
Extracted features for query set (with same clothes), obtained torch.Size([3873, 4096]) matrix
Extracted features for query set (with different clothes), obtained torch.Size([3543, 4096]) matrix
Extracted features for gallery set, obtained torch.Size([3384, 4096]) matrix
Extracting features complete in 0m 20s
Computing CMC and mAP for the same clothes setting
Results ---------------------------------------------------
top1:100.0% top5:100.0% top10:100.0% top20:100.0% mAP:99.6%
-----------------------------------------------------------
Computing CMC and mAP only for clothes changing
Results ---------------------------------------------------
top1:54.3% top5:60.1% top10:62.2% top20:64.3% mAP:54.6%
-----------------------------------------------------------
==> Best Rank-1 56.8%, achieved at epoch 35
Finished. Total elapsed time (h:m:s): 0:50:50. Training time (h:m:s): 0:46:36.
[rank0]:[W530 21:20:23.686562028 ProcessGroupNCCL.cpp:1496] Warning: WARNING: destroy_process_group() was not called before program exit, which can leak resources. For more info, please see https://pytorch.org/docs/stable/distributed.html#shutdown (function operator())
