2026-06-12 11:03:02 transreid INFO: Saving model in the path :./log/occluded_duke/exp025_swindetach_s0
2026-06-12 11:03:02 transreid INFO: Loaded configuration file configs/occluded_duke/swin_small.yml
2026-06-12 11:03:02 transreid INFO: Running with config:
DATALOADER:
  NUM_INSTANCE: 4
  NUM_WORKERS: 8
  REMOVE_TAIL: 0
  SAMPLER: softmax_triplet
DATASETS:
  NAMES: occluded_duke
  ROOT_DIR: /mnt1/afrdata
  ROOT_TRAIN_DIR: ../data
  ROOT_VAL_DIR: ../data
DONOR_DECOUPLE:
  AUX_DETACH: True
  CF_W: 0.5
  DONOR_CLS_W: 0.2
  DONOR_REPEAT: 4
  ENABLED: False
  NEG_MARGIN: 0.02
  ORTH_W: 0.03
  PASTE_PROB: 0.5
  SAMEB_NEG_W: 0.5
  SYN_ID_W: 0.25
EVIDENCE_AGREEMENT:
  DOM_MARGIN: 0.3
  DOM_W: 0.05
  ENABLED: False
  EPS: 1e-06
  MIN_REGION_GAP: 1.0
  NEG_MARGIN: 0.3
  NEG_SINGLE_W: 0.1
  POS_ALIGN_W: 0.05
  POS_MULTI_W: 0.1
  REGION_MODE: grid2x2
  SINGLE_EPS: 0.0
  TAU_EMA_MOMENTUM: 0.9
  TAU_GLOBAL: 0.5
  TAU_REGION: 0.75
  THRESHOLD_QUANTILE: 0.75
  T_COUNT: 0.25
  T_GLOBAL: 0.05
  T_REGION: 0.05
  WARMUP_EPOCHS: 10
INPUT:
  MIX_PROB: 0.0
  MIX_RATIO_RANGE: [0.3, 0.7]
  MIX_TYPE: both
  PADDING: 10
  PIXEL_MEAN: [0.5, 0.5, 0.5]
  PIXEL_STD: [0.5, 0.5, 0.5]
  PROB: 0.5
  RE_PROB: 0.5
  SIZE_TEST: [384, 128]
  SIZE_TRAIN: [384, 128]
LGP:
  ENABLED: False
  N_HEADS: 8
  PROTOS_PATH: 
  W_ID: 1.0
MGPARTS:
  AUG_PROB: 0.5
  BANK_PATH: /mnt1/afrdata/coco_occluder_bank_512.pt
  DETACH: True
  ENABLED: True
  MODE: assign
  N_HEADS: 8
  PROTOS_PATH: /home/afr/reid-clean/ospa_protos7.npz
  W_ASSIGN: 0.5
  W_AVOID: 0.5
  W_PART_ID: 0.5
  W_SINK: 0.0
MODEL:
  ATT_DROP_RATE: 0.0
  COS_LAYER: False
  DEVICE: cuda
  DEVICE_ID: 0
  DEVIDE_LENGTH: 4
  DIST_TRAIN: False
  DROPOUT_RATE: 0.0
  DROP_OUT: 0.0
  DROP_PATH: 0.1
  FEAT_DIM: 512
  GEM_POOLING: False
  ID_LOSS_TYPE: softmax
  ID_LOSS_WEIGHT: 1.0
  IF_LABELSMOOTH: off
  IF_WITH_CENTER: no
  JPM: False
  LAST_STRIDE: 1
  METRIC_LOSS_TYPE: triplet
  NAME: transformer
  NECK: bnneck
  NO_MARGIN: True
  PRETRAIN_CHOICE: self
  PRETRAIN_HW_RATIO: 2
  PRETRAIN_PATH: /home/afr/reid-clean/weights/solider_swin_small_tea.pth
  REDUCE_FEAT_DIM: False
  RE_ARRANGE: True
  SEMANTIC_WEIGHT: 0.2
  SHIFT_NUM: 5
  SHUFFLE_GROUP: 2
  SIE_CAMERA: False
  SIE_COE: 3.0
  SIE_VIEW: False
  STEM_CONV: False
  STRIDE_SIZE: [16, 16]
  TRANSFORMER_TYPE: swin_small_patch4_window7_224
  TRIPLET_LOSS_WEIGHT: 1.0
  WITH_CP: False
MULTIHYP:
  ALPHA: 0.1
  BONUS_CAP: 0.15
  DETACH: True
  DIV_W: 0.5
  DSHS_HARD: global
  DSHS_MARGIN: 0.3
  DSHS_NHARD: 10
  DSHS_W: 0.0
  ENABLED: False
  GATE_SIGMA: 0.3
  GATE_TAU: 1.2
  K: 3
  LOSS_W: 1.0
  NEG_MARGIN: 0.7
  POS_MARGIN: 0.3
  SET_TEMP: 0.1
  UNIQUE_MARGIN: 0.1
OBJGATE:
  ANTI_W: 0.1
  DETACH_SCORE: False
  ENABLED: False
  ENTROPY_MAX: 1000000000.0
  ENTROPY_MIN: 0.0
  FEATMAP_INDEX: -1
  HIDDEN: 192
  LAMBDA_TARGET: 1.0
  LAMBDA_WARMUP_EPOCHS: 10
  MODE: softmax
  SPLIT_W: 1.0
  SUPPRESS_MIN: 0.5
  TAU: 1.0
OCCAWARE:
  AUG_PROB: 0.5
  BANK_PATH: 
  BLOCK: 8
  ENABLED: False
  MECH: True
  MIX_CROP_FRAC: 0.5
  POOL_KIND: crop
  POOL_SIZE: 256
  SWIN_STAGE: 2
  W_OCC: 0.5
OSG:
  BLOCK: 8
  ENABLED: False
  KL_T: 4.0
  LABELS_PATH: 
  PROTOS_PATH: 
  RANDOM_PROTOS: False
  TAU: 0.07
  W_SEM: 0.1
OSS:
  AUG_PROB: 0.3
  ENABLED: False
  GRL_ALPHA: 1.0
  POOL_SIZE: 256
  RANDOM_LABEL: False
  W: 0.5
OUTPUT_DIR: ./log/occluded_duke/exp025_swindetach_s0
PARTIAL_EVIDENCE:
  CALIBRATE: True
  ENABLED: False
  LS_MAX: 0.2
  MARGIN_SCALE: True
  MIN_KEEP: 0.2
  NO_HARDNEG_BELOW: 0.4
  PASTE_PROB: 0.5
SEMDISTILL:
  ENABLED: False
  KL_T: 4.0
  LABELS_PATH: 
  MODE: emb
  W: 0.2
SOLVER:
  BASE_LR: 0.0008
  BIAS_LR_FACTOR: 2
  CENTER_LOSS_WEIGHT: 0.0005
  CENTER_LR: 0.5
  CHECKPOINT_PERIOD: 120
  COSINE_MARGIN: 0.5
  COSINE_SCALE: 30
  EVAL_PERIOD: 120
  GAMMA: 0.1
  IMS_PER_BATCH: 64
  LARGE_FC_LR: False
  LOG_PERIOD: 50
  MARGIN: 0.3
  MAX_EPOCHS: 120
  MOMENTUM: 0.9
  OPTIMIZER_NAME: SGD
  SEED: 0
  STEPS: (40, 70)
  TRP_L2: False
  WARMUP_EPOCHS: 20
  WARMUP_FACTOR: 0.01
  WARMUP_METHOD: cosine
  WEIGHT_DECAY: 0.0001
  WEIGHT_DECAY_BIAS: 0.0001
TEST:
  DIST_MAT: dist_mat.npy
  EVAL: True
  FEAT_NORM: yes
  IMS_PER_BATCH: 64
  NECK_FEAT: before
  RE_RANKING: False
  WEIGHT: 
=> Occluded-Duke loaded
2026-06-12 11:03:02 transreid.check INFO: Dataset statistics:
2026-06-12 11:03:02 transreid.check INFO:   ----------------------------------------
2026-06-12 11:03:02 transreid.check INFO:   subset   | # ids | # images | # cameras
2026-06-12 11:03:02 transreid.check INFO:   ----------------------------------------
2026-06-12 11:03:02 transreid.check INFO:   train    |   702 |    15618 |         8
2026-06-12 11:03:02 transreid.check INFO:   query    |   519 |     2210 |         8
2026-06-12 11:03:02 transreid.check INFO:   gallery  |  1110 |    17661 |         8
2026-06-12 11:03:02 transreid.check INFO:   ----------------------------------------
/home/afr/reid-clean/SOLIDER-REID/model/backbones/swin_transformer.py:1175: UserWarning: DeprecationWarning: pretrained is deprecated, please use "init_cfg" instead
  warnings.warn('DeprecationWarning: pretrained is deprecated, '
using img_triplet sampler
using Transformer_type: swin_small_patch4_window7_224 as a backbone
unloaded parameters: <All keys matched successfully>
===========building transformer===========
using soft triplet loss for training
2026-06-12 11:03:03 transreid INFO: ===========using cosine learning rate=======
2026-06-12 11:03:03 transreid.train INFO: start training
/home/afr/reid-clean/SOLIDER-REID/processor/processor.py:95: FutureWarning: `torch.cuda.amp.GradScaler(args...)` is deprecated. Please use `torch.amp.GradScaler('cuda', args...)` instead.
  scaler = amp.GradScaler()
/home/afr/reid-clean/SOLIDER-REID/processor/processor.py:133: FutureWarning: `torch.cuda.amp.autocast(args...)` is deprecated. Please use `torch.amp.autocast('cuda', args...)` instead.
  with amp.autocast(enabled=True):
2026-06-12 11:03:12 transreid.train INFO: Epoch[1] Iter[50/227] Loss: 11.807, Acc: 0.002, Base Lr: 4.76e-05
2026-06-12 11:03:20 transreid.train INFO: Epoch[1] Iter[100/227] Loss: 11.559, Acc: 0.002, Base Lr: 4.76e-05
2026-06-12 11:03:29 transreid.train INFO: Epoch[1] Iter[150/227] Loss: 11.371, Acc: 0.002, Base Lr: 4.76e-05
2026-06-12 11:03:37 transreid.train INFO: Epoch[1] Iter[200/227] Loss: 11.273, Acc: 0.003, Base Lr: 4.76e-05
2026-06-12 11:03:39 transreid.train INFO: Epoch 1 done. Time per epoch: 36.372[s] Speed: 373.0[samples/s]
2026-06-12 11:03:48 transreid.train INFO: Epoch[2] Iter[50/227] Loss: 10.649, Acc: 0.016, Base Lr: 8.72e-05
2026-06-12 11:03:56 transreid.train INFO: Epoch[2] Iter[100/227] Loss: 10.593, Acc: 0.029, Base Lr: 8.72e-05
2026-06-12 11:04:05 transreid.train INFO: Epoch[2] Iter[150/227] Loss: 10.578, Acc: 0.046, Base Lr: 8.72e-05
2026-06-12 11:04:13 transreid.train INFO: Epoch[2] Iter[200/227] Loss: 10.551, Acc: 0.078, Base Lr: 8.72e-05
2026-06-12 11:04:15 transreid.train INFO: Epoch 2 done. Time per epoch: 35.986[s] Speed: 377.0[samples/s]
2026-06-12 11:04:24 transreid.train INFO: Epoch[3] Iter[50/227] Loss: 10.383, Acc: 0.099, Base Lr: 1.27e-04
2026-06-12 11:04:32 transreid.train INFO: Epoch[3] Iter[100/227] Loss: 10.344, Acc: 0.130, Base Lr: 1.27e-04
2026-06-12 11:04:41 transreid.train INFO: Epoch[3] Iter[150/227] Loss: 10.333, Acc: 0.162, Base Lr: 1.27e-04
2026-06-12 11:04:49 transreid.train INFO: Epoch[3] Iter[200/227] Loss: 10.297, Acc: 0.209, Base Lr: 1.27e-04
2026-06-12 11:04:51 transreid.train INFO: Epoch 3 done. Time per epoch: 35.829[s] Speed: 376.9[samples/s]
2026-06-12 11:05:00 transreid.train INFO: Epoch[4] Iter[50/227] Loss: 10.140, Acc: 0.119, Base Lr: 1.66e-04
2026-06-12 11:05:08 transreid.train INFO: Epoch[4] Iter[100/227] Loss: 10.103, Acc: 0.156, Base Lr: 1.66e-04
2026-06-12 11:05:16 transreid.train INFO: Epoch[4] Iter[150/227] Loss: 10.084, Acc: 0.191, Base Lr: 1.66e-04
2026-06-12 11:05:25 transreid.train INFO: Epoch[4] Iter[200/227] Loss: 10.040, Acc: 0.238, Base Lr: 1.66e-04
2026-06-12 11:05:27 transreid.train INFO: Epoch 4 done. Time per epoch: 36.065[s] Speed: 376.2[samples/s]
2026-06-12 11:05:36 transreid.train INFO: Epoch[5] Iter[50/227] Loss: 9.867, Acc: 0.139, Base Lr: 2.06e-04
2026-06-12 11:05:44 transreid.train INFO: Epoch[5] Iter[100/227] Loss: 9.848, Acc: 0.151, Base Lr: 2.06e-04
2026-06-12 11:05:52 transreid.train INFO: Epoch[5] Iter[150/227] Loss: 9.789, Acc: 0.178, Base Lr: 2.06e-04
2026-06-12 11:06:01 transreid.train INFO: Epoch[5] Iter[200/227] Loss: 9.716, Acc: 0.228, Base Lr: 2.06e-04
2026-06-12 11:06:03 transreid.train INFO: Epoch 5 done. Time per epoch: 36.001[s] Speed: 376.9[samples/s]
2026-06-12 11:06:12 transreid.train INFO: Epoch[6] Iter[50/227] Loss: 9.623, Acc: 0.125, Base Lr: 2.46e-04
2026-06-12 11:06:20 transreid.train INFO: Epoch[6] Iter[100/227] Loss: 9.553, Acc: 0.140, Base Lr: 2.46e-04
2026-06-12 11:06:28 transreid.train INFO: Epoch[6] Iter[150/227] Loss: 9.508, Acc: 0.168, Base Lr: 2.46e-04
2026-06-12 11:06:37 transreid.train INFO: Epoch[6] Iter[200/227] Loss: 9.381, Acc: 0.217, Base Lr: 2.46e-04
2026-06-12 11:06:39 transreid.train INFO: Epoch 6 done. Time per epoch: 36.182[s] Speed: 376.8[samples/s]
2026-06-12 11:06:48 transreid.train INFO: Epoch[7] Iter[50/227] Loss: 9.271, Acc: 0.122, Base Lr: 2.85e-04
2026-06-12 11:06:56 transreid.train INFO: Epoch[7] Iter[100/227] Loss: 9.201, Acc: 0.145, Base Lr: 2.85e-04
2026-06-12 11:07:05 transreid.train INFO: Epoch[7] Iter[150/227] Loss: 9.119, Acc: 0.168, Base Lr: 2.85e-04
2026-06-12 11:07:13 transreid.train INFO: Epoch[7] Iter[200/227] Loss: 8.960, Acc: 0.214, Base Lr: 2.85e-04
2026-06-12 11:07:15 transreid.train INFO: Epoch 7 done. Time per epoch: 35.834[s] Speed: 376.8[samples/s]
2026-06-12 11:07:24 transreid.train INFO: Epoch[8] Iter[50/227] Loss: 8.945, Acc: 0.141, Base Lr: 3.25e-04
2026-06-12 11:07:32 transreid.train INFO: Epoch[8] Iter[100/227] Loss: 8.855, Acc: 0.150, Base Lr: 3.25e-04
2026-06-12 11:07:40 transreid.train INFO: Epoch[8] Iter[150/227] Loss: 8.745, Acc: 0.178, Base Lr: 3.25e-04
2026-06-12 11:07:49 transreid.train INFO: Epoch[8] Iter[200/227] Loss: 8.546, Acc: 0.233, Base Lr: 3.25e-04
2026-06-12 11:07:51 transreid.train INFO: Epoch 8 done. Time per epoch: 35.999[s] Speed: 376.9[samples/s]
2026-06-12 11:08:00 transreid.train INFO: Epoch[9] Iter[50/227] Loss: 8.525, Acc: 0.167, Base Lr: 3.64e-04
2026-06-12 11:08:08 transreid.train INFO: Epoch[9] Iter[100/227] Loss: 8.418, Acc: 0.183, Base Lr: 3.64e-04
2026-06-12 11:08:16 transreid.train INFO: Epoch[9] Iter[150/227] Loss: 8.312, Acc: 0.206, Base Lr: 3.64e-04
2026-06-12 11:08:25 transreid.train INFO: Epoch[9] Iter[200/227] Loss: 8.089, Acc: 0.267, Base Lr: 3.64e-04
2026-06-12 11:08:27 transreid.train INFO: Epoch 9 done. Time per epoch: 36.003[s] Speed: 376.9[samples/s]
2026-06-12 11:08:36 transreid.train INFO: Epoch[10] Iter[50/227] Loss: 8.107, Acc: 0.195, Base Lr: 4.04e-04
2026-06-12 11:08:44 transreid.train INFO: Epoch[10] Iter[100/227] Loss: 8.033, Acc: 0.215, Base Lr: 4.04e-04
2026-06-12 11:08:52 transreid.train INFO: Epoch[10] Iter[150/227] Loss: 7.889, Acc: 0.252, Base Lr: 4.04e-04
2026-06-12 11:09:01 transreid.train INFO: Epoch[10] Iter[200/227] Loss: 7.648, Acc: 0.311, Base Lr: 4.04e-04
2026-06-12 11:09:03 transreid.train INFO: Epoch 10 done. Time per epoch: 36.324[s] Speed: 377.0[samples/s]
2026-06-12 11:09:12 transreid.train INFO: Epoch[11] Iter[50/227] Loss: 7.797, Acc: 0.208, Base Lr: 4.44e-04
2026-06-12 11:09:20 transreid.train INFO: Epoch[11] Iter[100/227] Loss: 7.678, Acc: 0.253, Base Lr: 4.44e-04
2026-06-12 11:09:29 transreid.train INFO: Epoch[11] Iter[150/227] Loss: 7.498, Acc: 0.301, Base Lr: 4.44e-04
2026-06-12 11:09:37 transreid.train INFO: Epoch[11] Iter[200/227] Loss: 7.179, Acc: 0.379, Base Lr: 4.44e-04
2026-06-12 11:09:39 transreid.train INFO: Epoch 11 done. Time per epoch: 35.984[s] Speed: 377.1[samples/s]
2026-06-12 11:09:48 transreid.train INFO: Epoch[12] Iter[50/227] Loss: 7.241, Acc: 0.312, Base Lr: 4.83e-04
2026-06-12 11:09:56 transreid.train INFO: Epoch[12] Iter[100/227] Loss: 7.182, Acc: 0.343, Base Lr: 4.83e-04
2026-06-12 11:10:05 transreid.train INFO: Epoch[12] Iter[150/227] Loss: 7.030, Acc: 0.389, Base Lr: 4.83e-04
2026-06-12 11:10:13 transreid.train INFO: Epoch[12] Iter[200/227] Loss: 6.721, Acc: 0.457, Base Lr: 4.83e-04
2026-06-12 11:10:15 transreid.train INFO: Epoch 12 done. Time per epoch: 36.184[s] Speed: 376.7[samples/s]
2026-06-12 11:10:24 transreid.train INFO: Epoch[13] Iter[50/227] Loss: 7.072, Acc: 0.347, Base Lr: 5.23e-04
2026-06-12 11:10:33 transreid.train INFO: Epoch[13] Iter[100/227] Loss: 6.915, Acc: 0.392, Base Lr: 5.23e-04
2026-06-12 11:10:41 transreid.train INFO: Epoch[13] Iter[150/227] Loss: 6.709, Acc: 0.449, Base Lr: 5.23e-04
2026-06-12 11:10:49 transreid.train INFO: Epoch[13] Iter[200/227] Loss: 6.352, Acc: 0.524, Base Lr: 5.23e-04
2026-06-12 11:10:52 transreid.train INFO: Epoch 13 done. Time per epoch: 36.167[s] Speed: 376.9[samples/s]
2026-06-12 11:11:00 transreid.train INFO: Epoch[14] Iter[50/227] Loss: 6.494, Acc: 0.452, Base Lr: 5.62e-04
2026-06-12 11:11:09 transreid.train INFO: Epoch[14] Iter[100/227] Loss: 6.389, Acc: 0.485, Base Lr: 5.62e-04
2026-06-12 11:11:17 transreid.train INFO: Epoch[14] Iter[150/227] Loss: 6.185, Acc: 0.532, Base Lr: 5.62e-04
2026-06-12 11:11:26 transreid.train INFO: Epoch[14] Iter[200/227] Loss: 5.892, Acc: 0.595, Base Lr: 5.62e-04
2026-06-12 11:11:27 transreid.train INFO: Epoch 14 done. Time per epoch: 35.829[s] Speed: 376.9[samples/s]
2026-06-12 11:11:36 transreid.train INFO: Epoch[15] Iter[50/227] Loss: 6.004, Acc: 0.535, Base Lr: 6.02e-04
2026-06-12 11:11:45 transreid.train INFO: Epoch[15] Iter[100/227] Loss: 5.905, Acc: 0.573, Base Lr: 6.02e-04
2026-06-12 11:11:53 transreid.train INFO: Epoch[15] Iter[150/227] Loss: 5.763, Acc: 0.609, Base Lr: 6.02e-04
2026-06-12 11:12:01 transreid.train INFO: Epoch[15] Iter[200/227] Loss: 5.489, Acc: 0.661, Base Lr: 6.02e-04
2026-06-12 11:12:03 transreid.train INFO: Epoch 15 done. Time per epoch: 35.969[s] Speed: 377.2[samples/s]
2026-06-12 11:12:12 transreid.train INFO: Epoch[16] Iter[50/227] Loss: 5.762, Acc: 0.567, Base Lr: 6.42e-04
2026-06-12 11:12:20 transreid.train INFO: Epoch[16] Iter[100/227] Loss: 5.579, Acc: 0.615, Base Lr: 6.42e-04
2026-06-12 11:12:29 transreid.train INFO: Epoch[16] Iter[150/227] Loss: 5.428, Acc: 0.655, Base Lr: 6.42e-04
2026-06-12 11:12:37 transreid.train INFO: Epoch[16] Iter[200/227] Loss: 5.187, Acc: 0.700, Base Lr: 6.42e-04
2026-06-12 11:12:40 transreid.train INFO: Epoch 16 done. Time per epoch: 36.156[s] Speed: 377.0[samples/s]
2026-06-12 11:12:48 transreid.train INFO: Epoch[17] Iter[50/227] Loss: 5.463, Acc: 0.639, Base Lr: 6.81e-04
2026-06-12 11:12:57 transreid.train INFO: Epoch[17] Iter[100/227] Loss: 5.328, Acc: 0.665, Base Lr: 6.81e-04
2026-06-12 11:13:05 transreid.train INFO: Epoch[17] Iter[150/227] Loss: 5.137, Acc: 0.705, Base Lr: 6.81e-04
2026-06-12 11:13:14 transreid.train INFO: Epoch[17] Iter[200/227] Loss: 4.859, Acc: 0.747, Base Lr: 6.81e-04
2026-06-12 11:13:16 transreid.train INFO: Epoch 17 done. Time per epoch: 36.021[s] Speed: 376.7[samples/s]
2026-06-12 11:13:24 transreid.train INFO: Epoch[18] Iter[50/227] Loss: 5.029, Acc: 0.692, Base Lr: 7.21e-04
2026-06-12 11:13:33 transreid.train INFO: Epoch[18] Iter[100/227] Loss: 4.823, Acc: 0.734, Base Lr: 7.21e-04
2026-06-12 11:13:41 transreid.train INFO: Epoch[18] Iter[150/227] Loss: 4.712, Acc: 0.762, Base Lr: 7.21e-04
2026-06-12 11:13:50 transreid.train INFO: Epoch[18] Iter[200/227] Loss: 4.486, Acc: 0.794, Base Lr: 7.21e-04
2026-06-12 11:13:51 transreid.train INFO: Epoch 18 done. Time per epoch: 35.847[s] Speed: 376.7[samples/s]
2026-06-12 11:14:00 transreid.train INFO: Epoch[19] Iter[50/227] Loss: 4.750, Acc: 0.751, Base Lr: 7.60e-04
2026-06-12 11:14:09 transreid.train INFO: Epoch[19] Iter[100/227] Loss: 4.597, Acc: 0.775, Base Lr: 7.60e-04
2026-06-12 11:14:17 transreid.train INFO: Epoch[19] Iter[150/227] Loss: 4.430, Acc: 0.803, Base Lr: 7.60e-04
2026-06-12 11:14:25 transreid.train INFO: Epoch[19] Iter[200/227] Loss: 4.188, Acc: 0.831, Base Lr: 7.60e-04
2026-06-12 11:14:27 transreid.train INFO: Epoch 19 done. Time per epoch: 35.847[s] Speed: 376.7[samples/s]
2026-06-12 11:14:36 transreid.train INFO: Epoch[20] Iter[50/227] Loss: 4.401, Acc: 0.797, Base Lr: 7.47e-04
2026-06-12 11:14:44 transreid.train INFO: Epoch[20] Iter[100/227] Loss: 4.288, Acc: 0.817, Base Lr: 7.47e-04
2026-06-12 11:14:53 transreid.train INFO: Epoch[20] Iter[150/227] Loss: 4.154, Acc: 0.836, Base Lr: 7.47e-04
2026-06-12 11:15:01 transreid.train INFO: Epoch[20] Iter[200/227] Loss: 3.951, Acc: 0.860, Base Lr: 7.47e-04
2026-06-12 11:15:03 transreid.train INFO: Epoch 20 done. Time per epoch: 36.012[s] Speed: 376.8[samples/s]
2026-06-12 11:15:12 transreid.train INFO: Epoch[21] Iter[50/227] Loss: 4.114, Acc: 0.829, Base Lr: 7.41e-04
2026-06-12 11:15:20 transreid.train INFO: Epoch[21] Iter[100/227] Loss: 4.013, Acc: 0.845, Base Lr: 7.41e-04
2026-06-12 11:15:29 transreid.train INFO: Epoch[21] Iter[150/227] Loss: 3.906, Acc: 0.861, Base Lr: 7.41e-04
2026-06-12 11:15:37 transreid.train INFO: Epoch[21] Iter[200/227] Loss: 3.731, Acc: 0.877, Base Lr: 7.41e-04
2026-06-12 11:15:39 transreid.train INFO: Epoch 21 done. Time per epoch: 35.847[s] Speed: 376.7[samples/s]
2026-06-12 11:15:48 transreid.train INFO: Epoch[22] Iter[50/227] Loss: 3.949, Acc: 0.843, Base Lr: 7.36e-04
2026-06-12 11:15:56 transreid.train INFO: Epoch[22] Iter[100/227] Loss: 3.827, Acc: 0.862, Base Lr: 7.36e-04
2026-06-12 11:16:05 transreid.train INFO: Epoch[22] Iter[150/227] Loss: 3.704, Acc: 0.878, Base Lr: 7.36e-04
2026-06-12 11:16:13 transreid.train INFO: Epoch[22] Iter[200/227] Loss: 3.510, Acc: 0.894, Base Lr: 7.36e-04
2026-06-12 11:16:15 transreid.train INFO: Epoch 22 done. Time per epoch: 35.677[s] Speed: 376.7[samples/s]
2026-06-12 11:16:23 transreid.train INFO: Epoch[23] Iter[50/227] Loss: 3.691, Acc: 0.870, Base Lr: 7.30e-04
2026-06-12 11:16:32 transreid.train INFO: Epoch[23] Iter[100/227] Loss: 3.591, Acc: 0.888, Base Lr: 7.30e-04
2026-06-12 11:16:40 transreid.train INFO: Epoch[23] Iter[150/227] Loss: 3.455, Acc: 0.904, Base Lr: 7.30e-04
2026-06-12 11:16:49 transreid.train INFO: Epoch[23] Iter[200/227] Loss: 3.269, Acc: 0.916, Base Lr: 7.30e-04
2026-06-12 11:16:51 transreid.train INFO: Epoch 23 done. Time per epoch: 36.020[s] Speed: 376.7[samples/s]
2026-06-12 11:16:59 transreid.train INFO: Epoch[24] Iter[50/227] Loss: 3.513, Acc: 0.897, Base Lr: 7.24e-04
2026-06-12 11:17:08 transreid.train INFO: Epoch[24] Iter[100/227] Loss: 3.470, Acc: 0.899, Base Lr: 7.24e-04
2026-06-12 11:17:16 transreid.train INFO: Epoch[24] Iter[150/227] Loss: 3.339, Acc: 0.916, Base Lr: 7.24e-04
2026-06-12 11:17:25 transreid.train INFO: Epoch[24] Iter[200/227] Loss: 3.166, Acc: 0.926, Base Lr: 7.24e-04
2026-06-12 11:17:27 transreid.train INFO: Epoch 24 done. Time per epoch: 35.867[s] Speed: 376.5[samples/s]
2026-06-12 11:17:35 transreid.train INFO: Epoch[25] Iter[50/227] Loss: 3.371, Acc: 0.912, Base Lr: 7.18e-04
2026-06-12 11:17:44 transreid.train INFO: Epoch[25] Iter[100/227] Loss: 3.257, Acc: 0.922, Base Lr: 7.18e-04
2026-06-12 11:17:52 transreid.train INFO: Epoch[25] Iter[150/227] Loss: 3.154, Acc: 0.929, Base Lr: 7.18e-04
2026-06-12 11:18:01 transreid.train INFO: Epoch[25] Iter[200/227] Loss: 2.974, Acc: 0.939, Base Lr: 7.18e-04
2026-06-12 11:18:03 transreid.train INFO: Epoch 25 done. Time per epoch: 36.006[s] Speed: 376.8[samples/s]
2026-06-12 11:18:11 transreid.train INFO: Epoch[26] Iter[50/227] Loss: 3.251, Acc: 0.916, Base Lr: 7.11e-04
2026-06-12 11:18:20 transreid.train INFO: Epoch[26] Iter[100/227] Loss: 3.158, Acc: 0.930, Base Lr: 7.11e-04
2026-06-12 11:18:28 transreid.train INFO: Epoch[26] Iter[150/227] Loss: 3.053, Acc: 0.938, Base Lr: 7.11e-04
2026-06-12 11:18:37 transreid.train INFO: Epoch[26] Iter[200/227] Loss: 2.895, Acc: 0.943, Base Lr: 7.11e-04
2026-06-12 11:18:39 transreid.train INFO: Epoch 26 done. Time per epoch: 36.177[s] Speed: 376.8[samples/s]
2026-06-12 11:18:48 transreid.train INFO: Epoch[27] Iter[50/227] Loss: 3.038, Acc: 0.931, Base Lr: 7.04e-04
2026-06-12 11:18:56 transreid.train INFO: Epoch[27] Iter[100/227] Loss: 2.979, Acc: 0.937, Base Lr: 7.04e-04
2026-06-12 11:19:04 transreid.train INFO: Epoch[27] Iter[150/227] Loss: 2.895, Acc: 0.945, Base Lr: 7.04e-04
2026-06-12 11:19:13 transreid.train INFO: Epoch[27] Iter[200/227] Loss: 2.760, Acc: 0.949, Base Lr: 7.04e-04
2026-06-12 11:19:15 transreid.train INFO: Epoch 27 done. Time per epoch: 36.018[s] Speed: 376.7[samples/s]
2026-06-12 11:19:24 transreid.train INFO: Epoch[28] Iter[50/227] Loss: 2.971, Acc: 0.935, Base Lr: 6.97e-04
2026-06-12 11:19:32 transreid.train INFO: Epoch[28] Iter[100/227] Loss: 2.921, Acc: 0.942, Base Lr: 6.97e-04
2026-06-12 11:19:40 transreid.train INFO: Epoch[28] Iter[150/227] Loss: 2.819, Acc: 0.951, Base Lr: 6.97e-04
2026-06-12 11:19:49 transreid.train INFO: Epoch[28] Iter[200/227] Loss: 2.658, Acc: 0.957, Base Lr: 6.97e-04
2026-06-12 11:19:51 transreid.train INFO: Epoch 28 done. Time per epoch: 35.993[s] Speed: 377.0[samples/s]
2026-06-12 11:20:00 transreid.train INFO: Epoch[29] Iter[50/227] Loss: 2.877, Acc: 0.942, Base Lr: 6.90e-04
2026-06-12 11:20:08 transreid.train INFO: Epoch[29] Iter[100/227] Loss: 2.794, Acc: 0.954, Base Lr: 6.90e-04
2026-06-12 11:20:16 transreid.train INFO: Epoch[29] Iter[150/227] Loss: 2.715, Acc: 0.959, Base Lr: 6.90e-04
2026-06-12 11:20:25 transreid.train INFO: Epoch[29] Iter[200/227] Loss: 2.586, Acc: 0.961, Base Lr: 6.90e-04
2026-06-12 11:20:27 transreid.train INFO: Epoch 29 done. Time per epoch: 35.840[s] Speed: 376.8[samples/s]
2026-06-12 11:20:35 transreid.train INFO: Epoch[30] Iter[50/227] Loss: 2.755, Acc: 0.951, Base Lr: 6.83e-04
2026-06-12 11:20:44 transreid.train INFO: Epoch[30] Iter[100/227] Loss: 2.681, Acc: 0.962, Base Lr: 6.83e-04
2026-06-12 11:20:52 transreid.train INFO: Epoch[30] Iter[150/227] Loss: 2.608, Acc: 0.966, Base Lr: 6.83e-04
2026-06-12 11:21:01 transreid.train INFO: Epoch[30] Iter[200/227] Loss: 2.464, Acc: 0.967, Base Lr: 6.83e-04
2026-06-12 11:21:03 transreid.train INFO: Epoch 30 done. Time per epoch: 36.190[s] Speed: 376.7[samples/s]
2026-06-12 11:21:12 transreid.train INFO: Epoch[31] Iter[50/227] Loss: 2.711, Acc: 0.951, Base Lr: 6.76e-04
2026-06-12 11:21:20 transreid.train INFO: Epoch[31] Iter[100/227] Loss: 2.600, Acc: 0.962, Base Lr: 6.76e-04
2026-06-12 11:21:28 transreid.train INFO: Epoch[31] Iter[150/227] Loss: 2.508, Acc: 0.966, Base Lr: 6.76e-04
2026-06-12 11:21:37 transreid.train INFO: Epoch[31] Iter[200/227] Loss: 2.382, Acc: 0.969, Base Lr: 6.76e-04
2026-06-12 11:21:39 transreid.train INFO: Epoch 31 done. Time per epoch: 35.992[s] Speed: 377.0[samples/s]
2026-06-12 11:21:48 transreid.train INFO: Epoch[32] Iter[50/227] Loss: 2.674, Acc: 0.957, Base Lr: 6.68e-04
2026-06-12 11:21:56 transreid.train INFO: Epoch[32] Iter[100/227] Loss: 2.574, Acc: 0.964, Base Lr: 6.68e-04
2026-06-12 11:22:04 transreid.train INFO: Epoch[32] Iter[150/227] Loss: 2.487, Acc: 0.965, Base Lr: 6.68e-04
2026-06-12 11:22:13 transreid.train INFO: Epoch[32] Iter[200/227] Loss: 2.361, Acc: 0.967, Base Lr: 6.68e-04
2026-06-12 11:22:14 transreid.train INFO: Epoch 32 done. Time per epoch: 35.490[s] Speed: 376.9[samples/s]
2026-06-12 11:22:23 transreid.train INFO: Epoch[33] Iter[50/227] Loss: 2.578, Acc: 0.972, Base Lr: 6.60e-04
2026-06-12 11:22:32 transreid.train INFO: Epoch[33] Iter[100/227] Loss: 2.539, Acc: 0.968, Base Lr: 6.60e-04
2026-06-12 11:22:40 transreid.train INFO: Epoch[33] Iter[150/227] Loss: 2.441, Acc: 0.971, Base Lr: 6.60e-04
2026-06-12 11:22:48 transreid.train INFO: Epoch[33] Iter[200/227] Loss: 2.284, Acc: 0.974, Base Lr: 6.60e-04
2026-06-12 11:22:50 transreid.train INFO: Epoch 33 done. Time per epoch: 35.830[s] Speed: 376.9[samples/s]
2026-06-12 11:22:59 transreid.train INFO: Epoch[34] Iter[50/227] Loss: 2.431, Acc: 0.972, Base Lr: 6.52e-04
2026-06-12 11:23:07 transreid.train INFO: Epoch[34] Iter[100/227] Loss: 2.369, Acc: 0.974, Base Lr: 6.52e-04
2026-06-12 11:23:16 transreid.train INFO: Epoch[34] Iter[150/227] Loss: 2.290, Acc: 0.975, Base Lr: 6.52e-04
2026-06-12 11:23:24 transreid.train INFO: Epoch[34] Iter[200/227] Loss: 2.157, Acc: 0.978, Base Lr: 6.52e-04
2026-06-12 11:23:26 transreid.train INFO: Epoch 34 done. Time per epoch: 36.167[s] Speed: 376.9[samples/s]
2026-06-12 11:23:35 transreid.train INFO: Epoch[35] Iter[50/227] Loss: 2.401, Acc: 0.969, Base Lr: 6.44e-04
2026-06-12 11:23:44 transreid.train INFO: Epoch[35] Iter[100/227] Loss: 2.335, Acc: 0.973, Base Lr: 6.44e-04
2026-06-12 11:23:52 transreid.train INFO: Epoch[35] Iter[150/227] Loss: 2.254, Acc: 0.975, Base Lr: 6.44e-04
2026-06-12 11:24:00 transreid.train INFO: Epoch[35] Iter[200/227] Loss: 2.126, Acc: 0.977, Base Lr: 6.44e-04
2026-06-12 11:24:02 transreid.train INFO: Epoch 35 done. Time per epoch: 36.003[s] Speed: 376.9[samples/s]
2026-06-12 11:24:11 transreid.train INFO: Epoch[36] Iter[50/227] Loss: 2.320, Acc: 0.981, Base Lr: 6.35e-04
2026-06-12 11:24:20 transreid.train INFO: Epoch[36] Iter[100/227] Loss: 2.252, Acc: 0.979, Base Lr: 6.35e-04
2026-06-12 11:24:28 transreid.train INFO: Epoch[36] Iter[150/227] Loss: 2.212, Acc: 0.978, Base Lr: 6.35e-04
2026-06-12 11:24:36 transreid.train INFO: Epoch[36] Iter[200/227] Loss: 2.069, Acc: 0.981, Base Lr: 6.35e-04
2026-06-12 11:24:38 transreid.train INFO: Epoch 36 done. Time per epoch: 35.827[s] Speed: 376.9[samples/s]
2026-06-12 11:24:47 transreid.train INFO: Epoch[37] Iter[50/227] Loss: 2.281, Acc: 0.972, Base Lr: 6.27e-04
2026-06-12 11:24:55 transreid.train INFO: Epoch[37] Iter[100/227] Loss: 2.235, Acc: 0.975, Base Lr: 6.27e-04
2026-06-12 11:25:04 transreid.train INFO: Epoch[37] Iter[150/227] Loss: 2.161, Acc: 0.976, Base Lr: 6.27e-04
2026-06-12 11:25:12 transreid.train INFO: Epoch[37] Iter[200/227] Loss: 2.010, Acc: 0.979, Base Lr: 6.27e-04
2026-06-12 11:25:14 transreid.train INFO: Epoch 37 done. Time per epoch: 36.005[s] Speed: 376.8[samples/s]
2026-06-12 11:25:23 transreid.train INFO: Epoch[38] Iter[50/227] Loss: 2.172, Acc: 0.982, Base Lr: 6.18e-04
2026-06-12 11:25:31 transreid.train INFO: Epoch[38] Iter[100/227] Loss: 2.131, Acc: 0.982, Base Lr: 6.18e-04
2026-06-12 11:25:40 transreid.train INFO: Epoch[38] Iter[150/227] Loss: 2.054, Acc: 0.983, Base Lr: 6.18e-04
2026-06-12 11:25:48 transreid.train INFO: Epoch[38] Iter[200/227] Loss: 1.919, Acc: 0.985, Base Lr: 6.18e-04
2026-06-12 11:25:50 transreid.train INFO: Epoch 38 done. Time per epoch: 35.871[s] Speed: 376.5[samples/s]
2026-06-12 11:25:59 transreid.train INFO: Epoch[39] Iter[50/227] Loss: 2.155, Acc: 0.977, Base Lr: 6.09e-04
2026-06-12 11:26:07 transreid.train INFO: Epoch[39] Iter[100/227] Loss: 2.118, Acc: 0.980, Base Lr: 6.09e-04
2026-06-12 11:26:16 transreid.train INFO: Epoch[39] Iter[150/227] Loss: 2.029, Acc: 0.982, Base Lr: 6.09e-04
2026-06-12 11:26:24 transreid.train INFO: Epoch[39] Iter[200/227] Loss: 1.911, Acc: 0.983, Base Lr: 6.09e-04
2026-06-12 11:26:26 transreid.train INFO: Epoch 39 done. Time per epoch: 36.003[s] Speed: 376.9[samples/s]
2026-06-12 11:26:35 transreid.train INFO: Epoch[40] Iter[50/227] Loss: 2.166, Acc: 0.975, Base Lr: 6.00e-04
2026-06-12 11:26:43 transreid.train INFO: Epoch[40] Iter[100/227] Loss: 2.104, Acc: 0.980, Base Lr: 6.00e-04
2026-06-12 11:26:52 transreid.train INFO: Epoch[40] Iter[150/227] Loss: 2.023, Acc: 0.981, Base Lr: 6.00e-04
2026-06-12 11:27:00 transreid.train INFO: Epoch[40] Iter[200/227] Loss: 1.907, Acc: 0.982, Base Lr: 6.00e-04
2026-06-12 11:27:02 transreid.train INFO: Epoch 40 done. Time per epoch: 35.843[s] Speed: 376.8[samples/s]
2026-06-12 11:27:11 transreid.train INFO: Epoch[41] Iter[50/227] Loss: 2.131, Acc: 0.979, Base Lr: 5.91e-04
2026-06-12 11:27:19 transreid.train INFO: Epoch[41] Iter[100/227] Loss: 2.038, Acc: 0.982, Base Lr: 5.91e-04
2026-06-12 11:27:28 transreid.train INFO: Epoch[41] Iter[150/227] Loss: 1.950, Acc: 0.983, Base Lr: 5.91e-04
2026-06-12 11:27:36 transreid.train INFO: Epoch[41] Iter[200/227] Loss: 1.822, Acc: 0.985, Base Lr: 5.91e-04
2026-06-12 11:27:38 transreid.train INFO: Epoch 41 done. Time per epoch: 36.005[s] Speed: 376.8[samples/s]
2026-06-12 11:27:47 transreid.train INFO: Epoch[42] Iter[50/227] Loss: 2.003, Acc: 0.983, Base Lr: 5.82e-04
2026-06-12 11:27:55 transreid.train INFO: Epoch[42] Iter[100/227] Loss: 1.946, Acc: 0.982, Base Lr: 5.82e-04
2026-06-12 11:28:04 transreid.train INFO: Epoch[42] Iter[150/227] Loss: 1.882, Acc: 0.984, Base Lr: 5.82e-04
2026-06-12 11:28:12 transreid.train INFO: Epoch[42] Iter[200/227] Loss: 1.766, Acc: 0.986, Base Lr: 5.82e-04
2026-06-12 11:28:14 transreid.train INFO: Epoch 42 done. Time per epoch: 35.669[s] Speed: 376.8[samples/s]
2026-06-12 11:28:22 transreid.train INFO: Epoch[43] Iter[50/227] Loss: 1.997, Acc: 0.983, Base Lr: 5.73e-04
2026-06-12 11:28:31 transreid.train INFO: Epoch[43] Iter[100/227] Loss: 1.969, Acc: 0.982, Base Lr: 5.73e-04
2026-06-12 11:28:39 transreid.train INFO: Epoch[43] Iter[150/227] Loss: 1.904, Acc: 0.983, Base Lr: 5.73e-04
2026-06-12 11:28:48 transreid.train INFO: Epoch[43] Iter[200/227] Loss: 1.784, Acc: 0.984, Base Lr: 5.73e-04
2026-06-12 11:28:49 transreid.train INFO: Epoch 43 done. Time per epoch: 35.819[s] Speed: 377.0[samples/s]
2026-06-12 11:28:58 transreid.train INFO: Epoch[44] Iter[50/227] Loss: 2.001, Acc: 0.986, Base Lr: 5.63e-04
2026-06-12 11:29:07 transreid.train INFO: Epoch[44] Iter[100/227] Loss: 1.931, Acc: 0.987, Base Lr: 5.63e-04
2026-06-12 11:29:15 transreid.train INFO: Epoch[44] Iter[150/227] Loss: 1.855, Acc: 0.987, Base Lr: 5.63e-04
2026-06-12 11:29:23 transreid.train INFO: Epoch[44] Iter[200/227] Loss: 1.722, Acc: 0.988, Base Lr: 5.63e-04
2026-06-12 11:29:25 transreid.train INFO: Epoch 44 done. Time per epoch: 35.671[s] Speed: 376.8[samples/s]
2026-06-12 11:29:34 transreid.train INFO: Epoch[45] Iter[50/227] Loss: 1.989, Acc: 0.985, Base Lr: 5.54e-04
2026-06-12 11:29:42 transreid.train INFO: Epoch[45] Iter[100/227] Loss: 1.923, Acc: 0.986, Base Lr: 5.54e-04
2026-06-12 11:29:51 transreid.train INFO: Epoch[45] Iter[150/227] Loss: 1.837, Acc: 0.987, Base Lr: 5.54e-04
2026-06-12 11:29:59 transreid.train INFO: Epoch[45] Iter[200/227] Loss: 1.705, Acc: 0.987, Base Lr: 5.54e-04
2026-06-12 11:30:01 transreid.train INFO: Epoch 45 done. Time per epoch: 36.011[s] Speed: 376.8[samples/s]
2026-06-12 11:30:10 transreid.train INFO: Epoch[46] Iter[50/227] Loss: 1.938, Acc: 0.985, Base Lr: 5.44e-04
2026-06-12 11:30:18 transreid.train INFO: Epoch[46] Iter[100/227] Loss: 1.855, Acc: 0.987, Base Lr: 5.44e-04
2026-06-12 11:30:27 transreid.train INFO: Epoch[46] Iter[150/227] Loss: 1.781, Acc: 0.987, Base Lr: 5.44e-04
2026-06-12 11:30:35 transreid.train INFO: Epoch[46] Iter[200/227] Loss: 1.655, Acc: 0.989, Base Lr: 5.44e-04
2026-06-12 11:30:37 transreid.train INFO: Epoch 46 done. Time per epoch: 35.986[s] Speed: 377.0[samples/s]
2026-06-12 11:30:46 transreid.train INFO: Epoch[47] Iter[50/227] Loss: 1.847, Acc: 0.986, Base Lr: 5.34e-04
2026-06-12 11:30:54 transreid.train INFO: Epoch[47] Iter[100/227] Loss: 1.799, Acc: 0.987, Base Lr: 5.34e-04
2026-06-12 11:31:03 transreid.train INFO: Epoch[47] Iter[150/227] Loss: 1.738, Acc: 0.988, Base Lr: 5.34e-04
2026-06-12 11:31:11 transreid.train INFO: Epoch[47] Iter[200/227] Loss: 1.614, Acc: 0.988, Base Lr: 5.34e-04
2026-06-12 11:31:13 transreid.train INFO: Epoch 47 done. Time per epoch: 36.176[s] Speed: 376.8[samples/s]
2026-06-12 11:31:22 transreid.train INFO: Epoch[48] Iter[50/227] Loss: 1.844, Acc: 0.989, Base Lr: 5.24e-04
2026-06-12 11:31:30 transreid.train INFO: Epoch[48] Iter[100/227] Loss: 1.777, Acc: 0.990, Base Lr: 5.24e-04
2026-06-12 11:31:39 transreid.train INFO: Epoch[48] Iter[150/227] Loss: 1.702, Acc: 0.989, Base Lr: 5.24e-04
2026-06-12 11:31:47 transreid.train INFO: Epoch[48] Iter[200/227] Loss: 1.577, Acc: 0.990, Base Lr: 5.24e-04
2026-06-12 11:31:49 transreid.train INFO: Epoch 48 done. Time per epoch: 36.171[s] Speed: 376.9[samples/s]
2026-06-12 11:31:58 transreid.train INFO: Epoch[49] Iter[50/227] Loss: 1.790, Acc: 0.988, Base Lr: 5.14e-04
2026-06-12 11:32:07 transreid.train INFO: Epoch[49] Iter[100/227] Loss: 1.771, Acc: 0.990, Base Lr: 5.14e-04
2026-06-12 11:32:15 transreid.train INFO: Epoch[49] Iter[150/227] Loss: 1.680, Acc: 0.989, Base Lr: 5.14e-04
2026-06-12 11:32:23 transreid.train INFO: Epoch[49] Iter[200/227] Loss: 1.551, Acc: 0.991, Base Lr: 5.14e-04
2026-06-12 11:32:25 transreid.train INFO: Epoch 49 done. Time per epoch: 35.820[s] Speed: 377.0[samples/s]
2026-06-12 11:32:34 transreid.train INFO: Epoch[50] Iter[50/227] Loss: 1.767, Acc: 0.985, Base Lr: 5.04e-04
2026-06-12 11:32:42 transreid.train INFO: Epoch[50] Iter[100/227] Loss: 1.706, Acc: 0.987, Base Lr: 5.04e-04
2026-06-12 11:32:51 transreid.train INFO: Epoch[50] Iter[150/227] Loss: 1.645, Acc: 0.988, Base Lr: 5.04e-04
2026-06-12 11:32:59 transreid.train INFO: Epoch[50] Iter[200/227] Loss: 1.524, Acc: 0.989, Base Lr: 5.04e-04
2026-06-12 11:33:01 transreid.train INFO: Epoch 50 done. Time per epoch: 35.988[s] Speed: 377.0[samples/s]
2026-06-12 11:33:10 transreid.train INFO: Epoch[51] Iter[50/227] Loss: 1.807, Acc: 0.987, Base Lr: 4.94e-04
2026-06-12 11:33:18 transreid.train INFO: Epoch[51] Iter[100/227] Loss: 1.716, Acc: 0.989, Base Lr: 4.94e-04
2026-06-12 11:33:27 transreid.train INFO: Epoch[51] Iter[150/227] Loss: 1.620, Acc: 0.990, Base Lr: 4.94e-04
2026-06-12 11:33:35 transreid.train INFO: Epoch[51] Iter[200/227] Loss: 1.498, Acc: 0.991, Base Lr: 4.94e-04
2026-06-12 11:33:37 transreid.train INFO: Epoch 51 done. Time per epoch: 35.834[s] Speed: 376.9[samples/s]
2026-06-12 11:33:46 transreid.train INFO: Epoch[52] Iter[50/227] Loss: 1.768, Acc: 0.988, Base Lr: 4.84e-04
2026-06-12 11:33:54 transreid.train INFO: Epoch[52] Iter[100/227] Loss: 1.679, Acc: 0.990, Base Lr: 4.84e-04
2026-06-12 11:34:03 transreid.train INFO: Epoch[52] Iter[150/227] Loss: 1.599, Acc: 0.991, Base Lr: 4.84e-04
2026-06-12 11:34:11 transreid.train INFO: Epoch[52] Iter[200/227] Loss: 1.476, Acc: 0.991, Base Lr: 4.84e-04
2026-06-12 11:34:13 transreid.train INFO: Epoch 52 done. Time per epoch: 35.831[s] Speed: 376.9[samples/s]
2026-06-12 11:34:22 transreid.train INFO: Epoch[53] Iter[50/227] Loss: 1.732, Acc: 0.989, Base Lr: 4.74e-04
2026-06-12 11:34:30 transreid.train INFO: Epoch[53] Iter[100/227] Loss: 1.645, Acc: 0.988, Base Lr: 4.74e-04
2026-06-12 11:34:38 transreid.train INFO: Epoch[53] Iter[150/227] Loss: 1.561, Acc: 0.988, Base Lr: 4.74e-04
2026-06-12 11:34:47 transreid.train INFO: Epoch[53] Iter[200/227] Loss: 1.445, Acc: 0.990, Base Lr: 4.74e-04
2026-06-12 11:34:49 transreid.train INFO: Epoch 53 done. Time per epoch: 35.988[s] Speed: 377.0[samples/s]
2026-06-12 11:34:58 transreid.train INFO: Epoch[54] Iter[50/227] Loss: 1.639, Acc: 0.989, Base Lr: 4.63e-04
2026-06-12 11:35:06 transreid.train INFO: Epoch[54] Iter[100/227] Loss: 1.612, Acc: 0.990, Base Lr: 4.63e-04
2026-06-12 11:35:14 transreid.train INFO: Epoch[54] Iter[150/227] Loss: 1.534, Acc: 0.991, Base Lr: 4.63e-04
2026-06-12 11:35:23 transreid.train INFO: Epoch[54] Iter[200/227] Loss: 1.410, Acc: 0.991, Base Lr: 4.63e-04
2026-06-12 11:35:25 transreid.train INFO: Epoch 54 done. Time per epoch: 36.009[s] Speed: 376.8[samples/s]
2026-06-12 11:35:34 transreid.train INFO: Epoch[55] Iter[50/227] Loss: 1.695, Acc: 0.990, Base Lr: 4.53e-04
2026-06-12 11:35:42 transreid.train INFO: Epoch[55] Iter[100/227] Loss: 1.615, Acc: 0.991, Base Lr: 4.53e-04
2026-06-12 11:35:50 transreid.train INFO: Epoch[55] Iter[150/227] Loss: 1.518, Acc: 0.991, Base Lr: 4.53e-04
2026-06-12 11:35:59 transreid.train INFO: Epoch[55] Iter[200/227] Loss: 1.402, Acc: 0.992, Base Lr: 4.53e-04
2026-06-12 11:36:01 transreid.train INFO: Epoch 55 done. Time per epoch: 35.828[s] Speed: 376.9[samples/s]
2026-06-12 11:36:09 transreid.train INFO: Epoch[56] Iter[50/227] Loss: 1.567, Acc: 0.991, Base Lr: 4.43e-04
2026-06-12 11:36:18 transreid.train INFO: Epoch[56] Iter[100/227] Loss: 1.544, Acc: 0.992, Base Lr: 4.43e-04
2026-06-12 11:36:26 transreid.train INFO: Epoch[56] Iter[150/227] Loss: 1.469, Acc: 0.992, Base Lr: 4.43e-04
2026-06-12 11:36:35 transreid.train INFO: Epoch[56] Iter[200/227] Loss: 1.359, Acc: 0.992, Base Lr: 4.43e-04
2026-06-12 11:36:37 transreid.train INFO: Epoch 56 done. Time per epoch: 35.983[s] Speed: 377.1[samples/s]
2026-06-12 11:36:45 transreid.train INFO: Epoch[57] Iter[50/227] Loss: 1.579, Acc: 0.992, Base Lr: 4.32e-04
2026-06-12 11:36:54 transreid.train INFO: Epoch[57] Iter[100/227] Loss: 1.527, Acc: 0.993, Base Lr: 4.32e-04
2026-06-12 11:37:02 transreid.train INFO: Epoch[57] Iter[150/227] Loss: 1.433, Acc: 0.994, Base Lr: 4.32e-04
2026-06-12 11:37:11 transreid.train INFO: Epoch[57] Iter[200/227] Loss: 1.326, Acc: 0.993, Base Lr: 4.32e-04
2026-06-12 11:37:13 transreid.train INFO: Epoch 57 done. Time per epoch: 35.990[s] Speed: 377.0[samples/s]
2026-06-12 11:37:21 transreid.train INFO: Epoch[58] Iter[50/227] Loss: 1.595, Acc: 0.991, Base Lr: 4.22e-04
2026-06-12 11:37:30 transreid.train INFO: Epoch[58] Iter[100/227] Loss: 1.515, Acc: 0.992, Base Lr: 4.22e-04
2026-06-12 11:37:38 transreid.train INFO: Epoch[58] Iter[150/227] Loss: 1.441, Acc: 0.992, Base Lr: 4.22e-04
2026-06-12 11:37:47 transreid.train INFO: Epoch[58] Iter[200/227] Loss: 1.319, Acc: 0.993, Base Lr: 4.22e-04
2026-06-12 11:37:49 transreid.train INFO: Epoch 58 done. Time per epoch: 35.832[s] Speed: 376.9[samples/s]
2026-06-12 11:37:57 transreid.train INFO: Epoch[59] Iter[50/227] Loss: 1.556, Acc: 0.992, Base Lr: 4.11e-04
2026-06-12 11:38:06 transreid.train INFO: Epoch[59] Iter[100/227] Loss: 1.493, Acc: 0.993, Base Lr: 4.11e-04
2026-06-12 11:38:14 transreid.train INFO: Epoch[59] Iter[150/227] Loss: 1.435, Acc: 0.993, Base Lr: 4.11e-04
2026-06-12 11:38:23 transreid.train INFO: Epoch[59] Iter[200/227] Loss: 1.310, Acc: 0.994, Base Lr: 4.11e-04
2026-06-12 11:38:24 transreid.train INFO: Epoch 59 done. Time per epoch: 35.830[s] Speed: 376.9[samples/s]
2026-06-12 11:38:33 transreid.train INFO: Epoch[60] Iter[50/227] Loss: 1.495, Acc: 0.993, Base Lr: 4.01e-04
2026-06-12 11:38:42 transreid.train INFO: Epoch[60] Iter[100/227] Loss: 1.457, Acc: 0.993, Base Lr: 4.01e-04
2026-06-12 11:38:50 transreid.train INFO: Epoch[60] Iter[150/227] Loss: 1.375, Acc: 0.994, Base Lr: 4.01e-04
2026-06-12 11:38:58 transreid.train INFO: Epoch[60] Iter[200/227] Loss: 1.277, Acc: 0.995, Base Lr: 4.01e-04
2026-06-12 11:39:00 transreid.train INFO: Epoch 60 done. Time per epoch: 36.012[s] Speed: 376.8[samples/s]
2026-06-12 11:39:09 transreid.train INFO: Epoch[61] Iter[50/227] Loss: 1.469, Acc: 0.996, Base Lr: 3.90e-04
2026-06-12 11:39:18 transreid.train INFO: Epoch[61] Iter[100/227] Loss: 1.417, Acc: 0.995, Base Lr: 3.90e-04
2026-06-12 11:39:26 transreid.train INFO: Epoch[61] Iter[150/227] Loss: 1.368, Acc: 0.994, Base Lr: 3.90e-04
2026-06-12 11:39:34 transreid.train INFO: Epoch[61] Iter[200/227] Loss: 1.263, Acc: 0.995, Base Lr: 3.90e-04
2026-06-12 11:39:36 transreid.train INFO: Epoch 61 done. Time per epoch: 36.008[s] Speed: 376.8[samples/s]
2026-06-12 11:39:45 transreid.train INFO: Epoch[62] Iter[50/227] Loss: 1.495, Acc: 0.992, Base Lr: 3.80e-04
2026-06-12 11:39:54 transreid.train INFO: Epoch[62] Iter[100/227] Loss: 1.451, Acc: 0.993, Base Lr: 3.80e-04
2026-06-12 11:40:02 transreid.train INFO: Epoch[62] Iter[150/227] Loss: 1.366, Acc: 0.994, Base Lr: 3.80e-04
2026-06-12 11:40:10 transreid.train INFO: Epoch[62] Iter[200/227] Loss: 1.249, Acc: 0.994, Base Lr: 3.80e-04
2026-06-12 11:40:12 transreid.train INFO: Epoch 62 done. Time per epoch: 36.001[s] Speed: 376.9[samples/s]
2026-06-12 11:40:21 transreid.train INFO: Epoch[63] Iter[50/227] Loss: 1.483, Acc: 0.994, Base Lr: 3.69e-04
2026-06-12 11:40:30 transreid.train INFO: Epoch[63] Iter[100/227] Loss: 1.418, Acc: 0.995, Base Lr: 3.69e-04
2026-06-12 11:40:38 transreid.train INFO: Epoch[63] Iter[150/227] Loss: 1.337, Acc: 0.995, Base Lr: 3.69e-04
2026-06-12 11:40:46 transreid.train INFO: Epoch[63] Iter[200/227] Loss: 1.228, Acc: 0.995, Base Lr: 3.69e-04
2026-06-12 11:40:48 transreid.train INFO: Epoch 63 done. Time per epoch: 35.830[s] Speed: 376.9[samples/s]
2026-06-12 11:40:57 transreid.train INFO: Epoch[64] Iter[50/227] Loss: 1.459, Acc: 0.991, Base Lr: 3.59e-04
2026-06-12 11:41:05 transreid.train INFO: Epoch[64] Iter[100/227] Loss: 1.411, Acc: 0.993, Base Lr: 3.59e-04
2026-06-12 11:41:14 transreid.train INFO: Epoch[64] Iter[150/227] Loss: 1.339, Acc: 0.993, Base Lr: 3.59e-04
2026-06-12 11:41:22 transreid.train INFO: Epoch[64] Iter[200/227] Loss: 1.232, Acc: 0.994, Base Lr: 3.59e-04
2026-06-12 11:41:24 transreid.train INFO: Epoch 64 done. Time per epoch: 36.014[s] Speed: 376.7[samples/s]
2026-06-12 11:41:33 transreid.train INFO: Epoch[65] Iter[50/227] Loss: 1.421, Acc: 0.996, Base Lr: 3.49e-04
2026-06-12 11:41:41 transreid.train INFO: Epoch[65] Iter[100/227] Loss: 1.369, Acc: 0.995, Base Lr: 3.49e-04
2026-06-12 11:41:50 transreid.train INFO: Epoch[65] Iter[150/227] Loss: 1.312, Acc: 0.995, Base Lr: 3.49e-04
2026-06-12 11:41:58 transreid.train INFO: Epoch[65] Iter[200/227] Loss: 1.207, Acc: 0.995, Base Lr: 3.49e-04
2026-06-12 11:42:00 transreid.train INFO: Epoch 65 done. Time per epoch: 35.994[s] Speed: 377.0[samples/s]
2026-06-12 11:42:09 transreid.train INFO: Epoch[66] Iter[50/227] Loss: 1.410, Acc: 0.992, Base Lr: 3.38e-04
2026-06-12 11:42:17 transreid.train INFO: Epoch[66] Iter[100/227] Loss: 1.352, Acc: 0.993, Base Lr: 3.38e-04
2026-06-12 11:42:26 transreid.train INFO: Epoch[66] Iter[150/227] Loss: 1.273, Acc: 0.994, Base Lr: 3.38e-04
2026-06-12 11:42:34 transreid.train INFO: Epoch[66] Iter[200/227] Loss: 1.187, Acc: 0.994, Base Lr: 3.38e-04
2026-06-12 11:42:36 transreid.train INFO: Epoch 66 done. Time per epoch: 35.999[s] Speed: 376.9[samples/s]
2026-06-12 11:42:45 transreid.train INFO: Epoch[67] Iter[50/227] Loss: 1.371, Acc: 0.995, Base Lr: 3.28e-04
2026-06-12 11:42:53 transreid.train INFO: Epoch[67] Iter[100/227] Loss: 1.336, Acc: 0.996, Base Lr: 3.28e-04
2026-06-12 11:43:02 transreid.train INFO: Epoch[67] Iter[150/227] Loss: 1.271, Acc: 0.996, Base Lr: 3.28e-04
2026-06-12 11:43:10 transreid.train INFO: Epoch[67] Iter[200/227] Loss: 1.173, Acc: 0.996, Base Lr: 3.28e-04
2026-06-12 11:43:12 transreid.train INFO: Epoch 67 done. Time per epoch: 36.021[s] Speed: 376.7[samples/s]
2026-06-12 11:43:21 transreid.train INFO: Epoch[68] Iter[50/227] Loss: 1.355, Acc: 0.993, Base Lr: 3.18e-04
2026-06-12 11:43:29 transreid.train INFO: Epoch[68] Iter[100/227] Loss: 1.333, Acc: 0.994, Base Lr: 3.18e-04
2026-06-12 11:43:38 transreid.train INFO: Epoch[68] Iter[150/227] Loss: 1.265, Acc: 0.995, Base Lr: 3.18e-04
2026-06-12 11:43:46 transreid.train INFO: Epoch[68] Iter[200/227] Loss: 1.155, Acc: 0.995, Base Lr: 3.18e-04
2026-06-12 11:43:48 transreid.train INFO: Epoch 68 done. Time per epoch: 35.827[s] Speed: 376.9[samples/s]
2026-06-12 11:43:57 transreid.train INFO: Epoch[69] Iter[50/227] Loss: 1.350, Acc: 0.997, Base Lr: 3.08e-04
2026-06-12 11:44:05 transreid.train INFO: Epoch[69] Iter[100/227] Loss: 1.317, Acc: 0.995, Base Lr: 3.08e-04
2026-06-12 11:44:14 transreid.train INFO: Epoch[69] Iter[150/227] Loss: 1.260, Acc: 0.995, Base Lr: 3.08e-04
2026-06-12 11:44:22 transreid.train INFO: Epoch[69] Iter[200/227] Loss: 1.145, Acc: 0.995, Base Lr: 3.08e-04
2026-06-12 11:44:24 transreid.train INFO: Epoch 69 done. Time per epoch: 36.014[s] Speed: 376.7[samples/s]
2026-06-12 11:44:33 transreid.train INFO: Epoch[70] Iter[50/227] Loss: 1.370, Acc: 0.995, Base Lr: 2.97e-04
2026-06-12 11:44:41 transreid.train INFO: Epoch[70] Iter[100/227] Loss: 1.296, Acc: 0.994, Base Lr: 2.97e-04
2026-06-12 11:44:50 transreid.train INFO: Epoch[70] Iter[150/227] Loss: 1.229, Acc: 0.995, Base Lr: 2.97e-04
2026-06-12 11:44:58 transreid.train INFO: Epoch[70] Iter[200/227] Loss: 1.121, Acc: 0.995, Base Lr: 2.97e-04
2026-06-12 11:45:00 transreid.train INFO: Epoch 70 done. Time per epoch: 36.187[s] Speed: 376.7[samples/s]
2026-06-12 11:45:09 transreid.train INFO: Epoch[71] Iter[50/227] Loss: 1.362, Acc: 0.993, Base Lr: 2.87e-04
2026-06-12 11:45:17 transreid.train INFO: Epoch[71] Iter[100/227] Loss: 1.298, Acc: 0.994, Base Lr: 2.87e-04
2026-06-12 11:45:26 transreid.train INFO: Epoch[71] Iter[150/227] Loss: 1.216, Acc: 0.995, Base Lr: 2.87e-04
2026-06-12 11:45:34 transreid.train INFO: Epoch[71] Iter[200/227] Loss: 1.115, Acc: 0.995, Base Lr: 2.87e-04
2026-06-12 11:45:36 transreid.train INFO: Epoch 71 done. Time per epoch: 35.832[s] Speed: 376.9[samples/s]
2026-06-12 11:45:45 transreid.train INFO: Epoch[72] Iter[50/227] Loss: 1.307, Acc: 0.996, Base Lr: 2.77e-04
2026-06-12 11:45:53 transreid.train INFO: Epoch[72] Iter[100/227] Loss: 1.280, Acc: 0.996, Base Lr: 2.77e-04
2026-06-12 11:46:02 transreid.train INFO: Epoch[72] Iter[150/227] Loss: 1.202, Acc: 0.997, Base Lr: 2.77e-04
2026-06-12 11:46:10 transreid.train INFO: Epoch[72] Iter[200/227] Loss: 1.100, Acc: 0.997, Base Lr: 2.77e-04
2026-06-12 11:46:12 transreid.train INFO: Epoch 72 done. Time per epoch: 36.320[s] Speed: 375.3[samples/s]
2026-06-12 11:46:21 transreid.train INFO: Epoch[73] Iter[50/227] Loss: 1.356, Acc: 0.995, Base Lr: 2.68e-04
2026-06-12 11:46:30 transreid.train INFO: Epoch[73] Iter[100/227] Loss: 1.299, Acc: 0.995, Base Lr: 2.68e-04
2026-06-12 11:46:38 transreid.train INFO: Epoch[73] Iter[150/227] Loss: 1.212, Acc: 0.995, Base Lr: 2.68e-04
2026-06-12 11:46:46 transreid.train INFO: Epoch[73] Iter[200/227] Loss: 1.089, Acc: 0.996, Base Lr: 2.68e-04
2026-06-12 11:46:48 transreid.train INFO: Epoch 73 done. Time per epoch: 35.839[s] Speed: 376.8[samples/s]
2026-06-12 11:46:57 transreid.train INFO: Epoch[74] Iter[50/227] Loss: 1.281, Acc: 0.996, Base Lr: 2.58e-04
2026-06-12 11:47:05 transreid.train INFO: Epoch[74] Iter[100/227] Loss: 1.240, Acc: 0.997, Base Lr: 2.58e-04
2026-06-12 11:47:14 transreid.train INFO: Epoch[74] Iter[150/227] Loss: 1.179, Acc: 0.996, Base Lr: 2.58e-04
2026-06-12 11:47:22 transreid.train INFO: Epoch[74] Iter[200/227] Loss: 1.075, Acc: 0.997, Base Lr: 2.58e-04
2026-06-12 11:47:24 transreid.train INFO: Epoch 74 done. Time per epoch: 36.171[s] Speed: 376.9[samples/s]
2026-06-12 11:47:33 transreid.train INFO: Epoch[75] Iter[50/227] Loss: 1.270, Acc: 0.995, Base Lr: 2.48e-04
2026-06-12 11:47:42 transreid.train INFO: Epoch[75] Iter[100/227] Loss: 1.249, Acc: 0.995, Base Lr: 2.48e-04
2026-06-12 11:47:50 transreid.train INFO: Epoch[75] Iter[150/227] Loss: 1.171, Acc: 0.996, Base Lr: 2.48e-04
2026-06-12 11:47:58 transreid.train INFO: Epoch[75] Iter[200/227] Loss: 1.065, Acc: 0.996, Base Lr: 2.48e-04
2026-06-12 11:48:00 transreid.train INFO: Epoch 75 done. Time per epoch: 35.820[s] Speed: 377.0[samples/s]
2026-06-12 11:48:09 transreid.train INFO: Epoch[76] Iter[50/227] Loss: 1.289, Acc: 0.996, Base Lr: 2.38e-04
2026-06-12 11:48:17 transreid.train INFO: Epoch[76] Iter[100/227] Loss: 1.241, Acc: 0.997, Base Lr: 2.38e-04
2026-06-12 11:48:26 transreid.train INFO: Epoch[76] Iter[150/227] Loss: 1.169, Acc: 0.996, Base Lr: 2.38e-04
2026-06-12 11:48:34 transreid.train INFO: Epoch[76] Iter[200/227] Loss: 1.055, Acc: 0.996, Base Lr: 2.38e-04
2026-06-12 11:48:36 transreid.train INFO: Epoch 76 done. Time per epoch: 36.006[s] Speed: 376.8[samples/s]
2026-06-12 11:48:45 transreid.train INFO: Epoch[77] Iter[50/227] Loss: 1.309, Acc: 0.994, Base Lr: 2.29e-04
2026-06-12 11:48:53 transreid.train INFO: Epoch[77] Iter[100/227] Loss: 1.228, Acc: 0.996, Base Lr: 2.29e-04
2026-06-12 11:49:02 transreid.train INFO: Epoch[77] Iter[150/227] Loss: 1.159, Acc: 0.996, Base Lr: 2.29e-04
2026-06-12 11:49:10 transreid.train INFO: Epoch[77] Iter[200/227] Loss: 1.051, Acc: 0.996, Base Lr: 2.29e-04
2026-06-12 11:49:12 transreid.train INFO: Epoch 77 done. Time per epoch: 35.654[s] Speed: 377.0[samples/s]
2026-06-12 11:49:21 transreid.train INFO: Epoch[78] Iter[50/227] Loss: 1.230, Acc: 0.994, Base Lr: 2.20e-04
2026-06-12 11:49:29 transreid.train INFO: Epoch[78] Iter[100/227] Loss: 1.215, Acc: 0.995, Base Lr: 2.20e-04
2026-06-12 11:49:38 transreid.train INFO: Epoch[78] Iter[150/227] Loss: 1.139, Acc: 0.996, Base Lr: 2.20e-04
2026-06-12 11:49:46 transreid.train INFO: Epoch[78] Iter[200/227] Loss: 1.048, Acc: 0.996, Base Lr: 2.20e-04
2026-06-12 11:49:48 transreid.train INFO: Epoch 78 done. Time per epoch: 35.853[s] Speed: 376.6[samples/s]
2026-06-12 11:49:56 transreid.train INFO: Epoch[79] Iter[50/227] Loss: 1.231, Acc: 0.995, Base Lr: 2.10e-04
2026-06-12 11:50:05 transreid.train INFO: Epoch[79] Iter[100/227] Loss: 1.193, Acc: 0.996, Base Lr: 2.10e-04
2026-06-12 11:50:13 transreid.train INFO: Epoch[79] Iter[150/227] Loss: 1.125, Acc: 0.996, Base Lr: 2.10e-04
2026-06-12 11:50:22 transreid.train INFO: Epoch[79] Iter[200/227] Loss: 1.030, Acc: 0.997, Base Lr: 2.10e-04
2026-06-12 11:50:24 transreid.train INFO: Epoch 79 done. Time per epoch: 36.172[s] Speed: 376.9[samples/s]
2026-06-12 11:50:33 transreid.train INFO: Epoch[80] Iter[50/227] Loss: 1.226, Acc: 0.996, Base Lr: 2.01e-04
2026-06-12 11:50:41 transreid.train INFO: Epoch[80] Iter[100/227] Loss: 1.186, Acc: 0.997, Base Lr: 2.01e-04
2026-06-12 11:50:50 transreid.train INFO: Epoch[80] Iter[150/227] Loss: 1.118, Acc: 0.997, Base Lr: 2.01e-04
2026-06-12 11:50:58 transreid.train INFO: Epoch[80] Iter[200/227] Loss: 1.018, Acc: 0.997, Base Lr: 2.01e-04
2026-06-12 11:51:00 transreid.train INFO: Epoch 80 done. Time per epoch: 36.006[s] Speed: 376.8[samples/s]
2026-06-12 11:51:09 transreid.train INFO: Epoch[81] Iter[50/227] Loss: 1.242, Acc: 0.994, Base Lr: 1.92e-04
2026-06-12 11:51:17 transreid.train INFO: Epoch[81] Iter[100/227] Loss: 1.198, Acc: 0.995, Base Lr: 1.92e-04
2026-06-12 11:51:26 transreid.train INFO: Epoch[81] Iter[150/227] Loss: 1.126, Acc: 0.996, Base Lr: 1.92e-04
2026-06-12 11:51:34 transreid.train INFO: Epoch[81] Iter[200/227] Loss: 1.016, Acc: 0.996, Base Lr: 1.92e-04
2026-06-12 11:51:36 transreid.train INFO: Epoch 81 done. Time per epoch: 35.835[s] Speed: 376.8[samples/s]
2026-06-12 11:51:44 transreid.train INFO: Epoch[82] Iter[50/227] Loss: 1.175, Acc: 0.996, Base Lr: 1.83e-04
2026-06-12 11:51:53 transreid.train INFO: Epoch[82] Iter[100/227] Loss: 1.149, Acc: 0.996, Base Lr: 1.83e-04
2026-06-12 11:52:01 transreid.train INFO: Epoch[82] Iter[150/227] Loss: 1.084, Acc: 0.997, Base Lr: 1.83e-04
2026-06-12 11:52:10 transreid.train INFO: Epoch[82] Iter[200/227] Loss: 1.007, Acc: 0.996, Base Lr: 1.83e-04
2026-06-12 11:52:12 transreid.train INFO: Epoch 82 done. Time per epoch: 35.853[s] Speed: 376.7[samples/s]
2026-06-12 11:52:20 transreid.train INFO: Epoch[83] Iter[50/227] Loss: 1.191, Acc: 0.994, Base Lr: 1.75e-04
2026-06-12 11:52:29 transreid.train INFO: Epoch[83] Iter[100/227] Loss: 1.153, Acc: 0.995, Base Lr: 1.75e-04
2026-06-12 11:52:37 transreid.train INFO: Epoch[83] Iter[150/227] Loss: 1.091, Acc: 0.996, Base Lr: 1.75e-04
2026-06-12 11:52:46 transreid.train INFO: Epoch[83] Iter[200/227] Loss: 0.999, Acc: 0.996, Base Lr: 1.75e-04
2026-06-12 11:52:48 transreid.train INFO: Epoch 83 done. Time per epoch: 36.199[s] Speed: 376.6[samples/s]
2026-06-12 11:52:57 transreid.train INFO: Epoch[84] Iter[50/227] Loss: 1.216, Acc: 0.994, Base Lr: 1.66e-04
2026-06-12 11:53:05 transreid.train INFO: Epoch[84] Iter[100/227] Loss: 1.129, Acc: 0.995, Base Lr: 1.66e-04
2026-06-12 11:53:13 transreid.train INFO: Epoch[84] Iter[150/227] Loss: 1.066, Acc: 0.996, Base Lr: 1.66e-04
2026-06-12 11:53:22 transreid.train INFO: Epoch[84] Iter[200/227] Loss: 0.992, Acc: 0.996, Base Lr: 1.66e-04
2026-06-12 11:53:24 transreid.train INFO: Epoch 84 done. Time per epoch: 35.819[s] Speed: 377.0[samples/s]
2026-06-12 11:53:32 transreid.train INFO: Epoch[85] Iter[50/227] Loss: 1.181, Acc: 0.996, Base Lr: 1.58e-04
2026-06-12 11:53:41 transreid.train INFO: Epoch[85] Iter[100/227] Loss: 1.139, Acc: 0.997, Base Lr: 1.58e-04
2026-06-12 11:53:49 transreid.train INFO: Epoch[85] Iter[150/227] Loss: 1.076, Acc: 0.996, Base Lr: 1.58e-04
2026-06-12 11:53:58 transreid.train INFO: Epoch[85] Iter[200/227] Loss: 0.983, Acc: 0.997, Base Lr: 1.58e-04
2026-06-12 11:54:00 transreid.train INFO: Epoch 85 done. Time per epoch: 35.827[s] Speed: 376.9[samples/s]
2026-06-12 11:54:08 transreid.train INFO: Epoch[86] Iter[50/227] Loss: 1.233, Acc: 0.995, Base Lr: 1.50e-04
2026-06-12 11:54:17 transreid.train INFO: Epoch[86] Iter[100/227] Loss: 1.165, Acc: 0.996, Base Lr: 1.50e-04
2026-06-12 11:54:25 transreid.train INFO: Epoch[86] Iter[150/227] Loss: 1.081, Acc: 0.997, Base Lr: 1.50e-04
2026-06-12 11:54:34 transreid.train INFO: Epoch[86] Iter[200/227] Loss: 0.979, Acc: 0.997, Base Lr: 1.50e-04
2026-06-12 11:54:35 transreid.train INFO: Epoch 86 done. Time per epoch: 35.688[s] Speed: 376.6[samples/s]
2026-06-12 11:54:44 transreid.train INFO: Epoch[87] Iter[50/227] Loss: 1.200, Acc: 0.997, Base Lr: 1.42e-04
2026-06-12 11:54:52 transreid.train INFO: Epoch[87] Iter[100/227] Loss: 1.122, Acc: 0.997, Base Lr: 1.42e-04
2026-06-12 11:55:01 transreid.train INFO: Epoch[87] Iter[150/227] Loss: 1.066, Acc: 0.997, Base Lr: 1.42e-04
2026-06-12 11:55:09 transreid.train INFO: Epoch[87] Iter[200/227] Loss: 0.976, Acc: 0.997, Base Lr: 1.42e-04
2026-06-12 11:55:11 transreid.train INFO: Epoch 87 done. Time per epoch: 35.826[s] Speed: 376.9[samples/s]
2026-06-12 11:55:20 transreid.train INFO: Epoch[88] Iter[50/227] Loss: 1.212, Acc: 0.994, Base Lr: 1.34e-04
2026-06-12 11:55:28 transreid.train INFO: Epoch[88] Iter[100/227] Loss: 1.141, Acc: 0.996, Base Lr: 1.34e-04
2026-06-12 11:55:37 transreid.train INFO: Epoch[88] Iter[150/227] Loss: 1.065, Acc: 0.997, Base Lr: 1.34e-04
2026-06-12 11:55:45 transreid.train INFO: Epoch[88] Iter[200/227] Loss: 0.964, Acc: 0.997, Base Lr: 1.34e-04
2026-06-12 11:55:47 transreid.train INFO: Epoch 88 done. Time per epoch: 36.007[s] Speed: 376.8[samples/s]
2026-06-12 11:55:56 transreid.train INFO: Epoch[89] Iter[50/227] Loss: 1.145, Acc: 0.995, Base Lr: 1.26e-04
2026-06-12 11:56:04 transreid.train INFO: Epoch[89] Iter[100/227] Loss: 1.113, Acc: 0.996, Base Lr: 1.26e-04
2026-06-12 11:56:13 transreid.train INFO: Epoch[89] Iter[150/227] Loss: 1.051, Acc: 0.996, Base Lr: 1.26e-04
2026-06-12 11:56:21 transreid.train INFO: Epoch[89] Iter[200/227] Loss: 0.955, Acc: 0.997, Base Lr: 1.26e-04
2026-06-12 11:56:23 transreid.train INFO: Epoch 89 done. Time per epoch: 36.015[s] Speed: 376.7[samples/s]
2026-06-12 11:56:32 transreid.train INFO: Epoch[90] Iter[50/227] Loss: 1.185, Acc: 0.996, Base Lr: 1.19e-04
2026-06-12 11:56:40 transreid.train INFO: Epoch[90] Iter[100/227] Loss: 1.143, Acc: 0.996, Base Lr: 1.19e-04
2026-06-12 11:56:49 transreid.train INFO: Epoch[90] Iter[150/227] Loss: 1.071, Acc: 0.996, Base Lr: 1.19e-04
2026-06-12 11:56:57 transreid.train INFO: Epoch[90] Iter[200/227] Loss: 0.967, Acc: 0.997, Base Lr: 1.19e-04
2026-06-12 11:56:59 transreid.train INFO: Epoch 90 done. Time per epoch: 35.824[s] Speed: 376.9[samples/s]
2026-06-12 11:57:08 transreid.train INFO: Epoch[91] Iter[50/227] Loss: 1.141, Acc: 0.996, Base Lr: 1.11e-04
2026-06-12 11:57:16 transreid.train INFO: Epoch[91] Iter[100/227] Loss: 1.082, Acc: 0.997, Base Lr: 1.11e-04
2026-06-12 11:57:24 transreid.train INFO: Epoch[91] Iter[150/227] Loss: 1.035, Acc: 0.997, Base Lr: 1.11e-04
2026-06-12 11:57:33 transreid.train INFO: Epoch[91] Iter[200/227] Loss: 0.952, Acc: 0.997, Base Lr: 1.11e-04
2026-06-12 11:57:35 transreid.train INFO: Epoch 91 done. Time per epoch: 35.837[s] Speed: 376.8[samples/s]
2026-06-12 11:57:43 transreid.train INFO: Epoch[92] Iter[50/227] Loss: 1.152, Acc: 0.997, Base Lr: 1.04e-04
2026-06-12 11:57:52 transreid.train INFO: Epoch[92] Iter[100/227] Loss: 1.108, Acc: 0.998, Base Lr: 1.04e-04
2026-06-12 11:58:00 transreid.train INFO: Epoch[92] Iter[150/227] Loss: 1.036, Acc: 0.998, Base Lr: 1.04e-04
2026-06-12 11:58:09 transreid.train INFO: Epoch[92] Iter[200/227] Loss: 0.948, Acc: 0.997, Base Lr: 1.04e-04
2026-06-12 11:58:11 transreid.train INFO: Epoch 92 done. Time per epoch: 36.009[s] Speed: 376.8[samples/s]
2026-06-12 11:58:19 transreid.train INFO: Epoch[93] Iter[50/227] Loss: 1.149, Acc: 0.996, Base Lr: 9.72e-05
2026-06-12 11:58:28 transreid.train INFO: Epoch[93] Iter[100/227] Loss: 1.088, Acc: 0.996, Base Lr: 9.72e-05
2026-06-12 11:58:36 transreid.train INFO: Epoch[93] Iter[150/227] Loss: 1.036, Acc: 0.996, Base Lr: 9.72e-05
2026-06-12 11:58:45 transreid.train INFO: Epoch[93] Iter[200/227] Loss: 0.952, Acc: 0.996, Base Lr: 9.72e-05
2026-06-12 11:58:47 transreid.train INFO: Epoch 93 done. Time per epoch: 36.015[s] Speed: 376.7[samples/s]
2026-06-12 11:58:55 transreid.train INFO: Epoch[94] Iter[50/227] Loss: 1.177, Acc: 0.997, Base Lr: 9.06e-05
2026-06-12 11:59:04 transreid.train INFO: Epoch[94] Iter[100/227] Loss: 1.109, Acc: 0.997, Base Lr: 9.06e-05
2026-06-12 11:59:12 transreid.train INFO: Epoch[94] Iter[150/227] Loss: 1.038, Acc: 0.997, Base Lr: 9.06e-05
2026-06-12 11:59:21 transreid.train INFO: Epoch[94] Iter[200/227] Loss: 0.938, Acc: 0.998, Base Lr: 9.06e-05
2026-06-12 11:59:23 transreid.train INFO: Epoch 94 done. Time per epoch: 35.833[s] Speed: 376.9[samples/s]
2026-06-12 11:59:31 transreid.train INFO: Epoch[95] Iter[50/227] Loss: 1.154, Acc: 0.997, Base Lr: 8.41e-05
2026-06-12 11:59:40 transreid.train INFO: Epoch[95] Iter[100/227] Loss: 1.097, Acc: 0.998, Base Lr: 8.41e-05
2026-06-12 11:59:48 transreid.train INFO: Epoch[95] Iter[150/227] Loss: 1.039, Acc: 0.997, Base Lr: 8.41e-05
2026-06-12 11:59:57 transreid.train INFO: Epoch[95] Iter[200/227] Loss: 0.937, Acc: 0.998, Base Lr: 8.41e-05
2026-06-12 11:59:58 transreid.train INFO: Epoch 95 done. Time per epoch: 35.864[s] Speed: 376.5[samples/s]
2026-06-12 12:00:07 transreid.train INFO: Epoch[96] Iter[50/227] Loss: 1.156, Acc: 0.997, Base Lr: 7.78e-05
2026-06-12 12:00:16 transreid.train INFO: Epoch[96] Iter[100/227] Loss: 1.092, Acc: 0.996, Base Lr: 7.78e-05
2026-06-12 12:00:24 transreid.train INFO: Epoch[96] Iter[150/227] Loss: 1.025, Acc: 0.997, Base Lr: 7.78e-05
2026-06-12 12:00:32 transreid.train INFO: Epoch[96] Iter[200/227] Loss: 0.933, Acc: 0.997, Base Lr: 7.78e-05
2026-06-12 12:00:34 transreid.train INFO: Epoch 96 done. Time per epoch: 35.840[s] Speed: 376.8[samples/s]
2026-06-12 12:00:43 transreid.train INFO: Epoch[97] Iter[50/227] Loss: 1.171, Acc: 0.998, Base Lr: 7.18e-05
2026-06-12 12:00:51 transreid.train INFO: Epoch[97] Iter[100/227] Loss: 1.101, Acc: 0.998, Base Lr: 7.18e-05
2026-06-12 12:01:00 transreid.train INFO: Epoch[97] Iter[150/227] Loss: 1.031, Acc: 0.998, Base Lr: 7.18e-05
2026-06-12 12:01:08 transreid.train INFO: Epoch[97] Iter[200/227] Loss: 0.926, Acc: 0.998, Base Lr: 7.18e-05
2026-06-12 12:01:10 transreid.train INFO: Epoch 97 done. Time per epoch: 35.992[s] Speed: 377.0[samples/s]
2026-06-12 12:01:19 transreid.train INFO: Epoch[98] Iter[50/227] Loss: 1.104, Acc: 0.998, Base Lr: 6.60e-05
2026-06-12 12:01:27 transreid.train INFO: Epoch[98] Iter[100/227] Loss: 1.081, Acc: 0.998, Base Lr: 6.60e-05
2026-06-12 12:01:36 transreid.train INFO: Epoch[98] Iter[150/227] Loss: 1.012, Acc: 0.998, Base Lr: 6.60e-05
2026-06-12 12:01:44 transreid.train INFO: Epoch[98] Iter[200/227] Loss: 0.921, Acc: 0.998, Base Lr: 6.60e-05
2026-06-12 12:01:46 transreid.train INFO: Epoch 98 done. Time per epoch: 35.820[s] Speed: 377.0[samples/s]
2026-06-12 12:01:55 transreid.train INFO: Epoch[99] Iter[50/227] Loss: 1.173, Acc: 0.996, Base Lr: 6.04e-05
2026-06-12 12:02:03 transreid.train INFO: Epoch[99] Iter[100/227] Loss: 1.099, Acc: 0.997, Base Lr: 6.04e-05
2026-06-12 12:02:12 transreid.train INFO: Epoch[99] Iter[150/227] Loss: 1.025, Acc: 0.997, Base Lr: 6.04e-05
2026-06-12 12:02:20 transreid.train INFO: Epoch[99] Iter[200/227] Loss: 0.926, Acc: 0.997, Base Lr: 6.04e-05
2026-06-12 12:02:22 transreid.train INFO: Epoch 99 done. Time per epoch: 35.860[s] Speed: 376.6[samples/s]
2026-06-12 12:02:31 transreid.train INFO: Epoch[100] Iter[50/227] Loss: 1.102, Acc: 0.997, Base Lr: 5.51e-05
2026-06-12 12:02:39 transreid.train INFO: Epoch[100] Iter[100/227] Loss: 1.096, Acc: 0.997, Base Lr: 5.51e-05
2026-06-12 12:02:47 transreid.train INFO: Epoch[100] Iter[150/227] Loss: 1.025, Acc: 0.997, Base Lr: 5.51e-05
2026-06-12 12:02:56 transreid.train INFO: Epoch[100] Iter[200/227] Loss: 0.924, Acc: 0.998, Base Lr: 5.51e-05
2026-06-12 12:02:58 transreid.train INFO: Epoch 100 done. Time per epoch: 35.992[s] Speed: 377.0[samples/s]
2026-06-12 12:03:07 transreid.train INFO: Epoch[101] Iter[50/227] Loss: 1.134, Acc: 0.998, Base Lr: 5.00e-05
2026-06-12 12:03:15 transreid.train INFO: Epoch[101] Iter[100/227] Loss: 1.077, Acc: 0.997, Base Lr: 5.00e-05
2026-06-12 12:03:24 transreid.train INFO: Epoch[101] Iter[150/227] Loss: 1.001, Acc: 0.997, Base Lr: 5.00e-05
2026-06-12 12:03:32 transreid.train INFO: Epoch[101] Iter[200/227] Loss: 0.909, Acc: 0.997, Base Lr: 5.00e-05
2026-06-12 12:03:34 transreid.train INFO: Epoch 101 done. Time per epoch: 36.007[s] Speed: 376.8[samples/s]
2026-06-12 12:03:43 transreid.train INFO: Epoch[102] Iter[50/227] Loss: 1.115, Acc: 0.999, Base Lr: 4.51e-05
2026-06-12 12:03:51 transreid.train INFO: Epoch[102] Iter[100/227] Loss: 1.085, Acc: 0.997, Base Lr: 4.51e-05
2026-06-12 12:04:00 transreid.train INFO: Epoch[102] Iter[150/227] Loss: 1.014, Acc: 0.998, Base Lr: 4.51e-05
2026-06-12 12:04:08 transreid.train INFO: Epoch[102] Iter[200/227] Loss: 0.917, Acc: 0.998, Base Lr: 4.51e-05
2026-06-12 12:04:10 transreid.train INFO: Epoch 102 done. Time per epoch: 36.015[s] Speed: 376.7[samples/s]
2026-06-12 12:04:19 transreid.train INFO: Epoch[103] Iter[50/227] Loss: 1.155, Acc: 0.997, Base Lr: 4.05e-05
2026-06-12 12:04:27 transreid.train INFO: Epoch[103] Iter[100/227] Loss: 1.101, Acc: 0.997, Base Lr: 4.05e-05
2026-06-12 12:04:36 transreid.train INFO: Epoch[103] Iter[150/227] Loss: 1.030, Acc: 0.997, Base Lr: 4.05e-05
2026-06-12 12:04:44 transreid.train INFO: Epoch[103] Iter[200/227] Loss: 0.925, Acc: 0.997, Base Lr: 4.05e-05
2026-06-12 12:04:46 transreid.train INFO: Epoch 103 done. Time per epoch: 35.854[s] Speed: 376.6[samples/s]
2026-06-12 12:04:54 transreid.train INFO: Epoch[104] Iter[50/227] Loss: 1.112, Acc: 0.998, Base Lr: 3.61e-05
2026-06-12 12:05:03 transreid.train INFO: Epoch[104] Iter[100/227] Loss: 1.070, Acc: 0.997, Base Lr: 3.61e-05
2026-06-12 12:05:11 transreid.train INFO: Epoch[104] Iter[150/227] Loss: 1.006, Acc: 0.997, Base Lr: 3.61e-05
2026-06-12 12:05:20 transreid.train INFO: Epoch[104] Iter[200/227] Loss: 0.914, Acc: 0.998, Base Lr: 3.61e-05
2026-06-12 12:05:22 transreid.train INFO: Epoch 104 done. Time per epoch: 35.826[s] Speed: 376.9[samples/s]
2026-06-12 12:05:30 transreid.train INFO: Epoch[105] Iter[50/227] Loss: 1.100, Acc: 0.998, Base Lr: 3.20e-05
2026-06-12 12:05:39 transreid.train INFO: Epoch[105] Iter[100/227] Loss: 1.061, Acc: 0.997, Base Lr: 3.20e-05
2026-06-12 12:05:47 transreid.train INFO: Epoch[105] Iter[150/227] Loss: 0.990, Acc: 0.997, Base Lr: 3.20e-05
2026-06-12 12:05:56 transreid.train INFO: Epoch[105] Iter[200/227] Loss: 0.906, Acc: 0.998, Base Lr: 3.20e-05
2026-06-12 12:05:58 transreid.train INFO: Epoch 105 done. Time per epoch: 36.032[s] Speed: 376.6[samples/s]
2026-06-12 12:06:06 transreid.train INFO: Epoch[106] Iter[50/227] Loss: 1.137, Acc: 0.997, Base Lr: 2.81e-05
2026-06-12 12:06:15 transreid.train INFO: Epoch[106] Iter[100/227] Loss: 1.070, Acc: 0.998, Base Lr: 2.81e-05
2026-06-12 12:06:23 transreid.train INFO: Epoch[106] Iter[150/227] Loss: 1.012, Acc: 0.997, Base Lr: 2.81e-05
2026-06-12 12:06:32 transreid.train INFO: Epoch[106] Iter[200/227] Loss: 0.919, Acc: 0.998, Base Lr: 2.81e-05
2026-06-12 12:06:34 transreid.train INFO: Epoch 106 done. Time per epoch: 36.056[s] Speed: 376.3[samples/s]
2026-06-12 12:06:42 transreid.train INFO: Epoch[107] Iter[50/227] Loss: 1.120, Acc: 0.999, Base Lr: 2.45e-05
2026-06-12 12:06:51 transreid.train INFO: Epoch[107] Iter[100/227] Loss: 1.072, Acc: 0.998, Base Lr: 2.45e-05
2026-06-12 12:06:59 transreid.train INFO: Epoch[107] Iter[150/227] Loss: 1.007, Acc: 0.998, Base Lr: 2.45e-05
2026-06-12 12:07:08 transreid.train INFO: Epoch[107] Iter[200/227] Loss: 0.903, Acc: 0.998, Base Lr: 2.45e-05
2026-06-12 12:07:10 transreid.train INFO: Epoch 107 done. Time per epoch: 36.005[s] Speed: 376.8[samples/s]
2026-06-12 12:07:18 transreid.train INFO: Epoch[108] Iter[50/227] Loss: 1.127, Acc: 0.996, Base Lr: 2.11e-05
2026-06-12 12:07:27 transreid.train INFO: Epoch[108] Iter[100/227] Loss: 1.073, Acc: 0.997, Base Lr: 2.11e-05
2026-06-12 12:07:35 transreid.train INFO: Epoch[108] Iter[150/227] Loss: 0.998, Acc: 0.997, Base Lr: 2.11e-05
2026-06-12 12:07:44 transreid.train INFO: Epoch[108] Iter[200/227] Loss: 0.908, Acc: 0.997, Base Lr: 2.11e-05
2026-06-12 12:07:46 transreid.train INFO: Epoch 108 done. Time per epoch: 36.176[s] Speed: 376.8[samples/s]
2026-06-12 12:07:55 transreid.train INFO: Epoch[109] Iter[50/227] Loss: 1.098, Acc: 0.997, Base Lr: 1.80e-05
2026-06-12 12:08:03 transreid.train INFO: Epoch[109] Iter[100/227] Loss: 1.054, Acc: 0.998, Base Lr: 1.80e-05
2026-06-12 12:08:11 transreid.train INFO: Epoch[109] Iter[150/227] Loss: 0.999, Acc: 0.998, Base Lr: 1.80e-05
2026-06-12 12:08:20 transreid.train INFO: Epoch[109] Iter[200/227] Loss: 0.908, Acc: 0.998, Base Lr: 1.80e-05
2026-06-12 12:08:22 transreid.train INFO: Epoch 109 done. Time per epoch: 36.016[s] Speed: 376.7[samples/s]
2026-06-12 12:08:31 transreid.train INFO: Epoch[110] Iter[50/227] Loss: 1.092, Acc: 0.997, Base Lr: 1.52e-05
2026-06-12 12:08:39 transreid.train INFO: Epoch[110] Iter[100/227] Loss: 1.047, Acc: 0.997, Base Lr: 1.52e-05
2026-06-12 12:08:47 transreid.train INFO: Epoch[110] Iter[150/227] Loss: 0.994, Acc: 0.997, Base Lr: 1.52e-05
2026-06-12 12:08:56 transreid.train INFO: Epoch[110] Iter[200/227] Loss: 0.905, Acc: 0.998, Base Lr: 1.52e-05
2026-06-12 12:08:58 transreid.train INFO: Epoch 110 done. Time per epoch: 35.836[s] Speed: 376.8[samples/s]
2026-06-12 12:09:06 transreid.train INFO: Epoch[111] Iter[50/227] Loss: 1.103, Acc: 0.998, Base Lr: 1.26e-05
2026-06-12 12:09:15 transreid.train INFO: Epoch[111] Iter[100/227] Loss: 1.065, Acc: 0.997, Base Lr: 1.26e-05
2026-06-12 12:09:23 transreid.train INFO: Epoch[111] Iter[150/227] Loss: 1.003, Acc: 0.997, Base Lr: 1.26e-05
2026-06-12 12:09:32 transreid.train INFO: Epoch[111] Iter[200/227] Loss: 0.906, Acc: 0.997, Base Lr: 1.26e-05
2026-06-12 12:09:34 transreid.train INFO: Epoch 111 done. Time per epoch: 35.974[s] Speed: 377.2[samples/s]
2026-06-12 12:09:42 transreid.train INFO: Epoch[112] Iter[50/227] Loss: 1.088, Acc: 0.998, Base Lr: 1.03e-05
2026-06-12 12:09:51 transreid.train INFO: Epoch[112] Iter[100/227] Loss: 1.044, Acc: 0.997, Base Lr: 1.03e-05
2026-06-12 12:09:59 transreid.train INFO: Epoch[112] Iter[150/227] Loss: 0.989, Acc: 0.998, Base Lr: 1.03e-05
2026-06-12 12:10:08 transreid.train INFO: Epoch[112] Iter[200/227] Loss: 0.907, Acc: 0.998, Base Lr: 1.03e-05
2026-06-12 12:10:10 transreid.train INFO: Epoch 112 done. Time per epoch: 36.010[s] Speed: 376.8[samples/s]
2026-06-12 12:10:18 transreid.train INFO: Epoch[113] Iter[50/227] Loss: 1.082, Acc: 0.997, Base Lr: 8.28e-06
2026-06-12 12:10:27 transreid.train INFO: Epoch[113] Iter[100/227] Loss: 1.045, Acc: 0.997, Base Lr: 8.28e-06
2026-06-12 12:10:35 transreid.train INFO: Epoch[113] Iter[150/227] Loss: 1.000, Acc: 0.997, Base Lr: 8.28e-06
2026-06-12 12:10:44 transreid.train INFO: Epoch[113] Iter[200/227] Loss: 0.904, Acc: 0.997, Base Lr: 8.28e-06
2026-06-12 12:10:46 transreid.train INFO: Epoch 113 done. Time per epoch: 35.974[s] Speed: 377.2[samples/s]
2026-06-12 12:10:54 transreid.train INFO: Epoch[114] Iter[50/227] Loss: 1.079, Acc: 0.998, Base Lr: 6.51e-06
2026-06-12 12:11:03 transreid.train INFO: Epoch[114] Iter[100/227] Loss: 1.042, Acc: 0.998, Base Lr: 6.51e-06
2026-06-12 12:11:11 transreid.train INFO: Epoch[114] Iter[150/227] Loss: 0.986, Acc: 0.998, Base Lr: 6.51e-06
2026-06-12 12:11:20 transreid.train INFO: Epoch[114] Iter[200/227] Loss: 0.900, Acc: 0.998, Base Lr: 6.51e-06
2026-06-12 12:11:22 transreid.train INFO: Epoch 114 done. Time per epoch: 35.829[s] Speed: 376.9[samples/s]
2026-06-12 12:11:30 transreid.train INFO: Epoch[115] Iter[50/227] Loss: 1.097, Acc: 0.998, Base Lr: 5.02e-06
2026-06-12 12:11:39 transreid.train INFO: Epoch[115] Iter[100/227] Loss: 1.055, Acc: 0.997, Base Lr: 5.02e-06
2026-06-12 12:11:47 transreid.train INFO: Epoch[115] Iter[150/227] Loss: 0.992, Acc: 0.997, Base Lr: 5.02e-06
2026-06-12 12:11:56 transreid.train INFO: Epoch[115] Iter[200/227] Loss: 0.903, Acc: 0.997, Base Lr: 5.02e-06
2026-06-12 12:11:57 transreid.train INFO: Epoch 115 done. Time per epoch: 35.850[s] Speed: 376.7[samples/s]
2026-06-12 12:12:06 transreid.train INFO: Epoch[116] Iter[50/227] Loss: 1.112, Acc: 0.998, Base Lr: 3.79e-06
2026-06-12 12:12:15 transreid.train INFO: Epoch[116] Iter[100/227] Loss: 1.065, Acc: 0.998, Base Lr: 3.79e-06
2026-06-12 12:12:23 transreid.train INFO: Epoch[116] Iter[150/227] Loss: 1.005, Acc: 0.998, Base Lr: 3.79e-06
2026-06-12 12:12:31 transreid.train INFO: Epoch[116] Iter[200/227] Loss: 0.906, Acc: 0.998, Base Lr: 3.79e-06
2026-06-12 12:12:33 transreid.train INFO: Epoch 116 done. Time per epoch: 35.998[s] Speed: 376.9[samples/s]
2026-06-12 12:12:42 transreid.train INFO: Epoch[117] Iter[50/227] Loss: 1.110, Acc: 0.998, Base Lr: 2.83e-06
2026-06-12 12:12:51 transreid.train INFO: Epoch[117] Iter[100/227] Loss: 1.063, Acc: 0.998, Base Lr: 2.83e-06
2026-06-12 12:12:59 transreid.train INFO: Epoch[117] Iter[150/227] Loss: 0.994, Acc: 0.998, Base Lr: 2.83e-06
2026-06-12 12:13:07 transreid.train INFO: Epoch[117] Iter[200/227] Loss: 0.904, Acc: 0.998, Base Lr: 2.83e-06
2026-06-12 12:13:09 transreid.train INFO: Epoch 117 done. Time per epoch: 36.022[s] Speed: 376.7[samples/s]
2026-06-12 12:13:18 transreid.train INFO: Epoch[118] Iter[50/227] Loss: 1.088, Acc: 0.997, Base Lr: 2.15e-06
2026-06-12 12:13:27 transreid.train INFO: Epoch[118] Iter[100/227] Loss: 1.066, Acc: 0.998, Base Lr: 2.15e-06
2026-06-12 12:13:35 transreid.train INFO: Epoch[118] Iter[150/227] Loss: 0.995, Acc: 0.998, Base Lr: 2.15e-06
2026-06-12 12:13:43 transreid.train INFO: Epoch[118] Iter[200/227] Loss: 0.900, Acc: 0.998, Base Lr: 2.15e-06
2026-06-12 12:13:46 transreid.train INFO: Epoch 118 done. Time per epoch: 36.173[s] Speed: 376.9[samples/s]
2026-06-12 12:13:54 transreid.train INFO: Epoch[119] Iter[50/227] Loss: 1.107, Acc: 0.996, Base Lr: 1.74e-06
2026-06-12 12:14:03 transreid.train INFO: Epoch[119] Iter[100/227] Loss: 1.057, Acc: 0.996, Base Lr: 1.74e-06
2026-06-12 12:14:11 transreid.train INFO: Epoch[119] Iter[150/227] Loss: 1.001, Acc: 0.997, Base Lr: 1.74e-06
2026-06-12 12:14:20 transreid.train INFO: Epoch[119] Iter[200/227] Loss: 0.903, Acc: 0.997, Base Lr: 1.74e-06
2026-06-12 12:14:22 transreid.train INFO: Epoch 119 done. Time per epoch: 36.181[s] Speed: 376.8[samples/s]
2026-06-12 12:14:30 transreid.train INFO: Epoch[120] Iter[50/227] Loss: 1.099, Acc: 0.997, Base Lr: 1.60e-06
2026-06-12 12:14:39 transreid.train INFO: Epoch[120] Iter[100/227] Loss: 1.043, Acc: 0.997, Base Lr: 1.60e-06
2026-06-12 12:14:47 transreid.train INFO: Epoch[120] Iter[150/227] Loss: 0.984, Acc: 0.998, Base Lr: 1.60e-06
2026-06-12 12:14:56 transreid.train INFO: Epoch[120] Iter[200/227] Loss: 0.903, Acc: 0.997, Base Lr: 1.60e-06
2026-06-12 12:14:58 transreid.train INFO: Epoch 120 done. Time per epoch: 36.184[s] Speed: 376.7[samples/s]
/home/afr/reid-clean/SOLIDER-REID/utils/metrics.py:12: UserWarning: This overload of addmm_ is deprecated:
	addmm_(Number beta, Number alpha, Tensor mat1, Tensor mat2)
Consider using one of the following signatures instead:
	addmm_(Tensor mat1, Tensor mat2, *, Number beta = 1, Number alpha = 1) (Triggered internally at /pytorch/torch/csrc/utils/python_arg_parser.cpp:1661.)
  dist_mat.addmm_(1, -2, qf, gf.t())
The test feature is normalized
=> Computing DistMat with euclidean_distance
2026-06-12 12:15:31 transreid.train INFO: Validation Results - Epoch: 120
2026-06-12 12:15:31 transreid.train INFO: mAP: 67.3%
2026-06-12 12:15:31 transreid.train INFO: CMC curve, Rank-1  :76.2%
2026-06-12 12:15:31 transreid.train INFO: CMC curve, Rank-5  :86.7%
2026-06-12 12:15:31 transreid.train INFO: CMC curve, Rank-10 :89.5%
