2026-06-11 16:01:05 transreid INFO: Saving model in the path :./log/occluded_duke/exp023_swinmethod_s1
2026-06-11 16:01:05 transreid INFO: Loaded configuration file configs/occluded_duke/swin_small.yml
2026-06-11 16:01:05 transreid INFO: Running with config:
DATALOADER:
  NUM_INSTANCE: 4
  NUM_WORKERS: 8
  REMOVE_TAIL: 0
  SAMPLER: softmax_triplet
DATASETS:
  NAMES: occluded_duke
  ROOT_DIR: /mnt1/afrdata
  ROOT_TRAIN_DIR: ../data
  ROOT_VAL_DIR: ../data
DONOR_DECOUPLE:
  AUX_DETACH: True
  CF_W: 0.5
  DONOR_CLS_W: 0.2
  DONOR_REPEAT: 4
  ENABLED: False
  NEG_MARGIN: 0.02
  ORTH_W: 0.03
  PASTE_PROB: 0.5
  SAMEB_NEG_W: 0.5
  SYN_ID_W: 0.25
EVIDENCE_AGREEMENT:
  DOM_MARGIN: 0.3
  DOM_W: 0.05
  ENABLED: False
  EPS: 1e-06
  MIN_REGION_GAP: 1.0
  NEG_MARGIN: 0.3
  NEG_SINGLE_W: 0.1
  POS_ALIGN_W: 0.05
  POS_MULTI_W: 0.1
  REGION_MODE: grid2x2
  SINGLE_EPS: 0.0
  TAU_EMA_MOMENTUM: 0.9
  TAU_GLOBAL: 0.5
  TAU_REGION: 0.75
  THRESHOLD_QUANTILE: 0.75
  T_COUNT: 0.25
  T_GLOBAL: 0.05
  T_REGION: 0.05
  WARMUP_EPOCHS: 10
INPUT:
  MIX_PROB: 0.0
  MIX_RATIO_RANGE: [0.3, 0.7]
  MIX_TYPE: both
  PADDING: 10
  PIXEL_MEAN: [0.5, 0.5, 0.5]
  PIXEL_STD: [0.5, 0.5, 0.5]
  PROB: 0.5
  RE_PROB: 0.5
  SIZE_TEST: [384, 128]
  SIZE_TRAIN: [384, 128]
LGP:
  ENABLED: False
  N_HEADS: 8
  PROTOS_PATH: 
  W_ID: 1.0
MODEL:
  ATT_DROP_RATE: 0.0
  COS_LAYER: False
  DEVICE: cuda
  DEVICE_ID: 0
  DEVIDE_LENGTH: 4
  DIST_TRAIN: False
  DROPOUT_RATE: 0.0
  DROP_OUT: 0.0
  DROP_PATH: 0.1
  FEAT_DIM: 512
  GEM_POOLING: False
  ID_LOSS_TYPE: softmax
  ID_LOSS_WEIGHT: 1.0
  IF_LABELSMOOTH: off
  IF_WITH_CENTER: no
  JPM: False
  LAST_STRIDE: 1
  METRIC_LOSS_TYPE: triplet
  NAME: transformer
  NECK: bnneck
  NO_MARGIN: True
  PRETRAIN_CHOICE: self
  PRETRAIN_HW_RATIO: 2
  PRETRAIN_PATH: /home/afr/reid-clean/weights/solider_swin_small_tea.pth
  REDUCE_FEAT_DIM: False
  RE_ARRANGE: True
  SEMANTIC_WEIGHT: 0.2
  SHIFT_NUM: 5
  SHUFFLE_GROUP: 2
  SIE_CAMERA: False
  SIE_COE: 3.0
  SIE_VIEW: False
  STEM_CONV: False
  STRIDE_SIZE: [16, 16]
  TRANSFORMER_TYPE: swin_small_patch4_window7_224
  TRIPLET_LOSS_WEIGHT: 1.0
  WITH_CP: False
MULTIHYP:
  ALPHA: 0.1
  BONUS_CAP: 0.15
  DETACH: True
  DIV_W: 0.5
  DSHS_HARD: global
  DSHS_MARGIN: 0.3
  DSHS_NHARD: 10
  DSHS_W: 0.0
  ENABLED: False
  GATE_SIGMA: 0.3
  GATE_TAU: 1.2
  K: 3
  LOSS_W: 1.0
  NEG_MARGIN: 0.7
  POS_MARGIN: 0.3
  SET_TEMP: 0.1
  UNIQUE_MARGIN: 0.1
OBJGATE:
  ANTI_W: 0.1
  DETACH_SCORE: False
  ENABLED: False
  ENTROPY_MAX: 1000000000.0
  ENTROPY_MIN: 0.0
  FEATMAP_INDEX: -1
  HIDDEN: 192
  LAMBDA_TARGET: 1.0
  LAMBDA_WARMUP_EPOCHS: 10
  MODE: softmax
  SPLIT_W: 1.0
  SUPPRESS_MIN: 0.5
  TAU: 1.0
OCCAWARE:
  AUG_PROB: 0.5
  BANK_PATH: /mnt1/afrdata/coco_occluder_bank_512.pt
  BLOCK: 9
  ENABLED: True
  MECH: True
  MIX_CROP_FRAC: 0.5
  POOL_KIND: coco
  POOL_SIZE: 256
  SWIN_STAGE: 2
  W_OCC: 0.5
OSG:
  BLOCK: 8
  ENABLED: False
  KL_T: 4.0
  LABELS_PATH: 
  PROTOS_PATH: 
  RANDOM_PROTOS: False
  TAU: 0.07
  W_SEM: 0.1
OSS:
  AUG_PROB: 0.3
  ENABLED: False
  GRL_ALPHA: 1.0
  POOL_SIZE: 256
  RANDOM_LABEL: False
  W: 0.5
OUTPUT_DIR: ./log/occluded_duke/exp023_swinmethod_s1
PARTIAL_EVIDENCE:
  CALIBRATE: True
  ENABLED: False
  LS_MAX: 0.2
  MARGIN_SCALE: True
  MIN_KEEP: 0.2
  NO_HARDNEG_BELOW: 0.4
  PASTE_PROB: 0.5
SEMDISTILL:
  ENABLED: False
  KL_T: 4.0
  LABELS_PATH: 
  MODE: emb
  W: 0.2
SOLVER:
  BASE_LR: 0.0008
  BIAS_LR_FACTOR: 2
  CENTER_LOSS_WEIGHT: 0.0005
  CENTER_LR: 0.5
  CHECKPOINT_PERIOD: 120
  COSINE_MARGIN: 0.5
  COSINE_SCALE: 30
  EVAL_PERIOD: 120
  GAMMA: 0.1
  IMS_PER_BATCH: 64
  LARGE_FC_LR: False
  LOG_PERIOD: 50
  MARGIN: 0.3
  MAX_EPOCHS: 120
  MOMENTUM: 0.9
  OPTIMIZER_NAME: SGD
  SEED: 1
  STEPS: (40, 70)
  TRP_L2: False
  WARMUP_EPOCHS: 20
  WARMUP_FACTOR: 0.01
  WARMUP_METHOD: cosine
  WEIGHT_DECAY: 0.0001
  WEIGHT_DECAY_BIAS: 0.0001
TEST:
  DIST_MAT: dist_mat.npy
  EVAL: True
  FEAT_NORM: yes
  IMS_PER_BATCH: 64
  NECK_FEAT: before
  RE_RANKING: False
  WEIGHT: 
=> Occluded-Duke loaded
2026-06-11 16:01:05 transreid.check INFO: Dataset statistics:
2026-06-11 16:01:05 transreid.check INFO:   ----------------------------------------
2026-06-11 16:01:05 transreid.check INFO:   subset   | # ids | # images | # cameras
2026-06-11 16:01:05 transreid.check INFO:   ----------------------------------------
2026-06-11 16:01:05 transreid.check INFO:   train    |   702 |    15618 |         8
2026-06-11 16:01:05 transreid.check INFO:   query    |   519 |     2210 |         8
2026-06-11 16:01:05 transreid.check INFO:   gallery  |  1110 |    17661 |         8
2026-06-11 16:01:05 transreid.check INFO:   ----------------------------------------
/home/afr/reid-clean/SOLIDER-REID/model/backbones/swin_transformer.py:1175: UserWarning: DeprecationWarning: pretrained is deprecated, please use "init_cfg" instead
  warnings.warn('DeprecationWarning: pretrained is deprecated, '
using img_triplet sampler
using Transformer_type: swin_small_patch4_window7_224 as a backbone
unloaded parameters: <All keys matched successfully>
===========building transformer===========
using soft triplet loss for training
2026-06-11 16:01:05 transreid INFO: ===========using cosine learning rate=======
2026-06-11 16:01:05 transreid.train INFO: start training
/home/afr/reid-clean/SOLIDER-REID/processor/processor.py:91: FutureWarning: `torch.cuda.amp.GradScaler(args...)` is deprecated. Please use `torch.amp.GradScaler('cuda', args...)` instead.
  scaler = amp.GradScaler()
/home/afr/reid-clean/SOLIDER-REID/processor/processor.py:129: FutureWarning: `torch.cuda.amp.autocast(args...)` is deprecated. Please use `torch.amp.autocast('cuda', args...)` instead.
  with amp.autocast(enabled=True):
2026-06-11 16:01:14 transreid.train INFO: Epoch[1] Iter[50/227] Loss: 8.859, Acc: 0.002, Base Lr: 4.76e-05
2026-06-11 16:01:14 transreid.train INFO: OCCAWARE occ_bce: 0.6575, alpha: -0.0001
2026-06-11 16:01:23 transreid.train INFO: Epoch[1] Iter[100/227] Loss: 8.508, Acc: 0.002, Base Lr: 4.76e-05
2026-06-11 16:01:23 transreid.train INFO: OCCAWARE occ_bce: 0.6529, alpha: -0.0001
2026-06-11 16:01:31 transreid.train INFO: Epoch[1] Iter[150/227] Loss: 8.307, Acc: 0.002, Base Lr: 4.76e-05
2026-06-11 16:01:31 transreid.train INFO: OCCAWARE occ_bce: 0.6493, alpha: -0.0003
2026-06-11 16:01:39 transreid.train INFO: Epoch[1] Iter[200/227] Loss: 8.190, Acc: 0.002, Base Lr: 4.76e-05
2026-06-11 16:01:39 transreid.train INFO: OCCAWARE occ_bce: 0.6456, alpha: -0.0003
2026-06-11 16:01:41 transreid.train INFO: Epoch 1 done. Time per epoch: 36.020[s] Speed: 376.7[samples/s]
2026-06-11 16:01:50 transreid.train INFO: Epoch[2] Iter[50/227] Loss: 7.624, Acc: 0.009, Base Lr: 8.72e-05
2026-06-11 16:01:50 transreid.train INFO: OCCAWARE occ_bce: 0.6095, alpha: -0.0012
2026-06-11 16:01:58 transreid.train INFO: Epoch[2] Iter[100/227] Loss: 7.535, Acc: 0.025, Base Lr: 8.72e-05
2026-06-11 16:01:58 transreid.train INFO: OCCAWARE occ_bce: 0.5926, alpha: -0.0014
2026-06-11 16:02:07 transreid.train INFO: Epoch[2] Iter[150/227] Loss: 7.501, Acc: 0.041, Base Lr: 8.72e-05
2026-06-11 16:02:07 transreid.train INFO: OCCAWARE occ_bce: 0.5788, alpha: -0.0016
2026-06-11 16:02:15 transreid.train INFO: Epoch[2] Iter[200/227] Loss: 7.473, Acc: 0.075, Base Lr: 8.72e-05
2026-06-11 16:02:15 transreid.train INFO: OCCAWARE occ_bce: 0.5675, alpha: -0.0016
2026-06-11 16:02:17 transreid.train INFO: Epoch 2 done. Time per epoch: 35.734[s] Speed: 379.7[samples/s]
2026-06-11 16:02:26 transreid.train INFO: Epoch[3] Iter[50/227] Loss: 7.293, Acc: 0.100, Base Lr: 1.27e-04
2026-06-11 16:02:26 transreid.train INFO: OCCAWARE occ_bce: 0.5019, alpha: -0.0018
2026-06-11 16:02:34 transreid.train INFO: Epoch[3] Iter[100/227] Loss: 7.258, Acc: 0.110, Base Lr: 1.27e-04
2026-06-11 16:02:34 transreid.train INFO: OCCAWARE occ_bce: 0.4886, alpha: -0.0017
2026-06-11 16:02:42 transreid.train INFO: Epoch[3] Iter[150/227] Loss: 7.218, Acc: 0.142, Base Lr: 1.27e-04
2026-06-11 16:02:42 transreid.train INFO: OCCAWARE occ_bce: 0.4807, alpha: -0.0020
2026-06-11 16:02:51 transreid.train INFO: Epoch[3] Iter[200/227] Loss: 7.188, Acc: 0.183, Base Lr: 1.27e-04
2026-06-11 16:02:51 transreid.train INFO: OCCAWARE occ_bce: 0.4703, alpha: -0.0020
2026-06-11 16:02:53 transreid.train INFO: Epoch 3 done. Time per epoch: 35.410[s] Speed: 379.6[samples/s]
2026-06-11 16:03:01 transreid.train INFO: Epoch[4] Iter[50/227] Loss: 7.041, Acc: 0.129, Base Lr: 1.66e-04
2026-06-11 16:03:01 transreid.train INFO: OCCAWARE occ_bce: 0.4227, alpha: -0.0016
2026-06-11 16:03:10 transreid.train INFO: Epoch[4] Iter[100/227] Loss: 7.010, Acc: 0.145, Base Lr: 1.66e-04
2026-06-11 16:03:10 transreid.train INFO: OCCAWARE occ_bce: 0.4132, alpha: -0.0015
2026-06-11 16:03:18 transreid.train INFO: Epoch[4] Iter[150/227] Loss: 6.982, Acc: 0.176, Base Lr: 1.66e-04
2026-06-11 16:03:18 transreid.train INFO: OCCAWARE occ_bce: 0.4034, alpha: -0.0013
2026-06-11 16:03:26 transreid.train INFO: Epoch[4] Iter[200/227] Loss: 6.919, Acc: 0.224, Base Lr: 1.66e-04
2026-06-11 16:03:26 transreid.train INFO: OCCAWARE occ_bce: 0.3933, alpha: -0.0014
2026-06-11 16:03:28 transreid.train INFO: Epoch 4 done. Time per epoch: 35.745[s] Speed: 379.6[samples/s]
2026-06-11 16:03:37 transreid.train INFO: Epoch[5] Iter[50/227] Loss: 6.760, Acc: 0.150, Base Lr: 2.06e-04
2026-06-11 16:03:37 transreid.train INFO: OCCAWARE occ_bce: 0.3352, alpha: -0.0011
2026-06-11 16:03:45 transreid.train INFO: Epoch[5] Iter[100/227] Loss: 6.747, Acc: 0.152, Base Lr: 2.06e-04
2026-06-11 16:03:45 transreid.train INFO: OCCAWARE occ_bce: 0.3205, alpha: -0.0004
2026-06-11 16:03:54 transreid.train INFO: Epoch[5] Iter[150/227] Loss: 6.683, Acc: 0.180, Base Lr: 2.06e-04
2026-06-11 16:03:54 transreid.train INFO: OCCAWARE occ_bce: 0.3042, alpha: 0.0000
2026-06-11 16:04:02 transreid.train INFO: Epoch[5] Iter[200/227] Loss: 6.613, Acc: 0.227, Base Lr: 2.06e-04
2026-06-11 16:04:02 transreid.train INFO: OCCAWARE occ_bce: 0.2897, alpha: 0.0008
2026-06-11 16:04:04 transreid.train INFO: Epoch 5 done. Time per epoch: 35.937[s] Speed: 379.3[samples/s]
2026-06-11 16:04:13 transreid.train INFO: Epoch[6] Iter[50/227] Loss: 6.439, Acc: 0.123, Base Lr: 2.46e-04
2026-06-11 16:04:13 transreid.train INFO: OCCAWARE occ_bce: 0.2176, alpha: 0.0023
2026-06-11 16:04:21 transreid.train INFO: Epoch[6] Iter[100/227] Loss: 6.380, Acc: 0.147, Base Lr: 2.46e-04
2026-06-11 16:04:21 transreid.train INFO: OCCAWARE occ_bce: 0.2081, alpha: 0.0036
2026-06-11 16:04:30 transreid.train INFO: Epoch[6] Iter[150/227] Loss: 6.322, Acc: 0.175, Base Lr: 2.46e-04
2026-06-11 16:04:30 transreid.train INFO: OCCAWARE occ_bce: 0.2003, alpha: 0.0049
2026-06-11 16:04:38 transreid.train INFO: Epoch[6] Iter[200/227] Loss: 6.220, Acc: 0.217, Base Lr: 2.46e-04
2026-06-11 16:04:38 transreid.train INFO: OCCAWARE occ_bce: 0.1924, alpha: 0.0061
2026-06-11 16:04:40 transreid.train INFO: Epoch 6 done. Time per epoch: 35.797[s] Speed: 379.0[samples/s]
2026-06-11 16:04:49 transreid.train INFO: Epoch[7] Iter[50/227] Loss: 6.110, Acc: 0.117, Base Lr: 2.85e-04
2026-06-11 16:04:49 transreid.train INFO: OCCAWARE occ_bce: 0.1612, alpha: 0.0077
2026-06-11 16:04:57 transreid.train INFO: Epoch[7] Iter[100/227] Loss: 6.063, Acc: 0.131, Base Lr: 2.85e-04
2026-06-11 16:04:57 transreid.train INFO: OCCAWARE occ_bce: 0.1528, alpha: 0.0093
2026-06-11 16:05:05 transreid.train INFO: Epoch[7] Iter[150/227] Loss: 5.960, Acc: 0.161, Base Lr: 2.85e-04
2026-06-11 16:05:05 transreid.train INFO: OCCAWARE occ_bce: 0.1480, alpha: 0.0113
2026-06-11 16:05:14 transreid.train INFO: Epoch[7] Iter[200/227] Loss: 5.843, Acc: 0.197, Base Lr: 2.85e-04
2026-06-11 16:05:14 transreid.train INFO: OCCAWARE occ_bce: 0.1442, alpha: 0.0131
2026-06-11 16:05:16 transreid.train INFO: Epoch 7 done. Time per epoch: 35.738[s] Speed: 379.6[samples/s]
2026-06-11 16:05:24 transreid.train INFO: Epoch[8] Iter[50/227] Loss: 5.779, Acc: 0.139, Base Lr: 3.25e-04
2026-06-11 16:05:24 transreid.train INFO: OCCAWARE occ_bce: 0.1320, alpha: 0.0153
2026-06-11 16:05:33 transreid.train INFO: Epoch[8] Iter[100/227] Loss: 5.715, Acc: 0.158, Base Lr: 3.25e-04
2026-06-11 16:05:33 transreid.train INFO: OCCAWARE occ_bce: 0.1258, alpha: 0.0168
2026-06-11 16:05:41 transreid.train INFO: Epoch[8] Iter[150/227] Loss: 5.644, Acc: 0.176, Base Lr: 3.25e-04
2026-06-11 16:05:41 transreid.train INFO: OCCAWARE occ_bce: 0.1245, alpha: 0.0185
2026-06-11 16:05:49 transreid.train INFO: Epoch[8] Iter[200/227] Loss: 5.467, Acc: 0.227, Base Lr: 3.25e-04
2026-06-11 16:05:49 transreid.train INFO: OCCAWARE occ_bce: 0.1226, alpha: 0.0202
2026-06-11 16:05:51 transreid.train INFO: Epoch 8 done. Time per epoch: 35.583[s] Speed: 379.5[samples/s]
2026-06-11 16:06:00 transreid.train INFO: Epoch[9] Iter[50/227] Loss: 5.526, Acc: 0.137, Base Lr: 3.64e-04
2026-06-11 16:06:00 transreid.train INFO: OCCAWARE occ_bce: 0.1277, alpha: 0.0231
2026-06-11 16:06:08 transreid.train INFO: Epoch[9] Iter[100/227] Loss: 5.417, Acc: 0.165, Base Lr: 3.64e-04
2026-06-11 16:06:08 transreid.train INFO: OCCAWARE occ_bce: 0.1208, alpha: 0.0249
2026-06-11 16:06:17 transreid.train INFO: Epoch[9] Iter[150/227] Loss: 5.272, Acc: 0.206, Base Lr: 3.64e-04
2026-06-11 16:06:17 transreid.train INFO: OCCAWARE occ_bce: 0.1154, alpha: 0.0270
2026-06-11 16:06:25 transreid.train INFO: Epoch[9] Iter[200/227] Loss: 5.060, Acc: 0.264, Base Lr: 3.64e-04
2026-06-11 16:06:25 transreid.train INFO: OCCAWARE occ_bce: 0.1098, alpha: 0.0287
2026-06-11 16:06:27 transreid.train INFO: Epoch 9 done. Time per epoch: 35.740[s] Speed: 379.6[samples/s]
2026-06-11 16:06:36 transreid.train INFO: Epoch[10] Iter[50/227] Loss: 5.089, Acc: 0.188, Base Lr: 4.04e-04
2026-06-11 16:06:36 transreid.train INFO: OCCAWARE occ_bce: 0.1001, alpha: 0.0306
2026-06-11 16:06:44 transreid.train INFO: Epoch[10] Iter[100/227] Loss: 4.974, Acc: 0.225, Base Lr: 4.04e-04
2026-06-11 16:06:44 transreid.train INFO: OCCAWARE occ_bce: 0.0959, alpha: 0.0322
2026-06-11 16:06:52 transreid.train INFO: Epoch[10] Iter[150/227] Loss: 4.864, Acc: 0.265, Base Lr: 4.04e-04
2026-06-11 16:06:52 transreid.train INFO: OCCAWARE occ_bce: 0.0928, alpha: 0.0340
2026-06-11 16:07:01 transreid.train INFO: Epoch[10] Iter[200/227] Loss: 4.625, Acc: 0.321, Base Lr: 4.04e-04
2026-06-11 16:07:01 transreid.train INFO: OCCAWARE occ_bce: 0.0913, alpha: 0.0360
2026-06-11 16:07:03 transreid.train INFO: Epoch 10 done. Time per epoch: 35.769[s] Speed: 379.3[samples/s]
2026-06-11 16:07:11 transreid.train INFO: Epoch[11] Iter[50/227] Loss: 4.638, Acc: 0.270, Base Lr: 4.44e-04
2026-06-11 16:07:11 transreid.train INFO: OCCAWARE occ_bce: 0.0901, alpha: 0.0383
2026-06-11 16:07:20 transreid.train INFO: Epoch[11] Iter[100/227] Loss: 4.561, Acc: 0.295, Base Lr: 4.44e-04
2026-06-11 16:07:20 transreid.train INFO: OCCAWARE occ_bce: 0.0881, alpha: 0.0417
2026-06-11 16:07:28 transreid.train INFO: Epoch[11] Iter[150/227] Loss: 4.463, Acc: 0.324, Base Lr: 4.44e-04
2026-06-11 16:07:28 transreid.train INFO: OCCAWARE occ_bce: 0.0884, alpha: 0.0444
2026-06-11 16:07:37 transreid.train INFO: Epoch[11] Iter[200/227] Loss: 4.229, Acc: 0.385, Base Lr: 4.44e-04
2026-06-11 16:07:37 transreid.train INFO: OCCAWARE occ_bce: 0.0875, alpha: 0.0462
2026-06-11 16:07:38 transreid.train INFO: Epoch 11 done. Time per epoch: 35.582[s] Speed: 379.5[samples/s]
2026-06-11 16:07:47 transreid.train INFO: Epoch[12] Iter[50/227] Loss: 4.347, Acc: 0.322, Base Lr: 4.83e-04
2026-06-11 16:07:47 transreid.train INFO: OCCAWARE occ_bce: 0.0782, alpha: 0.0486
2026-06-11 16:07:55 transreid.train INFO: Epoch[12] Iter[100/227] Loss: 4.218, Acc: 0.363, Base Lr: 4.83e-04
2026-06-11 16:07:55 transreid.train INFO: OCCAWARE occ_bce: 0.0764, alpha: 0.0507
2026-06-11 16:08:04 transreid.train INFO: Epoch[12] Iter[150/227] Loss: 4.115, Acc: 0.399, Base Lr: 4.83e-04
2026-06-11 16:08:04 transreid.train INFO: OCCAWARE occ_bce: 0.0765, alpha: 0.0533
2026-06-11 16:08:12 transreid.train INFO: Epoch[12] Iter[200/227] Loss: 3.874, Acc: 0.464, Base Lr: 4.83e-04
2026-06-11 16:08:12 transreid.train INFO: OCCAWARE occ_bce: 0.0762, alpha: 0.0556
2026-06-11 16:08:14 transreid.train INFO: Epoch 12 done. Time per epoch: 35.379[s] Speed: 379.9[samples/s]
2026-06-11 16:08:22 transreid.train INFO: Epoch[13] Iter[50/227] Loss: 4.010, Acc: 0.374, Base Lr: 5.23e-04
2026-06-11 16:08:22 transreid.train INFO: OCCAWARE occ_bce: 0.0715, alpha: 0.0587
2026-06-11 16:08:31 transreid.train INFO: Epoch[13] Iter[100/227] Loss: 3.802, Acc: 0.440, Base Lr: 5.23e-04
2026-06-11 16:08:31 transreid.train INFO: OCCAWARE occ_bce: 0.0711, alpha: 0.0615
2026-06-11 16:08:39 transreid.train INFO: Epoch[13] Iter[150/227] Loss: 3.682, Acc: 0.477, Base Lr: 5.23e-04
2026-06-11 16:08:39 transreid.train INFO: OCCAWARE occ_bce: 0.0689, alpha: 0.0640
2026-06-11 16:08:48 transreid.train INFO: Epoch[13] Iter[200/227] Loss: 3.448, Acc: 0.534, Base Lr: 5.23e-04
2026-06-11 16:08:48 transreid.train INFO: OCCAWARE occ_bce: 0.0678, alpha: 0.0670
2026-06-11 16:08:50 transreid.train INFO: Epoch 13 done. Time per epoch: 35.740[s] Speed: 379.6[samples/s]
2026-06-11 16:08:58 transreid.train INFO: Epoch[14] Iter[50/227] Loss: 3.702, Acc: 0.449, Base Lr: 5.62e-04
2026-06-11 16:08:58 transreid.train INFO: OCCAWARE occ_bce: 0.0752, alpha: 0.0706
2026-06-11 16:09:07 transreid.train INFO: Epoch[14] Iter[100/227] Loss: 3.503, Acc: 0.503, Base Lr: 5.62e-04
2026-06-11 16:09:07 transreid.train INFO: OCCAWARE occ_bce: 0.0713, alpha: 0.0730
2026-06-11 16:09:15 transreid.train INFO: Epoch[14] Iter[150/227] Loss: 3.337, Acc: 0.544, Base Lr: 5.62e-04
2026-06-11 16:09:15 transreid.train INFO: OCCAWARE occ_bce: 0.0720, alpha: 0.0754
2026-06-11 16:09:23 transreid.train INFO: Epoch[14] Iter[200/227] Loss: 3.119, Acc: 0.596, Base Lr: 5.62e-04
2026-06-11 16:09:23 transreid.train INFO: OCCAWARE occ_bce: 0.0712, alpha: 0.0786
2026-06-11 16:09:25 transreid.train INFO: Epoch 14 done. Time per epoch: 35.761[s] Speed: 379.4[samples/s]
2026-06-11 16:09:34 transreid.train INFO: Epoch[15] Iter[50/227] Loss: 3.236, Acc: 0.513, Base Lr: 6.02e-04
2026-06-11 16:09:34 transreid.train INFO: OCCAWARE occ_bce: 0.0669, alpha: 0.0815
2026-06-11 16:09:42 transreid.train INFO: Epoch[15] Iter[100/227] Loss: 3.146, Acc: 0.553, Base Lr: 6.02e-04
2026-06-11 16:09:42 transreid.train INFO: OCCAWARE occ_bce: 0.0678, alpha: 0.0840
2026-06-11 16:09:51 transreid.train INFO: Epoch[15] Iter[150/227] Loss: 3.006, Acc: 0.599, Base Lr: 6.02e-04
2026-06-11 16:09:51 transreid.train INFO: OCCAWARE occ_bce: 0.0663, alpha: 0.0867
2026-06-11 16:09:59 transreid.train INFO: Epoch[15] Iter[200/227] Loss: 2.793, Acc: 0.654, Base Lr: 6.02e-04
2026-06-11 16:09:59 transreid.train INFO: OCCAWARE occ_bce: 0.0660, alpha: 0.0901
2026-06-11 16:10:01 transreid.train INFO: Epoch 15 done. Time per epoch: 35.592[s] Speed: 379.4[samples/s]
2026-06-11 16:10:10 transreid.train INFO: Epoch[16] Iter[50/227] Loss: 2.964, Acc: 0.589, Base Lr: 6.42e-04
2026-06-11 16:10:10 transreid.train INFO: OCCAWARE occ_bce: 0.0619, alpha: 0.0934
2026-06-11 16:10:18 transreid.train INFO: Epoch[16] Iter[100/227] Loss: 2.868, Acc: 0.624, Base Lr: 6.42e-04
2026-06-11 16:10:18 transreid.train INFO: OCCAWARE occ_bce: 0.0626, alpha: 0.0954
2026-06-11 16:10:26 transreid.train INFO: Epoch[16] Iter[150/227] Loss: 2.668, Acc: 0.673, Base Lr: 6.42e-04
2026-06-11 16:10:26 transreid.train INFO: OCCAWARE occ_bce: 0.0605, alpha: 0.0983
2026-06-11 16:10:35 transreid.train INFO: Epoch[16] Iter[200/227] Loss: 2.472, Acc: 0.716, Base Lr: 6.42e-04
2026-06-11 16:10:35 transreid.train INFO: OCCAWARE occ_bce: 0.0595, alpha: 0.1002
2026-06-11 16:10:36 transreid.train INFO: Epoch 16 done. Time per epoch: 35.588[s] Speed: 379.5[samples/s]
2026-06-11 16:10:45 transreid.train INFO: Epoch[17] Iter[50/227] Loss: 2.568, Acc: 0.655, Base Lr: 6.81e-04
2026-06-11 16:10:45 transreid.train INFO: OCCAWARE occ_bce: 0.0559, alpha: 0.1039
2026-06-11 16:10:53 transreid.train INFO: Epoch[17] Iter[100/227] Loss: 2.449, Acc: 0.695, Base Lr: 6.81e-04
2026-06-11 16:10:53 transreid.train INFO: OCCAWARE occ_bce: 0.0565, alpha: 0.1069
2026-06-11 16:11:02 transreid.train INFO: Epoch[17] Iter[150/227] Loss: 2.373, Acc: 0.717, Base Lr: 6.81e-04
2026-06-11 16:11:02 transreid.train INFO: OCCAWARE occ_bce: 0.0573, alpha: 0.1090
2026-06-11 16:11:10 transreid.train INFO: Epoch[17] Iter[200/227] Loss: 2.191, Acc: 0.756, Base Lr: 6.81e-04
2026-06-11 16:11:10 transreid.train INFO: OCCAWARE occ_bce: 0.0567, alpha: 0.1125
2026-06-11 16:11:12 transreid.train INFO: Epoch 17 done. Time per epoch: 35.735[s] Speed: 379.7[samples/s]
2026-06-11 16:11:21 transreid.train INFO: Epoch[18] Iter[50/227] Loss: 2.436, Acc: 0.697, Base Lr: 7.21e-04
2026-06-11 16:11:21 transreid.train INFO: OCCAWARE occ_bce: 0.0660, alpha: 0.1182
2026-06-11 16:11:29 transreid.train INFO: Epoch[18] Iter[100/227] Loss: 2.289, Acc: 0.726, Base Lr: 7.21e-04
2026-06-11 16:11:29 transreid.train INFO: OCCAWARE occ_bce: 0.0592, alpha: 0.1206
2026-06-11 16:11:38 transreid.train INFO: Epoch[18] Iter[150/227] Loss: 2.142, Acc: 0.759, Base Lr: 7.21e-04
2026-06-11 16:11:38 transreid.train INFO: OCCAWARE occ_bce: 0.0572, alpha: 0.1235
2026-06-11 16:11:46 transreid.train INFO: Epoch[18] Iter[200/227] Loss: 1.936, Acc: 0.794, Base Lr: 7.21e-04
2026-06-11 16:11:46 transreid.train INFO: OCCAWARE occ_bce: 0.0560, alpha: 0.1265
2026-06-11 16:11:48 transreid.train INFO: Epoch 18 done. Time per epoch: 35.751[s] Speed: 379.5[samples/s]
2026-06-11 16:11:57 transreid.train INFO: Epoch[19] Iter[50/227] Loss: 2.122, Acc: 0.738, Base Lr: 7.60e-04
2026-06-11 16:11:57 transreid.train INFO: OCCAWARE occ_bce: 0.0556, alpha: 0.1299
2026-06-11 16:12:05 transreid.train INFO: Epoch[19] Iter[100/227] Loss: 1.949, Acc: 0.773, Base Lr: 7.60e-04
2026-06-11 16:12:05 transreid.train INFO: OCCAWARE occ_bce: 0.0540, alpha: 0.1327
2026-06-11 16:12:13 transreid.train INFO: Epoch[19] Iter[150/227] Loss: 1.819, Acc: 0.804, Base Lr: 7.60e-04
2026-06-11 16:12:13 transreid.train INFO: OCCAWARE occ_bce: 0.0530, alpha: 0.1370
2026-06-11 16:12:22 transreid.train INFO: Epoch[19] Iter[200/227] Loss: 1.723, Acc: 0.825, Base Lr: 7.60e-04
2026-06-11 16:12:22 transreid.train INFO: OCCAWARE occ_bce: 0.0530, alpha: 0.1402
2026-06-11 16:12:24 transreid.train INFO: Epoch 19 done. Time per epoch: 35.742[s] Speed: 379.6[samples/s]
2026-06-11 16:12:32 transreid.train INFO: Epoch[20] Iter[50/227] Loss: 1.905, Acc: 0.773, Base Lr: 7.47e-04
2026-06-11 16:12:32 transreid.train INFO: OCCAWARE occ_bce: 0.0521, alpha: 0.1451
2026-06-11 16:12:41 transreid.train INFO: Epoch[20] Iter[100/227] Loss: 1.792, Acc: 0.800, Base Lr: 7.47e-04
2026-06-11 16:12:41 transreid.train INFO: OCCAWARE occ_bce: 0.0513, alpha: 0.1490
2026-06-11 16:12:49 transreid.train INFO: Epoch[20] Iter[150/227] Loss: 1.695, Acc: 0.823, Base Lr: 7.47e-04
2026-06-11 16:12:49 transreid.train INFO: OCCAWARE occ_bce: 0.0498, alpha: 0.1527
2026-06-11 16:12:57 transreid.train INFO: Epoch[20] Iter[200/227] Loss: 1.565, Acc: 0.848, Base Lr: 7.47e-04
2026-06-11 16:12:57 transreid.train INFO: OCCAWARE occ_bce: 0.0496, alpha: 0.1544
2026-06-11 16:12:59 transreid.train INFO: Epoch 20 done. Time per epoch: 35.558[s] Speed: 379.8[samples/s]
2026-06-11 16:13:08 transreid.train INFO: Epoch[21] Iter[50/227] Loss: 1.676, Acc: 0.817, Base Lr: 7.41e-04
2026-06-11 16:13:08 transreid.train INFO: OCCAWARE occ_bce: 0.0506, alpha: 0.1588
2026-06-11 16:13:16 transreid.train INFO: Epoch[21] Iter[100/227] Loss: 1.570, Acc: 0.832, Base Lr: 7.41e-04
2026-06-11 16:13:16 transreid.train INFO: OCCAWARE occ_bce: 0.0492, alpha: 0.1621
2026-06-11 16:13:25 transreid.train INFO: Epoch[21] Iter[150/227] Loss: 1.499, Acc: 0.853, Base Lr: 7.41e-04
2026-06-11 16:13:25 transreid.train INFO: OCCAWARE occ_bce: 0.0491, alpha: 0.1653
2026-06-11 16:13:33 transreid.train INFO: Epoch[21] Iter[200/227] Loss: 1.417, Acc: 0.872, Base Lr: 7.41e-04
2026-06-11 16:13:33 transreid.train INFO: OCCAWARE occ_bce: 0.0510, alpha: 0.1673
2026-06-11 16:13:35 transreid.train INFO: Epoch 21 done. Time per epoch: 35.723[s] Speed: 379.8[samples/s]
2026-06-11 16:13:44 transreid.train INFO: Epoch[22] Iter[50/227] Loss: 1.556, Acc: 0.841, Base Lr: 7.36e-04
2026-06-11 16:13:44 transreid.train INFO: OCCAWARE occ_bce: 0.0515, alpha: 0.1696
2026-06-11 16:13:52 transreid.train INFO: Epoch[22] Iter[100/227] Loss: 1.447, Acc: 0.855, Base Lr: 7.36e-04
2026-06-11 16:13:52 transreid.train INFO: OCCAWARE occ_bce: 0.0502, alpha: 0.1717
2026-06-11 16:14:00 transreid.train INFO: Epoch[22] Iter[150/227] Loss: 1.327, Acc: 0.876, Base Lr: 7.36e-04
2026-06-11 16:14:00 transreid.train INFO: OCCAWARE occ_bce: 0.0484, alpha: 0.1742
2026-06-11 16:14:09 transreid.train INFO: Epoch[22] Iter[200/227] Loss: 1.240, Acc: 0.892, Base Lr: 7.36e-04
2026-06-11 16:14:09 transreid.train INFO: OCCAWARE occ_bce: 0.0481, alpha: 0.1809
2026-06-11 16:14:11 transreid.train INFO: Epoch 22 done. Time per epoch: 35.761[s] Speed: 379.4[samples/s]
2026-06-11 16:14:19 transreid.train INFO: Epoch[23] Iter[50/227] Loss: 1.366, Acc: 0.863, Base Lr: 7.30e-04
2026-06-11 16:14:19 transreid.train INFO: OCCAWARE occ_bce: 0.0478, alpha: 0.1843
2026-06-11 16:14:28 transreid.train INFO: Epoch[23] Iter[100/227] Loss: 1.223, Acc: 0.888, Base Lr: 7.30e-04
2026-06-11 16:14:28 transreid.train INFO: OCCAWARE occ_bce: 0.0460, alpha: 0.1865
2026-06-11 16:14:36 transreid.train INFO: Epoch[23] Iter[150/227] Loss: 1.128, Acc: 0.901, Base Lr: 7.30e-04
2026-06-11 16:14:36 transreid.train INFO: OCCAWARE occ_bce: 0.0445, alpha: 0.1892
2026-06-11 16:14:44 transreid.train INFO: Epoch[23] Iter[200/227] Loss: 1.037, Acc: 0.915, Base Lr: 7.30e-04
2026-06-11 16:14:44 transreid.train INFO: OCCAWARE occ_bce: 0.0440, alpha: 0.1902
2026-06-11 16:14:47 transreid.train INFO: Epoch 23 done. Time per epoch: 35.900[s] Speed: 379.7[samples/s]
2026-06-11 16:14:55 transreid.train INFO: Epoch[24] Iter[50/227] Loss: 2.541, Acc: 0.757, Base Lr: 7.24e-04
2026-06-11 16:14:55 transreid.train INFO: OCCAWARE occ_bce: 0.2012, alpha: 0.1932
2026-06-11 16:15:04 transreid.train INFO: Epoch[24] Iter[100/227] Loss: 2.036, Acc: 0.809, Base Lr: 7.24e-04
2026-06-11 16:15:04 transreid.train INFO: OCCAWARE occ_bce: 0.1420, alpha: 0.1948
2026-06-11 16:15:12 transreid.train INFO: Epoch[24] Iter[150/227] Loss: 1.753, Acc: 0.844, Base Lr: 7.24e-04
2026-06-11 16:15:12 transreid.train INFO: OCCAWARE occ_bce: 0.1180, alpha: 0.1992
2026-06-11 16:15:20 transreid.train INFO: Epoch[24] Iter[200/227] Loss: 1.544, Acc: 0.868, Base Lr: 7.24e-04
2026-06-11 16:15:20 transreid.train INFO: OCCAWARE occ_bce: 0.1052, alpha: 0.2021
2026-06-11 16:15:22 transreid.train INFO: Epoch 24 done. Time per epoch: 35.720[s] Speed: 379.8[samples/s]
2026-06-11 16:15:31 transreid.train INFO: Epoch[25] Iter[50/227] Loss: 1.161, Acc: 0.887, Base Lr: 7.18e-04
2026-06-11 16:15:31 transreid.train INFO: OCCAWARE occ_bce: 0.0525, alpha: 0.2049
2026-06-11 16:15:39 transreid.train INFO: Epoch[25] Iter[100/227] Loss: 1.057, Acc: 0.910, Base Lr: 7.18e-04
2026-06-11 16:15:39 transreid.train INFO: OCCAWARE occ_bce: 0.0515, alpha: 0.2078
2026-06-11 16:15:48 transreid.train INFO: Epoch[25] Iter[150/227] Loss: 0.990, Acc: 0.919, Base Lr: 7.18e-04
2026-06-11 16:15:48 transreid.train INFO: OCCAWARE occ_bce: 0.0508, alpha: 0.2088
2026-06-11 16:15:56 transreid.train INFO: Epoch[25] Iter[200/227] Loss: 0.914, Acc: 0.927, Base Lr: 7.18e-04
2026-06-11 16:15:56 transreid.train INFO: OCCAWARE occ_bce: 0.0498, alpha: 0.2111
2026-06-11 16:15:58 transreid.train INFO: Epoch 25 done. Time per epoch: 35.581[s] Speed: 379.5[samples/s]
2026-06-11 16:16:07 transreid.train INFO: Epoch[26] Iter[50/227] Loss: 0.963, Acc: 0.918, Base Lr: 7.11e-04
2026-06-11 16:16:07 transreid.train INFO: OCCAWARE occ_bce: 0.0501, alpha: 0.2156
2026-06-11 16:16:15 transreid.train INFO: Epoch[26] Iter[100/227] Loss: 0.947, Acc: 0.922, Base Lr: 7.11e-04
2026-06-11 16:16:15 transreid.train INFO: OCCAWARE occ_bce: 0.0487, alpha: 0.2167
2026-06-11 16:16:23 transreid.train INFO: Epoch[26] Iter[150/227] Loss: 0.895, Acc: 0.929, Base Lr: 7.11e-04
2026-06-11 16:16:23 transreid.train INFO: OCCAWARE occ_bce: 0.0478, alpha: 0.2176
2026-06-11 16:16:32 transreid.train INFO: Epoch[26] Iter[200/227] Loss: 0.816, Acc: 0.938, Base Lr: 7.11e-04
2026-06-11 16:16:32 transreid.train INFO: OCCAWARE occ_bce: 0.0467, alpha: 0.2192
2026-06-11 16:16:34 transreid.train INFO: Epoch 26 done. Time per epoch: 35.740[s] Speed: 379.6[samples/s]
2026-06-11 16:16:42 transreid.train INFO: Epoch[27] Iter[50/227] Loss: 0.933, Acc: 0.929, Base Lr: 7.04e-04
2026-06-11 16:16:42 transreid.train INFO: OCCAWARE occ_bce: 0.0467, alpha: 0.2219
2026-06-11 16:16:51 transreid.train INFO: Epoch[27] Iter[100/227] Loss: 0.844, Acc: 0.935, Base Lr: 7.04e-04
2026-06-11 16:16:51 transreid.train INFO: OCCAWARE occ_bce: 0.0448, alpha: 0.2237
2026-06-11 16:16:59 transreid.train INFO: Epoch[27] Iter[150/227] Loss: 0.777, Acc: 0.943, Base Lr: 7.04e-04
2026-06-11 16:16:59 transreid.train INFO: OCCAWARE occ_bce: 0.0436, alpha: 0.2265
2026-06-11 16:17:07 transreid.train INFO: Epoch[27] Iter[200/227] Loss: 0.713, Acc: 0.950, Base Lr: 7.04e-04
2026-06-11 16:17:07 transreid.train INFO: OCCAWARE occ_bce: 0.0430, alpha: 0.2278
2026-06-11 16:17:09 transreid.train INFO: Epoch 27 done. Time per epoch: 35.395[s] Speed: 379.7[samples/s]
2026-06-11 16:17:18 transreid.train INFO: Epoch[28] Iter[50/227] Loss: 0.702, Acc: 0.932, Base Lr: 6.97e-04
2026-06-11 16:17:18 transreid.train INFO: OCCAWARE occ_bce: 0.0411, alpha: 0.2295
2026-06-11 16:17:26 transreid.train INFO: Epoch[28] Iter[100/227] Loss: 0.650, Acc: 0.948, Base Lr: 6.97e-04
2026-06-11 16:17:26 transreid.train INFO: OCCAWARE occ_bce: 0.0397, alpha: 0.2303
2026-06-11 16:17:34 transreid.train INFO: Epoch[28] Iter[150/227] Loss: 0.617, Acc: 0.953, Base Lr: 6.97e-04
2026-06-11 16:17:34 transreid.train INFO: OCCAWARE occ_bce: 0.0390, alpha: 0.2302
2026-06-11 16:17:43 transreid.train INFO: Epoch[28] Iter[200/227] Loss: 0.601, Acc: 0.956, Base Lr: 6.97e-04
2026-06-11 16:17:43 transreid.train INFO: OCCAWARE occ_bce: 0.0397, alpha: 0.2316
2026-06-11 16:17:45 transreid.train INFO: Epoch 28 done. Time per epoch: 35.587[s] Speed: 379.5[samples/s]
2026-06-11 16:17:53 transreid.train INFO: Epoch[29] Iter[50/227] Loss: 0.733, Acc: 0.945, Base Lr: 6.90e-04
2026-06-11 16:17:53 transreid.train INFO: OCCAWARE occ_bce: 0.0409, alpha: 0.2313
2026-06-11 16:18:02 transreid.train INFO: Epoch[29] Iter[100/227] Loss: 0.672, Acc: 0.951, Base Lr: 6.90e-04
2026-06-11 16:18:02 transreid.train INFO: OCCAWARE occ_bce: 0.0387, alpha: 0.2330
2026-06-11 16:18:10 transreid.train INFO: Epoch[29] Iter[150/227] Loss: 0.627, Acc: 0.957, Base Lr: 6.90e-04
2026-06-11 16:18:10 transreid.train INFO: OCCAWARE occ_bce: 0.0386, alpha: 0.2341
2026-06-11 16:18:18 transreid.train INFO: Epoch[29] Iter[200/227] Loss: 0.590, Acc: 0.962, Base Lr: 6.90e-04
2026-06-11 16:18:18 transreid.train INFO: OCCAWARE occ_bce: 0.0381, alpha: 0.2371
2026-06-11 16:18:20 transreid.train INFO: Epoch 29 done. Time per epoch: 35.582[s] Speed: 379.5[samples/s]
2026-06-11 16:18:29 transreid.train INFO: Epoch[30] Iter[50/227] Loss: 0.618, Acc: 0.953, Base Lr: 6.83e-04
2026-06-11 16:18:29 transreid.train INFO: OCCAWARE occ_bce: 0.0386, alpha: 0.2369
2026-06-11 16:18:37 transreid.train INFO: Epoch[30] Iter[100/227] Loss: 0.585, Acc: 0.958, Base Lr: 6.83e-04
2026-06-11 16:18:37 transreid.train INFO: OCCAWARE occ_bce: 0.0381, alpha: 0.2403
2026-06-11 16:18:46 transreid.train INFO: Epoch[30] Iter[150/227] Loss: 0.573, Acc: 0.958, Base Lr: 6.83e-04
2026-06-11 16:18:46 transreid.train INFO: OCCAWARE occ_bce: 0.0375, alpha: 0.2416
2026-06-11 16:18:54 transreid.train INFO: Epoch[30] Iter[200/227] Loss: 0.549, Acc: 0.962, Base Lr: 6.83e-04
2026-06-11 16:18:54 transreid.train INFO: OCCAWARE occ_bce: 0.0374, alpha: 0.2431
2026-06-11 16:18:56 transreid.train INFO: Epoch 30 done. Time per epoch: 35.752[s] Speed: 379.5[samples/s]
2026-06-11 16:19:05 transreid.train INFO: Epoch[31] Iter[50/227] Loss: 0.581, Acc: 0.961, Base Lr: 6.76e-04
2026-06-11 16:19:05 transreid.train INFO: OCCAWARE occ_bce: 0.0367, alpha: 0.2438
2026-06-11 16:19:13 transreid.train INFO: Epoch[31] Iter[100/227] Loss: 0.567, Acc: 0.964, Base Lr: 6.76e-04
2026-06-11 16:19:13 transreid.train INFO: OCCAWARE occ_bce: 0.0359, alpha: 0.2450
2026-06-11 16:19:21 transreid.train INFO: Epoch[31] Iter[150/227] Loss: 0.546, Acc: 0.966, Base Lr: 6.76e-04
2026-06-11 16:19:21 transreid.train INFO: OCCAWARE occ_bce: 0.0364, alpha: 0.2462
2026-06-11 16:19:30 transreid.train INFO: Epoch[31] Iter[200/227] Loss: 0.519, Acc: 0.967, Base Lr: 6.76e-04
2026-06-11 16:19:30 transreid.train INFO: OCCAWARE occ_bce: 0.0367, alpha: 0.2466
2026-06-11 16:19:32 transreid.train INFO: Epoch 31 done. Time per epoch: 35.583[s] Speed: 379.5[samples/s]
2026-06-11 16:19:40 transreid.train INFO: Epoch[32] Iter[50/227] Loss: 0.569, Acc: 0.961, Base Lr: 6.68e-04
2026-06-11 16:19:40 transreid.train INFO: OCCAWARE occ_bce: 0.0414, alpha: 0.2471
2026-06-11 16:19:49 transreid.train INFO: Epoch[32] Iter[100/227] Loss: 0.558, Acc: 0.965, Base Lr: 6.68e-04
2026-06-11 16:19:49 transreid.train INFO: OCCAWARE occ_bce: 0.0381, alpha: 0.2471
2026-06-11 16:19:57 transreid.train INFO: Epoch[32] Iter[150/227] Loss: 0.527, Acc: 0.967, Base Lr: 6.68e-04
2026-06-11 16:19:57 transreid.train INFO: OCCAWARE occ_bce: 0.0375, alpha: 0.2468
2026-06-11 16:20:05 transreid.train INFO: Epoch[32] Iter[200/227] Loss: 0.486, Acc: 0.970, Base Lr: 6.68e-04
2026-06-11 16:20:05 transreid.train INFO: OCCAWARE occ_bce: 0.0372, alpha: 0.2477
2026-06-11 16:20:08 transreid.train INFO: Epoch 32 done. Time per epoch: 36.083[s] Speed: 379.6[samples/s]
2026-06-11 16:20:16 transreid.train INFO: Epoch[33] Iter[50/227] Loss: 0.495, Acc: 0.970, Base Lr: 6.60e-04
2026-06-11 16:20:16 transreid.train INFO: OCCAWARE occ_bce: 0.0343, alpha: 0.2505
2026-06-11 16:20:25 transreid.train INFO: Epoch[33] Iter[100/227] Loss: 0.506, Acc: 0.966, Base Lr: 6.60e-04
2026-06-11 16:20:25 transreid.train INFO: OCCAWARE occ_bce: 0.0352, alpha: 0.2534
2026-06-11 16:20:33 transreid.train INFO: Epoch[33] Iter[150/227] Loss: 0.480, Acc: 0.967, Base Lr: 6.60e-04
2026-06-11 16:20:33 transreid.train INFO: OCCAWARE occ_bce: 0.0353, alpha: 0.2550
2026-06-11 16:20:41 transreid.train INFO: Epoch[33] Iter[200/227] Loss: 0.450, Acc: 0.970, Base Lr: 6.60e-04
2026-06-11 16:20:41 transreid.train INFO: OCCAWARE occ_bce: 0.0348, alpha: 0.2554
2026-06-11 16:20:44 transreid.train INFO: Epoch 33 done. Time per epoch: 35.911[s] Speed: 379.6[samples/s]
2026-06-11 16:20:52 transreid.train INFO: Epoch[34] Iter[50/227] Loss: 0.479, Acc: 0.964, Base Lr: 6.52e-04
2026-06-11 16:20:52 transreid.train INFO: OCCAWARE occ_bce: 0.0337, alpha: 0.2552
