2026-06-12 14:46:01 transreid INFO: Saving model in the path :./log/occluded_duke/exp025_vitdetach_s0
2026-06-12 14:46:01 transreid INFO: Loaded configuration file configs/occluded_duke/vit_base.yml
2026-06-12 14:46:01 transreid INFO: Running with config:
DATALOADER:
  NUM_INSTANCE: 4
  NUM_WORKERS: 8
  REMOVE_TAIL: 0
  SAMPLER: softmax_triplet
DATASETS:
  NAMES: occluded_duke
  ROOT_DIR: /mnt1/afrdata
  ROOT_TRAIN_DIR: ../data
  ROOT_VAL_DIR: ../data
DONOR_DECOUPLE:
  AUX_DETACH: True
  CF_W: 0.5
  DONOR_CLS_W: 0.2
  DONOR_REPEAT: 4
  ENABLED: False
  NEG_MARGIN: 0.02
  ORTH_W: 0.03
  PASTE_PROB: 0.5
  SAMEB_NEG_W: 0.5
  SYN_ID_W: 0.25
EVIDENCE_AGREEMENT:
  DOM_MARGIN: 0.3
  DOM_W: 0.05
  ENABLED: False
  EPS: 1e-06
  MIN_REGION_GAP: 1.0
  NEG_MARGIN: 0.3
  NEG_SINGLE_W: 0.1
  POS_ALIGN_W: 0.05
  POS_MULTI_W: 0.1
  REGION_MODE: grid2x2
  SINGLE_EPS: 0.0
  TAU_EMA_MOMENTUM: 0.9
  TAU_GLOBAL: 0.5
  TAU_REGION: 0.75
  THRESHOLD_QUANTILE: 0.75
  T_COUNT: 0.25
  T_GLOBAL: 0.05
  T_REGION: 0.05
  WARMUP_EPOCHS: 10
INPUT:
  MIX_PROB: 0.0
  MIX_RATIO_RANGE: [0.3, 0.7]
  MIX_TYPE: both
  PADDING: 10
  PIXEL_MEAN: [0.5, 0.5, 0.5]
  PIXEL_STD: [0.5, 0.5, 0.5]
  PROB: 0.5
  RE_PROB: 0.5
  SIZE_TEST: [256, 128]
  SIZE_TRAIN: [256, 128]
LGP:
  ENABLED: False
  N_HEADS: 8
  PROTOS_PATH: 
  W_ID: 1.0
MGPARTS:
  AUG_PROB: 0.5
  BANK_PATH: /mnt1/afrdata/coco_occluder_bank_512.pt
  DETACH: True
  ENABLED: True
  MODE: assign
  N_HEADS: 8
  PROTOS_PATH: /home/afr/reid-clean/ospa_protos7.npz
  W_ASSIGN: 0.5
  W_AVOID: 0.5
  W_PART_ID: 0.5
  W_SINK: 0.0
MODEL:
  ATT_DROP_RATE: 0.0
  COS_LAYER: False
  DEVICE: cuda
  DEVICE_ID: 0
  DEVIDE_LENGTH: 4
  DIST_TRAIN: False
  DROPOUT_RATE: 0.0
  DROP_OUT: 0.0
  DROP_PATH: 0.1
  FEAT_DIM: 512
  GEM_POOLING: False
  ID_LOSS_TYPE: softmax
  ID_LOSS_WEIGHT: 1.0
  IF_LABELSMOOTH: off
  IF_WITH_CENTER: no
  JPM: False
  LAST_STRIDE: 1
  METRIC_LOSS_TYPE: triplet
  NAME: transformer
  NECK: bnneck
  NO_MARGIN: True
  PRETRAIN_CHOICE: imagenet
  PRETRAIN_HW_RATIO: 1
  PRETRAIN_PATH: /home/afr/reid-clean/weights/jx_vit_base_p16_224-80ecf9dd.pth
  REDUCE_FEAT_DIM: False
  RE_ARRANGE: True
  SEMANTIC_WEIGHT: 1.0
  SHIFT_NUM: 5
  SHUFFLE_GROUP: 2
  SIE_CAMERA: False
  SIE_COE: 3.0
  SIE_VIEW: False
  STEM_CONV: False
  STRIDE_SIZE: [16, 16]
  TRANSFORMER_TYPE: vit_base_patch16_224_TransReID
  TRIPLET_LOSS_WEIGHT: 1.0
  WITH_CP: False
MULTIHYP:
  ALPHA: 0.1
  BONUS_CAP: 0.15
  DETACH: True
  DIV_W: 0.5
  DSHS_HARD: global
  DSHS_MARGIN: 0.3
  DSHS_NHARD: 10
  DSHS_W: 0.0
  ENABLED: False
  GATE_SIGMA: 0.3
  GATE_TAU: 1.2
  K: 3
  LOSS_W: 1.0
  NEG_MARGIN: 0.7
  POS_MARGIN: 0.3
  SET_TEMP: 0.1
  UNIQUE_MARGIN: 0.1
OBJGATE:
  ANTI_W: 0.1
  DETACH_SCORE: False
  ENABLED: False
  ENTROPY_MAX: 1000000000.0
  ENTROPY_MIN: 0.0
  FEATMAP_INDEX: -1
  HIDDEN: 192
  LAMBDA_TARGET: 1.0
  LAMBDA_WARMUP_EPOCHS: 10
  MODE: softmax
  SPLIT_W: 1.0
  SUPPRESS_MIN: 0.5
  TAU: 1.0
OCCAWARE:
  AUG_PROB: 0.5
  BANK_PATH: 
  BLOCK: 8
  ENABLED: False
  MECH: True
  MIX_CROP_FRAC: 0.5
  POOL_KIND: crop
  POOL_SIZE: 256
  SWIN_STAGE: 2
  W_OCC: 0.5
OSG:
  BLOCK: 8
  ENABLED: False
  KL_T: 4.0
  LABELS_PATH: 
  PROTOS_PATH: 
  RANDOM_PROTOS: False
  TAU: 0.07
  W_SEM: 0.1
OSS:
  AUG_PROB: 0.3
  ENABLED: False
  GRL_ALPHA: 1.0
  POOL_SIZE: 256
  RANDOM_LABEL: False
  W: 0.5
OUTPUT_DIR: ./log/occluded_duke/exp025_vitdetach_s0
PARTIAL_EVIDENCE:
  CALIBRATE: True
  ENABLED: False
  LS_MAX: 0.2
  MARGIN_SCALE: True
  MIN_KEEP: 0.2
  NO_HARDNEG_BELOW: 0.4
  PASTE_PROB: 0.5
SEMDISTILL:
  ENABLED: False
  KL_T: 4.0
  LABELS_PATH: 
  MODE: emb
  W: 0.2
SOLVER:
  BASE_LR: 0.008
  BIAS_LR_FACTOR: 2
  CENTER_LOSS_WEIGHT: 0.0005
  CENTER_LR: 0.5
  CHECKPOINT_PERIOD: 120
  COSINE_MARGIN: 0.5
  COSINE_SCALE: 30
  EVAL_PERIOD: 120
  GAMMA: 0.1
  IMS_PER_BATCH: 64
  LARGE_FC_LR: False
  LOG_PERIOD: 50
  MARGIN: 0.3
  MAX_EPOCHS: 120
  MOMENTUM: 0.9
  OPTIMIZER_NAME: SGD
  SEED: 0
  STEPS: (40, 70)
  TRP_L2: False
  WARMUP_EPOCHS: 5
  WARMUP_FACTOR: 0.01
  WARMUP_METHOD: cosine
  WEIGHT_DECAY: 0.0001
  WEIGHT_DECAY_BIAS: 0.0001
TEST:
  DIST_MAT: dist_mat.npy
  EVAL: True
  FEAT_NORM: yes
  IMS_PER_BATCH: 64
  NECK_FEAT: before
  RE_RANKING: False
  WEIGHT: 
=> Occluded-Duke loaded
2026-06-12 14:46:01 transreid.check INFO: Dataset statistics:
2026-06-12 14:46:01 transreid.check INFO:   ----------------------------------------
2026-06-12 14:46:01 transreid.check INFO:   subset   | # ids | # images | # cameras
2026-06-12 14:46:01 transreid.check INFO:   ----------------------------------------
2026-06-12 14:46:01 transreid.check INFO:   train    |   702 |    15618 |         8
2026-06-12 14:46:01 transreid.check INFO:   query    |   519 |     2210 |         8
2026-06-12 14:46:01 transreid.check INFO:   gallery  |  1110 |    17661 |         8
2026-06-12 14:46:01 transreid.check INFO:   ----------------------------------------
using img_triplet sampler
using Transformer_type: vit_base_patch16_224_TransReID as a backbone
using stride: [16, 16], and patch number is num_y16 * num_x8
Resized position embedding from size:torch.Size([1, 197, 768]) to size: torch.Size([1, 129, 768]) with height:16 width: 8
Load 150 / 152 layers.
===========building transformer===========
using soft triplet loss for training
2026-06-12 14:46:02 transreid INFO: ===========using cosine learning rate=======
2026-06-12 14:46:02 transreid.train INFO: start training
/home/afr/reid-clean/SOLIDER-REID/processor/processor.py:95: FutureWarning: `torch.cuda.amp.GradScaler(args...)` is deprecated. Please use `torch.amp.GradScaler('cuda', args...)` instead.
  scaler = amp.GradScaler()
/home/afr/reid-clean/SOLIDER-REID/processor/processor.py:133: FutureWarning: `torch.cuda.amp.autocast(args...)` is deprecated. Please use `torch.amp.autocast('cuda', args...)` instead.
  with amp.autocast(enabled=True):
2026-06-12 14:46:06 transreid.train INFO: Epoch[1] Iter[50/227] Loss: 15.618, Acc: 0.002, Base Lr: 1.66e-03
2026-06-12 14:46:10 transreid.train INFO: Epoch[1] Iter[100/227] Loss: 14.986, Acc: 0.002, Base Lr: 1.66e-03
2026-06-12 14:46:14 transreid.train INFO: Epoch[1] Iter[150/227] Loss: 14.581, Acc: 0.002, Base Lr: 1.66e-03
2026-06-12 14:46:17 transreid.train INFO: Epoch[1] Iter[200/227] Loss: 14.296, Acc: 0.003, Base Lr: 1.66e-03
2026-06-12 14:46:18 transreid.train INFO: Epoch 1 done. Time per epoch: 16.121[s] Speed: 841.6[samples/s]
2026-06-12 14:46:22 transreid.train INFO: Epoch[2] Iter[50/227] Loss: 12.378, Acc: 0.044, Base Lr: 3.25e-03
2026-06-12 14:46:26 transreid.train INFO: Epoch[2] Iter[100/227] Loss: 12.039, Acc: 0.075, Base Lr: 3.25e-03
2026-06-12 14:46:29 transreid.train INFO: Epoch[2] Iter[150/227] Loss: 11.792, Acc: 0.106, Base Lr: 3.25e-03
2026-06-12 14:46:33 transreid.train INFO: Epoch[2] Iter[200/227] Loss: 11.525, Acc: 0.156, Base Lr: 3.25e-03
2026-06-12 14:46:34 transreid.train INFO: Epoch 2 done. Time per epoch: 15.789[s] Speed: 859.3[samples/s]
2026-06-12 14:46:38 transreid.train INFO: Epoch[3] Iter[50/227] Loss: 10.332, Acc: 0.116, Base Lr: 4.83e-03
2026-06-12 14:46:42 transreid.train INFO: Epoch[3] Iter[100/227] Loss: 10.048, Acc: 0.153, Base Lr: 4.83e-03
2026-06-12 14:46:45 transreid.train INFO: Epoch[3] Iter[150/227] Loss: 9.774, Acc: 0.190, Base Lr: 4.83e-03
2026-06-12 14:46:49 transreid.train INFO: Epoch[3] Iter[200/227] Loss: 9.340, Acc: 0.242, Base Lr: 4.83e-03
2026-06-12 14:46:50 transreid.train INFO: Epoch 3 done. Time per epoch: 15.731[s] Speed: 858.4[samples/s]
2026-06-12 14:46:54 transreid.train INFO: Epoch[4] Iter[50/227] Loss: 7.920, Acc: 0.292, Base Lr: 6.42e-03
2026-06-12 14:46:57 transreid.train INFO: Epoch[4] Iter[100/227] Loss: 7.548, Acc: 0.357, Base Lr: 6.42e-03
2026-06-12 14:47:01 transreid.train INFO: Epoch[4] Iter[150/227] Loss: 7.213, Acc: 0.416, Base Lr: 6.42e-03
2026-06-12 14:47:05 transreid.train INFO: Epoch[4] Iter[200/227] Loss: 6.824, Acc: 0.475, Base Lr: 6.42e-03
2026-06-12 14:47:06 transreid.train INFO: Epoch 4 done. Time per epoch: 15.796[s] Speed: 859.0[samples/s]
2026-06-12 14:47:09 transreid.train INFO: Epoch[5] Iter[50/227] Loss: 5.729, Acc: 0.586, Base Lr: 7.97e-03
2026-06-12 14:47:13 transreid.train INFO: Epoch[5] Iter[100/227] Loss: 5.464, Acc: 0.645, Base Lr: 7.97e-03
2026-06-12 14:47:17 transreid.train INFO: Epoch[5] Iter[150/227] Loss: 5.206, Acc: 0.686, Base Lr: 7.97e-03
2026-06-12 14:47:20 transreid.train INFO: Epoch[5] Iter[200/227] Loss: 4.907, Acc: 0.722, Base Lr: 7.97e-03
2026-06-12 14:47:21 transreid.train INFO: Epoch 5 done. Time per epoch: 15.847[s] Speed: 856.2[samples/s]
2026-06-12 14:47:25 transreid.train INFO: Epoch[6] Iter[50/227] Loss: 4.175, Acc: 0.797, Base Lr: 7.95e-03
2026-06-12 14:47:29 transreid.train INFO: Epoch[6] Iter[100/227] Loss: 4.081, Acc: 0.810, Base Lr: 7.95e-03
2026-06-12 14:47:33 transreid.train INFO: Epoch[6] Iter[150/227] Loss: 3.943, Acc: 0.827, Base Lr: 7.95e-03
2026-06-12 14:47:36 transreid.train INFO: Epoch[6] Iter[200/227] Loss: 3.723, Acc: 0.845, Base Lr: 7.95e-03
2026-06-12 14:47:37 transreid.train INFO: Epoch 6 done. Time per epoch: 15.876[s] Speed: 858.7[samples/s]
2026-06-12 14:47:41 transreid.train INFO: Epoch[7] Iter[50/227] Loss: 3.390, Acc: 0.872, Base Lr: 7.93e-03
2026-06-12 14:47:45 transreid.train INFO: Epoch[7] Iter[100/227] Loss: 3.266, Acc: 0.882, Base Lr: 7.93e-03
2026-06-12 14:47:49 transreid.train INFO: Epoch[7] Iter[150/227] Loss: 3.183, Acc: 0.888, Base Lr: 7.93e-03
2026-06-12 14:47:52 transreid.train INFO: Epoch[7] Iter[200/227] Loss: 3.003, Acc: 0.897, Base Lr: 7.93e-03
2026-06-12 14:47:53 transreid.train INFO: Epoch 7 done. Time per epoch: 15.791[s] Speed: 855.2[samples/s]
2026-06-12 14:47:57 transreid.train INFO: Epoch[8] Iter[50/227] Loss: 2.892, Acc: 0.908, Base Lr: 7.91e-03
2026-06-12 14:48:01 transreid.train INFO: Epoch[8] Iter[100/227] Loss: 2.796, Acc: 0.916, Base Lr: 7.91e-03
2026-06-12 14:48:04 transreid.train INFO: Epoch[8] Iter[150/227] Loss: 2.689, Acc: 0.920, Base Lr: 7.91e-03
2026-06-12 14:48:08 transreid.train INFO: Epoch[8] Iter[200/227] Loss: 2.556, Acc: 0.923, Base Lr: 7.91e-03
2026-06-12 14:48:09 transreid.train INFO: Epoch 8 done. Time per epoch: 15.913[s] Speed: 852.6[samples/s]
2026-06-12 14:48:13 transreid.train INFO: Epoch[9] Iter[50/227] Loss: 2.513, Acc: 0.924, Base Lr: 7.89e-03
2026-06-12 14:48:17 transreid.train INFO: Epoch[9] Iter[100/227] Loss: 2.431, Acc: 0.931, Base Lr: 7.89e-03
2026-06-12 14:48:20 transreid.train INFO: Epoch[9] Iter[150/227] Loss: 2.370, Acc: 0.932, Base Lr: 7.89e-03
2026-06-12 14:48:24 transreid.train INFO: Epoch[9] Iter[200/227] Loss: 2.234, Acc: 0.936, Base Lr: 7.89e-03
2026-06-12 14:48:25 transreid.train INFO: Epoch 9 done. Time per epoch: 15.845[s] Speed: 856.3[samples/s]
2026-06-12 14:48:29 transreid.train INFO: Epoch[10] Iter[50/227] Loss: 2.200, Acc: 0.941, Base Lr: 7.86e-03
2026-06-12 14:48:32 transreid.train INFO: Epoch[10] Iter[100/227] Loss: 2.149, Acc: 0.942, Base Lr: 7.86e-03
2026-06-12 14:48:36 transreid.train INFO: Epoch[10] Iter[150/227] Loss: 2.075, Acc: 0.945, Base Lr: 7.86e-03
2026-06-12 14:48:40 transreid.train INFO: Epoch[10] Iter[200/227] Loss: 1.950, Acc: 0.947, Base Lr: 7.86e-03
2026-06-12 14:48:41 transreid.train INFO: Epoch 10 done. Time per epoch: 15.994[s] Speed: 856.3[samples/s]
2026-06-12 14:48:45 transreid.train INFO: Epoch[11] Iter[50/227] Loss: 2.128, Acc: 0.939, Base Lr: 7.84e-03
2026-06-12 14:48:48 transreid.train INFO: Epoch[11] Iter[100/227] Loss: 1.989, Acc: 0.946, Base Lr: 7.84e-03
2026-06-12 14:48:52 transreid.train INFO: Epoch[11] Iter[150/227] Loss: 1.884, Acc: 0.949, Base Lr: 7.84e-03
2026-06-12 14:48:56 transreid.train INFO: Epoch[11] Iter[200/227] Loss: 1.740, Acc: 0.953, Base Lr: 7.84e-03
2026-06-12 14:48:57 transreid.train INFO: Epoch 11 done. Time per epoch: 15.840[s] Speed: 856.6[samples/s]
2026-06-12 14:49:01 transreid.train INFO: Epoch[12] Iter[50/227] Loss: 1.719, Acc: 0.960, Base Lr: 7.80e-03
2026-06-12 14:49:04 transreid.train INFO: Epoch[12] Iter[100/227] Loss: 1.691, Acc: 0.958, Base Lr: 7.80e-03
2026-06-12 14:49:08 transreid.train INFO: Epoch[12] Iter[150/227] Loss: 1.634, Acc: 0.958, Base Lr: 7.80e-03
2026-06-12 14:49:12 transreid.train INFO: Epoch[12] Iter[200/227] Loss: 1.538, Acc: 0.959, Base Lr: 7.80e-03
2026-06-12 14:49:13 transreid.train INFO: Epoch 12 done. Time per epoch: 15.960[s] Speed: 854.1[samples/s]
2026-06-12 14:49:16 transreid.train INFO: Epoch[13] Iter[50/227] Loss: 1.607, Acc: 0.960, Base Lr: 7.77e-03
2026-06-12 14:49:20 transreid.train INFO: Epoch[13] Iter[100/227] Loss: 1.531, Acc: 0.962, Base Lr: 7.77e-03
2026-06-12 14:49:24 transreid.train INFO: Epoch[13] Iter[150/227] Loss: 1.470, Acc: 0.962, Base Lr: 7.77e-03
2026-06-12 14:49:28 transreid.train INFO: Epoch[13] Iter[200/227] Loss: 1.359, Acc: 0.964, Base Lr: 7.77e-03
2026-06-12 14:49:28 transreid.train INFO: Epoch 13 done. Time per epoch: 15.900[s] Speed: 857.4[samples/s]
2026-06-12 14:49:32 transreid.train INFO: Epoch[14] Iter[50/227] Loss: 1.432, Acc: 0.962, Base Lr: 7.73e-03
2026-06-12 14:49:36 transreid.train INFO: Epoch[14] Iter[100/227] Loss: 1.390, Acc: 0.964, Base Lr: 7.73e-03
2026-06-12 14:49:40 transreid.train INFO: Epoch[14] Iter[150/227] Loss: 1.330, Acc: 0.966, Base Lr: 7.73e-03
2026-06-12 14:49:43 transreid.train INFO: Epoch[14] Iter[200/227] Loss: 1.246, Acc: 0.966, Base Lr: 7.73e-03
2026-06-12 14:49:44 transreid.train INFO: Epoch 14 done. Time per epoch: 15.760[s] Speed: 856.9[samples/s]
2026-06-12 14:49:48 transreid.train INFO: Epoch[15] Iter[50/227] Loss: 1.260, Acc: 0.968, Base Lr: 7.70e-03
2026-06-12 14:49:52 transreid.train INFO: Epoch[15] Iter[100/227] Loss: 1.204, Acc: 0.971, Base Lr: 7.70e-03
2026-06-12 14:49:56 transreid.train INFO: Epoch[15] Iter[150/227] Loss: 1.177, Acc: 0.969, Base Lr: 7.70e-03
2026-06-12 14:49:59 transreid.train INFO: Epoch[15] Iter[200/227] Loss: 1.105, Acc: 0.970, Base Lr: 7.70e-03
2026-06-12 14:50:00 transreid.train INFO: Epoch 15 done. Time per epoch: 15.834[s] Speed: 856.9[samples/s]
2026-06-12 14:50:04 transreid.train INFO: Epoch[16] Iter[50/227] Loss: 1.155, Acc: 0.975, Base Lr: 7.65e-03
2026-06-12 14:50:08 transreid.train INFO: Epoch[16] Iter[100/227] Loss: 1.097, Acc: 0.974, Base Lr: 7.65e-03
2026-06-12 14:50:11 transreid.train INFO: Epoch[16] Iter[150/227] Loss: 1.091, Acc: 0.973, Base Lr: 7.65e-03
2026-06-12 14:50:15 transreid.train INFO: Epoch[16] Iter[200/227] Loss: 1.027, Acc: 0.973, Base Lr: 7.65e-03
2026-06-12 14:50:16 transreid.train INFO: Epoch 16 done. Time per epoch: 15.924[s] Speed: 856.1[samples/s]
2026-06-12 14:50:20 transreid.train INFO: Epoch[17] Iter[50/227] Loss: 1.090, Acc: 0.972, Base Lr: 7.61e-03
2026-06-12 14:50:24 transreid.train INFO: Epoch[17] Iter[100/227] Loss: 1.076, Acc: 0.970, Base Lr: 7.61e-03
2026-06-12 14:50:27 transreid.train INFO: Epoch[17] Iter[150/227] Loss: 1.042, Acc: 0.971, Base Lr: 7.61e-03
2026-06-12 14:50:31 transreid.train INFO: Epoch[17] Iter[200/227] Loss: 0.963, Acc: 0.974, Base Lr: 7.61e-03
2026-06-12 14:50:32 transreid.train INFO: Epoch 17 done. Time per epoch: 15.828[s] Speed: 857.2[samples/s]
2026-06-12 14:50:36 transreid.train INFO: Epoch[18] Iter[50/227] Loss: 0.987, Acc: 0.976, Base Lr: 7.56e-03
2026-06-12 14:50:39 transreid.train INFO: Epoch[18] Iter[100/227] Loss: 0.938, Acc: 0.975, Base Lr: 7.56e-03
2026-06-12 14:50:43 transreid.train INFO: Epoch[18] Iter[150/227] Loss: 0.916, Acc: 0.975, Base Lr: 7.56e-03
2026-06-12 14:50:47 transreid.train INFO: Epoch[18] Iter[200/227] Loss: 0.870, Acc: 0.975, Base Lr: 7.56e-03
2026-06-12 14:50:48 transreid.train INFO: Epoch 18 done. Time per epoch: 15.791[s] Speed: 855.2[samples/s]
2026-06-12 14:50:52 transreid.train INFO: Epoch[19] Iter[50/227] Loss: 0.915, Acc: 0.978, Base Lr: 7.52e-03
2026-06-12 14:50:55 transreid.train INFO: Epoch[19] Iter[100/227] Loss: 0.880, Acc: 0.978, Base Lr: 7.52e-03
2026-06-12 14:50:59 transreid.train INFO: Epoch[19] Iter[150/227] Loss: 0.851, Acc: 0.976, Base Lr: 7.52e-03
2026-06-12 14:51:03 transreid.train INFO: Epoch[19] Iter[200/227] Loss: 0.805, Acc: 0.977, Base Lr: 7.52e-03
2026-06-12 14:51:03 transreid.train INFO: Epoch 19 done. Time per epoch: 15.779[s] Speed: 855.8[samples/s]
2026-06-12 14:51:07 transreid.train INFO: Epoch[20] Iter[50/227] Loss: 0.885, Acc: 0.978, Base Lr: 7.47e-03
2026-06-12 14:51:11 transreid.train INFO: Epoch[20] Iter[100/227] Loss: 0.870, Acc: 0.976, Base Lr: 7.47e-03
2026-06-12 14:51:15 transreid.train INFO: Epoch[20] Iter[150/227] Loss: 0.828, Acc: 0.977, Base Lr: 7.47e-03
2026-06-12 14:51:18 transreid.train INFO: Epoch[20] Iter[200/227] Loss: 0.778, Acc: 0.977, Base Lr: 7.47e-03
2026-06-12 14:51:19 transreid.train INFO: Epoch 20 done. Time per epoch: 15.831[s] Speed: 857.0[samples/s]
2026-06-12 14:51:23 transreid.train INFO: Epoch[21] Iter[50/227] Loss: 0.773, Acc: 0.978, Base Lr: 7.41e-03
2026-06-12 14:51:27 transreid.train INFO: Epoch[21] Iter[100/227] Loss: 0.761, Acc: 0.979, Base Lr: 7.41e-03
2026-06-12 14:51:31 transreid.train INFO: Epoch[21] Iter[150/227] Loss: 0.739, Acc: 0.979, Base Lr: 7.41e-03
2026-06-12 14:51:34 transreid.train INFO: Epoch[21] Iter[200/227] Loss: 0.703, Acc: 0.979, Base Lr: 7.41e-03
2026-06-12 14:51:35 transreid.train INFO: Epoch 21 done. Time per epoch: 15.765[s] Speed: 856.6[samples/s]
2026-06-12 14:51:39 transreid.train INFO: Epoch[22] Iter[50/227] Loss: 0.729, Acc: 0.982, Base Lr: 7.36e-03
2026-06-12 14:51:43 transreid.train INFO: Epoch[22] Iter[100/227] Loss: 0.703, Acc: 0.981, Base Lr: 7.36e-03
2026-06-12 14:51:46 transreid.train INFO: Epoch[22] Iter[150/227] Loss: 0.679, Acc: 0.981, Base Lr: 7.36e-03
2026-06-12 14:51:50 transreid.train INFO: Epoch[22] Iter[200/227] Loss: 0.643, Acc: 0.982, Base Lr: 7.36e-03
2026-06-12 14:51:51 transreid.train INFO: Epoch 22 done. Time per epoch: 15.724[s] Speed: 854.8[samples/s]
2026-06-12 14:51:55 transreid.train INFO: Epoch[23] Iter[50/227] Loss: 0.724, Acc: 0.980, Base Lr: 7.30e-03
2026-06-12 14:51:58 transreid.train INFO: Epoch[23] Iter[100/227] Loss: 0.712, Acc: 0.980, Base Lr: 7.30e-03
2026-06-12 14:52:02 transreid.train INFO: Epoch[23] Iter[150/227] Loss: 0.678, Acc: 0.979, Base Lr: 7.30e-03
2026-06-12 14:52:06 transreid.train INFO: Epoch[23] Iter[200/227] Loss: 0.633, Acc: 0.980, Base Lr: 7.30e-03
2026-06-12 14:52:07 transreid.train INFO: Epoch 23 done. Time per epoch: 15.836[s] Speed: 856.8[samples/s]
2026-06-12 14:52:10 transreid.train INFO: Epoch[24] Iter[50/227] Loss: 0.781, Acc: 0.974, Base Lr: 7.24e-03
2026-06-12 14:52:14 transreid.train INFO: Epoch[24] Iter[100/227] Loss: 0.736, Acc: 0.977, Base Lr: 7.24e-03
2026-06-12 14:52:18 transreid.train INFO: Epoch[24] Iter[150/227] Loss: 0.679, Acc: 0.978, Base Lr: 7.24e-03
2026-06-12 14:52:22 transreid.train INFO: Epoch[24] Iter[200/227] Loss: 0.635, Acc: 0.979, Base Lr: 7.24e-03
2026-06-12 14:52:22 transreid.train INFO: Epoch 24 done. Time per epoch: 15.818[s] Speed: 853.7[samples/s]
2026-06-12 14:52:26 transreid.train INFO: Epoch[25] Iter[50/227] Loss: 0.633, Acc: 0.979, Base Lr: 7.18e-03
2026-06-12 14:52:30 transreid.train INFO: Epoch[25] Iter[100/227] Loss: 0.617, Acc: 0.980, Base Lr: 7.18e-03
2026-06-12 14:52:34 transreid.train INFO: Epoch[25] Iter[150/227] Loss: 0.591, Acc: 0.981, Base Lr: 7.18e-03
2026-06-12 14:52:37 transreid.train INFO: Epoch[25] Iter[200/227] Loss: 0.557, Acc: 0.982, Base Lr: 7.18e-03
2026-06-12 14:52:38 transreid.train INFO: Epoch 25 done. Time per epoch: 15.815[s] Speed: 857.9[samples/s]
2026-06-12 14:52:42 transreid.train INFO: Epoch[26] Iter[50/227] Loss: 0.623, Acc: 0.982, Base Lr: 7.11e-03
2026-06-12 14:52:46 transreid.train INFO: Epoch[26] Iter[100/227] Loss: 0.583, Acc: 0.983, Base Lr: 7.11e-03
2026-06-12 14:52:49 transreid.train INFO: Epoch[26] Iter[150/227] Loss: 0.562, Acc: 0.983, Base Lr: 7.11e-03
2026-06-12 14:52:53 transreid.train INFO: Epoch[26] Iter[200/227] Loss: 0.532, Acc: 0.984, Base Lr: 7.11e-03
2026-06-12 14:52:54 transreid.train INFO: Epoch 26 done. Time per epoch: 15.946[s] Speed: 854.9[samples/s]
2026-06-12 14:52:58 transreid.train INFO: Epoch[27] Iter[50/227] Loss: 0.602, Acc: 0.981, Base Lr: 7.04e-03
2026-06-12 14:53:02 transreid.train INFO: Epoch[27] Iter[100/227] Loss: 0.542, Acc: 0.984, Base Lr: 7.04e-03
2026-06-12 14:53:05 transreid.train INFO: Epoch[27] Iter[150/227] Loss: 0.519, Acc: 0.984, Base Lr: 7.04e-03
2026-06-12 14:53:09 transreid.train INFO: Epoch[27] Iter[200/227] Loss: 0.499, Acc: 0.985, Base Lr: 7.04e-03
2026-06-12 14:53:10 transreid.train INFO: Epoch 27 done. Time per epoch: 15.847[s] Speed: 856.2[samples/s]
2026-06-12 14:53:14 transreid.train INFO: Epoch[28] Iter[50/227] Loss: 0.517, Acc: 0.989, Base Lr: 6.97e-03
2026-06-12 14:53:18 transreid.train INFO: Epoch[28] Iter[100/227] Loss: 0.523, Acc: 0.986, Base Lr: 6.97e-03
2026-06-12 14:53:21 transreid.train INFO: Epoch[28] Iter[150/227] Loss: 0.508, Acc: 0.987, Base Lr: 6.97e-03
2026-06-12 14:53:25 transreid.train INFO: Epoch[28] Iter[200/227] Loss: 0.478, Acc: 0.987, Base Lr: 6.97e-03
2026-06-12 14:53:26 transreid.train INFO: Epoch 28 done. Time per epoch: 15.875[s] Speed: 854.7[samples/s]
2026-06-12 14:53:30 transreid.train INFO: Epoch[29] Iter[50/227] Loss: 0.555, Acc: 0.984, Base Lr: 6.90e-03
2026-06-12 14:53:33 transreid.train INFO: Epoch[29] Iter[100/227] Loss: 0.501, Acc: 0.987, Base Lr: 6.90e-03
2026-06-12 14:53:37 transreid.train INFO: Epoch[29] Iter[150/227] Loss: 0.483, Acc: 0.987, Base Lr: 6.90e-03
2026-06-12 14:53:41 transreid.train INFO: Epoch[29] Iter[200/227] Loss: 0.460, Acc: 0.987, Base Lr: 6.90e-03
2026-06-12 14:53:42 transreid.train INFO: Epoch 29 done. Time per epoch: 15.782[s] Speed: 855.7[samples/s]
2026-06-12 14:53:46 transreid.train INFO: Epoch[30] Iter[50/227] Loss: 0.470, Acc: 0.987, Base Lr: 6.83e-03
2026-06-12 14:53:49 transreid.train INFO: Epoch[30] Iter[100/227] Loss: 0.447, Acc: 0.987, Base Lr: 6.83e-03
2026-06-12 14:53:53 transreid.train INFO: Epoch[30] Iter[150/227] Loss: 0.444, Acc: 0.987, Base Lr: 6.83e-03
2026-06-12 14:53:57 transreid.train INFO: Epoch[30] Iter[200/227] Loss: 0.427, Acc: 0.986, Base Lr: 6.83e-03
2026-06-12 14:53:58 transreid.train INFO: Epoch 30 done. Time per epoch: 15.948[s] Speed: 854.8[samples/s]
2026-06-12 14:54:01 transreid.train INFO: Epoch[31] Iter[50/227] Loss: 0.446, Acc: 0.986, Base Lr: 6.76e-03
2026-06-12 14:54:05 transreid.train INFO: Epoch[31] Iter[100/227] Loss: 0.454, Acc: 0.983, Base Lr: 6.76e-03
2026-06-12 14:54:09 transreid.train INFO: Epoch[31] Iter[150/227] Loss: 0.439, Acc: 0.984, Base Lr: 6.76e-03
2026-06-12 14:54:13 transreid.train INFO: Epoch[31] Iter[200/227] Loss: 0.416, Acc: 0.985, Base Lr: 6.76e-03
2026-06-12 14:54:13 transreid.train INFO: Epoch 31 done. Time per epoch: 15.870[s] Speed: 854.9[samples/s]
2026-06-12 14:54:17 transreid.train INFO: Epoch[32] Iter[50/227] Loss: 0.458, Acc: 0.987, Base Lr: 6.68e-03
2026-06-12 14:54:21 transreid.train INFO: Epoch[32] Iter[100/227] Loss: 0.420, Acc: 0.989, Base Lr: 6.68e-03
2026-06-12 14:54:25 transreid.train INFO: Epoch[32] Iter[150/227] Loss: 0.406, Acc: 0.989, Base Lr: 6.68e-03
2026-06-12 14:54:28 transreid.train INFO: Epoch[32] Iter[200/227] Loss: 0.391, Acc: 0.990, Base Lr: 6.68e-03
2026-06-12 14:54:29 transreid.train INFO: Epoch 32 done. Time per epoch: 15.621[s] Speed: 856.3[samples/s]
2026-06-12 14:54:33 transreid.train INFO: Epoch[33] Iter[50/227] Loss: 0.501, Acc: 0.985, Base Lr: 6.60e-03
2026-06-12 14:54:37 transreid.train INFO: Epoch[33] Iter[100/227] Loss: 0.467, Acc: 0.987, Base Lr: 6.60e-03
2026-06-12 14:54:40 transreid.train INFO: Epoch[33] Iter[150/227] Loss: 0.439, Acc: 0.987, Base Lr: 6.60e-03
2026-06-12 14:54:44 transreid.train INFO: Epoch[33] Iter[200/227] Loss: 0.413, Acc: 0.987, Base Lr: 6.60e-03
2026-06-12 14:54:45 transreid.train INFO: Epoch 33 done. Time per epoch: 15.826[s] Speed: 853.3[samples/s]
2026-06-12 14:54:49 transreid.train INFO: Epoch[34] Iter[50/227] Loss: 0.416, Acc: 0.988, Base Lr: 6.52e-03
2026-06-12 14:54:53 transreid.train INFO: Epoch[34] Iter[100/227] Loss: 0.401, Acc: 0.988, Base Lr: 6.52e-03
2026-06-12 14:54:56 transreid.train INFO: Epoch[34] Iter[150/227] Loss: 0.387, Acc: 0.989, Base Lr: 6.52e-03
2026-06-12 14:55:00 transreid.train INFO: Epoch[34] Iter[200/227] Loss: 0.378, Acc: 0.990, Base Lr: 6.52e-03
2026-06-12 14:55:01 transreid.train INFO: Epoch 34 done. Time per epoch: 15.928[s] Speed: 855.9[samples/s]
2026-06-12 14:55:05 transreid.train INFO: Epoch[35] Iter[50/227] Loss: 0.407, Acc: 0.989, Base Lr: 6.44e-03
2026-06-12 14:55:08 transreid.train INFO: Epoch[35] Iter[100/227] Loss: 0.402, Acc: 0.987, Base Lr: 6.44e-03
2026-06-12 14:55:12 transreid.train INFO: Epoch[35] Iter[150/227] Loss: 0.381, Acc: 0.988, Base Lr: 6.44e-03
2026-06-12 14:55:16 transreid.train INFO: Epoch[35] Iter[200/227] Loss: 0.359, Acc: 0.988, Base Lr: 6.44e-03
2026-06-12 14:55:17 transreid.train INFO: Epoch 35 done. Time per epoch: 15.843[s] Speed: 856.4[samples/s]
2026-06-12 14:55:21 transreid.train INFO: Epoch[36] Iter[50/227] Loss: 0.361, Acc: 0.989, Base Lr: 6.35e-03
2026-06-12 14:55:24 transreid.train INFO: Epoch[36] Iter[100/227] Loss: 0.361, Acc: 0.989, Base Lr: 6.35e-03
2026-06-12 14:55:28 transreid.train INFO: Epoch[36] Iter[150/227] Loss: 0.350, Acc: 0.989, Base Lr: 6.35e-03
2026-06-12 14:55:32 transreid.train INFO: Epoch[36] Iter[200/227] Loss: 0.335, Acc: 0.989, Base Lr: 6.35e-03
2026-06-12 14:55:32 transreid.train INFO: Epoch 36 done. Time per epoch: 15.776[s] Speed: 856.0[samples/s]
2026-06-12 14:55:36 transreid.train INFO: Epoch[37] Iter[50/227] Loss: 0.389, Acc: 0.991, Base Lr: 6.27e-03
2026-06-12 14:55:40 transreid.train INFO: Epoch[37] Iter[100/227] Loss: 0.361, Acc: 0.990, Base Lr: 6.27e-03
2026-06-12 14:55:44 transreid.train INFO: Epoch[37] Iter[150/227] Loss: 0.340, Acc: 0.990, Base Lr: 6.27e-03
2026-06-12 14:55:47 transreid.train INFO: Epoch[37] Iter[200/227] Loss: 0.319, Acc: 0.990, Base Lr: 6.27e-03
2026-06-12 14:55:48 transreid.train INFO: Epoch 37 done. Time per epoch: 15.848[s] Speed: 856.2[samples/s]
2026-06-12 14:55:52 transreid.train INFO: Epoch[38] Iter[50/227] Loss: 0.358, Acc: 0.989, Base Lr: 6.18e-03
2026-06-12 14:55:56 transreid.train INFO: Epoch[38] Iter[100/227] Loss: 0.345, Acc: 0.989, Base Lr: 6.18e-03
2026-06-12 14:56:00 transreid.train INFO: Epoch[38] Iter[150/227] Loss: 0.332, Acc: 0.989, Base Lr: 6.18e-03
2026-06-12 14:56:03 transreid.train INFO: Epoch[38] Iter[200/227] Loss: 0.323, Acc: 0.989, Base Lr: 6.18e-03
2026-06-12 14:56:04 transreid.train INFO: Epoch 38 done. Time per epoch: 15.800[s] Speed: 854.7[samples/s]
2026-06-12 14:56:08 transreid.train INFO: Epoch[39] Iter[50/227] Loss: 0.351, Acc: 0.987, Base Lr: 6.09e-03
2026-06-12 14:56:12 transreid.train INFO: Epoch[39] Iter[100/227] Loss: 0.341, Acc: 0.988, Base Lr: 6.09e-03
2026-06-12 14:56:15 transreid.train INFO: Epoch[39] Iter[150/227] Loss: 0.332, Acc: 0.989, Base Lr: 6.09e-03
2026-06-12 14:56:19 transreid.train INFO: Epoch[39] Iter[200/227] Loss: 0.311, Acc: 0.990, Base Lr: 6.09e-03
2026-06-12 14:56:20 transreid.train INFO: Epoch 39 done. Time per epoch: 15.907[s] Speed: 853.0[samples/s]
2026-06-12 14:56:24 transreid.train INFO: Epoch[40] Iter[50/227] Loss: 0.355, Acc: 0.992, Base Lr: 6.00e-03
2026-06-12 14:56:28 transreid.train INFO: Epoch[40] Iter[100/227] Loss: 0.347, Acc: 0.990, Base Lr: 6.00e-03
2026-06-12 14:56:31 transreid.train INFO: Epoch[40] Iter[150/227] Loss: 0.333, Acc: 0.990, Base Lr: 6.00e-03
2026-06-12 14:56:35 transreid.train INFO: Epoch[40] Iter[200/227] Loss: 0.318, Acc: 0.990, Base Lr: 6.00e-03
2026-06-12 14:56:36 transreid.train INFO: Epoch 40 done. Time per epoch: 15.805[s] Speed: 854.4[samples/s]
2026-06-12 14:56:40 transreid.train INFO: Epoch[41] Iter[50/227] Loss: 0.345, Acc: 0.986, Base Lr: 5.91e-03
2026-06-12 14:56:43 transreid.train INFO: Epoch[41] Iter[100/227] Loss: 0.323, Acc: 0.988, Base Lr: 5.91e-03
2026-06-12 14:56:47 transreid.train INFO: Epoch[41] Iter[150/227] Loss: 0.304, Acc: 0.990, Base Lr: 5.91e-03
2026-06-12 14:56:51 transreid.train INFO: Epoch[41] Iter[200/227] Loss: 0.291, Acc: 0.990, Base Lr: 5.91e-03
2026-06-12 14:56:52 transreid.train INFO: Epoch 41 done. Time per epoch: 15.872[s] Speed: 854.8[samples/s]
2026-06-12 14:56:56 transreid.train INFO: Epoch[42] Iter[50/227] Loss: 0.306, Acc: 0.992, Base Lr: 5.82e-03
2026-06-12 14:56:59 transreid.train INFO: Epoch[42] Iter[100/227] Loss: 0.314, Acc: 0.990, Base Lr: 5.82e-03
2026-06-12 14:57:03 transreid.train INFO: Epoch[42] Iter[150/227] Loss: 0.305, Acc: 0.990, Base Lr: 5.82e-03
2026-06-12 14:57:07 transreid.train INFO: Epoch[42] Iter[200/227] Loss: 0.285, Acc: 0.991, Base Lr: 5.82e-03
2026-06-12 14:57:08 transreid.train INFO: Epoch 42 done. Time per epoch: 15.842[s] Speed: 848.4[samples/s]
2026-06-12 14:57:11 transreid.train INFO: Epoch[43] Iter[50/227] Loss: 0.304, Acc: 0.992, Base Lr: 5.73e-03
2026-06-12 14:57:15 transreid.train INFO: Epoch[43] Iter[100/227] Loss: 0.316, Acc: 0.991, Base Lr: 5.73e-03
2026-06-12 14:57:19 transreid.train INFO: Epoch[43] Iter[150/227] Loss: 0.303, Acc: 0.991, Base Lr: 5.73e-03
2026-06-12 14:57:23 transreid.train INFO: Epoch[43] Iter[200/227] Loss: 0.285, Acc: 0.992, Base Lr: 5.73e-03
2026-06-12 14:57:23 transreid.train INFO: Epoch 43 done. Time per epoch: 15.792[s] Speed: 855.1[samples/s]
2026-06-12 14:57:27 transreid.train INFO: Epoch[44] Iter[50/227] Loss: 0.277, Acc: 0.993, Base Lr: 5.63e-03
2026-06-12 14:57:31 transreid.train INFO: Epoch[44] Iter[100/227] Loss: 0.289, Acc: 0.992, Base Lr: 5.63e-03
2026-06-12 14:57:35 transreid.train INFO: Epoch[44] Iter[150/227] Loss: 0.283, Acc: 0.992, Base Lr: 5.63e-03
2026-06-12 14:57:38 transreid.train INFO: Epoch[44] Iter[200/227] Loss: 0.269, Acc: 0.992, Base Lr: 5.63e-03
2026-06-12 14:57:39 transreid.train INFO: Epoch 44 done. Time per epoch: 15.711[s] Speed: 855.4[samples/s]
2026-06-12 14:57:43 transreid.train INFO: Epoch[45] Iter[50/227] Loss: 0.296, Acc: 0.991, Base Lr: 5.54e-03
2026-06-12 14:57:47 transreid.train INFO: Epoch[45] Iter[100/227] Loss: 0.285, Acc: 0.992, Base Lr: 5.54e-03
2026-06-12 14:57:50 transreid.train INFO: Epoch[45] Iter[150/227] Loss: 0.278, Acc: 0.992, Base Lr: 5.54e-03
2026-06-12 14:57:54 transreid.train INFO: Epoch[45] Iter[200/227] Loss: 0.265, Acc: 0.992, Base Lr: 5.54e-03
2026-06-12 14:57:55 transreid.train INFO: Epoch 45 done. Time per epoch: 15.866[s] Speed: 855.1[samples/s]
2026-06-12 14:57:59 transreid.train INFO: Epoch[46] Iter[50/227] Loss: 0.278, Acc: 0.993, Base Lr: 5.44e-03
2026-06-12 14:58:03 transreid.train INFO: Epoch[46] Iter[100/227] Loss: 0.274, Acc: 0.992, Base Lr: 5.44e-03
2026-06-12 14:58:06 transreid.train INFO: Epoch[46] Iter[150/227] Loss: 0.272, Acc: 0.993, Base Lr: 5.44e-03
2026-06-12 14:58:10 transreid.train INFO: Epoch[46] Iter[200/227] Loss: 0.253, Acc: 0.993, Base Lr: 5.44e-03
2026-06-12 14:58:11 transreid.train INFO: Epoch 46 done. Time per epoch: 15.873[s] Speed: 854.8[samples/s]
2026-06-12 14:58:15 transreid.train INFO: Epoch[47] Iter[50/227] Loss: 0.257, Acc: 0.992, Base Lr: 5.34e-03
2026-06-12 14:58:18 transreid.train INFO: Epoch[47] Iter[100/227] Loss: 0.258, Acc: 0.992, Base Lr: 5.34e-03
2026-06-12 14:58:22 transreid.train INFO: Epoch[47] Iter[150/227] Loss: 0.251, Acc: 0.992, Base Lr: 5.34e-03
2026-06-12 14:58:26 transreid.train INFO: Epoch[47] Iter[200/227] Loss: 0.245, Acc: 0.992, Base Lr: 5.34e-03
2026-06-12 14:58:27 transreid.train INFO: Epoch 47 done. Time per epoch: 15.950[s] Speed: 854.7[samples/s]
2026-06-12 14:58:31 transreid.train INFO: Epoch[48] Iter[50/227] Loss: 0.287, Acc: 0.988, Base Lr: 5.24e-03
2026-06-12 14:58:34 transreid.train INFO: Epoch[48] Iter[100/227] Loss: 0.266, Acc: 0.991, Base Lr: 5.24e-03
2026-06-12 14:58:38 transreid.train INFO: Epoch[48] Iter[150/227] Loss: 0.259, Acc: 0.991, Base Lr: 5.24e-03
2026-06-12 14:58:42 transreid.train INFO: Epoch[48] Iter[200/227] Loss: 0.240, Acc: 0.992, Base Lr: 5.24e-03
2026-06-12 14:58:43 transreid.train INFO: Epoch 48 done. Time per epoch: 15.935[s] Speed: 855.5[samples/s]
2026-06-12 14:58:47 transreid.train INFO: Epoch[49] Iter[50/227] Loss: 0.307, Acc: 0.987, Base Lr: 5.14e-03
2026-06-12 14:58:50 transreid.train INFO: Epoch[49] Iter[100/227] Loss: 0.285, Acc: 0.990, Base Lr: 5.14e-03
2026-06-12 14:58:54 transreid.train INFO: Epoch[49] Iter[150/227] Loss: 0.274, Acc: 0.991, Base Lr: 5.14e-03
2026-06-12 14:58:58 transreid.train INFO: Epoch[49] Iter[200/227] Loss: 0.253, Acc: 0.992, Base Lr: 5.14e-03
2026-06-12 14:58:58 transreid.train INFO: Epoch 49 done. Time per epoch: 15.806[s] Speed: 854.3[samples/s]
2026-06-12 14:59:02 transreid.train INFO: Epoch[50] Iter[50/227] Loss: 0.262, Acc: 0.989, Base Lr: 5.04e-03
2026-06-12 14:59:06 transreid.train INFO: Epoch[50] Iter[100/227] Loss: 0.265, Acc: 0.989, Base Lr: 5.04e-03
2026-06-12 14:59:10 transreid.train INFO: Epoch[50] Iter[150/227] Loss: 0.263, Acc: 0.990, Base Lr: 5.04e-03
2026-06-12 14:59:13 transreid.train INFO: Epoch[50] Iter[200/227] Loss: 0.244, Acc: 0.991, Base Lr: 5.04e-03
2026-06-12 14:59:14 transreid.train INFO: Epoch 50 done. Time per epoch: 15.858[s] Speed: 855.6[samples/s]
2026-06-12 14:59:18 transreid.train INFO: Epoch[51] Iter[50/227] Loss: 0.264, Acc: 0.992, Base Lr: 4.94e-03
2026-06-12 14:59:22 transreid.train INFO: Epoch[51] Iter[100/227] Loss: 0.253, Acc: 0.993, Base Lr: 4.94e-03
2026-06-12 14:59:26 transreid.train INFO: Epoch[51] Iter[150/227] Loss: 0.241, Acc: 0.992, Base Lr: 4.94e-03
2026-06-12 14:59:29 transreid.train INFO: Epoch[51] Iter[200/227] Loss: 0.240, Acc: 0.991, Base Lr: 4.94e-03
2026-06-12 14:59:30 transreid.train INFO: Epoch 51 done. Time per epoch: 15.781[s] Speed: 855.7[samples/s]
2026-06-12 14:59:34 transreid.train INFO: Epoch[52] Iter[50/227] Loss: 0.231, Acc: 0.996, Base Lr: 4.84e-03
2026-06-12 14:59:38 transreid.train INFO: Epoch[52] Iter[100/227] Loss: 0.232, Acc: 0.994, Base Lr: 4.84e-03
2026-06-12 14:59:41 transreid.train INFO: Epoch[52] Iter[150/227] Loss: 0.230, Acc: 0.993, Base Lr: 4.84e-03
2026-06-12 14:59:45 transreid.train INFO: Epoch[52] Iter[200/227] Loss: 0.221, Acc: 0.993, Base Lr: 4.84e-03
2026-06-12 14:59:46 transreid.train INFO: Epoch 52 done. Time per epoch: 15.811[s] Speed: 854.1[samples/s]
2026-06-12 14:59:50 transreid.train INFO: Epoch[53] Iter[50/227] Loss: 0.241, Acc: 0.993, Base Lr: 4.74e-03
2026-06-12 14:59:54 transreid.train INFO: Epoch[53] Iter[100/227] Loss: 0.241, Acc: 0.993, Base Lr: 4.74e-03
2026-06-12 14:59:57 transreid.train INFO: Epoch[53] Iter[150/227] Loss: 0.230, Acc: 0.993, Base Lr: 4.74e-03
2026-06-12 15:00:01 transreid.train INFO: Epoch[53] Iter[200/227] Loss: 0.223, Acc: 0.993, Base Lr: 4.74e-03
2026-06-12 15:00:02 transreid.train INFO: Epoch 53 done. Time per epoch: 15.876[s] Speed: 854.6[samples/s]
2026-06-12 15:00:06 transreid.train INFO: Epoch[54] Iter[50/227] Loss: 0.238, Acc: 0.992, Base Lr: 4.63e-03
2026-06-12 15:00:09 transreid.train INFO: Epoch[54] Iter[100/227] Loss: 0.243, Acc: 0.991, Base Lr: 4.63e-03
2026-06-12 15:00:13 transreid.train INFO: Epoch[54] Iter[150/227] Loss: 0.226, Acc: 0.993, Base Lr: 4.63e-03
2026-06-12 15:00:17 transreid.train INFO: Epoch[54] Iter[200/227] Loss: 0.222, Acc: 0.994, Base Lr: 4.63e-03
2026-06-12 15:00:18 transreid.train INFO: Epoch 54 done. Time per epoch: 15.883[s] Speed: 854.2[samples/s]
2026-06-12 15:00:22 transreid.train INFO: Epoch[55] Iter[50/227] Loss: 0.251, Acc: 0.993, Base Lr: 4.53e-03
2026-06-12 15:00:25 transreid.train INFO: Epoch[55] Iter[100/227] Loss: 0.252, Acc: 0.992, Base Lr: 4.53e-03
2026-06-12 15:00:29 transreid.train INFO: Epoch[55] Iter[150/227] Loss: 0.243, Acc: 0.992, Base Lr: 4.53e-03
2026-06-12 15:00:33 transreid.train INFO: Epoch[55] Iter[200/227] Loss: 0.225, Acc: 0.993, Base Lr: 4.53e-03
2026-06-12 15:00:33 transreid.train INFO: Epoch 55 done. Time per epoch: 15.787[s] Speed: 855.4[samples/s]
2026-06-12 15:00:37 transreid.train INFO: Epoch[56] Iter[50/227] Loss: 0.233, Acc: 0.993, Base Lr: 4.43e-03
2026-06-12 15:00:41 transreid.train INFO: Epoch[56] Iter[100/227] Loss: 0.230, Acc: 0.993, Base Lr: 4.43e-03
2026-06-12 15:00:45 transreid.train INFO: Epoch[56] Iter[150/227] Loss: 0.223, Acc: 0.993, Base Lr: 4.43e-03
2026-06-12 15:00:48 transreid.train INFO: Epoch[56] Iter[200/227] Loss: 0.213, Acc: 0.993, Base Lr: 4.43e-03
2026-06-12 15:00:49 transreid.train INFO: Epoch 56 done. Time per epoch: 15.855[s] Speed: 855.8[samples/s]
2026-06-12 15:00:53 transreid.train INFO: Epoch[57] Iter[50/227] Loss: 0.217, Acc: 0.992, Base Lr: 4.32e-03
2026-06-12 15:00:57 transreid.train INFO: Epoch[57] Iter[100/227] Loss: 0.217, Acc: 0.993, Base Lr: 4.32e-03
2026-06-12 15:01:01 transreid.train INFO: Epoch[57] Iter[150/227] Loss: 0.205, Acc: 0.993, Base Lr: 4.32e-03
2026-06-12 15:01:04 transreid.train INFO: Epoch[57] Iter[200/227] Loss: 0.200, Acc: 0.992, Base Lr: 4.32e-03
2026-06-12 15:01:05 transreid.train INFO: Epoch 57 done. Time per epoch: 15.879[s] Speed: 854.4[samples/s]
2026-06-12 15:01:09 transreid.train INFO: Epoch[58] Iter[50/227] Loss: 0.187, Acc: 0.995, Base Lr: 4.22e-03
2026-06-12 15:01:13 transreid.train INFO: Epoch[58] Iter[100/227] Loss: 0.190, Acc: 0.995, Base Lr: 4.22e-03
2026-06-12 15:01:16 transreid.train INFO: Epoch[58] Iter[150/227] Loss: 0.191, Acc: 0.994, Base Lr: 4.22e-03
2026-06-12 15:01:20 transreid.train INFO: Epoch[58] Iter[200/227] Loss: 0.179, Acc: 0.994, Base Lr: 4.22e-03
2026-06-12 15:01:21 transreid.train INFO: Epoch 58 done. Time per epoch: 15.763[s] Speed: 856.7[samples/s]
2026-06-12 15:01:25 transreid.train INFO: Epoch[59] Iter[50/227] Loss: 0.221, Acc: 0.994, Base Lr: 4.11e-03
2026-06-12 15:01:29 transreid.train INFO: Epoch[59] Iter[100/227] Loss: 0.214, Acc: 0.993, Base Lr: 4.11e-03
2026-06-12 15:01:32 transreid.train INFO: Epoch[59] Iter[150/227] Loss: 0.212, Acc: 0.993, Base Lr: 4.11e-03
2026-06-12 15:01:36 transreid.train INFO: Epoch[59] Iter[200/227] Loss: 0.204, Acc: 0.994, Base Lr: 4.11e-03
2026-06-12 15:01:37 transreid.train INFO: Epoch 59 done. Time per epoch: 15.809[s] Speed: 854.2[samples/s]
2026-06-12 15:01:41 transreid.train INFO: Epoch[60] Iter[50/227] Loss: 0.218, Acc: 0.993, Base Lr: 4.01e-03
2026-06-12 15:01:44 transreid.train INFO: Epoch[60] Iter[100/227] Loss: 0.215, Acc: 0.993, Base Lr: 4.01e-03
2026-06-12 15:01:48 transreid.train INFO: Epoch[60] Iter[150/227] Loss: 0.202, Acc: 0.994, Base Lr: 4.01e-03
2026-06-12 15:01:52 transreid.train INFO: Epoch[60] Iter[200/227] Loss: 0.195, Acc: 0.994, Base Lr: 4.01e-03
2026-06-12 15:01:53 transreid.train INFO: Epoch 60 done. Time per epoch: 15.845[s] Speed: 856.3[samples/s]
2026-06-12 15:01:57 transreid.train INFO: Epoch[61] Iter[50/227] Loss: 0.240, Acc: 0.993, Base Lr: 3.90e-03
2026-06-12 15:02:00 transreid.train INFO: Epoch[61] Iter[100/227] Loss: 0.216, Acc: 0.993, Base Lr: 3.90e-03
2026-06-12 15:02:04 transreid.train INFO: Epoch[61] Iter[150/227] Loss: 0.212, Acc: 0.993, Base Lr: 3.90e-03
2026-06-12 15:02:08 transreid.train INFO: Epoch[61] Iter[200/227] Loss: 0.196, Acc: 0.993, Base Lr: 3.90e-03
2026-06-12 15:02:08 transreid.train INFO: Epoch 61 done. Time per epoch: 15.850[s] Speed: 856.0[samples/s]
2026-06-12 15:02:12 transreid.train INFO: Epoch[62] Iter[50/227] Loss: 0.218, Acc: 0.993, Base Lr: 3.80e-03
2026-06-12 15:02:16 transreid.train INFO: Epoch[62] Iter[100/227] Loss: 0.205, Acc: 0.994, Base Lr: 3.80e-03
2026-06-12 15:02:20 transreid.train INFO: Epoch[62] Iter[150/227] Loss: 0.197, Acc: 0.994, Base Lr: 3.80e-03
2026-06-12 15:02:23 transreid.train INFO: Epoch[62] Iter[200/227] Loss: 0.188, Acc: 0.994, Base Lr: 3.80e-03
2026-06-12 15:02:24 transreid.train INFO: Epoch 62 done. Time per epoch: 15.869[s] Speed: 855.0[samples/s]
2026-06-12 15:02:28 transreid.train INFO: Epoch[63] Iter[50/227] Loss: 0.214, Acc: 0.993, Base Lr: 3.69e-03
2026-06-12 15:02:32 transreid.train INFO: Epoch[63] Iter[100/227] Loss: 0.210, Acc: 0.994, Base Lr: 3.69e-03
2026-06-12 15:02:36 transreid.train INFO: Epoch[63] Iter[150/227] Loss: 0.194, Acc: 0.995, Base Lr: 3.69e-03
2026-06-12 15:02:39 transreid.train INFO: Epoch[63] Iter[200/227] Loss: 0.186, Acc: 0.995, Base Lr: 3.69e-03
2026-06-12 15:02:40 transreid.train INFO: Epoch 63 done. Time per epoch: 15.772[s] Speed: 856.2[samples/s]
2026-06-12 15:02:44 transreid.train INFO: Epoch[64] Iter[50/227] Loss: 0.193, Acc: 0.994, Base Lr: 3.59e-03
2026-06-12 15:02:48 transreid.train INFO: Epoch[64] Iter[100/227] Loss: 0.197, Acc: 0.995, Base Lr: 3.59e-03
2026-06-12 15:02:51 transreid.train INFO: Epoch[64] Iter[150/227] Loss: 0.196, Acc: 0.995, Base Lr: 3.59e-03
2026-06-12 15:02:55 transreid.train INFO: Epoch[64] Iter[200/227] Loss: 0.184, Acc: 0.995, Base Lr: 3.59e-03
2026-06-12 15:02:56 transreid.train INFO: Epoch 64 done. Time per epoch: 15.877[s] Speed: 854.6[samples/s]
2026-06-12 15:03:00 transreid.train INFO: Epoch[65] Iter[50/227] Loss: 0.224, Acc: 0.992, Base Lr: 3.49e-03
2026-06-12 15:03:04 transreid.train INFO: Epoch[65] Iter[100/227] Loss: 0.206, Acc: 0.993, Base Lr: 3.49e-03
2026-06-12 15:03:07 transreid.train INFO: Epoch[65] Iter[150/227] Loss: 0.203, Acc: 0.993, Base Lr: 3.49e-03
2026-06-12 15:03:11 transreid.train INFO: Epoch[65] Iter[200/227] Loss: 0.193, Acc: 0.993, Base Lr: 3.49e-03
2026-06-12 15:03:12 transreid.train INFO: Epoch 65 done. Time per epoch: 15.875[s] Speed: 854.7[samples/s]
2026-06-12 15:03:16 transreid.train INFO: Epoch[66] Iter[50/227] Loss: 0.206, Acc: 0.992, Base Lr: 3.38e-03
2026-06-12 15:03:19 transreid.train INFO: Epoch[66] Iter[100/227] Loss: 0.188, Acc: 0.993, Base Lr: 3.38e-03
2026-06-12 15:03:23 transreid.train INFO: Epoch[66] Iter[150/227] Loss: 0.185, Acc: 0.994, Base Lr: 3.38e-03
2026-06-12 15:03:27 transreid.train INFO: Epoch[66] Iter[200/227] Loss: 0.177, Acc: 0.994, Base Lr: 3.38e-03
2026-06-12 15:03:28 transreid.train INFO: Epoch 66 done. Time per epoch: 15.872[s] Speed: 854.8[samples/s]
2026-06-12 15:03:32 transreid.train INFO: Epoch[67] Iter[50/227] Loss: 0.209, Acc: 0.995, Base Lr: 3.28e-03
2026-06-12 15:03:35 transreid.train INFO: Epoch[67] Iter[100/227] Loss: 0.197, Acc: 0.993, Base Lr: 3.28e-03
2026-06-12 15:03:39 transreid.train INFO: Epoch[67] Iter[150/227] Loss: 0.198, Acc: 0.994, Base Lr: 3.28e-03
2026-06-12 15:03:43 transreid.train INFO: Epoch[67] Iter[200/227] Loss: 0.190, Acc: 0.994, Base Lr: 3.28e-03
2026-06-12 15:03:44 transreid.train INFO: Epoch 67 done. Time per epoch: 15.922[s] Speed: 852.1[samples/s]
2026-06-12 15:03:48 transreid.train INFO: Epoch[68] Iter[50/227] Loss: 0.180, Acc: 0.997, Base Lr: 3.18e-03
2026-06-12 15:03:51 transreid.train INFO: Epoch[68] Iter[100/227] Loss: 0.182, Acc: 0.995, Base Lr: 3.18e-03
2026-06-12 15:03:55 transreid.train INFO: Epoch[68] Iter[150/227] Loss: 0.181, Acc: 0.995, Base Lr: 3.18e-03
2026-06-12 15:03:59 transreid.train INFO: Epoch[68] Iter[200/227] Loss: 0.175, Acc: 0.995, Base Lr: 3.18e-03
2026-06-12 15:03:59 transreid.train INFO: Epoch 68 done. Time per epoch: 15.812[s] Speed: 854.0[samples/s]
2026-06-12 15:04:03 transreid.train INFO: Epoch[69] Iter[50/227] Loss: 0.207, Acc: 0.993, Base Lr: 3.08e-03
2026-06-12 15:04:07 transreid.train INFO: Epoch[69] Iter[100/227] Loss: 0.197, Acc: 0.993, Base Lr: 3.08e-03
2026-06-12 15:04:11 transreid.train INFO: Epoch[69] Iter[150/227] Loss: 0.189, Acc: 0.994, Base Lr: 3.08e-03
2026-06-12 15:04:14 transreid.train INFO: Epoch[69] Iter[200/227] Loss: 0.181, Acc: 0.994, Base Lr: 3.08e-03
2026-06-12 15:04:15 transreid.train INFO: Epoch 69 done. Time per epoch: 15.885[s] Speed: 854.1[samples/s]
2026-06-12 15:04:19 transreid.train INFO: Epoch[70] Iter[50/227] Loss: 0.179, Acc: 0.995, Base Lr: 2.97e-03
2026-06-12 15:04:23 transreid.train INFO: Epoch[70] Iter[100/227] Loss: 0.177, Acc: 0.995, Base Lr: 2.97e-03
2026-06-12 15:04:27 transreid.train INFO: Epoch[70] Iter[150/227] Loss: 0.172, Acc: 0.995, Base Lr: 2.97e-03
2026-06-12 15:04:30 transreid.train INFO: Epoch[70] Iter[200/227] Loss: 0.162, Acc: 0.995, Base Lr: 2.97e-03
2026-06-12 15:04:31 transreid.train INFO: Epoch 70 done. Time per epoch: 15.932[s] Speed: 855.7[samples/s]
2026-06-12 15:04:35 transreid.train INFO: Epoch[71] Iter[50/227] Loss: 0.164, Acc: 0.997, Base Lr: 2.87e-03
2026-06-12 15:04:39 transreid.train INFO: Epoch[71] Iter[100/227] Loss: 0.163, Acc: 0.996, Base Lr: 2.87e-03
2026-06-12 15:04:43 transreid.train INFO: Epoch[71] Iter[150/227] Loss: 0.166, Acc: 0.995, Base Lr: 2.87e-03
2026-06-12 15:04:46 transreid.train INFO: Epoch[71] Iter[200/227] Loss: 0.161, Acc: 0.995, Base Lr: 2.87e-03
2026-06-12 15:04:47 transreid.train INFO: Epoch 71 done. Time per epoch: 15.817[s] Speed: 853.8[samples/s]
2026-06-12 15:04:51 transreid.train INFO: Epoch[72] Iter[50/227] Loss: 0.189, Acc: 0.995, Base Lr: 2.77e-03
2026-06-12 15:04:55 transreid.train INFO: Epoch[72] Iter[100/227] Loss: 0.177, Acc: 0.994, Base Lr: 2.77e-03
2026-06-12 15:04:58 transreid.train INFO: Epoch[72] Iter[150/227] Loss: 0.171, Acc: 0.995, Base Lr: 2.77e-03
2026-06-12 15:05:02 transreid.train INFO: Epoch[72] Iter[200/227] Loss: 0.165, Acc: 0.995, Base Lr: 2.77e-03
2026-06-12 15:05:03 transreid.train INFO: Epoch 72 done. Time per epoch: 15.946[s] Speed: 854.9[samples/s]
2026-06-12 15:05:07 transreid.train INFO: Epoch[73] Iter[50/227] Loss: 0.178, Acc: 0.994, Base Lr: 2.68e-03
2026-06-12 15:05:11 transreid.train INFO: Epoch[73] Iter[100/227] Loss: 0.172, Acc: 0.995, Base Lr: 2.68e-03
2026-06-12 15:05:14 transreid.train INFO: Epoch[73] Iter[150/227] Loss: 0.169, Acc: 0.995, Base Lr: 2.68e-03
2026-06-12 15:05:18 transreid.train INFO: Epoch[73] Iter[200/227] Loss: 0.153, Acc: 0.996, Base Lr: 2.68e-03
2026-06-12 15:05:19 transreid.train INFO: Epoch 73 done. Time per epoch: 15.788[s] Speed: 855.3[samples/s]
2026-06-12 15:05:23 transreid.train INFO: Epoch[74] Iter[50/227] Loss: 0.174, Acc: 0.996, Base Lr: 2.58e-03
2026-06-12 15:05:26 transreid.train INFO: Epoch[74] Iter[100/227] Loss: 0.184, Acc: 0.995, Base Lr: 2.58e-03
2026-06-12 15:05:30 transreid.train INFO: Epoch[74] Iter[150/227] Loss: 0.174, Acc: 0.995, Base Lr: 2.58e-03
2026-06-12 15:05:34 transreid.train INFO: Epoch[74] Iter[200/227] Loss: 0.167, Acc: 0.995, Base Lr: 2.58e-03
2026-06-12 15:05:35 transreid.train INFO: Epoch 74 done. Time per epoch: 15.974[s] Speed: 853.4[samples/s]
2026-06-12 15:05:39 transreid.train INFO: Epoch[75] Iter[50/227] Loss: 0.167, Acc: 0.995, Base Lr: 2.48e-03
2026-06-12 15:05:42 transreid.train INFO: Epoch[75] Iter[100/227] Loss: 0.174, Acc: 0.995, Base Lr: 2.48e-03
2026-06-12 15:05:46 transreid.train INFO: Epoch[75] Iter[150/227] Loss: 0.161, Acc: 0.995, Base Lr: 2.48e-03
2026-06-12 15:05:50 transreid.train INFO: Epoch[75] Iter[200/227] Loss: 0.153, Acc: 0.995, Base Lr: 2.48e-03
2026-06-12 15:05:51 transreid.train INFO: Epoch 75 done. Time per epoch: 15.813[s] Speed: 854.0[samples/s]
2026-06-12 15:05:55 transreid.train INFO: Epoch[76] Iter[50/227] Loss: 0.199, Acc: 0.994, Base Lr: 2.38e-03
2026-06-12 15:05:58 transreid.train INFO: Epoch[76] Iter[100/227] Loss: 0.183, Acc: 0.994, Base Lr: 2.38e-03
2026-06-12 15:06:02 transreid.train INFO: Epoch[76] Iter[150/227] Loss: 0.175, Acc: 0.995, Base Lr: 2.38e-03
2026-06-12 15:06:06 transreid.train INFO: Epoch[76] Iter[200/227] Loss: 0.160, Acc: 0.995, Base Lr: 2.38e-03
2026-06-12 15:06:07 transreid.train INFO: Epoch 76 done. Time per epoch: 15.891[s] Speed: 853.8[samples/s]
2026-06-12 15:06:10 transreid.train INFO: Epoch[77] Iter[50/227] Loss: 0.169, Acc: 0.997, Base Lr: 2.29e-03
2026-06-12 15:06:14 transreid.train INFO: Epoch[77] Iter[100/227] Loss: 0.163, Acc: 0.997, Base Lr: 2.29e-03
2026-06-12 15:06:18 transreid.train INFO: Epoch[77] Iter[150/227] Loss: 0.157, Acc: 0.996, Base Lr: 2.29e-03
2026-06-12 15:06:22 transreid.train INFO: Epoch[77] Iter[200/227] Loss: 0.153, Acc: 0.996, Base Lr: 2.29e-03
2026-06-12 15:06:22 transreid.train INFO: Epoch 77 done. Time per epoch: 15.735[s] Speed: 854.1[samples/s]
2026-06-12 15:06:26 transreid.train INFO: Epoch[78] Iter[50/227] Loss: 0.177, Acc: 0.997, Base Lr: 2.20e-03
2026-06-12 15:06:30 transreid.train INFO: Epoch[78] Iter[100/227] Loss: 0.177, Acc: 0.996, Base Lr: 2.20e-03
2026-06-12 15:06:34 transreid.train INFO: Epoch[78] Iter[150/227] Loss: 0.163, Acc: 0.996, Base Lr: 2.20e-03
2026-06-12 15:06:37 transreid.train INFO: Epoch[78] Iter[200/227] Loss: 0.157, Acc: 0.996, Base Lr: 2.20e-03
2026-06-12 15:06:38 transreid.train INFO: Epoch 78 done. Time per epoch: 15.810[s] Speed: 854.1[samples/s]
2026-06-12 15:06:42 transreid.train INFO: Epoch[79] Iter[50/227] Loss: 0.170, Acc: 0.996, Base Lr: 2.10e-03
2026-06-12 15:06:46 transreid.train INFO: Epoch[79] Iter[100/227] Loss: 0.172, Acc: 0.996, Base Lr: 2.10e-03
2026-06-12 15:06:49 transreid.train INFO: Epoch[79] Iter[150/227] Loss: 0.164, Acc: 0.997, Base Lr: 2.10e-03
2026-06-12 15:06:53 transreid.train INFO: Epoch[79] Iter[200/227] Loss: 0.154, Acc: 0.997, Base Lr: 2.10e-03
2026-06-12 15:06:54 transreid.train INFO: Epoch 79 done. Time per epoch: 15.974[s] Speed: 853.4[samples/s]
2026-06-12 15:06:58 transreid.train INFO: Epoch[80] Iter[50/227] Loss: 0.190, Acc: 0.993, Base Lr: 2.01e-03
2026-06-12 15:07:02 transreid.train INFO: Epoch[80] Iter[100/227] Loss: 0.175, Acc: 0.995, Base Lr: 2.01e-03
2026-06-12 15:07:05 transreid.train INFO: Epoch[80] Iter[150/227] Loss: 0.169, Acc: 0.994, Base Lr: 2.01e-03
2026-06-12 15:07:09 transreid.train INFO: Epoch[80] Iter[200/227] Loss: 0.156, Acc: 0.995, Base Lr: 2.01e-03
2026-06-12 15:07:10 transreid.train INFO: Epoch 80 done. Time per epoch: 15.890[s] Speed: 853.9[samples/s]
2026-06-12 15:07:14 transreid.train INFO: Epoch[81] Iter[50/227] Loss: 0.197, Acc: 0.994, Base Lr: 1.92e-03
2026-06-12 15:07:18 transreid.train INFO: Epoch[81] Iter[100/227] Loss: 0.181, Acc: 0.995, Base Lr: 1.92e-03
2026-06-12 15:07:21 transreid.train INFO: Epoch[81] Iter[150/227] Loss: 0.173, Acc: 0.995, Base Lr: 1.92e-03
2026-06-12 15:07:25 transreid.train INFO: Epoch[81] Iter[200/227] Loss: 0.159, Acc: 0.995, Base Lr: 1.92e-03
2026-06-12 15:07:26 transreid.train INFO: Epoch 81 done. Time per epoch: 15.784[s] Speed: 855.5[samples/s]
2026-06-12 15:07:30 transreid.train INFO: Epoch[82] Iter[50/227] Loss: 0.148, Acc: 0.997, Base Lr: 1.83e-03
2026-06-12 15:07:33 transreid.train INFO: Epoch[82] Iter[100/227] Loss: 0.153, Acc: 0.997, Base Lr: 1.83e-03
2026-06-12 15:07:37 transreid.train INFO: Epoch[82] Iter[150/227] Loss: 0.152, Acc: 0.996, Base Lr: 1.83e-03
2026-06-12 15:07:41 transreid.train INFO: Epoch[82] Iter[200/227] Loss: 0.147, Acc: 0.997, Base Lr: 1.83e-03
2026-06-12 15:07:42 transreid.train INFO: Epoch 82 done. Time per epoch: 15.796[s] Speed: 854.9[samples/s]
2026-06-12 15:07:45 transreid.train INFO: Epoch[83] Iter[50/227] Loss: 0.150, Acc: 0.995, Base Lr: 1.75e-03
2026-06-12 15:07:49 transreid.train INFO: Epoch[83] Iter[100/227] Loss: 0.153, Acc: 0.995, Base Lr: 1.75e-03
2026-06-12 15:07:53 transreid.train INFO: Epoch[83] Iter[150/227] Loss: 0.148, Acc: 0.995, Base Lr: 1.75e-03
2026-06-12 15:07:56 transreid.train INFO: Epoch[83] Iter[200/227] Loss: 0.146, Acc: 0.995, Base Lr: 1.75e-03
2026-06-12 15:07:57 transreid.train INFO: Epoch 83 done. Time per epoch: 15.941[s] Speed: 855.1[samples/s]
2026-06-12 15:08:01 transreid.train INFO: Epoch[84] Iter[50/227] Loss: 0.157, Acc: 0.998, Base Lr: 1.66e-03
2026-06-12 15:08:05 transreid.train INFO: Epoch[84] Iter[100/227] Loss: 0.153, Acc: 0.997, Base Lr: 1.66e-03
2026-06-12 15:08:09 transreid.train INFO: Epoch[84] Iter[150/227] Loss: 0.149, Acc: 0.997, Base Lr: 1.66e-03
2026-06-12 15:08:12 transreid.train INFO: Epoch[84] Iter[200/227] Loss: 0.144, Acc: 0.996, Base Lr: 1.66e-03
2026-06-12 15:08:13 transreid.train INFO: Epoch 84 done. Time per epoch: 15.794[s] Speed: 855.0[samples/s]
2026-06-12 15:08:17 transreid.train INFO: Epoch[85] Iter[50/227] Loss: 0.153, Acc: 0.997, Base Lr: 1.58e-03
2026-06-12 15:08:21 transreid.train INFO: Epoch[85] Iter[100/227] Loss: 0.148, Acc: 0.997, Base Lr: 1.58e-03
2026-06-12 15:08:25 transreid.train INFO: Epoch[85] Iter[150/227] Loss: 0.154, Acc: 0.996, Base Lr: 1.58e-03
2026-06-12 15:08:28 transreid.train INFO: Epoch[85] Iter[200/227] Loss: 0.152, Acc: 0.996, Base Lr: 1.58e-03
2026-06-12 15:08:29 transreid.train INFO: Epoch 85 done. Time per epoch: 15.794[s] Speed: 855.0[samples/s]
2026-06-12 15:08:33 transreid.train INFO: Epoch[86] Iter[50/227] Loss: 0.168, Acc: 0.997, Base Lr: 1.50e-03
2026-06-12 15:08:37 transreid.train INFO: Epoch[86] Iter[100/227] Loss: 0.157, Acc: 0.997, Base Lr: 1.50e-03
2026-06-12 15:08:40 transreid.train INFO: Epoch[86] Iter[150/227] Loss: 0.158, Acc: 0.997, Base Lr: 1.50e-03
2026-06-12 15:08:44 transreid.train INFO: Epoch[86] Iter[200/227] Loss: 0.147, Acc: 0.997, Base Lr: 1.50e-03
2026-06-12 15:08:45 transreid.train INFO: Epoch 86 done. Time per epoch: 15.734[s] Speed: 854.2[samples/s]
2026-06-12 15:08:49 transreid.train INFO: Epoch[87] Iter[50/227] Loss: 0.167, Acc: 0.997, Base Lr: 1.42e-03
2026-06-12 15:08:52 transreid.train INFO: Epoch[87] Iter[100/227] Loss: 0.161, Acc: 0.997, Base Lr: 1.42e-03
2026-06-12 15:08:56 transreid.train INFO: Epoch[87] Iter[150/227] Loss: 0.153, Acc: 0.997, Base Lr: 1.42e-03
2026-06-12 15:09:00 transreid.train INFO: Epoch[87] Iter[200/227] Loss: 0.144, Acc: 0.997, Base Lr: 1.42e-03
2026-06-12 15:09:01 transreid.train INFO: Epoch 87 done. Time per epoch: 15.775[s] Speed: 856.0[samples/s]
2026-06-12 15:09:04 transreid.train INFO: Epoch[88] Iter[50/227] Loss: 0.160, Acc: 0.996, Base Lr: 1.34e-03
2026-06-12 15:09:08 transreid.train INFO: Epoch[88] Iter[100/227] Loss: 0.162, Acc: 0.995, Base Lr: 1.34e-03
2026-06-12 15:09:12 transreid.train INFO: Epoch[88] Iter[150/227] Loss: 0.153, Acc: 0.995, Base Lr: 1.34e-03
2026-06-12 15:09:15 transreid.train INFO: Epoch[88] Iter[200/227] Loss: 0.146, Acc: 0.995, Base Lr: 1.34e-03
2026-06-12 15:09:16 transreid.train INFO: Epoch 88 done. Time per epoch: 15.835[s] Speed: 856.9[samples/s]
2026-06-12 15:09:20 transreid.train INFO: Epoch[89] Iter[50/227] Loss: 0.167, Acc: 0.993, Base Lr: 1.26e-03
2026-06-12 15:09:24 transreid.train INFO: Epoch[89] Iter[100/227] Loss: 0.156, Acc: 0.995, Base Lr: 1.26e-03
2026-06-12 15:09:28 transreid.train INFO: Epoch[89] Iter[150/227] Loss: 0.145, Acc: 0.995, Base Lr: 1.26e-03
2026-06-12 15:09:31 transreid.train INFO: Epoch[89] Iter[200/227] Loss: 0.133, Acc: 0.996, Base Lr: 1.26e-03
2026-06-12 15:09:32 transreid.train INFO: Epoch 89 done. Time per epoch: 15.883[s] Speed: 854.2[samples/s]
2026-06-12 15:09:36 transreid.train INFO: Epoch[90] Iter[50/227] Loss: 0.136, Acc: 0.998, Base Lr: 1.19e-03
2026-06-12 15:09:40 transreid.train INFO: Epoch[90] Iter[100/227] Loss: 0.150, Acc: 0.997, Base Lr: 1.19e-03
2026-06-12 15:09:44 transreid.train INFO: Epoch[90] Iter[150/227] Loss: 0.146, Acc: 0.997, Base Lr: 1.19e-03
2026-06-12 15:09:47 transreid.train INFO: Epoch[90] Iter[200/227] Loss: 0.138, Acc: 0.996, Base Lr: 1.19e-03
2026-06-12 15:09:48 transreid.train INFO: Epoch 90 done. Time per epoch: 15.811[s] Speed: 854.1[samples/s]
2026-06-12 15:09:52 transreid.train INFO: Epoch[91] Iter[50/227] Loss: 0.136, Acc: 0.996, Base Lr: 1.11e-03
2026-06-12 15:09:56 transreid.train INFO: Epoch[91] Iter[100/227] Loss: 0.144, Acc: 0.996, Base Lr: 1.11e-03
2026-06-12 15:09:59 transreid.train INFO: Epoch[91] Iter[150/227] Loss: 0.144, Acc: 0.996, Base Lr: 1.11e-03
2026-06-12 15:10:03 transreid.train INFO: Epoch[91] Iter[200/227] Loss: 0.139, Acc: 0.996, Base Lr: 1.11e-03
2026-06-12 15:10:04 transreid.train INFO: Epoch 91 done. Time per epoch: 15.816[s] Speed: 853.8[samples/s]
2026-06-12 15:10:08 transreid.train INFO: Epoch[92] Iter[50/227] Loss: 0.147, Acc: 0.996, Base Lr: 1.04e-03
2026-06-12 15:10:11 transreid.train INFO: Epoch[92] Iter[100/227] Loss: 0.152, Acc: 0.996, Base Lr: 1.04e-03
2026-06-12 15:10:15 transreid.train INFO: Epoch[92] Iter[150/227] Loss: 0.151, Acc: 0.996, Base Lr: 1.04e-03
2026-06-12 15:10:19 transreid.train INFO: Epoch[92] Iter[200/227] Loss: 0.142, Acc: 0.996, Base Lr: 1.04e-03
2026-06-12 15:10:20 transreid.train INFO: Epoch 92 done. Time per epoch: 15.876[s] Speed: 854.6[samples/s]
2026-06-12 15:10:24 transreid.train INFO: Epoch[93] Iter[50/227] Loss: 0.154, Acc: 0.996, Base Lr: 9.72e-04
2026-06-12 15:10:27 transreid.train INFO: Epoch[93] Iter[100/227] Loss: 0.144, Acc: 0.997, Base Lr: 9.72e-04
2026-06-12 15:10:31 transreid.train INFO: Epoch[93] Iter[150/227] Loss: 0.143, Acc: 0.997, Base Lr: 9.72e-04
2026-06-12 15:10:35 transreid.train INFO: Epoch[93] Iter[200/227] Loss: 0.139, Acc: 0.997, Base Lr: 9.72e-04
2026-06-12 15:10:36 transreid.train INFO: Epoch 93 done. Time per epoch: 15.873[s] Speed: 854.8[samples/s]
2026-06-12 15:10:40 transreid.train INFO: Epoch[94] Iter[50/227] Loss: 0.156, Acc: 0.996, Base Lr: 9.06e-04
2026-06-12 15:10:43 transreid.train INFO: Epoch[94] Iter[100/227] Loss: 0.147, Acc: 0.996, Base Lr: 9.06e-04
2026-06-12 15:10:47 transreid.train INFO: Epoch[94] Iter[150/227] Loss: 0.139, Acc: 0.996, Base Lr: 9.06e-04
2026-06-12 15:10:51 transreid.train INFO: Epoch[94] Iter[200/227] Loss: 0.133, Acc: 0.996, Base Lr: 9.06e-04
2026-06-12 15:10:51 transreid.train INFO: Epoch 94 done. Time per epoch: 15.750[s] Speed: 857.4[samples/s]
2026-06-12 15:10:55 transreid.train INFO: Epoch[95] Iter[50/227] Loss: 0.155, Acc: 0.997, Base Lr: 8.41e-04
2026-06-12 15:10:59 transreid.train INFO: Epoch[95] Iter[100/227] Loss: 0.150, Acc: 0.996, Base Lr: 8.41e-04
2026-06-12 15:11:03 transreid.train INFO: Epoch[95] Iter[150/227] Loss: 0.142, Acc: 0.996, Base Lr: 8.41e-04
2026-06-12 15:11:06 transreid.train INFO: Epoch[95] Iter[200/227] Loss: 0.134, Acc: 0.996, Base Lr: 8.41e-04
2026-06-12 15:11:07 transreid.train INFO: Epoch 95 done. Time per epoch: 15.769[s] Speed: 856.4[samples/s]
2026-06-12 15:11:11 transreid.train INFO: Epoch[96] Iter[50/227] Loss: 0.147, Acc: 0.997, Base Lr: 7.78e-04
2026-06-12 15:11:15 transreid.train INFO: Epoch[96] Iter[100/227] Loss: 0.153, Acc: 0.996, Base Lr: 7.78e-04
2026-06-12 15:11:18 transreid.train INFO: Epoch[96] Iter[150/227] Loss: 0.147, Acc: 0.996, Base Lr: 7.78e-04
2026-06-12 15:11:22 transreid.train INFO: Epoch[96] Iter[200/227] Loss: 0.135, Acc: 0.997, Base Lr: 7.78e-04
2026-06-12 15:11:23 transreid.train INFO: Epoch 96 done. Time per epoch: 15.767[s] Speed: 856.5[samples/s]
2026-06-12 15:11:27 transreid.train INFO: Epoch[97] Iter[50/227] Loss: 0.150, Acc: 0.998, Base Lr: 7.18e-04
2026-06-12 15:11:31 transreid.train INFO: Epoch[97] Iter[100/227] Loss: 0.149, Acc: 0.996, Base Lr: 7.18e-04
2026-06-12 15:11:34 transreid.train INFO: Epoch[97] Iter[150/227] Loss: 0.141, Acc: 0.997, Base Lr: 7.18e-04
2026-06-12 15:11:38 transreid.train INFO: Epoch[97] Iter[200/227] Loss: 0.136, Acc: 0.996, Base Lr: 7.18e-04
2026-06-12 15:11:39 transreid.train INFO: Epoch 97 done. Time per epoch: 15.858[s] Speed: 855.6[samples/s]
2026-06-12 15:11:43 transreid.train INFO: Epoch[98] Iter[50/227] Loss: 0.145, Acc: 0.996, Base Lr: 6.60e-04
2026-06-12 15:11:46 transreid.train INFO: Epoch[98] Iter[100/227] Loss: 0.149, Acc: 0.996, Base Lr: 6.60e-04
2026-06-12 15:11:50 transreid.train INFO: Epoch[98] Iter[150/227] Loss: 0.143, Acc: 0.997, Base Lr: 6.60e-04
2026-06-12 15:11:54 transreid.train INFO: Epoch[98] Iter[200/227] Loss: 0.134, Acc: 0.997, Base Lr: 6.60e-04
2026-06-12 15:11:55 transreid.train INFO: Epoch 98 done. Time per epoch: 15.829[s] Speed: 853.1[samples/s]
2026-06-12 15:11:59 transreid.train INFO: Epoch[99] Iter[50/227] Loss: 0.159, Acc: 0.997, Base Lr: 6.04e-04
2026-06-12 15:12:02 transreid.train INFO: Epoch[99] Iter[100/227] Loss: 0.152, Acc: 0.996, Base Lr: 6.04e-04
2026-06-12 15:12:06 transreid.train INFO: Epoch[99] Iter[150/227] Loss: 0.149, Acc: 0.997, Base Lr: 6.04e-04
2026-06-12 15:12:10 transreid.train INFO: Epoch[99] Iter[200/227] Loss: 0.140, Acc: 0.996, Base Lr: 6.04e-04
2026-06-12 15:12:10 transreid.train INFO: Epoch 99 done. Time per epoch: 15.772[s] Speed: 856.2[samples/s]
2026-06-12 15:12:14 transreid.train INFO: Epoch[100] Iter[50/227] Loss: 0.152, Acc: 0.996, Base Lr: 5.51e-04
2026-06-12 15:12:18 transreid.train INFO: Epoch[100] Iter[100/227] Loss: 0.145, Acc: 0.996, Base Lr: 5.51e-04
2026-06-12 15:12:22 transreid.train INFO: Epoch[100] Iter[150/227] Loss: 0.145, Acc: 0.996, Base Lr: 5.51e-04
2026-06-12 15:12:25 transreid.train INFO: Epoch[100] Iter[200/227] Loss: 0.135, Acc: 0.996, Base Lr: 5.51e-04
2026-06-12 15:12:26 transreid.train INFO: Epoch 100 done. Time per epoch: 15.864[s] Speed: 855.3[samples/s]
2026-06-12 15:12:30 transreid.train INFO: Epoch[101] Iter[50/227] Loss: 0.147, Acc: 0.996, Base Lr: 5.00e-04
2026-06-12 15:12:34 transreid.train INFO: Epoch[101] Iter[100/227] Loss: 0.137, Acc: 0.997, Base Lr: 5.00e-04
2026-06-12 15:12:38 transreid.train INFO: Epoch[101] Iter[150/227] Loss: 0.138, Acc: 0.997, Base Lr: 5.00e-04
2026-06-12 15:12:41 transreid.train INFO: Epoch[101] Iter[200/227] Loss: 0.136, Acc: 0.996, Base Lr: 5.00e-04
2026-06-12 15:12:42 transreid.train INFO: Epoch 101 done. Time per epoch: 15.890[s] Speed: 853.9[samples/s]
2026-06-12 15:12:46 transreid.train INFO: Epoch[102] Iter[50/227] Loss: 0.150, Acc: 0.996, Base Lr: 4.51e-04
2026-06-12 15:12:50 transreid.train INFO: Epoch[102] Iter[100/227] Loss: 0.148, Acc: 0.996, Base Lr: 4.51e-04
2026-06-12 15:12:53 transreid.train INFO: Epoch[102] Iter[150/227] Loss: 0.143, Acc: 0.996, Base Lr: 4.51e-04
2026-06-12 15:12:57 transreid.train INFO: Epoch[102] Iter[200/227] Loss: 0.137, Acc: 0.996, Base Lr: 4.51e-04
2026-06-12 15:12:58 transreid.train INFO: Epoch 102 done. Time per epoch: 15.878[s] Speed: 854.5[samples/s]
2026-06-12 15:13:02 transreid.train INFO: Epoch[103] Iter[50/227] Loss: 0.140, Acc: 0.995, Base Lr: 4.05e-04
2026-06-12 15:13:06 transreid.train INFO: Epoch[103] Iter[100/227] Loss: 0.135, Acc: 0.996, Base Lr: 4.05e-04
2026-06-12 15:13:09 transreid.train INFO: Epoch[103] Iter[150/227] Loss: 0.132, Acc: 0.997, Base Lr: 4.05e-04
2026-06-12 15:13:13 transreid.train INFO: Epoch[103] Iter[200/227] Loss: 0.124, Acc: 0.997, Base Lr: 4.05e-04
2026-06-12 15:13:14 transreid.train INFO: Epoch 103 done. Time per epoch: 15.813[s] Speed: 854.0[samples/s]
2026-06-12 15:13:18 transreid.train INFO: Epoch[104] Iter[50/227] Loss: 0.141, Acc: 0.996, Base Lr: 3.61e-04
2026-06-12 15:13:21 transreid.train INFO: Epoch[104] Iter[100/227] Loss: 0.147, Acc: 0.996, Base Lr: 3.61e-04
2026-06-12 15:13:25 transreid.train INFO: Epoch[104] Iter[150/227] Loss: 0.136, Acc: 0.997, Base Lr: 3.61e-04
2026-06-12 15:13:29 transreid.train INFO: Epoch[104] Iter[200/227] Loss: 0.128, Acc: 0.997, Base Lr: 3.61e-04
2026-06-12 15:13:30 transreid.train INFO: Epoch 104 done. Time per epoch: 15.823[s] Speed: 853.4[samples/s]
2026-06-12 15:13:34 transreid.train INFO: Epoch[105] Iter[50/227] Loss: 0.153, Acc: 0.995, Base Lr: 3.20e-04
2026-06-12 15:13:37 transreid.train INFO: Epoch[105] Iter[100/227] Loss: 0.141, Acc: 0.995, Base Lr: 3.20e-04
2026-06-12 15:13:41 transreid.train INFO: Epoch[105] Iter[150/227] Loss: 0.134, Acc: 0.996, Base Lr: 3.20e-04
2026-06-12 15:13:45 transreid.train INFO: Epoch[105] Iter[200/227] Loss: 0.129, Acc: 0.996, Base Lr: 3.20e-04
2026-06-12 15:13:46 transreid.train INFO: Epoch 105 done. Time per epoch: 15.832[s] Speed: 857.0[samples/s]
2026-06-12 15:13:49 transreid.train INFO: Epoch[106] Iter[50/227] Loss: 0.165, Acc: 0.996, Base Lr: 2.81e-04
2026-06-12 15:13:53 transreid.train INFO: Epoch[106] Iter[100/227] Loss: 0.147, Acc: 0.996, Base Lr: 2.81e-04
2026-06-12 15:13:57 transreid.train INFO: Epoch[106] Iter[150/227] Loss: 0.135, Acc: 0.997, Base Lr: 2.81e-04
2026-06-12 15:14:00 transreid.train INFO: Epoch[106] Iter[200/227] Loss: 0.130, Acc: 0.997, Base Lr: 2.81e-04
2026-06-12 15:14:01 transreid.train INFO: Epoch 106 done. Time per epoch: 15.872[s] Speed: 854.8[samples/s]
2026-06-12 15:14:05 transreid.train INFO: Epoch[107] Iter[50/227] Loss: 0.147, Acc: 0.997, Base Lr: 2.45e-04
2026-06-12 15:14:09 transreid.train INFO: Epoch[107] Iter[100/227] Loss: 0.142, Acc: 0.997, Base Lr: 2.45e-04
2026-06-12 15:14:13 transreid.train INFO: Epoch[107] Iter[150/227] Loss: 0.137, Acc: 0.997, Base Lr: 2.45e-04
2026-06-12 15:14:16 transreid.train INFO: Epoch[107] Iter[200/227] Loss: 0.127, Acc: 0.997, Base Lr: 2.45e-04
2026-06-12 15:14:17 transreid.train INFO: Epoch 107 done. Time per epoch: 15.858[s] Speed: 855.6[samples/s]
2026-06-12 15:14:21 transreid.train INFO: Epoch[108] Iter[50/227] Loss: 0.167, Acc: 0.995, Base Lr: 2.11e-04
2026-06-12 15:14:25 transreid.train INFO: Epoch[108] Iter[100/227] Loss: 0.151, Acc: 0.996, Base Lr: 2.11e-04
2026-06-12 15:14:29 transreid.train INFO: Epoch[108] Iter[150/227] Loss: 0.147, Acc: 0.996, Base Lr: 2.11e-04
2026-06-12 15:14:32 transreid.train INFO: Epoch[108] Iter[200/227] Loss: 0.138, Acc: 0.996, Base Lr: 2.11e-04
2026-06-12 15:14:33 transreid.train INFO: Epoch 108 done. Time per epoch: 15.957[s] Speed: 854.3[samples/s]
2026-06-12 15:14:37 transreid.train INFO: Epoch[109] Iter[50/227] Loss: 0.147, Acc: 0.995, Base Lr: 1.80e-04
2026-06-12 15:14:41 transreid.train INFO: Epoch[109] Iter[100/227] Loss: 0.147, Acc: 0.995, Base Lr: 1.80e-04
2026-06-12 15:14:45 transreid.train INFO: Epoch[109] Iter[150/227] Loss: 0.139, Acc: 0.996, Base Lr: 1.80e-04
2026-06-12 15:14:48 transreid.train INFO: Epoch[109] Iter[200/227] Loss: 0.128, Acc: 0.996, Base Lr: 1.80e-04
2026-06-12 15:14:49 transreid.train INFO: Epoch 109 done. Time per epoch: 15.912[s] Speed: 852.7[samples/s]
2026-06-12 15:14:53 transreid.train INFO: Epoch[110] Iter[50/227] Loss: 0.139, Acc: 0.997, Base Lr: 1.52e-04
2026-06-12 15:14:57 transreid.train INFO: Epoch[110] Iter[100/227] Loss: 0.136, Acc: 0.997, Base Lr: 1.52e-04
2026-06-12 15:15:01 transreid.train INFO: Epoch[110] Iter[150/227] Loss: 0.135, Acc: 0.997, Base Lr: 1.52e-04
2026-06-12 15:15:04 transreid.train INFO: Epoch[110] Iter[200/227] Loss: 0.127, Acc: 0.997, Base Lr: 1.52e-04
2026-06-12 15:15:05 transreid.train INFO: Epoch 110 done. Time per epoch: 15.914[s] Speed: 848.6[samples/s]
2026-06-12 15:15:09 transreid.train INFO: Epoch[111] Iter[50/227] Loss: 0.140, Acc: 0.996, Base Lr: 1.26e-04
2026-06-12 15:15:13 transreid.train INFO: Epoch[111] Iter[100/227] Loss: 0.139, Acc: 0.997, Base Lr: 1.26e-04
2026-06-12 15:15:16 transreid.train INFO: Epoch[111] Iter[150/227] Loss: 0.140, Acc: 0.996, Base Lr: 1.26e-04
2026-06-12 15:15:20 transreid.train INFO: Epoch[111] Iter[200/227] Loss: 0.130, Acc: 0.997, Base Lr: 1.26e-04
2026-06-12 15:15:21 transreid.train INFO: Epoch 111 done. Time per epoch: 15.884[s] Speed: 854.2[samples/s]
2026-06-12 15:15:25 transreid.train INFO: Epoch[112] Iter[50/227] Loss: 0.144, Acc: 0.995, Base Lr: 1.03e-04
2026-06-12 15:15:28 transreid.train INFO: Epoch[112] Iter[100/227] Loss: 0.135, Acc: 0.996, Base Lr: 1.03e-04
2026-06-12 15:15:32 transreid.train INFO: Epoch[112] Iter[150/227] Loss: 0.135, Acc: 0.996, Base Lr: 1.03e-04
2026-06-12 15:15:36 transreid.train INFO: Epoch[112] Iter[200/227] Loss: 0.130, Acc: 0.996, Base Lr: 1.03e-04
2026-06-12 15:15:37 transreid.train INFO: Epoch 112 done. Time per epoch: 15.882[s] Speed: 854.3[samples/s]
2026-06-12 15:15:41 transreid.train INFO: Epoch[113] Iter[50/227] Loss: 0.156, Acc: 0.995, Base Lr: 8.28e-05
2026-06-12 15:15:44 transreid.train INFO: Epoch[113] Iter[100/227] Loss: 0.152, Acc: 0.995, Base Lr: 8.28e-05
2026-06-12 15:15:48 transreid.train INFO: Epoch[113] Iter[150/227] Loss: 0.145, Acc: 0.996, Base Lr: 8.28e-05
2026-06-12 15:15:52 transreid.train INFO: Epoch[113] Iter[200/227] Loss: 0.132, Acc: 0.996, Base Lr: 8.28e-05
2026-06-12 15:15:53 transreid.train INFO: Epoch 113 done. Time per epoch: 15.875[s] Speed: 854.7[samples/s]
2026-06-12 15:15:57 transreid.train INFO: Epoch[114] Iter[50/227] Loss: 0.136, Acc: 0.997, Base Lr: 6.51e-05
2026-06-12 15:16:00 transreid.train INFO: Epoch[114] Iter[100/227] Loss: 0.134, Acc: 0.997, Base Lr: 6.51e-05
2026-06-12 15:16:04 transreid.train INFO: Epoch[114] Iter[150/227] Loss: 0.130, Acc: 0.997, Base Lr: 6.51e-05
2026-06-12 15:16:08 transreid.train INFO: Epoch[114] Iter[200/227] Loss: 0.127, Acc: 0.997, Base Lr: 6.51e-05
2026-06-12 15:16:08 transreid.train INFO: Epoch 114 done. Time per epoch: 15.838[s] Speed: 852.6[samples/s]
2026-06-12 15:16:12 transreid.train INFO: Epoch[115] Iter[50/227] Loss: 0.146, Acc: 0.997, Base Lr: 5.02e-05
2026-06-12 15:16:16 transreid.train INFO: Epoch[115] Iter[100/227] Loss: 0.140, Acc: 0.996, Base Lr: 5.02e-05
2026-06-12 15:16:20 transreid.train INFO: Epoch[115] Iter[150/227] Loss: 0.133, Acc: 0.996, Base Lr: 5.02e-05
2026-06-12 15:16:23 transreid.train INFO: Epoch[115] Iter[200/227] Loss: 0.127, Acc: 0.996, Base Lr: 5.02e-05
2026-06-12 15:16:24 transreid.train INFO: Epoch 115 done. Time per epoch: 15.757[s] Speed: 857.0[samples/s]
2026-06-12 15:16:28 transreid.train INFO: Epoch[116] Iter[50/227] Loss: 0.134, Acc: 0.997, Base Lr: 3.79e-05
2026-06-12 15:16:32 transreid.train INFO: Epoch[116] Iter[100/227] Loss: 0.145, Acc: 0.996, Base Lr: 3.79e-05
2026-06-12 15:16:36 transreid.train INFO: Epoch[116] Iter[150/227] Loss: 0.147, Acc: 0.995, Base Lr: 3.79e-05
2026-06-12 15:16:39 transreid.train INFO: Epoch[116] Iter[200/227] Loss: 0.140, Acc: 0.996, Base Lr: 3.79e-05
2026-06-12 15:16:40 transreid.train INFO: Epoch 116 done. Time per epoch: 15.876[s] Speed: 854.6[samples/s]
2026-06-12 15:16:44 transreid.train INFO: Epoch[117] Iter[50/227] Loss: 0.136, Acc: 0.995, Base Lr: 2.83e-05
2026-06-12 15:16:48 transreid.train INFO: Epoch[117] Iter[100/227] Loss: 0.143, Acc: 0.996, Base Lr: 2.83e-05
2026-06-12 15:16:51 transreid.train INFO: Epoch[117] Iter[150/227] Loss: 0.138, Acc: 0.996, Base Lr: 2.83e-05
2026-06-12 15:16:55 transreid.train INFO: Epoch[117] Iter[200/227] Loss: 0.130, Acc: 0.996, Base Lr: 2.83e-05
2026-06-12 15:16:56 transreid.train INFO: Epoch 117 done. Time per epoch: 15.856[s] Speed: 855.7[samples/s]
2026-06-12 15:17:00 transreid.train INFO: Epoch[118] Iter[50/227] Loss: 0.134, Acc: 0.997, Base Lr: 2.15e-05
2026-06-12 15:17:04 transreid.train INFO: Epoch[118] Iter[100/227] Loss: 0.137, Acc: 0.997, Base Lr: 2.15e-05
2026-06-12 15:17:07 transreid.train INFO: Epoch[118] Iter[150/227] Loss: 0.133, Acc: 0.997, Base Lr: 2.15e-05
2026-06-12 15:17:11 transreid.train INFO: Epoch[118] Iter[200/227] Loss: 0.131, Acc: 0.996, Base Lr: 2.15e-05
2026-06-12 15:17:12 transreid.train INFO: Epoch 118 done. Time per epoch: 15.925[s] Speed: 856.0[samples/s]
2026-06-12 15:17:16 transreid.train INFO: Epoch[119] Iter[50/227] Loss: 0.148, Acc: 0.995, Base Lr: 1.74e-05
2026-06-12 15:17:20 transreid.train INFO: Epoch[119] Iter[100/227] Loss: 0.142, Acc: 0.996, Base Lr: 1.74e-05
2026-06-12 15:17:23 transreid.train INFO: Epoch[119] Iter[150/227] Loss: 0.135, Acc: 0.996, Base Lr: 1.74e-05
2026-06-12 15:17:27 transreid.train INFO: Epoch[119] Iter[200/227] Loss: 0.129, Acc: 0.996, Base Lr: 1.74e-05
2026-06-12 15:17:28 transreid.train INFO: Epoch 119 done. Time per epoch: 15.954[s] Speed: 854.5[samples/s]
2026-06-12 15:17:32 transreid.train INFO: Epoch[120] Iter[50/227] Loss: 0.153, Acc: 0.995, Base Lr: 1.60e-05
2026-06-12 15:17:35 transreid.train INFO: Epoch[120] Iter[100/227] Loss: 0.140, Acc: 0.996, Base Lr: 1.60e-05
2026-06-12 15:17:39 transreid.train INFO: Epoch[120] Iter[150/227] Loss: 0.136, Acc: 0.996, Base Lr: 1.60e-05
2026-06-12 15:17:43 transreid.train INFO: Epoch[120] Iter[200/227] Loss: 0.129, Acc: 0.996, Base Lr: 1.60e-05
2026-06-12 15:17:44 transreid.train INFO: Epoch 120 done. Time per epoch: 15.905[s] Speed: 857.1[samples/s]
/home/afr/reid-clean/SOLIDER-REID/utils/metrics.py:12: UserWarning: This overload of addmm_ is deprecated:
	addmm_(Number beta, Number alpha, Tensor mat1, Tensor mat2)
Consider using one of the following signatures instead:
	addmm_(Tensor mat1, Tensor mat2, *, Number beta = 1, Number alpha = 1) (Triggered internally at /pytorch/torch/csrc/utils/python_arg_parser.cpp:1661.)
  dist_mat.addmm_(1, -2, qf, gf.t())
The test feature is normalized
=> Computing DistMat with euclidean_distance
2026-06-12 15:18:03 transreid.train INFO: Validation Results - Epoch: 120
2026-06-12 15:18:03 transreid.train INFO: mAP: 51.6%
2026-06-12 15:18:03 transreid.train INFO: CMC curve, Rank-1  :58.6%
2026-06-12 15:18:03 transreid.train INFO: CMC curve, Rank-5  :76.1%
2026-06-12 15:18:03 transreid.train INFO: CMC curve, Rank-10 :81.9%
