/root/solider-venv/lib/python3.10/site-packages/torchvision/transforms/transforms.py:329: UserWarning: Argument 'interpolation' of type int is deprecated since 0.13 and will be removed in 0.15. Please use InterpolationMode enum.
  warnings.warn(
/home/afr/SOLIDER-REID-exp378-audit-7955c81/model/backbones/swin_transformer.py:1193: UserWarning: DeprecationWarning: pretrained is deprecated, please use "init_cfg" instead
  warnings.warn('DeprecationWarning: pretrained is deprecated, '
=> Occluded-DukeMTMC loaded
  Loaded pose index: data/occluded_duke/pose_data/train/index.json (15618 entries)
  Loaded pose index: data/occluded_duke/pose_data/train/index.json (15618 entries)
  Loaded pose index: data/occluded_duke/pose_data/_val_merged/index.json (18001 entries)
using img_triplet sampler
using Transformer_type: swin_tiny_patch4_window7_224 as a backbone
[TAPF] enabled: source_stage=2, psg_stages=[3], TaskAdaptivePoseField(
  mode=d0, transition=hard, bootstrap_perm=off, boot_epochs=10, handoff_start=6, max_shift=0.120, max_log_scale=0.500, params=85542
  (anchor): _LiteHRPoseAnchor(
    (stem): Sequential(
      (0): Conv2d(384, 64, kernel_size=(1, 1), stride=(1, 1), bias=False)
      (1): GroupNorm(8, 64, eps=1e-05, affine=True)
      (2): SiLU(inplace=True)
    )
    (high): _DepthwiseResidual(
      (dw): Conv2d(64, 64, kernel_size=(3, 3), stride=(1, 1), padding=(1, 1), groups=64, bias=False)
      (norm): GroupNorm(8, 64, eps=1e-05, affine=True)
      (pw): Conv2d(64, 64, kernel_size=(1, 1), stride=(1, 1), bias=False)
      (act): SiLU(inplace=True)
    )
    (context): Sequential(
      (0): Conv2d(64, 64, kernel_size=(3, 3), stride=(1, 1), padding=(1, 1), groups=64, bias=False)
      (1): GroupNorm(8, 64, eps=1e-05, affine=True)
      (2): SiLU(inplace=True)
      (3): Conv2d(64, 64, kernel_size=(1, 1), stride=(1, 1), bias=False)
    )
    (fuse): Sequential(
      (0): Conv2d(128, 64, kernel_size=(1, 1), stride=(1, 1), bias=False)
      (1): GroupNorm(8, 64, eps=1e-05, affine=True)
      (2): SiLU(inplace=True)
    )
    (up_refine_1): _DepthwiseResidual(
      (dw): Conv2d(64, 64, kernel_size=(3, 3), stride=(1, 1), padding=(1, 1), groups=64, bias=False)
      (norm): GroupNorm(8, 64, eps=1e-05, affine=True)
      (pw): Conv2d(64, 64, kernel_size=(1, 1), stride=(1, 1), bias=False)
      (act): SiLU(inplace=True)
    )
    (up_refine_2): _DepthwiseResidual(
      (dw): Conv2d(64, 64, kernel_size=(3, 3), stride=(1, 1), padding=(1, 1), groups=64, bias=False)
      (norm): GroupNorm(8, 64, eps=1e-05, affine=True)
      (pw): Conv2d(64, 64, kernel_size=(1, 1), stride=(1, 1), bias=False)
      (act): SiLU(inplace=True)
    )
    (heatmap_head): Conv2d(64, 17, kernel_size=(1, 1), stride=(1, 1))
    (confidence_head): Linear(in_features=384, out_features=17, bias=True)
  )
  (geometry_adapter): Sequential(
    (0): LayerNorm((384,), eps=1e-05, elementwise_affine=True)
    (1): Linear(in_features=384, out_features=64, bias=True)
    (2): SiLU(inplace=True)
    (3): Linear(in_features=64, out_features=4, bias=True)
  )
  (field_renderer): GaussianPoseFieldRenderer()
)
[POSE] POSE_USE_TARGET_HEATMAP=True: pose modules (PSG/LGPA/VCSR/PPA/STR/FSDC/...) will receive person-0 (target) heatmap instead of max-merged scene heatmap.
===========building pose-backbone (PSG) transformer===========
correct_start            images 64 descriptor 97bc3529e252
external_correct         images 64 descriptor 97bc3529e252
external_shuffle         images 64 descriptor 97bc3529e252
external_none            images 64 descriptor 97bc3529e252
external_unindexable     images 64 descriptor 97bc3529e252
matched_wrong_field      images 64 descriptor 59625e30ecdf
joint_permutation        images 64 descriptor 8ba73e98bb9a
confidence_permutation   images 64 descriptor a385345ab985
spatial_constant         images 64 descriptor 1b9c4665310b
zero_field               images 64 descriptor ccd6848d5cac
psg_bypass               images 64 descriptor 2481e9ebf7bd
correct_end              images 64 descriptor 97bc3529e252
