./C0/seed_3407/command.txt: OK
./C0/seed_3407/env.txt: OK
./C0/seed_3407/eval_uniform/catalog.jsonl: OK
./C0/seed_3407/eval_uniform/command.txt: OK
./C0/seed_3407/eval_uniform/env.txt: OK
./C0/seed_3407/eval_uniform/expanded_config.yaml: OK
./C0/seed_3407/eval_uniform/features.pt: OK
./C0/seed_3407/eval_uniform/files.sha256: OK
./C0/seed_3407/eval_uniform/manifest.json: OK
./C0/seed_3407/eval_uniform/metrics.json: OK
./C0/seed_3407/eval_uniform/per_query_ap.jsonl: OK
./C0/seed_3407/eval_uniform/run_manifest.json: OK
./C0/seed_3407/eval_uniform/stdout.log: OK
./C0/seed_3407/expanded_config.yaml: OK
./C0/seed_3407/init_audit.json: OK
./C0/seed_3407/launch_manifest.json: OK
./C0/seed_3407/run_files.sha256: OK
./C0/seed_3407/run_manifest.json: OK
./C0/seed_3407/sampler_audit.json: OK
./C0/seed_3407/scaler_audit.json: OK
./C0/seed_3407/stdout.log: OK
./C0/seed_3407/train_log.txt: OK
./C0/seed_3407/transformer_100.pth: OK
./C0/seed_3407/transformer_120.pth: OK
./C0/seed_3407/transformer_20.pth: OK
./C0/seed_3407/transformer_40.pth: OK
./C0/seed_3407/transformer_60.pth: OK
./C0/seed_3407/transformer_80.pth: OK
./C0/seed_7753/command.txt: OK
./C0/seed_7753/env.txt: OK
./C0/seed_7753/eval_uniform/catalog.jsonl: OK
./C0/seed_7753/eval_uniform/command.txt: OK
./C0/seed_7753/eval_uniform/env.txt: OK
./C0/seed_7753/eval_uniform/expanded_config.yaml: OK
./C0/seed_7753/eval_uniform/features.pt: OK
./C0/seed_7753/eval_uniform/files.sha256: OK
./C0/seed_7753/eval_uniform/manifest.json: OK
./C0/seed_7753/eval_uniform/metrics.json: OK
./C0/seed_7753/eval_uniform/per_query_ap.jsonl: OK
./C0/seed_7753/eval_uniform/run_manifest.json: OK
./C0/seed_7753/eval_uniform/stdout.log: OK
./C0/seed_7753/expanded_config.yaml: OK
./C0/seed_7753/init_audit.json: OK
./C0/seed_7753/launch_manifest.json: OK
./C0/seed_7753/run_files.sha256: OK
./C0/seed_7753/run_manifest.json: OK
./C0/seed_7753/sampler_audit.json: OK
./C0/seed_7753/scaler_audit.json: OK
./C0/seed_7753/stdout.log: OK
./C0/seed_7753/train_log.txt: OK
./C0/seed_7753/transformer_100.pth: OK
./C0/seed_7753/transformer_120.pth: OK
./C0/seed_7753/transformer_20.pth: OK
./C0/seed_7753/transformer_40.pth: OK
./C0/seed_7753/transformer_60.pth: OK
./C0/seed_7753/transformer_80.pth: OK
./C0/seed_9227/command.txt: OK
./C0/seed_9227/env.txt: OK
./C0/seed_9227/eval_uniform/catalog.jsonl: OK
./C0/seed_9227/eval_uniform/command.txt: OK
./C0/seed_9227/eval_uniform/env.txt: OK
./C0/seed_9227/eval_uniform/expanded_config.yaml: OK
./C0/seed_9227/eval_uniform/features.pt: OK
./C0/seed_9227/eval_uniform/files.sha256: OK
./C0/seed_9227/eval_uniform/manifest.json: OK
./C0/seed_9227/eval_uniform/metrics.json: OK
./C0/seed_9227/eval_uniform/per_query_ap.jsonl: OK
./C0/seed_9227/eval_uniform/run_manifest.json: OK
./C0/seed_9227/eval_uniform/stdout.log: OK
./C0/seed_9227/expanded_config.yaml: OK
./C0/seed_9227/init_audit.json: OK
./C0/seed_9227/launch_manifest.json: OK
./C0/seed_9227/run_files.sha256: OK
./C0/seed_9227/run_manifest.json: OK
./C0/seed_9227/sampler_audit.json: OK
./C0/seed_9227/scaler_audit.json: OK
./C0/seed_9227/stdout.log: OK
./C0/seed_9227/train_log.txt: OK
./C0/seed_9227/transformer_100.pth: OK
./C0/seed_9227/transformer_120.pth: OK
./C0/seed_9227/transformer_20.pth: OK
./C0/seed_9227/transformer_40.pth: OK
./C0/seed_9227/transformer_60.pth: OK
./C0/seed_9227/transformer_80.pth: OK
./E/seed_3407/command.txt: OK
./E/seed_3407/env.txt: OK
./E/seed_3407/eval_uniform/catalog.jsonl: OK
./E/seed_3407/eval_uniform/command.txt: OK
./E/seed_3407/eval_uniform/env.txt: OK
./E/seed_3407/eval_uniform/expanded_config.yaml: OK
./E/seed_3407/eval_uniform/features.pt: OK
./E/seed_3407/eval_uniform/files.sha256: OK
./E/seed_3407/eval_uniform/manifest.json: OK
./E/seed_3407/eval_uniform/metrics.json: OK
./E/seed_3407/eval_uniform/per_query_ap.jsonl: OK
./E/seed_3407/eval_uniform/run_manifest.json: OK
./E/seed_3407/eval_uniform/stdout.log: OK
./E/seed_3407/expanded_config.yaml: OK
./E/seed_3407/init_audit.json: OK
./E/seed_3407/init_comparison.json: OK
./E/seed_3407/launch_manifest.json: OK
./E/seed_3407/paired_result.json: OK
./E/seed_3407/paired_training_identity.json: OK
./E/seed_3407/run_files.sha256: OK
./E/seed_3407/run_manifest.json: OK
./E/seed_3407/sampler_audit.json: OK
./E/seed_3407/scaler_audit.json: OK
./E/seed_3407/stdout.log: OK
./E/seed_3407/train_log.txt: OK
./E/seed_3407/transformer_100.pth: OK
./E/seed_3407/transformer_120.pth: OK
./E/seed_3407/transformer_20.pth: OK
./E/seed_3407/transformer_40.pth: OK
./E/seed_3407/transformer_60.pth: OK
./E/seed_3407/transformer_80.pth: OK
./E/seed_7753/command.txt: OK
./E/seed_7753/env.txt: OK
./E/seed_7753/eval_uniform/catalog.jsonl: OK
./E/seed_7753/eval_uniform/command.txt: OK
./E/seed_7753/eval_uniform/env.txt: OK
./E/seed_7753/eval_uniform/expanded_config.yaml: OK
./E/seed_7753/eval_uniform/features.pt: OK
./E/seed_7753/eval_uniform/files.sha256: OK
./E/seed_7753/eval_uniform/manifest.json: OK
./E/seed_7753/eval_uniform/metrics.json: OK
./E/seed_7753/eval_uniform/per_query_ap.jsonl: OK
./E/seed_7753/eval_uniform/run_manifest.json: OK
./E/seed_7753/eval_uniform/stdout.log: OK
./E/seed_7753/expanded_config.yaml: OK
./E/seed_7753/init_audit.json: OK
./E/seed_7753/init_comparison.json: OK
./E/seed_7753/launch_manifest.json: OK
./E/seed_7753/paired_result.json: OK
./E/seed_7753/paired_training_identity.json: OK
./E/seed_7753/run_files.sha256: OK
./E/seed_7753/run_manifest.json: OK
./E/seed_7753/sampler_audit.json: OK
./E/seed_7753/scaler_audit.json: OK
./E/seed_7753/stdout.log: OK
./E/seed_7753/train_log.txt: OK
./E/seed_7753/transformer_100.pth: OK
./E/seed_7753/transformer_120.pth: OK
./E/seed_7753/transformer_20.pth: OK
./E/seed_7753/transformer_40.pth: OK
./E/seed_7753/transformer_60.pth: OK
./E/seed_7753/transformer_80.pth: OK
./E/seed_9227/command.txt: OK
./E/seed_9227/env.txt: OK
./E/seed_9227/eval_uniform/catalog.jsonl: OK
./E/seed_9227/eval_uniform/command.txt: OK
./E/seed_9227/eval_uniform/env.txt: OK
./E/seed_9227/eval_uniform/expanded_config.yaml: OK
./E/seed_9227/eval_uniform/features.pt: OK
./E/seed_9227/eval_uniform/files.sha256: OK
./E/seed_9227/eval_uniform/manifest.json: OK
./E/seed_9227/eval_uniform/metrics.json: OK
./E/seed_9227/eval_uniform/per_query_ap.jsonl: OK
./E/seed_9227/eval_uniform/run_manifest.json: OK
./E/seed_9227/eval_uniform/stdout.log: OK
./E/seed_9227/expanded_config.yaml: OK
./E/seed_9227/init_audit.json: OK
./E/seed_9227/init_comparison.json: OK
./E/seed_9227/launch_manifest.json: OK
./E/seed_9227/paired_result.json: OK
./E/seed_9227/paired_training_identity.json: OK
./E/seed_9227/run_files.sha256: OK
./E/seed_9227/run_manifest.json: OK
./E/seed_9227/sampler_audit.json: OK
./E/seed_9227/scaler_audit.json: OK
./E/seed_9227/stdout.log: OK
./E/seed_9227/train_log.txt: OK
./E/seed_9227/transformer_100.pth: OK
./E/seed_9227/transformer_120.pth: OK
./E/seed_9227/transformer_20.pth: OK
./E/seed_9227/transformer_40.pth: OK
./E/seed_9227/transformer_60.pth: OK
./E/seed_9227/transformer_80.pth: OK
./_failed/C0/seed_3407.de326b715d92.20260712T140410Z.3872627.1783865050891472457/command.txt: OK
./_failed/C0/seed_3407.de326b715d92.20260712T140410Z.3872627.1783865050891472457/env.txt: OK
./_failed/C0/seed_3407.de326b715d92.20260712T140410Z.3872627.1783865050891472457/expanded_config.yaml: OK
./_failed/C0/seed_3407.de326b715d92.20260712T140410Z.3872627.1783865050891472457/failure.json: OK
./_failed/C0/seed_3407.de326b715d92.20260712T140410Z.3872627.1783865050891472457/init_audit.json: OK
./_failed/C0/seed_3407.de326b715d92.20260712T140410Z.3872627.1783865050891472457/launch_manifest.json: OK
./_failed/C0/seed_3407.de326b715d92.20260712T140410Z.3872627.1783865050891472457/run_manifest.json: OK
./_failed/C0/seed_3407.de326b715d92.20260712T140410Z.3872627.1783865050891472457/sampler_audit.json: OK
./_failed/C0/seed_3407.de326b715d92.20260712T140410Z.3872627.1783865050891472457/scaler_audit.json: OK
./_failed/C0/seed_3407.de326b715d92.20260712T140410Z.3872627.1783865050891472457/stdout.log: OK
./_failed/C0/seed_3407.de326b715d92.20260712T140410Z.3872627.1783865050891472457/train_log.txt: OK
./_failed/C0/seed_3407.de326b715d92.20260712T140410Z.3872627.1783865050891472457/transformer_100.pth: OK
./_failed/C0/seed_3407.de326b715d92.20260712T140410Z.3872627.1783865050891472457/transformer_120.pth: OK
./_failed/C0/seed_3407.de326b715d92.20260712T140410Z.3872627.1783865050891472457/transformer_20.pth: OK
./_failed/C0/seed_3407.de326b715d92.20260712T140410Z.3872627.1783865050891472457/transformer_40.pth: OK
./_failed/C0/seed_3407.de326b715d92.20260712T140410Z.3872627.1783865050891472457/transformer_60.pth: OK
./_failed/C0/seed_3407.de326b715d92.20260712T140410Z.3872627.1783865050891472457/transformer_80.pth: OK
./canonical_catalog.jsonl: OK
./controller.command.txt: OK
./controller.execution.json: OK
./controller.stdout.log: OK
./controller.wrapper.log: OK
./files.sha256: OK
./preflight.json: OK
./run_manifest.json: OK
./seed_3407_result.json: OK
./seed_7753_result.json: OK
./seed_9227_result.json: OK
./status.json: OK
./summary.json: OK
