/usr/local/anaconda3/envs/mmpose-abu/lib/python3.8/site-packages/torchvision/transforms/transforms.py:329: UserWarning: Argument 'interpolation' of type int is deprecated since 0.13 and will be removed in 0.15. Please use InterpolationMode enum.
  warnings.warn(
=> Occluded-Duke loaded
using img_triplet sampler
using Transformer_type: swin_tiny_patch4_window7_224 as a backbone
/home/afr/SOLIDER-REID-official-repro-8c08e1c/model/backbones/swin_transformer.py:1157: UserWarning: DeprecationWarning: pretrained is deprecated, please use "init_cfg" instead
  warnings.warn('DeprecationWarning: pretrained is deprecated, '
unloaded parameters: <All keys matched successfully>
===========building transformer===========
using soft triplet loss for training
EXP387_REAL_BATCH64_CUDA_AMP_PASS
successful_updates=18
overflow_steps=6
longest_consecutive_updates=17
scale=65536.0->1024.0
peak_allocated_bytes=6488881664
peak_reserved_bytes=6796869632
mean_step_seconds=0.142552
changed_parameters={"anchor": {"changed_tensors": 8, "total_tensors": 8}, "head": {"changed_tensors": 2, "total_tensors": 3}, "psg": {"changed_tensors": 4, "total_tensors": 4}, "swin": {"changed_tensors": 171, "total_tensors": 193}}
output=/home/afr/pose-logs/exp387_real_batch64_cuda_amp.json
