/usr/local/anaconda3/envs/mmpose-abu/lib/python3.8/site-packages/torchvision/transforms/transforms.py:329: UserWarning: Argument 'interpolation' of type int is deprecated since 0.13 and will be removed in 0.15. Please use InterpolationMode enum.
  warnings.warn(
=> Occluded-Duke loaded
using img_triplet sampler
using Transformer_type: swin_tiny_patch4_window7_224 as a backbone
/home/afr/SOLIDER-REID-official-repro-8c08e1c/model/backbones/swin_transformer.py:1157: UserWarning: DeprecationWarning: pretrained is deprecated, please use "init_cfg" instead
  warnings.warn('DeprecationWarning: pretrained is deprecated, '
unloaded parameters: <All keys matched successfully>
===========building transformer===========
using soft triplet loss for training
using Transformer_type: swin_tiny_patch4_window7_224 as a backbone
unloaded parameters: <All keys matched successfully>
===========building transformer===========
EXP387_FULL_SEMANTICS_PASS
route_epochs=['1', '10', '11', '6']
pose_gradient_groups=['anchor']
reid_gradient_groups=['swin', 'psg', 'head']
overflow={"finite_warmup_found_inf": 0.0, "optimizer_state_entries_checked": 185, "overflow_found_inf": 1.0, "parameter_count_checked": 208, "scale_after": 0.5, "scale_before": 1.0}
checkpoint_sha256=d1a4b7a1c8743df0679a91ede8d4db2c631570d05e0714a610171dd73882cec9
pose_variants_exact=['correct', 'shuffle', 'none', 'exploding']
output=/home/afr/pose-logs/exp387_full_semantics.json
