=> CARGO loaded (protocol-1 ALL)
  -----------------------------------------------------------
  subset   | # imgs | # pids | # cams | aerial | ground
  -----------------------------------------------------------
  train    |  51451 |   2500 |     13 |  22338 |  29113
  query    |    312 |    149 |     13 |    134 |    178
  gallery  |  50712 |   2500 |     13 |  18444 |  32268
  -----------------------------------------------------------
unloaded parameters: <All keys matched successfully>
[load] missing=0 unexpected=0

=== sizes: q_aer=134 g_grd=32268 | q_grd=178 g_aer=18444 ===
=== extracting mu/sigma with K=16 TTA views (frozen, no_grad) ===
    [q_aer] batch 0/17  (5s)
    [g_grd] batch 0/4034  (1s)
    [g_grd] batch 20/4034  (11s)
    [g_grd] batch 40/4034  (21s)
    [g_grd] batch 60/4034  (30s)
    [g_grd] batch 80/4034  (40s)
    [g_grd] batch 100/4034  (50s)
    [g_grd] batch 120/4034  (60s)
    [g_grd] batch 140/4034  (70s)
    [g_grd] batch 160/4034  (79s)
    [g_grd] batch 180/4034  (89s)
    [g_grd] batch 200/4034  (99s)
    [g_grd] batch 220/4034  (109s)
    [g_grd] batch 240/4034  (119s)
    [g_grd] batch 260/4034  (129s)
    [g_grd] batch 280/4034  (138s)
    [g_grd] batch 300/4034  (148s)
    [g_grd] batch 320/4034  (158s)
    [g_grd] batch 340/4034  (168s)
    [g_grd] batch 360/4034  (178s)
    [g_grd] batch 380/4034  (188s)
    [g_grd] batch 400/4034  (198s)
    [g_grd] batch 420/4034  (208s)
    [g_grd] batch 440/4034  (217s)
    [g_grd] batch 460/4034  (227s)
    [g_grd] batch 480/4034  (237s)
    [g_grd] batch 500/4034  (247s)
    [g_grd] batch 520/4034  (257s)
    [g_grd] batch 540/4034  (267s)
    [g_grd] batch 560/4034  (276s)
    [g_grd] batch 580/4034  (286s)
    [g_grd] batch 600/4034  (296s)
    [g_grd] batch 620/4034  (306s)
    [g_grd] batch 640/4034  (316s)
    [g_grd] batch 660/4034  (326s)
    [g_grd] batch 680/4034  (336s)
    [g_grd] batch 700/4034  (346s)
    [g_grd] batch 720/4034  (356s)
    [g_grd] batch 740/4034  (366s)
    [g_grd] batch 760/4034  (376s)
    [g_grd] batch 780/4034  (386s)
    [g_grd] batch 800/4034  (396s)
    [g_grd] batch 820/4034  (405s)
    [g_grd] batch 840/4034  (415s)
    [g_grd] batch 860/4034  (425s)
    [g_grd] batch 880/4034  (435s)
    [g_grd] batch 900/4034  (445s)
    [g_grd] batch 920/4034  (455s)
    [g_grd] batch 940/4034  (465s)
    [g_grd] batch 960/4034  (475s)
    [g_grd] batch 980/4034  (485s)
    [g_grd] batch 1000/4034  (495s)
    [g_grd] batch 1020/4034  (504s)
    [g_grd] batch 1040/4034  (514s)
    [g_grd] batch 1060/4034  (524s)
    [g_grd] batch 1080/4034  (534s)
    [g_grd] batch 1100/4034  (544s)
    [g_grd] batch 1120/4034  (554s)
    [g_grd] batch 1140/4034  (564s)
    [g_grd] batch 1160/4034  (574s)
    [g_grd] batch 1180/4034  (584s)
    [g_grd] batch 1200/4034  (593s)
    [g_grd] batch 1220/4034  (603s)
    [g_grd] batch 1240/4034  (613s)
    [g_grd] batch 1260/4034  (623s)
    [g_grd] batch 1280/4034  (633s)
    [g_grd] batch 1300/4034  (643s)
    [g_grd] batch 1320/4034  (653s)
    [g_grd] batch 1340/4034  (663s)
    [g_grd] batch 1360/4034  (672s)
    [g_grd] batch 1380/4034  (682s)
    [g_grd] batch 1400/4034  (692s)
    [g_grd] batch 1420/4034  (702s)
    [g_grd] batch 1440/4034  (712s)
    [g_grd] batch 1460/4034  (722s)
    [g_grd] batch 1480/4034  (732s)
    [g_grd] batch 1500/4034  (741s)
    [g_grd] batch 1520/4034  (751s)
    [g_grd] batch 1540/4034  (761s)
    [g_grd] batch 1560/4034  (771s)
    [g_grd] batch 1580/4034  (781s)
    [g_grd] batch 1600/4034  (791s)
    [g_grd] batch 1620/4034  (801s)
    [g_grd] batch 1640/4034  (811s)
    [g_grd] batch 1660/4034  (821s)
    [g_grd] batch 1680/4034  (830s)
    [g_grd] batch 1700/4034  (840s)
    [g_grd] batch 1720/4034  (850s)
    [g_grd] batch 1740/4034  (860s)
    [g_grd] batch 1760/4034  (870s)
    [g_grd] batch 1780/4034  (880s)
    [g_grd] batch 1800/4034  (890s)
    [g_grd] batch 1820/4034  (900s)
    [g_grd] batch 1840/4034  (910s)
    [g_grd] batch 1860/4034  (920s)
    [g_grd] batch 1880/4034  (930s)
    [g_grd] batch 1900/4034  (940s)
    [g_grd] batch 1920/4034  (949s)
    [g_grd] batch 1940/4034  (959s)
    [g_grd] batch 1960/4034  (969s)
    [g_grd] batch 1980/4034  (979s)
    [g_grd] batch 2000/4034  (989s)
    [g_grd] batch 2020/4034  (999s)
    [g_grd] batch 2040/4034  (1009s)
    [g_grd] batch 2060/4034  (1019s)
    [g_grd] batch 2080/4034  (1029s)
    [g_grd] batch 2100/4034  (1039s)
    [g_grd] batch 2120/4034  (1049s)
    [g_grd] batch 2140/4034  (1059s)
    [g_grd] batch 2160/4034  (1068s)
    [g_grd] batch 2180/4034  (1078s)
    [g_grd] batch 2200/4034  (1088s)
    [g_grd] batch 2220/4034  (1098s)
    [g_grd] batch 2240/4034  (1108s)
    [g_grd] batch 2260/4034  (1118s)
    [g_grd] batch 2280/4034  (1128s)
    [g_grd] batch 2300/4034  (1138s)
    [g_grd] batch 2320/4034  (1148s)
    [g_grd] batch 2340/4034  (1158s)
    [g_grd] batch 2360/4034  (1167s)
    [g_grd] batch 2380/4034  (1177s)
    [g_grd] batch 2400/4034  (1187s)
    [g_grd] batch 2420/4034  (1197s)
    [g_grd] batch 2440/4034  (1207s)
    [g_grd] batch 2460/4034  (1217s)
    [g_grd] batch 2480/4034  (1227s)
    [g_grd] batch 2500/4034  (1237s)
    [g_grd] batch 2520/4034  (1247s)
    [g_grd] batch 2540/4034  (1257s)
    [g_grd] batch 2560/4034  (1267s)
    [g_grd] batch 2580/4034  (1276s)
    [g_grd] batch 2600/4034  (1286s)
    [g_grd] batch 2620/4034  (1296s)
    [g_grd] batch 2640/4034  (1306s)
    [g_grd] batch 2660/4034  (1316s)
    [g_grd] batch 2680/4034  (1326s)
    [g_grd] batch 2700/4034  (1336s)
    [g_grd] batch 2720/4034  (1346s)
    [g_grd] batch 2740/4034  (1356s)
    [g_grd] batch 2760/4034  (1366s)
    [g_grd] batch 2780/4034  (1375s)
    [g_grd] batch 2800/4034  (1385s)
    [g_grd] batch 2820/4034  (1395s)
    [g_grd] batch 2840/4034  (1405s)
    [g_grd] batch 2860/4034  (1415s)
    [g_grd] batch 2880/4034  (1425s)
    [g_grd] batch 2900/4034  (1435s)
    [g_grd] batch 2920/4034  (1445s)
    [g_grd] batch 2940/4034  (1454s)
    [g_grd] batch 2960/4034  (1464s)
    [g_grd] batch 2980/4034  (1474s)
    [g_grd] batch 3000/4034  (1484s)
    [g_grd] batch 3020/4034  (1494s)
    [g_grd] batch 3040/4034  (1504s)
    [g_grd] batch 3060/4034  (1514s)
    [g_grd] batch 3080/4034  (1523s)
    [g_grd] batch 3100/4034  (1533s)
    [g_grd] batch 3120/4034  (1543s)
    [g_grd] batch 3140/4034  (1553s)
    [g_grd] batch 3160/4034  (1563s)
    [g_grd] batch 3180/4034  (1573s)
    [g_grd] batch 3200/4034  (1583s)
    [g_grd] batch 3220/4034  (1593s)
    [g_grd] batch 3240/4034  (1603s)
    [g_grd] batch 3260/4034  (1612s)
    [g_grd] batch 3280/4034  (1622s)
    [g_grd] batch 3300/4034  (1632s)
    [g_grd] batch 3320/4034  (1642s)
    [g_grd] batch 3340/4034  (1652s)
    [g_grd] batch 3360/4034  (1662s)
    [g_grd] batch 3380/4034  (1672s)
    [g_grd] batch 3400/4034  (1682s)
    [g_grd] batch 3420/4034  (1692s)
    [g_grd] batch 3440/4034  (1701s)
    [g_grd] batch 3460/4034  (1711s)
    [g_grd] batch 3480/4034  (1721s)
    [g_grd] batch 3500/4034  (1731s)
    [g_grd] batch 3520/4034  (1741s)
    [g_grd] batch 3540/4034  (1751s)
    [g_grd] batch 3560/4034  (1761s)
    [g_grd] batch 3580/4034  (1771s)
    [g_grd] batch 3600/4034  (1781s)
    [g_grd] batch 3620/4034  (1791s)
    [g_grd] batch 3640/4034  (1801s)
    [g_grd] batch 3660/4034  (1810s)
    [g_grd] batch 3680/4034  (1820s)
    [g_grd] batch 3700/4034  (1830s)
    [g_grd] batch 3720/4034  (1840s)
    [g_grd] batch 3740/4034  (1850s)
    [g_grd] batch 3760/4034  (1860s)
    [g_grd] batch 3780/4034  (1870s)
    [g_grd] batch 3800/4034  (1880s)
    [g_grd] batch 3820/4034  (1889s)
    [g_grd] batch 3840/4034  (1899s)
    [g_grd] batch 3860/4034  (1909s)
    [g_grd] batch 3880/4034  (1919s)
    [g_grd] batch 3900/4034  (1929s)
    [g_grd] batch 3920/4034  (1939s)
    [g_grd] batch 3940/4034  (1949s)
    [g_grd] batch 3960/4034  (1959s)
    [g_grd] batch 3980/4034  (1968s)
    [g_grd] batch 4000/4034  (1978s)
    [g_grd] batch 4020/4034  (1988s)
    [q_grd] batch 0/23  (1s)
    [q_grd] batch 20/23  (11s)
    [g_aer] batch 0/2306  (1s)
    [g_aer] batch 20/2306  (11s)
    [g_aer] batch 40/2306  (21s)
    [g_aer] batch 60/2306  (31s)
    [g_aer] batch 80/2306  (41s)
    [g_aer] batch 100/2306  (51s)
    [g_aer] batch 120/2306  (61s)
    [g_aer] batch 140/2306  (71s)
    [g_aer] batch 160/2306  (80s)
    [g_aer] batch 180/2306  (90s)
    [g_aer] batch 200/2306  (100s)
    [g_aer] batch 220/2306  (110s)
    [g_aer] batch 240/2306  (120s)
    [g_aer] batch 260/2306  (130s)
    [g_aer] batch 280/2306  (140s)
    [g_aer] batch 300/2306  (149s)
    [g_aer] batch 320/2306  (159s)
    [g_aer] batch 340/2306  (169s)
    [g_aer] batch 360/2306  (179s)
    [g_aer] batch 380/2306  (189s)
    [g_aer] batch 400/2306  (199s)
    [g_aer] batch 420/2306  (209s)
    [g_aer] batch 440/2306  (218s)
    [g_aer] batch 460/2306  (228s)
    [g_aer] batch 480/2306  (238s)
    [g_aer] batch 500/2306  (248s)
    [g_aer] batch 520/2306  (258s)
    [g_aer] batch 540/2306  (268s)
    [g_aer] batch 560/2306  (278s)
    [g_aer] batch 580/2306  (288s)
    [g_aer] batch 600/2306  (298s)
    [g_aer] batch 620/2306  (308s)
    [g_aer] batch 640/2306  (317s)
    [g_aer] batch 660/2306  (327s)
    [g_aer] batch 680/2306  (337s)
    [g_aer] batch 700/2306  (347s)
    [g_aer] batch 720/2306  (357s)
    [g_aer] batch 740/2306  (367s)
    [g_aer] batch 760/2306  (377s)
    [g_aer] batch 780/2306  (386s)
    [g_aer] batch 800/2306  (396s)
    [g_aer] batch 820/2306  (406s)
    [g_aer] batch 840/2306  (416s)
    [g_aer] batch 860/2306  (426s)
    [g_aer] batch 880/2306  (436s)
    [g_aer] batch 900/2306  (446s)
    [g_aer] batch 920/2306  (456s)
    [g_aer] batch 940/2306  (466s)
    [g_aer] batch 960/2306  (476s)
    [g_aer] batch 980/2306  (486s)
    [g_aer] batch 1000/2306  (496s)
    [g_aer] batch 1020/2306  (506s)
    [g_aer] batch 1040/2306  (515s)
    [g_aer] batch 1060/2306  (525s)
    [g_aer] batch 1080/2306  (535s)
    [g_aer] batch 1100/2306  (545s)
    [g_aer] batch 1120/2306  (555s)
    [g_aer] batch 1140/2306  (565s)
    [g_aer] batch 1160/2306  (575s)
    [g_aer] batch 1180/2306  (585s)
    [g_aer] batch 1200/2306  (594s)
    [g_aer] batch 1220/2306  (604s)
    [g_aer] batch 1240/2306  (614s)
    [g_aer] batch 1260/2306  (624s)
    [g_aer] batch 1280/2306  (634s)
    [g_aer] batch 1300/2306  (644s)
    [g_aer] batch 1320/2306  (654s)
    [g_aer] batch 1340/2306  (664s)
    [g_aer] batch 1360/2306  (674s)
    [g_aer] batch 1380/2306  (684s)
    [g_aer] batch 1400/2306  (694s)
    [g_aer] batch 1420/2306  (704s)
    [g_aer] batch 1440/2306  (713s)
    [g_aer] batch 1460/2306  (723s)
    [g_aer] batch 1480/2306  (733s)
    [g_aer] batch 1500/2306  (743s)
    [g_aer] batch 1520/2306  (753s)
    [g_aer] batch 1540/2306  (763s)
    [g_aer] batch 1560/2306  (773s)
    [g_aer] batch 1580/2306  (783s)
    [g_aer] batch 1600/2306  (793s)
    [g_aer] batch 1620/2306  (803s)
    [g_aer] batch 1640/2306  (812s)
    [g_aer] batch 1660/2306  (822s)
    [g_aer] batch 1680/2306  (832s)
    [g_aer] batch 1700/2306  (842s)
    [g_aer] batch 1720/2306  (852s)
    [g_aer] batch 1740/2306  (862s)
    [g_aer] batch 1760/2306  (872s)
    [g_aer] batch 1780/2306  (882s)
    [g_aer] batch 1800/2306  (892s)
    [g_aer] batch 1820/2306  (902s)
    [g_aer] batch 1840/2306  (912s)
    [g_aer] batch 1860/2306  (922s)
    [g_aer] batch 1880/2306  (932s)
    [g_aer] batch 1900/2306  (942s)
    [g_aer] batch 1920/2306  (952s)
    [g_aer] batch 1940/2306  (961s)
    [g_aer] batch 1960/2306  (971s)
    [g_aer] batch 1980/2306  (981s)
    [g_aer] batch 2000/2306  (991s)
    [g_aer] batch 2020/2306  (1001s)
    [g_aer] batch 2040/2306  (1011s)
    [g_aer] batch 2060/2306  (1021s)
    [g_aer] batch 2080/2306  (1031s)
    [g_aer] batch 2100/2306  (1041s)
    [g_aer] batch 2120/2306  (1051s)
    [g_aer] batch 2140/2306  (1061s)
    [g_aer] batch 2160/2306  (1071s)
    [g_aer] batch 2180/2306  (1081s)
    [g_aer] batch 2200/2306  (1090s)
    [g_aer] batch 2220/2306  (1100s)
    [g_aer] batch 2240/2306  (1110s)
    [g_aer] batch 2260/2306  (1120s)
    [g_aer] batch 2280/2306  (1130s)
    [g_aer] batch 2300/2306  (1140s)
[extract done] 3161s

########## MAIN COMPARISON (mu/sigma shared, same eval pipeline) ##########
  1.cosine(mu)                 | A->G mAP  67.41 R1  72.34 mINP 57.58  || G->A mAP  67.25 R1  72.73 mINP 55.55
  2a.sym-KL                    | A->G mAP  56.74 R1  61.70 mINP 41.87  || G->A mAP  52.50 R1  66.67 mINP 32.14
  2b.JS                        | A->G mAP  55.66 R1  62.77 mINP 40.19  || G->A mAP  51.14 R1  63.64 mINP 31.32
  2c.Bhattacharyya             | A->G mAP  44.02 R1  53.19 mINP 29.60  || G->A mAP  41.82 R1  54.55 mINP 21.37
  3.KL(g||a) CORRECT           | A->G mAP  68.62 R1  75.53 mINP 55.96  || G->A mAP  17.37 R1  22.73 mINP  5.42
  4.KL(a||g) REVERSED          | A->G mAP  21.04 R1  26.60 mINP 10.76  || G->A mAP  65.71 R1  74.24 mINP 51.91
  5.equal-var Maha             | A->G mAP  67.94 R1  72.34 mINP 57.53  || G->A mAP  65.28 R1  71.21 mINP 53.01

########## 8 DESTRUCTIVE CONTROLS (A->G; each must DROP vs CORRECT) ##########
  reference: CORRECT KL(g||a) A->G mAP = 68.62 ; cosine = 67.41
  C1 direction-destroy (reversed KL(a||g)) : mAP  21.04  (vs 68.62)
  C2 symmetrize (sym-KL)                   : mAP  56.74
  C2 symmetrize (JS)                       : mAP  55.66
  C3 view-mean sigma (per-view constant)   : mAP  69.07
  C4 within-view sigma permute             : mAP  67.47
  C5 hardness-matched permute (norm-bucket): mAP  66.63
  C6 per-image dim-shuffle sigma           : mAP  12.01
  C7 variance-only (|trace diff|)          : mAP   0.03
  C7 norm-only (|norm diff|)               : mAP   0.09

########## SYNTHETIC DEGRADATION (ground sigma must MONOTONICALLY rise) ##########
    [deg_clean] batch 0/75  (2s)
    [deg_clean] batch 20/75  (11s)
    [deg_clean] batch 40/75  (21s)
    [deg_clean] batch 60/75  (30s)
    [deg_ds2] batch 0/75  (1s)
    [deg_ds2] batch 20/75  (11s)
    [deg_ds2] batch 40/75  (21s)
    [deg_ds2] batch 60/75  (31s)
    [deg_ds4] batch 0/75  (1s)
    [deg_ds4] batch 20/75  (11s)
    [deg_ds4] batch 40/75  (21s)
    [deg_ds4] batch 60/75  (31s)
    [deg_blur] batch 0/75  (1s)
    [deg_blur] batch 20/75  (11s)
    [deg_blur] batch 40/75  (21s)
    [deg_blur] batch 60/75  (31s)
  trace(sigma) ground   clean=118.9299  down2=116.1902  down4=115.4075  blur=117.5458
  monotonic up (clean<=down2<=down4)? False

########## BUCKETS by aerial-query bbox area (A->G; cosine vs CORRECT) ##########
  bbox-area quartile edges: [ 4558.5  10902.   15007.75]
  bucket0 area<=       4558 (n= 24): cosine  61.02  CORRECT  64.05  delta  +3.03
  bucket1 area<=      10902 (n= 23): cosine  76.05  CORRECT  73.31  delta  -2.74
  bucket2 area<=      15008 (n= 23): cosine  59.14  CORRECT  65.29  delta  +6.15
  bucket3 area<=        inf (n= 24): cosine  73.46  CORRECT  71.89  delta  -1.57
  (expectation: SMALLEST area bucket -> largest containment gain)

########## DIAGNOSTICS ##########
  trace(sigma) AERIAL  q=156.9568 g=167.4728  |  GROUND q=171.6406 g=172.8112
  -> aerial>ground (query side)? False  (gallery side)? False
  Spearman(aerial-query bbox-area, trace sigma) = -0.136  (expect NEGATIVE)

  -- coverage calibration (aerial query envelope; ground positive vs hard-neg) --
  coverage@50% (k=0.674): positive 0.222  hard-neg 0.200  (positive should be HIGHER) [n=94]
  coverage@80% (k=1.282): positive 0.389  hard-neg 0.351  (positive should be HIGHER) [n=94]
  coverage@95% (k=1.960): positive 0.542  hard-neg 0.498  (positive should be HIGHER) [n=94]

[done] kill-switch complete. See B_CONTAINMENT_DESIGN.md sec.4 pass criteria.
