{
  "crops": 639,
  "macro_top1": {
    "ci95_high": 0.5517857142857142,
    "ci95_low": 0.4892142857142857,
    "images": 128,
    "mean": 0.5156395627433363,
    "pids": 4,
    "repeats": 1000
  },
  "mask_overlap": {
    "count": 1276,
    "max": 0.0,
    "median": 0.0,
    "p95": 0.0
  },
  "output_sha256": "ce6d80f65f31749a227429ef6eda4efa9e0dcfcb6bfc4946d79b3262e3a4b8a9",
  "raw_cosine_margin": {
    "ci95_high": 0.0019606591634369784,
    "ci95_low": -0.0005283820243983546,
    "images": 128,
    "mean": 0.000598684853129703,
    "pids": 4,
    "repeats": 1000
  },
  "samples": 128,
  "scope": "smoke",
  "status": "EXP392_PHASE0B2_O_COMPLETE",
  "verdict": "B2_O2_SMOKE_PASS"
}
	Command being timed: "/usr/local/anaconda3/envs/mmpose-abu/bin/python /home/afr/reid-clean/audits/exp392_phase0b2/phase0b2_ontology_audit_o2.py --repo-root /home/afr/SOLIDER-REID-exp392-phase0b-5277254 --phase0b-script /home/afr/reid-clean/audits/exp392_phase0b/phase0b_clip_teacher_audit.py --source-commit 5277254bae1f9d18f1368ad4202aca7c9d223cc8 --data-root /mnt1/afrdata --pose-artifact /mnt1/afrderived/exp386_occluded_duke_vitpose_huge_train --clip-checkpoint /home/afr/SOLIDER-REID/clip_l14_openclip.safetensors --output /home/afr/reid-clean/audits/exp392_phase0b2/b2o2_hard_smoke128_result.json --device cpu --batch-size 2 --clip-batch 10 --workers 0 --max-samples 128 --bootstrap-repeats 1000 --partition-mode hard-owner"
	User time (seconds): 1599.94
	System time (seconds): 85.35
	Percent of CPU this job got: 1164%
	Elapsed (wall clock) time (h:mm:ss or m:ss): 2:24.77
	Average shared text size (kbytes): 0
	Average unshared data size (kbytes): 0
	Average stack size (kbytes): 0
	Average total size (kbytes): 0
	Maximum resident set size (kbytes): 3700532
	Average resident set size (kbytes): 0
	Major (requiring I/O) page faults: 42
	Minor (reclaiming a frame) page faults: 48060284
	Voluntary context switches: 942777
	Involuntary context switches: 39094
	Swaps: 0
	File system inputs: 0
	File system outputs: 56
	Socket messages sent: 0
	Socket messages received: 0
	Signals delivered: 0
	Page size (bytes): 4096
	Exit status: 0
