{
  "crops": 639,
  "macro_top1": {
    "ci95_high": 0.5614305680343417,
    "ci95_low": 0.5074325646401119,
    "images": 128,
    "mean": 0.5293115204152941,
    "pids": 4,
    "repeats": 1000
  },
  "mask_overlap": {
    "count": 1276,
    "max": 0.9976378397723097,
    "median": 0.00032206566965422884,
    "p95": 0.4380403484205727
  },
  "output_sha256": "acd8e36821929623a96ed29f77c5d621f718513e54c6a17f86b1fb4fc1f6da2a",
  "raw_cosine_margin": {
    "ci95_high": 0.0018738135903719668,
    "ci95_low": -0.0005110417741393687,
    "images": 128,
    "mean": 0.00061107791275503,
    "pids": 4,
    "repeats": 1000
  },
  "samples": 128,
  "scope": "smoke",
  "status": "EXP392_PHASE0B2_O_COMPLETE",
  "verdict": "B2_O_SMOKE_FAIL"
}
Command exited with non-zero status 1
	Command being timed: "/usr/local/anaconda3/envs/mmpose-abu/bin/python /home/afr/reid-clean/audits/exp392_phase0b2/phase0b2_ontology_audit.py --repo-root /home/afr/SOLIDER-REID-exp392-phase0b-5277254 --phase0b-script /home/afr/reid-clean/audits/exp392_phase0b/phase0b_clip_teacher_audit.py --source-commit 5277254bae1f9d18f1368ad4202aca7c9d223cc8 --data-root /mnt1/afrdata --pose-artifact /mnt1/afrderived/exp386_occluded_duke_vitpose_huge_train --clip-checkpoint /home/afr/SOLIDER-REID/clip_l14_openclip.safetensors --output /home/afr/reid-clean/audits/exp392_phase0b2/b2o_smoke128_result.json --device cpu --batch-size 2 --clip-batch 10 --workers 0 --max-samples 128 --bootstrap-repeats 1000"
	User time (seconds): 1630.73
	System time (seconds): 113.19
	Percent of CPU this job got: 1157%
	Elapsed (wall clock) time (h:mm:ss or m:ss): 2:30.60
	Average shared text size (kbytes): 0
	Average unshared data size (kbytes): 0
	Average stack size (kbytes): 0
	Average total size (kbytes): 0
	Maximum resident set size (kbytes): 3702624
	Average resident set size (kbytes): 0
	Major (requiring I/O) page faults: 25
	Minor (reclaiming a frame) page faults: 63472653
	Voluntary context switches: 940839
	Involuntary context switches: 39797
	Swaps: 0
	File system inputs: 0
	File system outputs: 56
	Socket messages sent: 0
	Socket messages received: 0
	Signals delivered: 0
	Page size (bytes): 4096
	Exit status: 1
