{
  "encoded_full_image_variants": 160,
  "gates": {
    "all_region_positive_target_level0_minus_level75": true,
    "all_region_positive_target_spearman": true,
    "all_region_target_delta_gt_non_target": true,
    "finite": true,
    "hard_owner_pixel_product_exact_zero": true,
    "level_target_error_within_one_pixel": true,
    "macro_all_target_adjacent_monotonic": true,
    "macro_target_delta_gt_global": true,
    "null_exact": true,
    "realized_overlap_strictly_increasing": true,
    "repeat_exact": true,
    "target_valid_exact": true
  },
  "images": 8,
  "output_sha256": "825248b8573ebacf7f3c46c7ef7325c3fd1c66329c1a2e9f01bc61204b734cf6",
  "status": "EXP392_PHASE0B2_SI_COMPLETE",
  "summary": {
    "levels": [
      0.0,
      0.25,
      0.5,
      0.75
    ],
    "macro_target_adjacent_delta": [
      0.027615755796432495,
      0.012773799896240223,
      0.006347227096557606
    ],
    "macro_target_minus_global_delta": 0.04036927968263626,
    "macro_target_q_visible_by_level": [
      0.5194333851337433,
      0.49181762933731077,
      0.47904382944107055,
      0.47269660234451294
    ],
    "per_region": [
      {
        "global_q_visible_mean_by_level": [
          0.5436257123947144,
          0.5379040837287903,
          0.5318976640701294,
          0.5294438600540161
        ],
        "non_target_q_visible_mean_by_level": [
          0.5108809471130371,
          0.5114398002624512,
          0.512747585773468,
          0.5107003450393677
        ],
        "region": 0,
        "samples": 8,
        "spearman_overlap_negative_target_q": 0.8082748817435056,
        "target_level0_minus_level75": {
          "ci95_high": 0.08492032065987587,
          "ci95_low": 0.08492032065987587,
          "mean": 0.08492032065987587,
          "pids": 1,
          "repeats": 200,
          "samples": 8
        },
        "target_minus_global_delta": {
          "ci95_high": 0.07073842361569405,
          "ci95_low": 0.07073842361569405,
          "mean": 0.07073842361569405,
          "pids": 1,
          "repeats": 200,
          "samples": 8
        },
        "target_minus_non_target_delta": {
          "ci95_high": 0.08473974093794823,
          "ci95_low": 0.08473974093794823,
          "mean": 0.08473974093794823,
          "pids": 1,
          "repeats": 200,
          "samples": 8
        },
        "target_q_visible_mean_by_level": [
          0.5536433458328247,
          0.5323439240455627,
          0.49822258949279785,
          0.46872299909591675
        ]
      },
      {
        "global_q_visible_mean_by_level": [
          0.4980056881904602,
          0.4956348240375519,
          0.4930954575538635,
          0.49285274744033813
        ],
        "non_target_q_visible_mean_by_level": [
          0.5293441414833069,
          0.5223256945610046,
          0.5227693319320679,
          0.5221628546714783
        ],
        "region": 1,
        "samples": 8,
        "spearman_overlap_negative_target_q": 0.5206864406737189,
        "target_level0_minus_level75": {
          "ci95_high": 0.030807923525571823,
          "ci95_low": 0.030807923525571823,
          "mean": 0.030807923525571823,
          "pids": 1,
          "repeats": 200,
          "samples": 8
        },
        "target_minus_global_delta": {
          "ci95_high": 0.025654975324869156,
          "ci95_low": 0.025654975324869156,
          "mean": 0.025654975324869156,
          "pids": 1,
          "repeats": 200,
          "samples": 8
        },
        "target_minus_non_target_delta": {
          "ci95_high": 0.023626644164323807,
          "ci95_low": 0.023626644164323807,
          "mean": 0.023626644164323807,
          "pids": 1,
          "repeats": 200,
          "samples": 8
        },
        "target_q_visible_mean_by_level": [
          0.47979021072387695,
          0.4533703327178955,
          0.446432888507843,
          0.44898226857185364
        ]
      },
      {
        "global_q_visible_mean_by_level": [
          0.5198875069618225,
          0.5158882141113281,
          0.5164116621017456,
          0.5156460404396057
        ],
        "non_target_q_visible_mean_by_level": [
          0.5204482078552246,
          0.517730712890625,
          0.5163906812667847,
          0.5183438062667847
        ],
        "region": 2,
        "samples": 8,
        "spearman_overlap_negative_target_q": 0.6659942845826639,
        "target_level0_minus_level75": {
          "ci95_high": 0.04840147867798805,
          "ci95_low": 0.04840147867798805,
          "mean": 0.04840147867798805,
          "pids": 1,
          "repeats": 200,
          "samples": 8
        },
        "target_minus_global_delta": {
          "ci95_high": 0.04416001960635185,
          "ci95_low": 0.04416001960635185,
          "mean": 0.04416001960635185,
          "pids": 1,
          "repeats": 200,
          "samples": 8
        },
        "target_minus_non_target_delta": {
          "ci95_high": 0.046297136694192886,
          "ci95_low": 0.046297136694192886,
          "mean": 0.046297136694192886,
          "pids": 1,
          "repeats": 200,
          "samples": 8
        },
        "target_q_visible_mean_by_level": [
          0.5153743028640747,
          0.48083046078681946,
          0.47298192977905273,
          0.4669727683067322
        ]
      },
      {
        "global_q_visible_mean_by_level": [
          0.52315354347229,
          0.5192002058029175,
          0.5183473825454712,
          0.5180522203445435
        ],
        "non_target_q_visible_mean_by_level": [
          0.5178018808364868,
          0.5150736570358276,
          0.5163426399230957,
          0.5171714425086975
        ],
        "region": 3,
        "samples": 8,
        "spearman_overlap_negative_target_q": 0.535822674414234,
        "target_level0_minus_level75": {
          "ci95_high": 0.037988077849149704,
          "ci95_low": 0.037988077849149704,
          "mean": 0.037988077849149704,
          "pids": 1,
          "repeats": 200,
          "samples": 8
        },
        "target_minus_global_delta": {
          "ci95_high": 0.03288677707314491,
          "ci95_low": 0.03288677707314491,
          "mean": 0.03288677707314491,
          "pids": 1,
          "repeats": 200,
          "samples": 8
        },
        "target_minus_non_target_delta": {
          "ci95_high": 0.037357572466135025,
          "ci95_low": 0.037357572466135025,
          "mean": 0.037357572466135025,
          "pids": 1,
          "repeats": 200,
          "samples": 8
        },
        "target_q_visible_mean_by_level": [
          0.5259591937065125,
          0.48799899220466614,
          0.4848397970199585,
          0.48797115683555603
        ]
      },
      {
        "global_q_visible_mean_by_level": [
          0.5291370153427124,
          0.5273717641830444,
          0.5261985063552856,
          0.5259771347045898
        ],
        "non_target_q_visible_mean_by_level": [
          0.5186917781829834,
          0.5160518884658813,
          0.516772985458374,
          0.518063485622406
        ],
        "region": 4,
        "samples": 8,
        "spearman_overlap_negative_target_q": 0.6205855833611185,
        "target_level0_minus_level75": {
          "ci95_high": 0.03156605362892151,
          "ci95_low": 0.03156605362892151,
          "mean": 0.03156605362892151,
          "pids": 1,
          "repeats": 200,
          "samples": 8
        },
        "target_minus_global_delta": {
          "ci95_high": 0.028406202793121338,
          "ci95_low": 0.028406202793121338,
          "mean": 0.028406202793121338,
          "pids": 1,
          "repeats": 200,
          "samples": 8
        },
        "target_minus_non_target_delta": {
          "ci95_high": 0.03093782067298889,
          "ci95_low": 0.03093782067298889,
          "mean": 0.03093782067298889,
          "pids": 1,
          "repeats": 200,
          "samples": 8
        },
        "target_q_visible_mean_by_level": [
          0.52239990234375,
          0.5045444965362549,
          0.49274200201034546,
          0.4908338487148285
        ]
      }
    ]
  },
  "valid_target_slots": 40,
  "verdict": "B2_SI_SMOKE_PASS"
}
	Command being timed: "/usr/local/anaconda3/envs/mmpose-abu/bin/python /home/afr/reid-clean/audits/exp392_phase0b2/phase0b2_support_pcmbcls_audit.py --repo-root /home/afr/SOLIDER-REID-exp392-phase0b-5277254 --phase0b-script /home/afr/reid-clean/audits/exp392_phase0b/phase0b_clip_teacher_audit.py --ontology-script /home/afr/reid-clean/audits/exp392_phase0b2/phase0b2_prompt_audit.py --support-script /home/afr/reid-clean/audits/exp392_phase0b2/phase0b2_support_crop_audit.py --pcmbcls-script /home/afr/reid-clean/audits/exp392_phase0b2/phase0b2_openclip_contract.py --source-commit 5277254bae1f9d18f1368ad4202aca7c9d223cc8 --data-root /mnt1/afrdata --pose-artifact /mnt1/afrderived/exp386_occluded_duke_vitpose_huge_train --clip-checkpoint /home/afr/SOLIDER-REID/clip_l14_openclip.safetensors --output /home/afr/reid-clean/audits/exp392_phase0b2/b2si_pcmbcls_smoke8_result.json --device cpu --batch-size 2 --clip-batch 10 --workers 0 --max-samples 8 --bootstrap-repeats 200"
	User time (seconds): 864.24
	System time (seconds): 171.59
	Percent of CPU this job got: 1358%
	Elapsed (wall clock) time (h:mm:ss or m:ss): 1:16.24
	Average shared text size (kbytes): 0
	Average unshared data size (kbytes): 0
	Average stack size (kbytes): 0
	Average total size (kbytes): 0
	Maximum resident set size (kbytes): 3706968
	Average resident set size (kbytes): 0
	Major (requiring I/O) page faults: 11
	Minor (reclaiming a frame) page faults: 40597731
	Voluntary context switches: 609824
	Involuntary context switches: 98778
	Swaps: 0
	File system inputs: 0
	File system outputs: 80
	Socket messages sent: 0
	Socket messages received: 0
	Signals delivered: 0
	Page size (bytes): 4096
	Exit status: 0
