##########################################################################################
# HUBNESS VERIFY P0+P4   dataset=market1501   k_main=10   feat=/tmp/hub_market_feats.npz
##########################################################################################
[data] Nq=3368 Ng=15913 dim=1024 #q-pids=750 #g-pids=751
[sanity] frozen cosine mAP=94.61 R1=97.06 nq=3368
[valid] queries with >=1 valid positive = 3368/3368

==========================================================================================
P0a  LEAVE-ONE-QUERY-OUT  (subtract q's own +1 from every H_k term in its M)
==========================================================================================
  rho(AP-err, M_raw)  = +0.2765  [95% CI +0.199,+0.382]  perm-p=0.0005  (n=3368)
  rho(AP-err, M_loo)  = +0.2272  [95% CI +0.136,+0.334]  perm-p=0.0010
  delta rho (raw->loo) = -0.0493   (median self-term share of M = 0.0% of the mass)
  >> P0a: diagnostic SURVIVES under LOO de-circularization.

==========================================================================================
P0b  HELD-OUT SPLIT  (estimate H_k on split A, predict AP-err of split B's M)
==========================================================================================
  primary split (seed=42): rho=+0.2772  [95% CI +0.086,+0.321]  perm-p=0.0010  (n=1684)
  over 20 random splits: rho mean=+0.2467  std=0.0650  min=+0.1160  max=+0.3124
  >> P0b: held-out (no self-loop possible) rho HOLDS.

==========================================================================================
P0c  STRONGER CHEAP CONTROLS  (partial rho of M_loo | strong retrieval proxies)
==========================================================================================
  marginal rho(AP-err, proxy):
    #false-in-topk         +0.2837
    topk-precision         -0.1846
    first-positive-rank    +0.2562
    mean-negative-sim      +0.4636
    top1-correct           +0.0633
    same-cam-frac          +0.0972
  --- partial rho(AP-err, M_loo | proxy) [does hub mass add signal beyond it?] ---
    M_loo | #false-in-topk       = -0.0510
    M_loo | topk-precision       = +0.1628
    M_loo | first-positive-rank  = +0.1184
    M_loo | mean-negative-sim    = +0.0056
    M_loo | top1-correct         = +0.2192
    M_loo | same-cam-frac        = +0.2293
  M_loo | ALL 6 strong proxies = -0.1482  (n=842)
  >> P0c: M_loo ADDS independent signal beyond strong retrieval proxies.

==========================================================================================
P4  k-RECIPROCAL REFRAME  (is M(q) what re-ranking repairs?)
==========================================================================================
  computing k-reciprocal (k1=20, k2=6, lam=0.3) ...
  k-reciprocal mAP=95.873 (base 94.609, d+1.264)
  rho(M_raw, k-recip per-query gain) = +0.2514  [95% CI +0.143,+0.287]  perm-p=0.0005
  rho(M_loo, k-recip per-query gain) = +0.2732
  M(q) quintile -> mean k-reciprocal AP gain:
    Q0 (n= 674, mean M=       0.0): mean gain = +0.653  (frac improved 23.4%)
    Q1 (n= 674, mean M=       0.0): mean gain = +0.415  (frac improved 17.2%)
    Q2 (n= 674, mean M=       0.0): mean gain = +0.868  (frac improved 31.3%)
    Q3 (n= 673, mean M=       0.3): mean gain = +1.459  (frac improved 28.1%)
    Q4 (n= 673, mean M=       8.7): mean gain = +2.928  (frac improved 30.6%)
  >> P4: high-M queries are PRECISELY the ones k-reciprocal repairs most (reframe holds).

[done] market1501 in 58s
