./analysis_manifest.json: OK
./catalog.jsonl: OK
./command.txt: OK
./controller.command.txt: OK
./controller.execution.json: OK
./controller.stdout.log: OK
./controller.wrapper.log: OK
./env.json: OK
./files.sha256: OK
./preflight.json: OK
./seed_3407/env.txt: OK
./seed_3407/execution.json: OK
./seed_3407/manifest.json: OK
./seed_3407/metrics.json: OK
./seed_3407/per_query_ap.jsonl: OK
./seed_3407/source_verification.json: OK
./seed_3407/stdout.log: OK
./seed_7753/env.txt: OK
./seed_7753/execution.json: OK
./seed_7753/manifest.json: OK
./seed_7753/metrics.json: OK
./seed_7753/per_query_ap.jsonl: OK
./seed_7753/source_verification.json: OK
./seed_7753/stdout.log: OK
./seed_9227/env.txt: OK
./seed_9227/execution.json: OK
./seed_9227/manifest.json: OK
./seed_9227/metrics.json: OK
./seed_9227/per_query_ap.jsonl: OK
./seed_9227/source_verification.json: OK
./seed_9227/stdout.log: OK
./status.json: OK
./summary.json: OK
