{
  "TT_endpoint": {
    "R1": 0.7411764860153198,
    "R10": 0.889140248298645,
    "R5": 0.8570135831832886,
    "mAP": 0.629482384858119
  },
  "UU_endpoint": {
    "R1": 0.7072398066520691,
    "R10": 0.8773755431175232,
    "R5": 0.8380090594291687,
    "mAP": 0.616235858662645
  },
  "math_smoke": {
    "cpu_diagnostics": {
      "fallback_pairs": 0,
      "total_pairs": 8
    },
    "gpu_diagnostics": {
      "fallback_pairs": 0,
      "total_pairs": 8
    },
    "max_abs_diff": 1.1920928955078125e-07,
    "status": "PASS"
  },
  "seed": 3407,
  "source_parity_atol": 1e-12,
  "status": "PASS"
}
