{
  "analysis_execution_commit": "a2853e6582edd0ed9199446ef5a4b30d56b1648b",
  "analysis_manifest": "/home/afr/exp325_manifests/run_manifest.json",
  "analysis_manifest_sha256": "f9c829150a490f132175841b68ab1f0c0f94572e7ff8e96c2c7485be1401467b",
  "authoritative_source_files_verified": 75,
  "checkpoint_sha256": {
    "3407": "af1c0a295be93ad45f0ac3d92d5ee157651a201645443547d0cc6cb7a0b2a17e",
    "7753": "e199ff70c754ab3341cdd6b1ab1fc28fed41d055fa4ceaca5a61485dc77accee",
    "9227": "43ec58258382c1b013ca2c18819b3590f7d2b3f0dd613f7582f876f1d0427374"
  },
  "environment": {
    "analysis_execution_commit": "a2853e6582edd0ed9199446ef5a4b30d56b1648b",
    "conda_prefix": "/usr/local/anaconda3/envs/mmpose-abu",
    "cuda_version": "11.7",
    "cuda_visible_devices": "0",
    "disk_free_bytes": 228807471104,
    "gpus": [
      {
        "driver_version": "550.144.03",
        "index": 0,
        "memory_total_mib": 24564,
        "memory_used_mib": 4,
        "name": "NVIDIA GeForce RTX 4090 D",
        "utilization_percent": 0,
        "uuid": "GPU-48baa99b-8a10-b348-caf2-8a456a7d8d81"
      }
    ],
    "hostname": "70-128",
    "numpy_version": "1.24.4",
    "pid": 3863860,
    "pip_freeze": [
      "absl-py==2.3.1",
      "accelerate==1.0.1",
      "addict==2.4.0",
      "aliyun-python-sdk-core==2.16.0",
      "aliyun-python-sdk-kms==2.16.5",
      "asttokens==3.0.0",
      "backcall==0.2.0",
      "beautifulsoup4==4.15.0",
      "Brotli @ file:///home/conda/feedstock_root/build_artifacts/brotli-split_1695989787169/work",
      "cachetools==5.5.2",
      "certifi @ file:///home/conda/feedstock_root/build_artifacts/certifi_1725278078093/work/certifi",
      "cffi @ file:///home/conda/feedstock_root/build_artifacts/cffi_1723018376978/work",
      "charset-normalizer @ file:///home/conda/feedstock_root/build_artifacts/charset-normalizer_1728479282467/work",
      "chumpy==0.70",
      "click==8.1.8",
      "colorama==0.4.6",
      "comm==0.2.3",
      "contourpy==1.1.1",
      "crcmod==1.7",
      "cryptography==46.0.3",
      "cycler==0.12.1",
      "Cython==3.2.0",
      "debugpy==1.8.17",
      "decorator==5.2.1",
      "easydict==1.13",
      "einops==0.8.1",
      "executing==2.2.1",
      "filelock==3.14.0",
      "fonttools==4.57.0",
      "fsspec==2025.3.0",
      "ftfy==6.2.3",
      "gdown==5.2.2",
      "google-auth==2.43.0",
      "google-auth-oauthlib==1.0.0",
      "grpcio==1.70.0",
      "h2 @ file:///home/conda/feedstock_root/build_artifacts/h2_1634280454336/work",
      "h5py==3.11.0",
      "hf-xet==1.2.0",
      "hpack==4.0.0",
      "huggingface_hub==0.36.2",
      "hyperframe @ file:///home/conda/feedstock_root/build_artifacts/hyperframe_1619110129307/work",
      "idna @ file:///home/conda/feedstock_root/build_artifacts/idna_1726459485162/work",
      "importlib_metadata==8.5.0",
      "importlib_resources==6.4.5",
      "ipykernel==6.29.5",
      "ipython==8.12.3",
      "jedi==0.19.2",
      "jmespath==0.10.0",
      "joblib==1.4.2",
      "json-tricks==3.17.3",
      "jupyter_client==8.6.3",
      "jupyter_core==5.8.1",
      "kiwisolver==1.4.7",
      "Markdown==3.7",
      "markdown-it-py==3.0.0",
      "MarkupSafe==2.1.5",
      "mat4py==0.6.0",
      "matplotlib==3.7.5",
      "matplotlib-inline==0.1.7",
      "mdurl==0.1.2",
      "mmcv==2.1.0",
      "mmdet==3.2.0",
      "mmengine==0.10.7",
      "mmpose==1.3.2",
      "mmpretrain==1.2.0",
      "model-index==0.1.11",
      "modelindex==0.0.2",
      "munkres==1.1.4",
      "nest-asyncio==1.6.0",
      "numpy @ file:///home/conda/feedstock_root/build_artifacts/numpy_1687808301083/work",
      "oauthlib==3.3.1",
      "open_clip_torch==2.32.0",
      "opencv-python==4.12.0.88",
      "opendatalab==0.0.10",
      "openmim==0.3.9",
      "openxlab==0.1.3",
      "ordered-set==4.1.0",
      "oss2==2.17.0",
      "packaging==24.2",
      "pandas==2.0.3",
      "parso==0.8.5",
      "peft==0.13.2",
      "pexpect==4.9.0",
      "pickleshare==0.7.5",
      "pillow @ file:///croot/pillow_1721059439630/work",
      "platformdirs==4.3.6",
      "prompt_toolkit==3.0.52",
      "protobuf==5.29.5",
      "psutil==7.1.3",
      "ptyprocess==0.7.0",
      "pure_eval==0.2.3",
      "pyasn1==0.6.1",
      "pyasn1_modules==0.4.2",
      "pycocotools==2.0.7",
      "pycparser @ file:///home/conda/feedstock_root/build_artifacts/pycparser_1711811537435/work",
      "pycryptodome==3.23.0",
      "Pygments==2.19.2",
      "pyparsing==3.1.4",
      "PySocks @ file:///home/conda/feedstock_root/build_artifacts/pysocks_1661604839144/work",
      "python-dateutil==2.9.0.post0",
      "pytz==2023.4",
      "PyYAML==6.0.3",
      "pyzmq==27.1.0",
      "regex==2024.11.6",
      "requests==2.28.2",
      "requests-oauthlib==2.0.0",
      "rich==13.4.2",
      "rsa==4.9.1",
      "safetensors==0.5.3",
      "scikit-learn==1.3.2",
      "scipy==1.10.1",
      "shapely==2.0.7",
      "six==1.17.0",
      "soupsieve==2.7",
      "stack-data==0.6.3",
      "tabulate==0.9.0",
      "tensorboard==2.14.0",
      "tensorboard-data-server==0.7.2",
      "termcolor==2.4.0",
      "terminaltables==3.1.10",
      "threadpoolctl==3.5.0",
      "timm==1.0.22",
      "tokenizers==0.20.3",
      "tomli==2.3.0",
      "torch==1.13.1",
      "torchaudio==0.13.1",
      "torchvision==0.14.1",
      "tornado==6.4.2",
      "tqdm==4.65.2",
      "traitlets==5.14.3",
      "transformers==4.46.3",
      "typing_extensions==4.13.2",
      "tzdata==2025.2",
      "urllib3==1.26.20",
      "wcwidth==0.2.14",
      "Werkzeug==3.0.6",
      "xtcocotools==1.14.3",
      "yacs==0.1.8",
      "yapf==0.43.0",
      "zipp==3.20.2",
      "zstandard @ file:///home/conda/feedstock_root/build_artifacts/zstandard_1667296101734/work"
    ],
    "platform": "Linux-5.15.0-177-generic-x86_64-with-glibc2.17",
    "python_executable": "/usr/local/anaconda3/envs/mmpose-abu/bin/python",
    "python_version": "3.8.20 | packaged by conda-forge | (default, Sep 30 2024, 17:52:49) \n[GCC 13.3.0]",
    "source_execution_commit": "bf685cfc6c021317ce81759eaabd4d87128de025",
    "torch_version": "1.13.1",
    "utc": "2026-07-12T11:03:33.375594+00:00"
  },
  "num_gallery": 17661,
  "num_query": 2210,
  "seeds": [
    3407,
    7753,
    9227
  ],
  "source_execution_commit": "bf685cfc6c021317ce81759eaabd4d87128de025",
  "source_run_manifest": "/home/afr/exp323_manifests/run_manifest.json",
  "source_run_manifest_sha256": "742515841d93d913270c947b4bb445c77cb7347388695e7656c863df9ccd8107",
  "status": "PASS"
}
