=> Occluded-Duke loaded
using img_triplet sampler
/usr/local/anaconda3/envs/mmpose-abu/lib/python3.8/site-packages/torchvision/transforms/transforms.py:329: UserWarning: Argument 'interpolation' of type int is deprecated since 0.13 and will be removed in 0.15. Please use InterpolationMode enum.
  warnings.warn(
/home/afr/SOLIDER-REID-exp414-pscir-formal-v1/model/backbones/swin_transformer.py:1179: UserWarning: DeprecationWarning: pretrained is deprecated, please use "init_cfg" instead
  warnings.warn('DeprecationWarning: pretrained is deprecated, '
using Transformer_type: swin_tiny_patch4_window7_224 as a backbone
unloaded parameters: <All keys matched successfully>
===========building transformer===========
using soft triplet loss for training
using Transformer_type: swin_tiny_patch4_window7_224 as a backbone
unloaded parameters: <All keys matched successfully>
===========building transformer===========
using soft triplet loss for training
using Transformer_type: swin_tiny_patch4_window7_224 as a backbone
unloaded parameters: <All keys matched successfully>
===========building transformer===========
using soft triplet loss for training
using Transformer_type: swin_tiny_patch4_window7_224 as a backbone
unloaded parameters: <All keys matched successfully>
===========building transformer===========
using Transformer_type: swin_tiny_patch4_window7_224 as a backbone
unloaded parameters: <All keys matched successfully>
===========building transformer===========
using soft triplet loss for training
{"batch": 64, "cache_sha256": "b07576130a0c50b89194f2c59467defcf39293d96ca886616865eb198e7965d1", "changed_stage3_gradient_tensors": 28, "comparable_stage3_gradient_tensors": 28, "control_region_distance_change": {"all_edges": 1.0, "pose_only": 0.375, "q_only": 0.390625, "text_shuffle": 0.359375}, "control_topology_change": {"all_edges": 1.0, "pose_only": 0.375, "q_only": 0.390625, "text_shuffle": 0.359375}, "default_off_state_forward_loss_gradient_rng_exact": true, "edge_weight_mean": [8.953125, 8.6875, 9.03125], "excluded_image_mutation_invariant": true, "first_successful_update": 5, "identities": 16, "instances_per_identity": 4, "isolated_region_loss": 1.9516464471817017, "isolated_region_stage3_nonzero_gradient_tensors": 28, "line_projection_oracle_finite_backward": true, "loss": 8.046370506286621, "micro_oracle_mst": {"correct": [2, 0], "pose_only": [0, 1], "q_only": [2, 1]}, "native_attempts": [{"attempt": 1, "nonfinite_gradient_tensors": 0, "overflow": true, "scale_after": 32768.0, "scale_before": 65536.0, "updated": false}, {"attempt": 2, "nonfinite_gradient_tensors": 0, "overflow": true, "scale_after": 16384.0, "scale_before": 32768.0, "updated": false}, {"attempt": 3, "nonfinite_gradient_tensors": 0, "overflow": true, "scale_after": 8192.0, "scale_before": 16384.0, "updated": false}, {"attempt": 4, "nonfinite_gradient_tensors": 0, "overflow": true, "scale_after": 4096.0, "scale_before": 8192.0, "updated": false}, {"attempt": 5, "nonfinite_gradient_tensors": 0, "overflow": false, "scale_after": 4096.0, "scale_before": 4096.0, "updated": true}], "pose_loss": 0.9184324741363525, "reid_loss": 7.954527378082275, "schema": "exp414-pscir-real-pk64-v1", "stage3_nonzero_grad_tensors": 26, "status": "PASS", "strict_mst_two_edges_covers_three_supports": true, "text_axes_sha256": "3b5fd399350a522459cef090bff72d76c97ff483921d84aae4990eda16727bf3", "text_prompt_spec_sha256": "2958675be9a258ab098363588bf90dce752bc39d51efdf10a947a07d92ba3c2c", "unused_candidate_record_invariant": true, "updated_parameter": "base.stages.3.blocks.0.ffn.layers.1.weight", "zero_owner_loss_distance_exact": true}
CONTRACT_EXIT=0
