{"completed_rows": 8, "stage": "clip_phase", "total_rows": 512}
{"completed_rows": 16, "stage": "clip_phase", "total_rows": 512}
{"completed_rows": 24, "stage": "clip_phase", "total_rows": 512}
{"completed_rows": 32, "stage": "clip_phase", "total_rows": 512}
{"completed_rows": 40, "stage": "clip_phase", "total_rows": 512}
{"completed_rows": 48, "stage": "clip_phase", "total_rows": 512}
{"completed_rows": 56, "stage": "clip_phase", "total_rows": 512}
{"completed_rows": 64, "stage": "clip_phase", "total_rows": 512}
{"completed_rows": 72, "stage": "clip_phase", "total_rows": 512}
{"completed_rows": 80, "stage": "clip_phase", "total_rows": 512}
{"completed_rows": 88, "stage": "clip_phase", "total_rows": 512}
{"completed_rows": 96, "stage": "clip_phase", "total_rows": 512}
{"completed_rows": 104, "stage": "clip_phase", "total_rows": 512}
{"completed_rows": 112, "stage": "clip_phase", "total_rows": 512}
{"completed_rows": 120, "stage": "clip_phase", "total_rows": 512}
{"completed_rows": 128, "stage": "clip_phase", "total_rows": 512}
{"completed_rows": 136, "stage": "clip_phase", "total_rows": 512}
{"completed_rows": 144, "stage": "clip_phase", "total_rows": 512}
{"completed_rows": 152, "stage": "clip_phase", "total_rows": 512}
{"completed_rows": 160, "stage": "clip_phase", "total_rows": 512}
{"completed_rows": 168, "stage": "clip_phase", "total_rows": 512}
{"completed_rows": 176, "stage": "clip_phase", "total_rows": 512}
{"completed_rows": 184, "stage": "clip_phase", "total_rows": 512}
{"completed_rows": 192, "stage": "clip_phase", "total_rows": 512}
{"completed_rows": 200, "stage": "clip_phase", "total_rows": 512}
{"completed_rows": 208, "stage": "clip_phase", "total_rows": 512}
{"completed_rows": 216, "stage": "clip_phase", "total_rows": 512}
{"completed_rows": 224, "stage": "clip_phase", "total_rows": 512}
{"completed_rows": 232, "stage": "clip_phase", "total_rows": 512}
{"completed_rows": 240, "stage": "clip_phase", "total_rows": 512}
{"completed_rows": 248, "stage": "clip_phase", "total_rows": 512}
{"completed_rows": 256, "stage": "clip_phase", "total_rows": 512}
{"completed_rows": 264, "stage": "clip_phase", "total_rows": 512}
{"completed_rows": 272, "stage": "clip_phase", "total_rows": 512}
{"completed_rows": 280, "stage": "clip_phase", "total_rows": 512}
{"completed_rows": 288, "stage": "clip_phase", "total_rows": 512}
{"completed_rows": 296, "stage": "clip_phase", "total_rows": 512}
{"completed_rows": 304, "stage": "clip_phase", "total_rows": 512}
{"completed_rows": 312, "stage": "clip_phase", "total_rows": 512}
{"completed_rows": 320, "stage": "clip_phase", "total_rows": 512}
{"completed_rows": 328, "stage": "clip_phase", "total_rows": 512}
{"completed_rows": 336, "stage": "clip_phase", "total_rows": 512}
{"completed_rows": 344, "stage": "clip_phase", "total_rows": 512}
{"completed_rows": 352, "stage": "clip_phase", "total_rows": 512}
{"completed_rows": 360, "stage": "clip_phase", "total_rows": 512}
{"completed_rows": 368, "stage": "clip_phase", "total_rows": 512}
{"completed_rows": 376, "stage": "clip_phase", "total_rows": 512}
{"completed_rows": 384, "stage": "clip_phase", "total_rows": 512}
{"completed_rows": 392, "stage": "clip_phase", "total_rows": 512}
{"completed_rows": 400, "stage": "clip_phase", "total_rows": 512}
{"completed_rows": 408, "stage": "clip_phase", "total_rows": 512}
{"completed_rows": 416, "stage": "clip_phase", "total_rows": 512}
{"completed_rows": 424, "stage": "clip_phase", "total_rows": 512}
{"completed_rows": 432, "stage": "clip_phase", "total_rows": 512}
{"completed_rows": 440, "stage": "clip_phase", "total_rows": 512}
{"completed_rows": 448, "stage": "clip_phase", "total_rows": 512}
{"completed_rows": 456, "stage": "clip_phase", "total_rows": 512}
{"completed_rows": 464, "stage": "clip_phase", "total_rows": 512}
{"completed_rows": 472, "stage": "clip_phase", "total_rows": 512}
{"completed_rows": 480, "stage": "clip_phase", "total_rows": 512}
{"completed_rows": 488, "stage": "clip_phase", "total_rows": 512}
{"completed_rows": 496, "stage": "clip_phase", "total_rows": 512}
{"completed_rows": 504, "stage": "clip_phase", "total_rows": 512}
{"completed_rows": 512, "stage": "clip_phase", "total_rows": 512}
using Transformer_type: swin_tiny_patch4_window7_224 as a backbone
===========building transformer===========
{"completed_rows": 8, "stage": "d0_and_blind_phase", "total_rows": 512}
{"completed_rows": 16, "stage": "d0_and_blind_phase", "total_rows": 512}
{"completed_rows": 24, "stage": "d0_and_blind_phase", "total_rows": 512}
{"completed_rows": 32, "stage": "d0_and_blind_phase", "total_rows": 512}
{"completed_rows": 40, "stage": "d0_and_blind_phase", "total_rows": 512}
{"completed_rows": 48, "stage": "d0_and_blind_phase", "total_rows": 512}
{"completed_rows": 56, "stage": "d0_and_blind_phase", "total_rows": 512}
{"completed_rows": 64, "stage": "d0_and_blind_phase", "total_rows": 512}
{"completed_rows": 72, "stage": "d0_and_blind_phase", "total_rows": 512}
{"completed_rows": 80, "stage": "d0_and_blind_phase", "total_rows": 512}
{"completed_rows": 88, "stage": "d0_and_blind_phase", "total_rows": 512}
{"completed_rows": 96, "stage": "d0_and_blind_phase", "total_rows": 512}
{"completed_rows": 104, "stage": "d0_and_blind_phase", "total_rows": 512}
{"completed_rows": 112, "stage": "d0_and_blind_phase", "total_rows": 512}
{"completed_rows": 120, "stage": "d0_and_blind_phase", "total_rows": 512}
{"completed_rows": 128, "stage": "d0_and_blind_phase", "total_rows": 512}
{"completed_rows": 136, "stage": "d0_and_blind_phase", "total_rows": 512}
{"completed_rows": 144, "stage": "d0_and_blind_phase", "total_rows": 512}
{"completed_rows": 152, "stage": "d0_and_blind_phase", "total_rows": 512}
{"completed_rows": 160, "stage": "d0_and_blind_phase", "total_rows": 512}
{"completed_rows": 168, "stage": "d0_and_blind_phase", "total_rows": 512}
{"completed_rows": 176, "stage": "d0_and_blind_phase", "total_rows": 512}
{"completed_rows": 184, "stage": "d0_and_blind_phase", "total_rows": 512}
{"completed_rows": 192, "stage": "d0_and_blind_phase", "total_rows": 512}
{"completed_rows": 200, "stage": "d0_and_blind_phase", "total_rows": 512}
{"completed_rows": 208, "stage": "d0_and_blind_phase", "total_rows": 512}
{"completed_rows": 216, "stage": "d0_and_blind_phase", "total_rows": 512}
{"completed_rows": 224, "stage": "d0_and_blind_phase", "total_rows": 512}
{"completed_rows": 232, "stage": "d0_and_blind_phase", "total_rows": 512}
{"completed_rows": 240, "stage": "d0_and_blind_phase", "total_rows": 512}
{"completed_rows": 248, "stage": "d0_and_blind_phase", "total_rows": 512}
{"completed_rows": 256, "stage": "d0_and_blind_phase", "total_rows": 512}
{"completed_rows": 264, "stage": "d0_and_blind_phase", "total_rows": 512}
{"completed_rows": 272, "stage": "d0_and_blind_phase", "total_rows": 512}
{"completed_rows": 280, "stage": "d0_and_blind_phase", "total_rows": 512}
{"completed_rows": 288, "stage": "d0_and_blind_phase", "total_rows": 512}
{"completed_rows": 296, "stage": "d0_and_blind_phase", "total_rows": 512}
{"completed_rows": 304, "stage": "d0_and_blind_phase", "total_rows": 512}
{"completed_rows": 312, "stage": "d0_and_blind_phase", "total_rows": 512}
{"completed_rows": 320, "stage": "d0_and_blind_phase", "total_rows": 512}
{"completed_rows": 328, "stage": "d0_and_blind_phase", "total_rows": 512}
{"completed_rows": 336, "stage": "d0_and_blind_phase", "total_rows": 512}
{"completed_rows": 344, "stage": "d0_and_blind_phase", "total_rows": 512}
{"completed_rows": 352, "stage": "d0_and_blind_phase", "total_rows": 512}
{"completed_rows": 360, "stage": "d0_and_blind_phase", "total_rows": 512}
{"completed_rows": 368, "stage": "d0_and_blind_phase", "total_rows": 512}
{"completed_rows": 376, "stage": "d0_and_blind_phase", "total_rows": 512}
{"completed_rows": 384, "stage": "d0_and_blind_phase", "total_rows": 512}
{"completed_rows": 392, "stage": "d0_and_blind_phase", "total_rows": 512}
{"completed_rows": 400, "stage": "d0_and_blind_phase", "total_rows": 512}
{"completed_rows": 408, "stage": "d0_and_blind_phase", "total_rows": 512}
{"completed_rows": 416, "stage": "d0_and_blind_phase", "total_rows": 512}
{"completed_rows": 424, "stage": "d0_and_blind_phase", "total_rows": 512}
{"completed_rows": 432, "stage": "d0_and_blind_phase", "total_rows": 512}
{"completed_rows": 440, "stage": "d0_and_blind_phase", "total_rows": 512}
{"completed_rows": 448, "stage": "d0_and_blind_phase", "total_rows": 512}
{"completed_rows": 456, "stage": "d0_and_blind_phase", "total_rows": 512}
{"completed_rows": 464, "stage": "d0_and_blind_phase", "total_rows": 512}
{"completed_rows": 472, "stage": "d0_and_blind_phase", "total_rows": 512}
{"completed_rows": 480, "stage": "d0_and_blind_phase", "total_rows": 512}
{"completed_rows": 488, "stage": "d0_and_blind_phase", "total_rows": 512}
{"completed_rows": 496, "stage": "d0_and_blind_phase", "total_rows": 512}
{"completed_rows": 504, "stage": "d0_and_blind_phase", "total_rows": 512}
{"completed_rows": 512, "stage": "d0_and_blind_phase", "total_rows": 512}
/home/afr/SOLIDER-REID-exp415-pacit-formal-v1/model/backbones/swin_transformer.py:1179: UserWarning: DeprecationWarning: pretrained is deprecated, please use "init_cfg" instead
  warnings.warn('DeprecationWarning: pretrained is deprecated, '
{"checkpoint_writes": 0, "go": false, "manifest_sha256": "3ce850c1199ba92f5798fcb9e4c60188ff5ea6b38ed320ebc5f077d5033c273c", "optimizer_updates": 0, "output_dir": "/home/afr/reid-clean/assets/exp415-pacit-oracle-v3", "result_sha256": "940db304275c4f527185efd13396c5fc5c5b2dd829e146a7d46a2ce13994bd1d", "row_count": 512, "status": "COMPLETE", "summary_sha256": "0285defe3c95dfe1c0e7f3674868359cf734407907d3680aee14376126a83911", "verdict": "EXP415 PACIT ASSET NO-GO / FORMAL E120 NO-START"}
