/usr/local/anaconda3/envs/mmpose-abu/lib/python3.8/site-packages/torchvision/transforms/transforms.py:329: UserWarning: Argument 'interpolation' of type int is deprecated since 0.13 and will be removed in 0.15. Please use InterpolationMode enum.
  warnings.warn(
=> Occluded-Duke loaded
using img_triplet sampler
using Transformer_type: swin_tiny_patch4_window7_224 as a backbone
/home/afr/SOLIDER-REID-exp413-psccr-formal-v1/model/backbones/swin_transformer.py:1179: UserWarning: DeprecationWarning: pretrained is deprecated, please use "init_cfg" instead
  warnings.warn('DeprecationWarning: pretrained is deprecated, '
unloaded parameters: <All keys matched successfully>
===========building transformer===========
using soft triplet loss for training
using Transformer_type: swin_tiny_patch4_window7_224 as a backbone
unloaded parameters: <All keys matched successfully>
===========building transformer===========
using soft triplet loss for training
using Transformer_type: swin_tiny_patch4_window7_224 as a backbone
unloaded parameters: <All keys matched successfully>
===========building transformer===========
using soft triplet loss for training
using Transformer_type: swin_tiny_patch4_window7_224 as a backbone
unloaded parameters: <All keys matched successfully>
===========building transformer===========
using soft triplet loss for training
{"batch": 64, "cache_sha256": "b07576130a0c50b89194f2c59467defcf39293d96ca886616865eb198e7965d1", "changed_stage3_gradient_tensors": 28, "comparable_stage3_gradient_tensors": 28, "control_chain_change": {"pose_only": 0.75, "q_only": 0.65625, "text_shuffle": 0.46875}, "coverage_mean": [4.078125, 5.765625, 6.203125], "coverage_monotonic": true, "default_off_state_forward_loss_gradient_rng_exact": true, "excluded_image_mutation_invariant": true, "first_successful_update": 5, "identities": 16, "instances_per_identity": 4, "loss": 8.756943702697754, "micro_oracle_chains": {"correct": [8, 4, 1], "pose_only": [1, 8, 4], "q_only": [8, 4, 1], "text_shuffle": [1, 4, 8]}, "native_attempts": [{"attempt": 1, "nonfinite_gradient_tensors": 0, "overflow": true, "scale_after": 32768.0, "scale_before": 65536.0, "updated": false}, {"attempt": 2, "nonfinite_gradient_tensors": 0, "overflow": true, "scale_after": 16384.0, "scale_before": 32768.0, "updated": false}, {"attempt": 3, "nonfinite_gradient_tensors": 0, "overflow": true, "scale_after": 8192.0, "scale_before": 16384.0, "updated": false}, {"attempt": 4, "nonfinite_gradient_tensors": 0, "overflow": true, "scale_after": 4096.0, "scale_before": 8192.0, "updated": false}, {"attempt": 5, "nonfinite_gradient_tensors": 0, "overflow": false, "scale_after": 4096.0, "scale_before": 4096.0, "updated": true}], "pose_loss": 0.9184324741363525, "prefix3_zero_owner_exact": true, "reid_loss": 8.66510009765625, "schema": "exp413-psccr-real-pk64-v1", "stage3_nonzero_grad_tensors": 26, "status": "PASS", "strict_support_permutation": true, "text_axes_sha256": "3b5fd399350a522459cef090bff72d76c97ff483921d84aae4990eda16727bf3", "text_prompt_spec_sha256": "2958675be9a258ab098363588bf90dce752bc39d51efdf10a947a07d92ba3c2c", "updated_parameter": "base.stages.3.blocks.0.ffn.layers.1.weight"}
