=> Market1501 loaded
using img_triplet sampler
/usr/local/anaconda3/envs/mmpose-abu/lib/python3.8/site-packages/torchvision/transforms/transforms.py:329: UserWarning: Argument 'interpolation' of type int is deprecated since 0.13 and will be removed in 0.15. Please use InterpolationMode enum.
  warnings.warn(
using Transformer_type: swin_tiny_patch4_window7_224 as a backbone
unloaded parameters: <All keys matched successfully>
===========building transformer===========
using soft triplet loss for training
using Transformer_type: swin_tiny_patch4_window7_224 as a backbone
unloaded parameters: <All keys matched successfully>
===========building transformer===========
07/17 23:15:11 - mmengine - WARNING - Unsupported operator aten::mul encountered 28 time(s)
07/17 23:15:11 - mmengine - WARNING - Unsupported operator aten::rsub encountered 25 time(s)
07/17 23:15:11 - mmengine - WARNING - Unsupported operator aten::pad encountered 12 time(s)
07/17 23:15:11 - mmengine - WARNING - Unsupported operator aten::add encountered 57 time(s)
07/17 23:15:11 - mmengine - WARNING - Unsupported operator aten::softmax encountered 12 time(s)
07/17 23:15:11 - mmengine - WARNING - Unsupported operator aten::gelu encountered 12 time(s)
07/17 23:15:11 - mmengine - WARNING - Unsupported operator aten::fill_ encountered 54 time(s)
07/17 23:15:11 - mmengine - WARNING - Unsupported operator aten::sub encountered 18 time(s)
07/17 23:15:11 - mmengine - WARNING - Unsupported operator aten::ne encountered 6 time(s)
07/17 23:15:11 - mmengine - WARNING - Unsupported operator aten::im2col encountered 3 time(s)
07/17 23:15:11 - mmengine - WARNING - Unsupported operator aten::softplus encountered 3 time(s)
07/17 23:15:11 - mmengine - WARNING - The following submodules of the model were never called during the trace of the graph. They may be unused, or they were accessed by direct calls to .forward() or via other python methods. In the latter case they will have zeros for statistics, though their statistics will still contribute to their parent calling module.
base.patch_embed.adap_padding, base.semantic_embed_b.3, base.semantic_embed_w.3, base.stages.0.blocks.0.attn.drop, base.stages.0.blocks.0.ffn.dropout_layer, base.stages.0.blocks.1.attn.drop, base.stages.0.blocks.1.ffn.dropout_layer, base.stages.0.downsample.adap_padding, base.stages.1.blocks.0.attn.drop, base.stages.1.blocks.0.ffn.dropout_layer, base.stages.1.blocks.1.attn.drop, base.stages.1.blocks.1.ffn.dropout_layer, base.stages.1.downsample.adap_padding, base.stages.2.blocks.0.attn.drop, base.stages.2.blocks.0.ffn.dropout_layer, base.stages.2.blocks.1.attn.drop, base.stages.2.blocks.1.ffn.dropout_layer, base.stages.2.blocks.2.attn.drop, base.stages.2.blocks.2.ffn.dropout_layer, base.stages.2.blocks.3.attn.drop, base.stages.2.blocks.3.ffn.dropout_layer, base.stages.2.blocks.4.attn.drop, base.stages.2.blocks.4.ffn.dropout_layer, base.stages.2.blocks.5.attn.drop, base.stages.2.blocks.5.ffn.dropout_layer, base.stages.2.downsample.adap_padding, base.stages.3.blocks.0.attn.drop, base.stages.3.blocks.0.ffn.dropout_layer, base.stages.3.blocks.1.attn.drop, base.stages.3.blocks.1.ffn.dropout_layer, bottleneck, classifier, dropout
07/17 23:15:11 - mmengine - WARNING - Unsupported operator aten::layer_norm encountered 32 time(s)
07/17 23:15:11 - mmengine - WARNING - Unsupported operator aten::adaptive_avg_pool2d encountered 1 time(s)
using Transformer_type: swin_tiny_patch4_window7_224 as a backbone
unloaded parameters: <All keys matched successfully>
===========building transformer===========
using soft triplet loss for training
using Transformer_type: swin_tiny_patch4_window7_224 as a backbone
unloaded parameters: <All keys matched successfully>
===========building transformer===========
07/17 23:15:20 - mmengine - WARNING - Unsupported operator aten::mul encountered 33 time(s)
07/17 23:15:20 - mmengine - WARNING - Unsupported operator aten::add encountered 59 time(s)
07/17 23:15:20 - mmengine - WARNING - Unsupported operator aten::gelu encountered 15 time(s)
07/17 23:15:20 - mmengine - WARNING - Unsupported operator aten::sigmoid encountered 2 time(s)
07/17 23:15:20 - mmengine - WARNING - Unsupported operator aten::tanh encountered 2 time(s)
07/17 23:15:20 - mmengine - WARNING - Unsupported operator aten::layer_norm encountered 33 time(s)
07/17 23:15:20 - mmengine - WARNING - Unsupported operator aten::group_norm encountered 3 time(s)
07/17 23:15:20 - mmengine - WARNING - Unsupported operator aten::adaptive_avg_pool2d encountered 2 time(s)
07/17 23:15:20 - mmengine - WARNING - Unsupported operator aten::upsample_bilinear2d encountered 2 time(s)
/home/afr/SOLIDER-REID-exp388-preflight/model/backbones/swin_transformer.py:1157: UserWarning: DeprecationWarning: pretrained is deprecated, please use "init_cfg" instead
  warnings.warn('DeprecationWarning: pretrained is deprecated, '
/home/afr/SOLIDER-REID-exp388-preflight/model/backbones/swin_transformer.py:1157: UserWarning: DeprecationWarning: pretrained is deprecated, please use "init_cfg" instead
  warnings.warn('DeprecationWarning: pretrained is deprecated, '
TAPF_MATCHED_EFFICIENCY_PASS
parameter_delta=105442
supported_op_flops_delta=13419072
train_delta={"mean_step_ms": 1.7713731129964145, "peak_allocated_bytes": 142600192, "peak_reserved_bytes": -88080384}
eval_delta={"mean_step_ms": 3.7513153076172046, "peak_allocated_bytes": -35840, "peak_reserved_bytes": 314572800}
output=/home/afr/reid-clean/preflight-exp388/efficiency.json
