{
  "baseline_losses": [
    "reid",
    "heatmap",
    "confidence",
    "pose",
    "total"
  ],
  "call_count": 557,
  "checkpoint_count": 0,
  "cuda_execution_authorized": false,
  "cuda_initialized_after": false,
  "cuda_initialized_before": false,
  "cuda_script_sha256": "64840b710db587720aa8807571212b246af3eabb54306bd5aa1bbf692f5ea08b",
  "gates": {
    "baseline_loss_count_and_order_exact": true,
    "canonical_runtime_versions_enforced": true,
    "cuda_never_initialized": true,
    "d0_and_rich_arms_present": true,
    "d0_psg_mapping_explicit": true,
    "default_scale_not_overridden": true,
    "exp394_sealed_boundary_retained": true,
    "formal_training_never_authorized": true,
    "fresh_asset_names_enforced": true,
    "fresh_scaler_per_row": true,
    "group_count_and_order_exact": true,
    "individual_exec_losses_exposed": true,
    "no_checkpoint_load": true,
    "no_optimizer_step_call": true,
    "no_retain_graph": true,
    "no_scaler_step_call": true,
    "no_scaler_update_call": true,
    "no_scheduler_step_call": true,
    "only_in_memory_torch_save": true,
    "output_assets_are_result_runner_manifest_only": true,
    "parameter_coverage_precedes_backward": true,
    "post_exit_gpu_audit_required": true,
    "production_source_sha_exact": true,
    "rich_loss_count_and_order_exact": true,
    "scaled_capture_before_unscale": true,
    "scaled_unscaled_consistency_recorded": true,
    "source_commit_exists": true,
    "unscaled_capture_after_unscale": true,
    "zero_update_counters_frozen": true
  },
  "git_head": "2c358e99b7dba56d74faaa17f679f25074cd5403",
  "group_names": [
    "backbone",
    "anchor_trunk",
    "pose_head",
    "mask_head",
    "presence_head",
    "evidence_head",
    "id_head",
    "router0_token_projection",
    "router0_context_projection",
    "router0_evidence_projection",
    "router0_experts",
    "router1_token_projection",
    "router1_context_projection",
    "router1_evidence_projection",
    "router1_experts"
  ],
  "optimizer_updates": 0,
  "rich_losses": [
    "reid",
    "heatmap",
    "confidence",
    "mask",
    "presence",
    "evidence_cosine",
    "evidence_relation",
    "exec_consumer0",
    "exec_consumer1",
    "pose",
    "total"
  ],
  "source_sha256": {
    "config/defaults.py": "a13e5f6df0e8c770c254c115d6d55208baac7938cffbec6f208ba9caa24dd7c5",
    "configs/occluded_duke/swin_tiny_tapf_d0.yml": "510f52604cbb455a6f61139d266705c3292e1bb431b2f603e5e750f56edd2c8b",
    "configs/occluded_duke/swin_tiny_tapf_rich_budget_c0.yml": "e0413a497976ad6dbf4c74cf13b55c86c169d659bab6d967455e87c592e47f4e",
    "datasets/pose_dataset.py": "d04e74908d18eaf8105f9b85c66287cac6980ddf5ffe8132e855c7d5a9f61bbc",
    "model/backbones/swin_transformer.py": "b389b7243e204d851ed365c986c8c4077d7fa86ce79e6cbb0be6fc4a1ba58eef",
    "model/clip_semantic_teacher.py": "c648fa768b178d153258c46eee69679cbc0b90a11db918800323ab5c5c6054d5",
    "model/make_model.py": "6bc7d9c83a2f4d12b78dd2c09335d366ce568107ddce5dded3abfe7ca8538f03",
    "model/tapf.py": "95c5d0ff80bf9e4529589a5f31819e7aad5db644b88e2a33d6af07c9ffc42886",
    "processor/processor.py": "be1c19ea5af19534e3855eb2a5914e0dc9a5643c63a39cfa508c81f89660eac1"
  },
  "static_script_sha256": "345d26309043dd8d14119316a7ca186e1cf9faea2e666bd01d652ded50663c1b",
  "status": "PASS"
}
