################################################################################
# GALLERY-GROWTH-TAX REMEDY PRECHECK  dataset=market1501
#   surrogate temps a=20.0 b=20.0  target mult=10.0x
################################################################################
[data] /tmp/hub_market_feats.npz: Nq=3368 Ng=15913 dim=1024 #q-IDs=750 #g-IDs=751
[split] #query-IDs=750 core-IDs=150 pool(distractor)-IDs=601 (incl 1 gallery-only)
[split] core queries=678 core gallery=1150 (cap 8/ID) distractor pool imgs=13209  max-achievable=12.49x
[split] distractor pool DISJOINT: label-half=6604 visible-half=6605

[label] 1x baseline (core only): mAP=97.084 nq=678 (Ng=1150)
[label] 6.7x (label half, 5 draws avg): mAP=93.615  dmAP=-3.468
[label] tax-failure: def-ABS(drop>=15.0) n=49/678 (7.2%)   def-QUANT(bottom-30% by RANK, n=203, cutoff dAP~+0.00)

------------------------------------------------------------------------------
# DIAGNOSTIC: Spearman(margin-risk, trivial-risk) — is margin a duplicate?
------------------------------------------------------------------------------
  margin-risk vs       1x-top1-margin: Spearman = +0.7080
  margin-risk vs     #false(>bestpos): Spearman = +0.2476
  margin-risk vs            feat-norm: Spearman = -0.0642
  margin-risk vs                1x-AP: Spearman = +0.4982
  margin-risk vs       n_extreme-only: Spearman = +0.4529
  margin-risk vs       p_softmin-only: Spearman = +0.7535

==============================================================================
# PRECHECK vs tax-failure [ABS drop>=15]  (pos=49 neg=629)
==============================================================================
               predictor      AUC            95% CI
     margin(extreme-neg)   0.9230  [ 0.899, 0.946] <<MARGIN
          1x-top1-margin   0.8931  [ 0.848, 0.932]
        #false(>bestpos)   0.5844  [ 0.533, 0.645]
               feat-norm   0.4878  [ 0.454, 0.510]
                   1x-AP   0.6625  [ 0.593, 0.732]
          n_extreme-only   0.7542  [ 0.684, 0.827]
          p_softmin-only   0.7889  [ 0.722, 0.849]

  -- vs-TRIVIAL incremental (5-fold OOF logistic, HUBNESS §7.6 lesson) --
     trivials-only (4 proxies)      OOF-AUC = 0.8785
     trivials + margin              OOF-AUC = 0.9340
     margin solo                    OOF-AUC = 0.9110
     >> INCREMENT margin adds on top of trivials = +0.0555
     >> margin raw AUC - best single trivial      = +0.0300
     partial Spearman(margin-risk, drop | 4 trivials) = +0.4768  (raw = +0.7057)

==============================================================================
# PRECHECK vs tax-failure [bottom-30% dAP]  (pos=203 neg=475)
==============================================================================
               predictor      AUC            95% CI
     margin(extreme-neg)   0.9129  [ 0.883, 0.937] <<MARGIN
          1x-top1-margin   0.7711  [ 0.733, 0.809]
        #false(>bestpos)   0.5339  [ 0.517, 0.554]
               feat-norm   0.4847  [ 0.466, 0.501]
                   1x-AP   0.6671  [ 0.630, 0.700]
          n_extreme-only   0.6556  [ 0.609, 0.699]
          p_softmin-only   0.8136  [ 0.774, 0.849]

  -- vs-TRIVIAL incremental (5-fold OOF logistic, HUBNESS §7.6 lesson) --
     trivials-only (4 proxies)      OOF-AUC = 0.8298
     trivials + margin              OOF-AUC = 0.9096
     margin solo                    OOF-AUC = 0.9112
     >> INCREMENT margin adds on top of trivials = +0.0798
     >> margin raw AUC - best single trivial      = +0.1418
     partial Spearman(margin-risk, drop | 4 trivials) = +0.4768  (raw = +0.7057)

################################################################################
# VERDICT  (market1501)  [5s]
################################################################################
[ABS] margin AUC=0.923 (>0.75? True)  margin-best_trivial=+0.030  incr-over-trivials=+0.055  => NO-GO
[QUANT] margin AUC=0.913 (>0.75? True)  margin-best_trivial=+0.142  incr-over-trivials=+0.080  => GO
# GO requires BOTH: margin AUC>0.75 AND margin clearly beats trivials (raw>+0.03 AND OOF-incr>+0.02).
# HUBNESS §7.6: if margin AUC is high but incr-over-trivials ~0, the trivial difficulty already solved it -> remedy has NO unique signal -> honest DEAD.
[done]
