/home/afr/SOLIDER-REID-exp401-rich-budget-c0-formal-11d7a35/model/backbones/swin_transformer.py:1157: UserWarning: DeprecationWarning: pretrained is deprecated, please use "init_cfg" instead
  warnings.warn('DeprecationWarning: pretrained is deprecated, '
using Transformer_type: swin_tiny_patch4_window7_224 as a backbone
unloaded parameters: <All keys matched successfully>
===========building transformer===========
{
  "decision": "AUDIT_RUNTIME_FAIL",
  "error": "Repeated evidence capture changed",
  "error_type": "RuntimeError",
  "mode": "CUDA_PREFLIGHT",
  "phase_b_formal_mechanism_design_authorized": false,
  "status": "FAIL",
  "traceback": "Traceback (most recent call last):\n  File \"/home/afr/reid-clean/audits/exp402_phase_b_semantic_interface/actual_counterfactual_audit.py\", line 1123, in main\n    result = run(args)\n  File \"/home/afr/reid-clean/audits/exp402_phase_b_semantic_interface/actual_counterfactual_audit.py\", line 891, in run\n    output, arm_report = run_arm(\n  File \"/home/afr/reid-clean/audits/exp402_phase_b_semantic_interface/actual_counterfactual_audit.py\", line 598, in run_arm\n    output = collect_descriptors(\n  File \"/home/afr/reid-clean/audits/exp402_phase_b_semantic_interface/actual_counterfactual_audit.py\", line 449, in collect_descriptors\n    descriptor, _ = model(\n  File \"/home/afr/reid-clean/runtimes/exp394-openclip-reid-py310/lib/python3.10/site-packages/torch/nn/modules/module.py\", line 1739, in _wrapped_call_impl\n    return self._call_impl(*args, **kwargs)\n  File \"/home/afr/reid-clean/runtimes/exp394-openclip-reid-py310/lib/python3.10/site-packages/torch/nn/modules/module.py\", line 1750, in _call_impl\n    return forward_call(*args, **kwargs)\n  File \"/home/afr/SOLIDER-REID-exp401-rich-budget-c0-formal-11d7a35/model/make_model.py\", line 307, in forward\n    base_output = self.base(\n  File \"/home/afr/reid-clean/runtimes/exp394-openclip-reid-py310/lib/python3.10/site-packages/torch/nn/modules/module.py\", line 1739, in _wrapped_call_impl\n    return self._call_impl(*args, **kwargs)\n  File \"/home/afr/reid-clean/runtimes/exp394-openclip-reid-py310/lib/python3.10/site-packages/torch/nn/modules/module.py\", line 1750, in _call_impl\n    return forward_call(*args, **kwargs)\n  File \"/home/afr/SOLIDER-REID-exp401-rich-budget-c0-formal-11d7a35/model/backbones/swin_transformer.py\", line 1432, in forward\n    tapf_state = tapf.prepare(\n  File \"/home/afr/reid-clean/audits/exp402_phase_b_semantic_interface/actual_counterfactual_audit.py\", line 331, in patched\n    raise RuntimeError(\"Repeated evidence capture changed\")\nRuntimeError: Repeated evidence capture changed\n"
}
Traceback (most recent call last):
  File "/home/afr/reid-clean/audits/exp402_phase_b_semantic_interface/actual_counterfactual_audit.py", line 1148, in <module>
    main()
  File "/home/afr/reid-clean/audits/exp402_phase_b_semantic_interface/actual_counterfactual_audit.py", line 1123, in main
    result = run(args)
  File "/home/afr/reid-clean/audits/exp402_phase_b_semantic_interface/actual_counterfactual_audit.py", line 891, in run
    output, arm_report = run_arm(
  File "/home/afr/reid-clean/audits/exp402_phase_b_semantic_interface/actual_counterfactual_audit.py", line 598, in run_arm
    output = collect_descriptors(
  File "/home/afr/reid-clean/audits/exp402_phase_b_semantic_interface/actual_counterfactual_audit.py", line 449, in collect_descriptors
    descriptor, _ = model(
  File "/home/afr/reid-clean/runtimes/exp394-openclip-reid-py310/lib/python3.10/site-packages/torch/nn/modules/module.py", line 1739, in _wrapped_call_impl
    return self._call_impl(*args, **kwargs)
  File "/home/afr/reid-clean/runtimes/exp394-openclip-reid-py310/lib/python3.10/site-packages/torch/nn/modules/module.py", line 1750, in _call_impl
    return forward_call(*args, **kwargs)
  File "/home/afr/SOLIDER-REID-exp401-rich-budget-c0-formal-11d7a35/model/make_model.py", line 307, in forward
    base_output = self.base(
  File "/home/afr/reid-clean/runtimes/exp394-openclip-reid-py310/lib/python3.10/site-packages/torch/nn/modules/module.py", line 1739, in _wrapped_call_impl
    return self._call_impl(*args, **kwargs)
  File "/home/afr/reid-clean/runtimes/exp394-openclip-reid-py310/lib/python3.10/site-packages/torch/nn/modules/module.py", line 1750, in _call_impl
    return forward_call(*args, **kwargs)
  File "/home/afr/SOLIDER-REID-exp401-rich-budget-c0-formal-11d7a35/model/backbones/swin_transformer.py", line 1432, in forward
    tapf_state = tapf.prepare(
  File "/home/afr/reid-clean/audits/exp402_phase_b_semantic_interface/actual_counterfactual_audit.py", line 331, in patched
    raise RuntimeError("Repeated evidence capture changed")
RuntimeError: Repeated evidence capture changed
